
[1m[46m RUN [49m[22m [36mv4.0.18 [39m[90mC:/Users/Eastkhan/Software/JavaScript/PAWSCORD/frontend[39m

[90mstdout[2m | src/__tests__/integration/loginFlow.test.jsx
[22m[39m≡ƒº¬ Test setup complete!

node.exe : Sourcemap for "C:/Users/Eastkhan/Software/JavaScript/PAWSCORD/fronte
nd/node_modules/@codetrix-studio/capacitor-google-auth/dist/esm/index.js" point
s to missing source files
At line:1 char:1
+ & "C:\Program Files\nodejs/node.exe" "C:\Program Files\nodejs/node_mo ...
+ ~~~~~~~~~~~~~~~~~~~~~~~~~~~~~~~~~~~~~~~~~~~~~~~~~~~~~~~~~~~~~~~~~~~~~
    + CategoryInfo          : NotSpecified: (Sourcemap for "...ng source files 
   :String) [], RemoteException
    + FullyQualifiedErrorId : NativeCommandError
 
Sourcemap for "C:/Users/Eastkhan/Software/JavaScript/PAWSCORD/frontend/node_mod
ules/@codetrix-studio/capacitor-google-auth/dist/esm/definitions.js" points to 
missing source files
[90mstderr[2m | src/__tests__/integration/loginFlow.test.jsx[2m > [22m[2mL
oginPage integration[2m > [22m[2mrenders login form by default
[22m[39mreact-i18next:: useTranslation: You will need to pass in an i18next i
nstance by using initReactI18next { code: [32m'NO_I18NEXT_INSTANCE'[39m }

 [31m├ù[39m src/__tests__/integration/loginFlow.test.jsx[2m > [22mLoginPage integration[2m > [22mrenders login form by default[32m 56[2mms[22m[39m
[31m   ΓåÆ Found multiple elements with the text of: /password/i

Here are the matching elements:

Ignored nodes: comments, script, style
[36m<input[31m
  [33maria-label[31m=[32m"login.password"[31m
  [33mautocomplete[31m=[32m"current-password"[31m
  [33mplaceholder[31m=[32m"login.password"[31m
  [33mrequired[31m=[32m""[31m
  [33mtype[31m=[32m"password"[31m
  [33mvalue[31m=[32m""[31m
[36m/>[31m

Ignored nodes: comments, script, style
[36m<button[31m
  [33maria-label[31m=[32m"Show password"[31m
  [33mclass[31m=[32m"password-toggle-btn"[31m
  [33mtabindex[31m=[32m"0"[31m
  [33mtype[31m=[32m"button"[31m
[36m>[31m
  [36m<svg[31m
    [33mfill[31m=[32m"currentColor"[31m
    [33mheight[31m=[32m"1em"[31m
    [33mstroke[31m=[32m"currentColor"[31m
    [33mstroke-width[31m=[32m"0"[31m
    [33mviewBox[31m=[32m"0 0 576 512"[31m
    [33mwidth[31m=[32m"1em"[31m
    [33mxmlns[31m=[32m"http://www.w3.org/2000/svg"[31m
  [36m>[31m
    [36m<path[31m
      [33md[31m=[32m"M572.52 241.4C518.29 135.59 410.93 64 288 64S57.68 135.64 3.48 241.41a32.35 32.35 0 0 0 0 29.19C57.71 376.41 165.07 448 288 448s230.32-71.64 284.52-177.41a32.35 32.35 0 0 0 0-29.19zM288 400a144 144 0 1 1 144-144 143.93 143.93 0 0 1-144 144zm0-240a95.31 95.31 0 0 0-25.31 3.79 47.85 47.85 0 0 1-66.9 66.9A95.78 95.78 0 1 0 288 160z"[31m
    [36m/>[31m
  [36m</svg>[31m
[36m</button>[31m

(If this is intentional, then use the `*AllBy*` variant of the query (like `queryAllByText`, `getAllByText`, or `findAllByText`)).

Ignored nodes: comments, script, style
[36m<body>[31m
  [36m<div>[31m
    [36m<div[31m
      [33mclass[31m=[32m"login-container"[31m
    [36m>[31m
      [36m<div[31m
        [33mclass[31m=[32m"background-animate"[31m
      [36m/>[31m
      [36m<div[31m
        [33mclass[31m=[32m"login-card"[31m
      [36m>[31m
        [36m<div[31m
          [33mclass[31m=[32m"logo-header"[31m
        [36m>[31m
          [36m<div[31m
            [33mclass[31m=[32m"logo-circle"[31m
          [36m>[31m
            [36m<svg[31m
              [33mcolor[31m=[32m"white"[31m
              [33mfill[31m=[32m"currentColor"[31m
              [33mheight[31m=[32m"40"[31m
              [33mstroke[31m=[32m"currentColor"[31m
              [33mstroke-width[31m=[32m"0"[31m
              [33mstyle[31m=[32m"color: white;"[31m
              [33mviewBox[31m=[32m"0 0 512 512"[31m
              [33mwidth[31m=[32m"40"[31m
              [33mxmlns[31m=[32m"http://www.w3.org/2000/svg"[31m
            [36m>[31m
              [36m<path[31m
                [33md[31m=[32m"M256 224c-79.41 0-192 122.76-192 200.25 0 34.9 26.81 55.75 71.74 55.75 48.84 0 81.09-25.08 120.26-25.08 39.51 0 71.85 25.08 120.26 25.08 44.93 0 71.74-20.85 71.74-55.75C448 346.76 335.41 224 256 224zm-147.28-12.61c-10.4-34.65-42.44-57.09-71.56-50.13-29.12 6.96-44.29 40.69-33.89 75.34 10.4 34.65 42.44 57.09 71.56 50.13 29.12-6.96 44.29-40.69 33.89-75.34zm84.72-20.78c30.94-8.14 46.42-49.94 34.58-93.36s-46.52-72.01-77.46-63.87-46.42 49.94-34.58 93.36c11.84 43.42 46.53 72.02 77.46 63.87zm281.39-29.34c-29.12-6.96-61.15 15.48-71.56 50.13-10.4 34.65 4.77 68.38 33.89 75.34 29.12 6.96 61.15-15.48 71.56-50.13 10.4-34.65-4.77-68.38-33.89-75.34zm-156.27 29.34c30.94 8.14 65.62-20.45 77.46-63.87 11.84-43.42-3.64-85.21-34.58-93.36s-65.62 20.45-77.46 63.87c-11.84 43.42 3.64 85.22 34.58 93.36z"[31m
              [36m/>[31m
            [36m</svg>[31m
          [36m</div>[31m
          [36m<h1>[31m
            [0mPawscord[0m
          [36m</h1>[31m
          [36m<p>[31m
            [0mlogin.welcomeBack[0m
          [36m</p>[31m
        [36m</div>[31m
        [36m<form>[31m
          [36m<div[31m
            [33mclass[31m=[32m"input-group"[31m
          [36m>[31m
            [36m<svg[31m
              [33mclass[31m=[32m"input-icon"[31m
              [33mfill[31m=[32m"currentColor"[31m
              [33mheight[31m=[32m"1em"[31m
              [33mstroke[31m=[32m"currentColor"[31m
              [33mstroke-width[31m=[32m"0"[31m
              [33mviewBox[31m=[32m"0 0 448 512"[31m
              [33mwidth[31m=[32m"1em"[31m
              [33mxmlns[31m=[32m"http://www.w3.org/2000/svg"[31m
            [36m>[31m
              [36m<path[31m
                [33md[31m=[32m"M224 256c70.7 0 128-57.3 128-128S294.7 0 224 0 96 57.3 96 128s57.3 128 128 128zm89.6 32h-16.7c-22.2 10.2-46.9 16-72.9 16s-50.6-5.8-72.9-16h-16.7C60.2 288 0 348.2 0 422.4V464c0 26.5 21.5 48 48 48h352c26.5 0 48-21.5 48-48v-41.6c0-74.2-60.2-134.4-134.4-134.4z"[31m
              [36m/>[31m
            [36m</svg>[31m
            [36m<input[31m
              [33maria-label[31m=[32m"login.username"[31m
              [33mautocomplete[31m=[32m"username"[31m
              [33mplaceholder[31m=[32m"login.username"[31m
              [33mrequired[31m=[32m""[31m
              [33mtype[31m=[32m"text"[31m
              [33mvalue[31m=[32m""[31m
            [36m/>[31m
          [36m</div>[31m
          [36m<div[31m
            [33mclass[31m=[32m"input-group"[31m
          [36m>[31m
            [36m<svg[31m
              [33mclass[31m=[32m"input-icon"[31m
              [33mfill[31m=[32m"currentColor"[31m
              [33mheight[31m=[32m"1em"[31m
              [33mstroke[31m=[32m"currentColor"[31m
              [33mstroke-width[31m=[32m"0"[31m
              [33mviewBox[31m=[32m"0 0 448 512"[31m
              [33mwidth[31m=[32m"1em"[31m
              [33mxmlns[31m=[32m"http://www.w3.org/2000/svg"[31m
            [36m>[31m
              [36m<path[31m
                [33md[31m=[32m"M400 224h-24v-72C376 68.2 307.8 0 224 0S72 68.2 72 152v72H48c-26.5 0-48 21.5-48 48v192c0 26.5 21.5 48 48 48h352c26.5 0 48-21.5 48-48V272c0-26.5-21.5-48-48-48zm-104 0H152v-72c0-39.7 32.3-72 72-72s72 32.3 72 72v72z"[31m
              [36m/>[31m
            [36m</svg>[31m
            [36m<input[31m
              [33maria-label[31m=[32m"login.password"[31m
              [33mautocomplete[31m=[32m"current-password"[31m
              [33mplaceholder[31m=[32m"login.password"[31m
              [33mrequired[31m=[32m""[31m
              [33mtype[31m=[32m"password"[31m
              [33mvalue[31m=[32m""[31m
            [36m/>[31m
            [36m<button[31m
              [33maria-label[31m=[32m"Show password"[31m
              [33mclass[31m=[32m"password-toggle-btn"[31m
              [33mtabindex[31m=[32m"0"[31m
              [33mtype[31m=[32m"button"[31m
            [36m>[31m
              [36m<svg[31m
                [33mfill[31m=[32m"currentColor"[31m
                [33mheight[31m=[32m"1em"[31m
                [33mstroke[31m=[32m"currentColor"[31m
                [33mstroke-width[31m=[32m"0"[31m
                [33mviewBox[31m=[32m"0 0 576 512"[31m
                [33mwidth[31m=[32m"1em"[31m
                [33mxmlns[31m=[32m"http://www.w3.org/2000/svg"[31m
              [36m>[31m
                [36m<path[31m
                  [33md[31m=[32m"M572.52 241.4C518.29 135.59 410.93 64 288 64S57.68 135.64 3.48 241.41a32.35 32.35 0 0 0 0 29.19C57.71 376.41 165.07 448 288 448s230.32-71.64 284.52-177.41a32.35 32.35 0 0 0 0-29.19zM288 400a144 144 0 1 1 144-144 143.93 143.93 0 0 1-144 144zm0-240a95.31 95.31 0 0 0-25.31 3.79 47.85 47.85 0 0 1-66.9 66.9A95.78 95.78 0 1 0 288 160z"[31m
                [36m/>[31m
              [36m</svg>[31m
            [36m</button>[31m
          [36m</div>[31m
          [36m<button[31m
            [33mclass[31m=[32m"submit-btn"[31m
            [33mtype[31m=[32m"submit"[31m
          [36m>[31m
            [0mlogin.login[0m
          [36m</button>[31m
        [36m</form>[31m
        [36m<div[31m
          [33mclass[31m=[32m"login-forgot-wrap"[31m
        [36m>[31m
          [36m<a[31m
            [33mhref[31m=[32m"#/forgot-password"[31m
          [36m>[31m
            [0mlogin.forgotPassword[0m
          [36m</a>[31m
        [36m</div>[31m
        [36m<div[31m
          [33mclass[31m=[32m"divider"[31m
        [36m>[31m
          [36m<span>[31m
            [0mlogin.or[0m
          [36m</span>[31m
        [36m</div>[31m
        [36m<div[31m
          [33mclass[31m=[32m"google-btn-wrapper"[31m
        [36m>[31m
          [36m<button[31m
            [33maria-label[31m=[32m"auth.signInWithGoogle"[31m
            [33mclass[31m=[32m"google-custom-btn"[31m
          [36m>[31m
            [36m<img[31m
              [33malt[31m=[32m"G"[31m
              [33mclass[31m=[32m"google-btn-logo"[31m
              [33msrc[31m=[32m"https://upload.wikimedia.org/wikipedia/commons/c/c1/Google_%22G%22_logo.svg"[31m
            [36m/>[31m
            [36m<span>[31m
              [0mlogin.loginWithGoogle[0m
            [36m</span>[31m
          [36m</button>[31m
        [36m</div>[31m
        [36m<div[31m
          [33mclass[31m=[32m"toggle-mode"[31m
        [36m>[31m
          [0mlogin.noAccount[0m
          [36m<span[31m
            [33mrole[31m=[32m"button"[31m
            [33mtabindex[31m=[32m"0"[31m
          [36m>[31m
            [0mlogin.signUp[0m
          [36m</span>[31m
        [36m</div>[31m
      [36m</div>[31m
    [36m</div>[31m
  [36m</div>[31m
[36m</body>[31m[39m
 [31m├ù[39m src/__tests__/integration/loginFlow.test.jsx[2m > [22mLoginPage integration[2m > [22msubmits login with credentials[32m 19[2mms[22m[39m
[31m   ΓåÆ Found multiple elements with the text of: /password/i

Here are the matching elements:

Ignored nodes: comments, script, style
[36m<input[31m
  [33maria-label[31m=[32m"login.password"[31m
  [33mautocomplete[31m=[32m"current-password"[31m
  [33mplaceholder[31m=[32m"login.password"[31m
  [33mrequired[31m=[32m""[31m
  [33mtype[31m=[32m"password"[31m
  [33mvalue[31m=[32m""[31m
[36m/>[31m

Ignored nodes: comments, script, style
[36m<button[31m
  [33maria-label[31m=[32m"Show password"[31m
  [33mclass[31m=[32m"password-toggle-btn"[31m
  [33mtabindex[31m=[32m"0"[31m
  [33mtype[31m=[32m"button"[31m
[36m>[31m
  [36m<svg[31m
    [33mfill[31m=[32m"currentColor"[31m
    [33mheight[31m=[32m"1em"[31m
    [33mstroke[31m=[32m"currentColor"[31m
    [33mstroke-width[31m=[32m"0"[31m
    [33mviewBox[31m=[32m"0 0 576 512"[31m
    [33mwidth[31m=[32m"1em"[31m
    [33mxmlns[31m=[32m"http://www.w3.org/2000/svg"[31m
  [36m>[31m
    [36m<path[31m
      [33md[31m=[32m"M572.52 241.4C518.29 135.59 410.93 64 288 64S57.68 135.64 3.48 241.41a32.35 32.35 0 0 0 0 29.19C57.71 376.41 165.07 448 288 448s230.32-71.64 284.52-177.41a32.35 32.35 0 0 0 0-29.19zM288 400a144 144 0 1 1 144-144 143.93 143.93 0 0 1-144 144zm0-240a95.31 95.31 0 0 0-25.31 3.79 47.85 47.85 0 0 1-66.9 66.9A95.78 95.78 0 1 0 288 160z"[31m
    [36m/>[31m
  [36m</svg>[31m
[36m</button>[31m

(If this is intentional, then use the `*AllBy*` variant of the query (like `queryAllByText`, `getAllByText`, or `findAllByText`)).

Ignored nodes: comments, script, style
[36m<body>[31m
  [36m<div>[31m
    [36m<div[31m
      [33mclass[31m=[32m"login-container"[31m
    [36m>[31m
      [36m<div[31m
        [33mclass[31m=[32m"background-animate"[31m
      [36m/>[31m
      [36m<div[31m
        [33mclass[31m=[32m"login-card"[31m
      [36m>[31m
        [36m<div[31m
          [33mclass[31m=[32m"logo-header"[31m
        [36m>[31m
          [36m<div[31m
            [33mclass[31m=[32m"logo-circle"[31m
          [36m>[31m
            [36m<svg[31m
              [33mcolor[31m=[32m"white"[31m
              [33mfill[31m=[32m"currentColor"[31m
              [33mheight[31m=[32m"40"[31m
              [33mstroke[31m=[32m"currentColor"[31m
              [33mstroke-width[31m=[32m"0"[31m
              [33mstyle[31m=[32m"color: white;"[31m
              [33mviewBox[31m=[32m"0 0 512 512"[31m
              [33mwidth[31m=[32m"40"[31m
              [33mxmlns[31m=[32m"http://www.w3.org/2000/svg"[31m
            [36m>[31m
              [36m<path[31m
                [33md[31m=[32m"M256 224c-79.41 0-192 122.76-192 200.25 0 34.9 26.81 55.75 71.74 55.75 48.84 0 81.09-25.08 120.26-25.08 39.51 0 71.85 25.08 120.26 25.08 44.93 0 71.74-20.85 71.74-55.75C448 346.76 335.41 224 256 224zm-147.28-12.61c-10.4-34.65-42.44-57.09-71.56-50.13-29.12 6.96-44.29 40.69-33.89 75.34 10.4 34.65 42.44 57.09 71.56 50.13 29.12-6.96 44.29-40.69 33.89-75.34zm84.72-20.78c30.94-8.14 46.42-49.94 34.58-93.36s-46.52-72.01-77.46-63.87-46.42 49.94-34.58 93.36c11.84 43.42 46.53 72.02 77.46 63.87zm281.39-29.34c-29.12-6.96-61.15 15.48-71.56 50.13-10.4 34.65 4.77 68.38 33.89 75.34 29.12 6.96 61.15-15.48 71.56-50.13 10.4-34.65-4.77-68.38-33.89-75.34zm-156.27 29.34c30.94 8.14 65.62-20.45 77.46-63.87 11.84-43.42-3.64-85.21-34.58-93.36s-65.62 20.45-77.46 63.87c-11.84 43.42 3.64 85.22 34.58 93.36z"[31m
              [36m/>[31m
            [36m</svg>[31m
          [36m</div>[31m
          [36m<h1>[31m
            [0mPawscord[0m
          [36m</h1>[31m
          [36m<p>[31m
            [0mlogin.welcomeBack[0m
          [36m</p>[31m
        [36m</div>[31m
        [36m<form>[31m
          [36m<div[31m
            [33mclass[31m=[32m"input-group"[31m
          [36m>[31m
            [36m<svg[31m
              [33mclass[31m=[32m"input-icon"[31m
              [33mfill[31m=[32m"currentColor"[31m
              [33mheight[31m=[32m"1em"[31m
              [33mstroke[31m=[32m"currentColor"[31m
              [33mstroke-width[31m=[32m"0"[31m
              [33mviewBox[31m=[32m"0 0 448 512"[31m
              [33mwidth[31m=[32m"1em"[31m
              [33mxmlns[31m=[32m"http://www.w3.org/2000/svg"[31m
            [36m>[31m
              [36m<path[31m
                [33md[31m=[32m"M224 256c70.7 0 128-57.3 128-128S294.7 0 224 0 96 57.3 96 128s57.3 128 128 128zm89.6 32h-16.7c-22.2 10.2-46.9 16-72.9 16s-50.6-5.8-72.9-16h-16.7C60.2 288 0 348.2 0 422.4V464c0 26.5 21.5 48 48 48h352c26.5 0 48-21.5 48-48v-41.6c0-74.2-60.2-134.4-134.4-134.4z"[31m
              [36m/>[31m
            [36m</svg>[31m
            [36m<input[31m
              [33maria-label[31m=[32m"login.username"[31m
              [33mautocomplete[31m=[32m"username"[31m
              [33mplaceholder[31m=[32m"login.username"[31m
              [33mrequired[31m=[32m""[31m
              [33mtype[31m=[32m"text"[31m
              [33mvalue[31m=[32m"testuser"[31m
            [36m/>[31m
          [36m</div>[31m
          [36m<div[31m
            [33mclass[31m=[32m"input-group"[31m
          [36m>[31m
            [36m<svg[31m
              [33mclass[31m=[32m"input-icon"[31m
              [33mfill[31m=[32m"currentColor"[31m
              [33mheight[31m=[32m"1em"[31m
              [33mstroke[31m=[32m"currentColor"[31m
              [33mstroke-width[31m=[32m"0"[31m
              [33mviewBox[31m=[32m"0 0 448 512"[31m
              [33mwidth[31m=[32m"1em"[31m
              [33mxmlns[31m=[32m"http://www.w3.org/2000/svg"[31m
            [36m>[31m
              [36m<path[31m
                [33md[31m=[32m"M400 224h-24v-72C376 68.2 307.8 0 224 0S72 68.2 72 152v72H48c-26.5 0-48 21.5-48 48v192c0 26.5 21.5 48 48 48h352c26.5 0 48-21.5 48-48V272c0-26.5-21.5-48-48-48zm-104 0H152v-72c0-39.7 32.3-72 72-72s72 32.3 72 72v72z"[31m
              [36m/>[31m
            [36m</svg>[31m
            [36m<input[31m
              [33maria-label[31m=[32m"login.password"[31m
              [33mautocomplete[31m=[32m"current-password"[31m
              [33mplaceholder[31m=[32m"login.password"[31m
              [33mrequired[31m=[32m""[31m
              [33mtype[31m=[32m"password"[31m
              [33mvalue[31m=[32m""[31m
            [36m/>[31m
            [36m<button[31m
              [33maria-label[31m=[32m"Show password"[31m
              [33mclass[31m=[32m"password-toggle-btn"[31m
              [33mtabindex[31m=[32m"0"[31m
              [33mtype[31m=[32m"button"[31m
            [36m>[31m
              [36m<svg[31m
                [33mfill[31m=[32m"currentColor"[31m
                [33mheight[31m=[32m"1em"[31m
                [33mstroke[31m=[32m"currentColor"[31m
                [33mstroke-width[31m=[32m"0"[31m
                [33mviewBox[31m=[32m"0 0 576 512"[31m
                [33mwidth[31m=[32m"1em"[31m
                [33mxmlns[31m=[32m"http://www.w3.org/2000/svg"[31m
              [36m>[31m
                [36m<path[31m
                  [33md[31m=[32m"M572.52 241.4C518.29 135.59 410.93 64 288 64S57.68 135.64 3.48 241.41a32.35 32.35 0 0 0 0 29.19C57.71 376.41 165.07 448 288 448s230.32-71.64 284.52-177.41a32.35 32.35 0 0 0 0-29.19zM288 400a144 144 0 1 1 144-144 143.93 143.93 0 0 1-144 144zm0-240a95.31 95.31 0 0 0-25.31 3.79 47.85 47.85 0 0 1-66.9 66.9A95.78 95.78 0 1 0 288 160z"[31m
                [36m/>[31m
              [36m</svg>[31m
            [36m</button>[31m
          [36m</div>[31m
          [36m<button[31m
            [33mclass[31m=[32m"submit-btn"[31m
            [33mtype[31m=[32m"submit"[31m
          [36m>[31m
            [0mlogin.login[0m
          [36m</button>[31m
        [36m</form>[31m
        [36m<div[31m
          [33mclass[31m=[32m"login-forgot-wrap"[31m
        [36m>[31m
          [36m<a[31m
            [33mhref[31m=[32m"#/forgot-password"[31m
          [36m>[31m
            [0mlogin.forgotPassword[0m
          [36m</a>[31m
        [36m</div>[31m
        [36m<div[31m
          [33mclass[31m=[32m"divider"[31m
        [36m>[31m
          [36m<span>[31m
            [0mlogin.or[0m
          [36m</span>[31m
        [36m</div>[31m
        [36m<div[31m
          [33mclass[31m=[32m"google-btn-wrapper"[31m
        [36m>[31m
          [36m<button[31m
            [33maria-label[31m=[32m"auth.signInWithGoogle"[31m
            [33mclass[31m=[32m"google-custom-btn"[31m
          [36m>[31m
            [36m<img[31m
              [33malt[31m=[32m"G"[31m
              [33mclass[31m=[32m"google-btn-logo"[31m
              [33msrc[31m=[32m"https://upload.wikimedia.org/wikipedia/commons/c/c1/Google_%22G%22_logo.svg"[31m
            [36m/>[31m
            [36m<span>[31m
              [0mlogin.loginWithGoogle[0m
            [36m</span>[31m
          [36m</button>[31m
        [36m</div>[31m
        [36m<div[31m
          [33mclass[31m=[32m"toggle-mode"[31m
        [36m>[31m
          [0mlogin.noAccount[0m
          [36m<span[31m
            [33mrole[31m=[32m"button"[31m
            [33mtabindex[31m=[32m"0"[31m
          [36m>[31m
            [0mlogin.signUp[0m
          [36m</span>[31m
        [36m</div>[31m
      [36m</div>[31m
    [36m</div>[31m
  [36m</div>[31m
[36m</body>[31m[39m
 [31m├ù[39m src/__tests__/integration/loginFlow.test.jsx[2m > [22mLoginPage integration[2m > [22mswitches to register mode[32m 9[2mms[22m[39m
[31m   ΓåÆ Unable to find an element with the text: /register|sign up|create/i. This could be because the text is broken up by multiple elements. In this case, you can provide a function for your text matcher to make your matcher more flexible.

Ignored nodes: comments, script, style
[36m<body>[31m
  [36m<div>[31m
    [36m<div[31m
      [33mclass[31m=[32m"login-container"[31m
    [36m>[31m
      [36m<div[31m
        [33mclass[31m=[32m"background-animate"[31m
      [36m/>[31m
      [36m<div[31m
        [33mclass[31m=[32m"login-card"[31m
      [36m>[31m
        [36m<div[31m
          [33mclass[31m=[32m"logo-header"[31m
        [36m>[31m
          [36m<div[31m
            [33mclass[31m=[32m"logo-circle"[31m
          [36m>[31m
            [36m<svg[31m
              [33mcolor[31m=[32m"white"[31m
              [33mfill[31m=[32m"currentColor"[31m
              [33mheight[31m=[32m"40"[31m
              [33mstroke[31m=[32m"currentColor"[31m
              [33mstroke-width[31m=[32m"0"[31m
              [33mstyle[31m=[32m"color: white;"[31m
              [33mviewBox[31m=[32m"0 0 512 512"[31m
              [33mwidth[31m=[32m"40"[31m
              [33mxmlns[31m=[32m"http://www.w3.org/2000/svg"[31m
            [36m>[31m
              [36m<path[31m
                [33md[31m=[32m"M256 224c-79.41 0-192 122.76-192 200.25 0 34.9 26.81 55.75 71.74 55.75 48.84 0 81.09-25.08 120.26-25.08 39.51 0 71.85 25.08 120.26 25.08 44.93 0 71.74-20.85 71.74-55.75C448 346.76 335.41 224 256 224zm-147.28-12.61c-10.4-34.65-42.44-57.09-71.56-50.13-29.12 6.96-44.29 40.69-33.89 75.34 10.4 34.65 42.44 57.09 71.56 50.13 29.12-6.96 44.29-40.69 33.89-75.34zm84.72-20.78c30.94-8.14 46.42-49.94 34.58-93.36s-46.52-72.01-77.46-63.87-46.42 49.94-34.58 93.36c11.84 43.42 46.53 72.02 77.46 63.87zm281.39-29.34c-29.12-6.96-61.15 15.48-71.56 50.13-10.4 34.65 4.77 68.38 33.89 75.34 29.12 6.96 61.15-15.48 71.56-50.13 10.4-34.65-4.77-68.38-33.89-75.34zm-156.27 29.34c30.94 8.14 65.62-20.45 77.46-63.87 11.84-43.42-3.64-85.21-34.58-93.36s-65.62 20.45-77.46 63.87c-11.84 43.42 3.64 85.22 34.58 93.36z"[31m
              [36m/>[31m
            [36m</svg>[31m
          [36m</div>[31m
          [36m<h1>[31m
            [0mPawscord[0m
          [36m</h1>[31m
          [36m<p>[31m
            [0mlogin.welcomeBack[0m
          [36m</p>[31m
        [36m</div>[31m
        [36m<form>[31m
          [36m<div[31m
            [33mclass[31m=[32m"input-group"[31m
          [36m>[31m
            [36m<svg[31m
              [33mclass[31m=[32m"input-icon"[31m
              [33mfill[31m=[32m"currentColor"[31m
              [33mheight[31m=[32m"1em"[31m
              [33mstroke[31m=[32m"currentColor"[31m
              [33mstroke-width[31m=[32m"0"[31m
              [33mviewBox[31m=[32m"0 0 448 512"[31m
              [33mwidth[31m=[32m"1em"[31m
              [33mxmlns[31m=[32m"http://www.w3.org/2000/svg"[31m
            [36m>[31m
              [36m<path[31m
                [33md[31m=[32m"M224 256c70.7 0 128-57.3 128-128S294.7 0 224 0 96 57.3 96 128s57.3 128 128 128zm89.6 32h-16.7c-22.2 10.2-46.9 16-72.9 16s-50.6-5.8-72.9-16h-16.7C60.2 288 0 348.2 0 422.4V464c0 26.5 21.5 48 48 48h352c26.5 0 48-21.5 48-48v-41.6c0-74.2-60.2-134.4-134.4-134.4z"[31m
              [36m/>[31m
            [36m</svg>[31m
            [36m<input[31m
              [33maria-label[31m=[32m"login.username"[31m
              [33mautocomplete[31m=[32m"username"[31m
              [33mplaceholder[31m=[32m"login.username"[31m
              [33mrequired[31m=[32m""[31m
              [33mtype[31m=[32m"text"[31m
              [33mvalue[31m=[32m""[31m
            [36m/>[31m
          [36m</div>[31m
          [36m<div[31m
            [33mclass[31m=[32m"input-group"[31m
          [36m>[31m
            [36m<svg[31m
              [33mclass[31m=[32m"input-icon"[31m
              [33mfill[31m=[32m"currentColor"[31m
              [33mheight[31m=[32m"1em"[31m
              [33mstroke[31m=[32m"currentColor"[31m
              [33mstroke-width[31m=[32m"0"[31m
              [33mviewBox[31m=[32m"0 0 448 512"[31m
              [33mwidth[31m=[32m"1em"[31m
              [33mxmlns[31m=[32m"http://www.w3.org/2000/svg"[31m
            [36m>[31m
              [36m<path[31m
                [33md[31m=[32m"M400 224h-24v-72C376 68.2 307.8 0 224 0S72 68.2 72 152v72H48c-26.5 0-48 21.5-48 48v192c0 26.5 21.5 48 48 48h352c26.5 0 48-21.5 48-48V272c0-26.5-21.5-48-48-48zm-104 0H152v-72c0-39.7 32.3-72 72-72s72 32.3 72 72v72z"[31m
              [36m/>[31m
            [36m</svg>[31m
            [36m<input[31m
              [33maria-label[31m=[32m"login.password"[31m
              [33mautocomplete[31m=[32m"current-password"[31m
              [33mplaceholder[31m=[32m"login.password"[31m
              [33mrequired[31m=[32m""[31m
              [33mtype[31m=[32m"password"[31m
              [33mvalue[31m=[32m""[31m
            [36m/>[31m
            [36m<button[31m
              [33maria-label[31m=[32m"Show password"[31m
              [33mclass[31m=[32m"password-toggle-btn"[31m
              [33mtabindex[31m=[32m"0"[31m
              [33mtype[31m=[32m"button"[31m
            [36m>[31m
              [36m<svg[31m
                [33mfill[31m=[32m"currentColor"[31m
                [33mheight[31m=[32m"1em"[31m
                [33mstroke[31m=[32m"currentColor"[31m
                [33mstroke-width[31m=[32m"0"[31m
                [33mviewBox[31m=[32m"0 0 576 512"[31m
                [33mwidth[31m=[32m"1em"[31m
                [33mxmlns[31m=[32m"http://www.w3.org/2000/svg"[31m
              [36m>[31m
                [36m<path[31m
                  [33md[31m=[32m"M572.52 241.4C518.29 135.59 410.93 64 288 64S57.68 135.64 3.48 241.41a32.35 32.35 0 0 0 0 29.19C57.71 376.41 165.07 448 288 448s230.32-71.64 284.52-177.41a32.35 32.35 0 0 0 0-29.19zM288 400a144 144 0 1 1 144-144 143.93 143.93 0 0 1-144 144zm0-240a95.31 95.31 0 0 0-25.31 3.79 47.85 47.85 0 0 1-66.9 66.9A95.78 95.78 0 1 0 288 160z"[31m
                [36m/>[31m
              [36m</svg>[31m
            [36m</button>[31m
          [36m</div>[31m
          [36m<button[31m
            [33mclass[31m=[32m"submit-btn"[31m
            [33mtype[31m=[32m"submit"[31m
          [36m>[31m
            [0mlogin.login[0m
          [36m</button>[31m
        [36m</form>[31m
        [36m<div[31m
          [33mclass[31m=[32m"login-forgot-wrap"[31m
        [36m>[31m
          [36m<a[31m
            [33mhref[31m=[32m"#/forgot-password"[31m
          [36m>[31m
            [0mlogin.forgotPassword[0m
          [36m</a>[31m
        [36m</div>[31m
        [36m<div[31m
          [33mclass[31m=[32m"divider"[31m
        [36m>[31m
          [36m<span>[31m
            [0mlogin.or[0m
          [36m</span>[31m
        [36m</div>[31m
        [36m<div[31m
          [33mclass[31m=[32m"google-btn-wrapper"[31m
        [36m>[31m
          [36m<button[31m
            [33maria-label[31m=[32m"auth.signInWithGoogle"[31m
            [33mclass[31m=[32m"google-custom-btn"[31m
          [36m>[31m
            [36m<img[31m
              [33malt[31m=[32m"G"[31m
              [33mclass[31m=[32m"google-btn-logo"[31m
              [33msrc[31m=[32m"https://upload.wikimedia.org/wikipedia/commons/c/c1/Google_%22G%22_logo.svg"[31m
            [36m/>[31m
            [36m<span>[31m
              [0mlogin.loginWithGoogle[0m
            [36m</span>[31m
          [36m</button>[31m
        [36m</div>[31m
        [36m<div[31m
          [33mclass[31m=[32m"toggle-mode"[31m
        [36m>[31m
          [0mlogin.noAccount[0m
          [36m<span[31m
            [33mrole[31m=[32m"button"[31m
            [33mtabindex[31m=[32m"0"[31m
          [36m>[31m
            [0mlogin.signUp[0m
          [36m</span>[31m
        [36m</div>[31m
      [36m</div>[31m
    [36m</div>[31m
  [36m</div>[31m
[36m</body>[31m[39m
 [31m├ù[39m src/__tests__/integration/loginFlow.test.jsx[2m > [22mLoginPage integration[2m > [22msubmits registration with credentials[32m 6[2mms[22m[39m
[31m   ΓåÆ Unable to find an element with the text: /register|sign up|create/i. This could be because the text is broken up by multiple elements. In this case, you can provide a function for your text matcher to make your matcher more flexible.

Ignored nodes: comments, script, style
[36m<body>[31m
  [36m<div>[31m
    [36m<div[31m
      [33mclass[31m=[32m"login-container"[31m
    [36m>[31m
      [36m<div[31m
        [33mclass[31m=[32m"background-animate"[31m
      [36m/>[31m
      [36m<div[31m
        [33mclass[31m=[32m"login-card"[31m
      [36m>[31m
        [36m<div[31m
          [33mclass[31m=[32m"logo-header"[31m
        [36m>[31m
          [36m<div[31m
            [33mclass[31m=[32m"logo-circle"[31m
          [36m>[31m
            [36m<svg[31m
              [33mcolor[31m=[32m"white"[31m
              [33mfill[31m=[32m"currentColor"[31m
              [33mheight[31m=[32m"40"[31m
              [33mstroke[31m=[32m"currentColor"[31m
              [33mstroke-width[31m=[32m"0"[31m
              [33mstyle[31m=[32m"color: white;"[31m
              [33mviewBox[31m=[32m"0 0 512 512"[31m
              [33mwidth[31m=[32m"40"[31m
              [33mxmlns[31m=[32m"http://www.w3.org/2000/svg"[31m
            [36m>[31m
              [36m<path[31m
                [33md[31m=[32m"M256 224c-79.41 0-192 122.76-192 200.25 0 34.9 26.81 55.75 71.74 55.75 48.84 0 81.09-25.08 120.26-25.08 39.51 0 71.85 25.08 120.26 25.08 44.93 0 71.74-20.85 71.74-55.75C448 346.76 335.41 224 256 224zm-147.28-12.61c-10.4-34.65-42.44-57.09-71.56-50.13-29.12 6.96-44.29 40.69-33.89 75.34 10.4 34.65 42.44 57.09 71.56 50.13 29.12-6.96 44.29-40.69 33.89-75.34zm84.72-20.78c30.94-8.14 46.42-49.94 34.58-93.36s-46.52-72.01-77.46-63.87-46.42 49.94-34.58 93.36c11.84 43.42 46.53 72.02 77.46 63.87zm281.39-29.34c-29.12-6.96-61.15 15.48-71.56 50.13-10.4 34.65 4.77 68.38 33.89 75.34 29.12 6.96 61.15-15.48 71.56-50.13 10.4-34.65-4.77-68.38-33.89-75.34zm-156.27 29.34c30.94 8.14 65.62-20.45 77.46-63.87 11.84-43.42-3.64-85.21-34.58-93.36s-65.62 20.45-77.46 63.87c-11.84 43.42 3.64 85.22 34.58 93.36z"[31m
              [36m/>[31m
            [36m</svg>[31m
          [36m</div>[31m
          [36m<h1>[31m
            [0mPawscord[0m
          [36m</h1>[31m
          [36m<p>[31m
            [0mlogin.welcomeBack[0m
          [36m</p>[31m
        [36m</div>[31m
        [36m<form>[31m
          [36m<div[31m
            [33mclass[31m=[32m"input-group"[31m
          [36m>[31m
            [36m<svg[31m
              [33mclass[31m=[32m"input-icon"[31m
              [33mfill[31m=[32m"currentColor"[31m
              [33mheight[31m=[32m"1em"[31m
              [33mstroke[31m=[32m"currentColor"[31m
              [33mstroke-width[31m=[32m"0"[31m
              [33mviewBox[31m=[32m"0 0 448 512"[31m
              [33mwidth[31m=[32m"1em"[31m
              [33mxmlns[31m=[32m"http://www.w3.org/2000/svg"[31m
            [36m>[31m
              [36m<path[31m
                [33md[31m=[32m"M224 256c70.7 0 128-57.3 128-128S294.7 0 224 0 96 57.3 96 128s57.3 128 128 128zm89.6 32h-16.7c-22.2 10.2-46.9 16-72.9 16s-50.6-5.8-72.9-16h-16.7C60.2 288 0 348.2 0 422.4V464c0 26.5 21.5 48 48 48h352c26.5 0 48-21.5 48-48v-41.6c0-74.2-60.2-134.4-134.4-134.4z"[31m
              [36m/>[31m
            [36m</svg>[31m
            [36m<input[31m
              [33maria-label[31m=[32m"login.username"[31m
              [33mautocomplete[31m=[32m"username"[31m
              [33mplaceholder[31m=[32m"login.username"[31m
              [33mrequired[31m=[32m""[31m
              [33mtype[31m=[32m"text"[31m
              [33mvalue[31m=[32m""[31m
            [36m/>[31m
          [36m</div>[31m
          [36m<div[31m
            [33mclass[31m=[32m"input-group"[31m
          [36m>[31m
            [36m<svg[31m
              [33mclass[31m=[32m"input-icon"[31m
              [33mfill[31m=[32m"currentColor"[31m
              [33mheight[31m=[32m"1em"[31m
              [33mstroke[31m=[32m"currentColor"[31m
              [33mstroke-width[31m=[32m"0"[31m
              [33mviewBox[31m=[32m"0 0 448 512"[31m
              [33mwidth[31m=[32m"1em"[31m
              [33mxmlns[31m=[32m"http://www.w3.org/2000/svg"[31m
            [36m>[31m
              [36m<path[31m
                [33md[31m=[32m"M400 224h-24v-72C376 68.2 307.8 0 224 0S72 68.2 72 152v72H48c-26.5 0-48 21.5-48 48v192c0 26.5 21.5 48 48 48h352c26.5 0 48-21.5 48-48V272c0-26.5-21.5-48-48-48zm-104 0H152v-72c0-39.7 32.3-72 72-72s72 32.3 72 72v72z"[31m
              [36m/>[31m
            [36m</svg>[31m
            [36m<input[31m
              [33maria-label[31m=[32m"login.password"[31m
              [33mautocomplete[31m=[32m"current-password"[31m
              [33mplaceholder[31m=[32m"login.password"[31m
              [33mrequired[31m=[32m""[31m
              [33mtype[31m=[32m"password"[31m
              [33mvalue[31m=[32m""[31m
            [36m/>[31m
            [36m<button[31m
              [33maria-label[31m=[32m"Show password"[31m
              [33mclass[31m=[32m"password-toggle-btn"[31m
              [33mtabindex[31m=[32m"0"[31m
              [33mtype[31m=[32m"button"[31m
            [36m>[31m
              [36m<svg[31m
                [33mfill[31m=[32m"currentColor"[31m
                [33mheight[31m=[32m"1em"[31m
                [33mstroke[31m=[32m"currentColor"[31m
                [33mstroke-width[31m=[32m"0"[31m
                [33mviewBox[31m=[32m"0 0 576 512"[31m
                [33mwidth[31m=[32m"1em"[31m
                [33mxmlns[31m=[32m"http://www.w3.org/2000/svg"[31m
              [36m>[31m
                [36m<path[31m
                  [33md[31m=[32m"M572.52 241.4C518.29 135.59 410.93 64 288 64S57.68 135.64 3.48 241.41a32.35 32.35 0 0 0 0 29.19C57.71 376.41 165.07 448 288 448s230.32-71.64 284.52-177.41a32.35 32.35 0 0 0 0-29.19zM288 400a144 144 0 1 1 144-144 143.93 143.93 0 0 1-144 144zm0-240a95.31 95.31 0 0 0-25.31 3.79 47.85 47.85 0 0 1-66.9 66.9A95.78 95.78 0 1 0 288 160z"[31m
                [36m/>[31m
              [36m</svg>[31m
            [36m</button>[31m
          [36m</div>[31m
          [36m<button[31m
            [33mclass[31m=[32m"submit-btn"[31m
            [33mtype[31m=[32m"submit"[31m
          [36m>[31m
            [0mlogin.login[0m
          [36m</button>[31m
        [36m</form>[31m
        [36m<div[31m
          [33mclass[31m=[32m"login-forgot-wrap"[31m
        [36m>[31m
          [36m<a[31m
            [33mhref[31m=[32m"#/forgot-password"[31m
          [36m>[31m
            [0mlogin.forgotPassword[0m
          [36m</a>[31m
        [36m</div>[31m
        [36m<div[31m
          [33mclass[31m=[32m"divider"[31m
        [36m>[31m
          [36m<span>[31m
            [0mlogin.or[0m
          [36m</span>[31m
        [36m</div>[31m
        [36m<div[31m
          [33mclass[31m=[32m"google-btn-wrapper"[31m
        [36m>[31m
          [36m<button[31m
            [33maria-label[31m=[32m"auth.signInWithGoogle"[31m
            [33mclass[31m=[32m"google-custom-btn"[31m
          [36m>[31m
            [36m<img[31m
              [33malt[31m=[32m"G"[31m
              [33mclass[31m=[32m"google-btn-logo"[31m
              [33msrc[31m=[32m"https://upload.wikimedia.org/wikipedia/commons/c/c1/Google_%22G%22_logo.svg"[31m
            [36m/>[31m
            [36m<span>[31m
              [0mlogin.loginWithGoogle[0m
            [36m</span>[31m
          [36m</button>[31m
        [36m</div>[31m
        [36m<div[31m
          [33mclass[31m=[32m"toggle-mode"[31m
        [36m>[31m
          [0mlogin.noAccount[0m
          [36m<span[31m
            [33mrole[31m=[32m"button"[31m
            [33mtabindex[31m=[32m"0"[31m
          [36m>[31m
            [0mlogin.signUp[0m
          [36m</span>[31m
        [36m</div>[31m
      [36m</div>[31m
    [36m</div>[31m
  [36m</div>[31m
[36m</body>[31m[39m
 [32mΓ£ô[39m src/__tests__/integration/loginFlow.test.jsx[2m > [22mLoginPage integration[2m > [22mdisplays error message[32m 6[2mms[22m[39m
 [32mΓ£ô[39m src/__tests__/integration/loginFlow.test.jsx[2m > [22mLoginPage integration[2m > [22merror message has role="alert"[32m 88[2mms[22m[39m
 [31m├ù[39m src/__tests__/integration/loginFlow.test.jsx[2m > [22mLoginPage integration[2m > [22mhas aria-labels on all inputs[32m 7[2mms[22m[39m
[31m   ΓåÆ Found multiple elements with the text of: /password/i

Here are the matching elements:

Ignored nodes: comments, script, style
[36m<input[31m
  [33maria-label[31m=[32m"login.password"[31m
  [33mautocomplete[31m=[32m"current-password"[31m
  [33mplaceholder[31m=[32m"login.password"[31m
  [33mrequired[31m=[32m""[31m
  [33mtype[31m=[32m"password"[31m
  [33mvalue[31m=[32m""[31m
[36m/>[31m

Ignored nodes: comments, script, style
[36m<button[31m
  [33maria-label[31m=[32m"Show password"[31m
  [33mclass[31m=[32m"password-toggle-btn"[31m
  [33mtabindex[31m=[32m"0"[31m
  [33mtype[31m=[32m"button"[31m
[36m>[31m
  [36m<svg[31m
    [33mfill[31m=[32m"currentColor"[31m
    [33mheight[31m=[32m"1em"[31m
    [33mstroke[31m=[32m"currentColor"[31m
    [33mstroke-width[31m=[32m"0"[31m
    [33mviewBox[31m=[32m"0 0 576 512"[31m
    [33mwidth[31m=[32m"1em"[31m
    [33mxmlns[31m=[32m"http://www.w3.org/2000/svg"[31m
  [36m>[31m
    [36m<path[31m
      [33md[31m=[32m"M572.52 241.4C518.29 135.59 410.93 64 288 64S57.68 135.64 3.48 241.41a32.35 32.35 0 0 0 0 29.19C57.71 376.41 165.07 448 288 448s230.32-71.64 284.52-177.41a32.35 32.35 0 0 0 0-29.19zM288 400a144 144 0 1 1 144-144 143.93 143.93 0 0 1-144 144zm0-240a95.31 95.31 0 0 0-25.31 3.79 47.85 47.85 0 0 1-66.9 66.9A95.78 95.78 0 1 0 288 160z"[31m
    [36m/>[31m
  [36m</svg>[31m
[36m</button>[31m

(If this is intentional, then use the `*AllBy*` variant of the query (like `queryAllByText`, `getAllByText`, or `findAllByText`)).

Ignored nodes: comments, script, style
[36m<body>[31m
  [36m<div>[31m
    [36m<div[31m
      [33mclass[31m=[32m"login-container"[31m
    [36m>[31m
      [36m<div[31m
        [33mclass[31m=[32m"background-animate"[31m
      [36m/>[31m
      [36m<div[31m
        [33mclass[31m=[32m"login-card"[31m
      [36m>[31m
        [36m<div[31m
          [33mclass[31m=[32m"logo-header"[31m
        [36m>[31m
          [36m<div[31m
            [33mclass[31m=[32m"logo-circle"[31m
          [36m>[31m
            [36m<svg[31m
              [33mcolor[31m=[32m"white"[31m
              [33mfill[31m=[32m"currentColor"[31m
              [33mheight[31m=[32m"40"[31m
              [33mstroke[31m=[32m"currentColor"[31m
              [33mstroke-width[31m=[32m"0"[31m
              [33mstyle[31m=[32m"color: white;"[31m
              [33mviewBox[31m=[32m"0 0 512 512"[31m
              [33mwidth[31m=[32m"40"[31m
              [33mxmlns[31m=[32m"http://www.w3.org/2000/svg"[31m
            [36m>[31m
              [36m<path[31m
                [33md[31m=[32m"M256 224c-79.41 0-192 122.76-192 200.25 0 34.9 26.81 55.75 71.74 55.75 48.84 0 81.09-25.08 120.26-25.08 39.51 0 71.85 25.08 120.26 25.08 44.93 0 71.74-20.85 71.74-55.75C448 346.76 335.41 224 256 224zm-147.28-12.61c-10.4-34.65-42.44-57.09-71.56-50.13-29.12 6.96-44.29 40.69-33.89 75.34 10.4 34.65 42.44 57.09 71.56 50.13 29.12-6.96 44.29-40.69 33.89-75.34zm84.72-20.78c30.94-8.14 46.42-49.94 34.58-93.36s-46.52-72.01-77.46-63.87-46.42 49.94-34.58 93.36c11.84 43.42 46.53 72.02 77.46 63.87zm281.39-29.34c-29.12-6.96-61.15 15.48-71.56 50.13-10.4 34.65 4.77 68.38 33.89 75.34 29.12 6.96 61.15-15.48 71.56-50.13 10.4-34.65-4.77-68.38-33.89-75.34zm-156.27 29.34c30.94 8.14 65.62-20.45 77.46-63.87 11.84-43.42-3.64-85.21-34.58-93.36s-65.62 20.45-77.46 63.87c-11.84 43.42 3.64 85.22 34.58 93.36z"[31m
              [36m/>[31m
            [36m</svg>[31m
          [36m</div>[31m
          [36m<h1>[31m
            [0mPawscord[0m
          [36m</h1>[31m
          [36m<p>[31m
            [0mlogin.welcomeBack[0m
          [36m</p>[31m
        [36m</div>[31m
        [36m<form>[31m
          [36m<div[31m
            [33mclass[31m=[32m"input-group"[31m
          [36m>[31m
            [36m<svg[31m
              [33mclass[31m=[32m"input-icon"[31m
              [33mfill[31m=[32m"currentColor"[31m
              [33mheight[31m=[32m"1em"[31m
              [33mstroke[31m=[32m"currentColor"[31m
              [33mstroke-width[31m=[32m"0"[31m
              [33mviewBox[31m=[32m"0 0 448 512"[31m
              [33mwidth[31m=[32m"1em"[31m
              [33mxmlns[31m=[32m"http://www.w3.org/2000/svg"[31m
            [36m>[31m
              [36m<path[31m
                [33md[31m=[32m"M224 256c70.7 0 128-57.3 128-128S294.7 0 224 0 96 57.3 96 128s57.3 128 128 128zm89.6 32h-16.7c-22.2 10.2-46.9 16-72.9 16s-50.6-5.8-72.9-16h-16.7C60.2 288 0 348.2 0 422.4V464c0 26.5 21.5 48 48 48h352c26.5 0 48-21.5 48-48v-41.6c0-74.2-60.2-134.4-134.4-134.4z"[31m
              [36m/>[31m
            [36m</svg>[31m
            [36m<input[31m
              [33maria-label[31m=[32m"login.username"[31m
              [33mautocomplete[31m=[32m"username"[31m
              [33mplaceholder[31m=[32m"login.username"[31m
              [33mrequired[31m=[32m""[31m
              [33mtype[31m=[32m"text"[31m
              [33mvalue[31m=[32m""[31m
            [36m/>[31m
          [36m</div>[31m
          [36m<div[31m
            [33mclass[31m=[32m"input-group"[31m
          [36m>[31m
            [36m<svg[31m
              [33mclass[31m=[32m"input-icon"[31m
              [33mfill[31m=[32m"currentColor"[31m
              [33mheight[31m=[32m"1em"[31m
              [33mstroke[31m=[32m"currentColor"[31m
              [33mstroke-width[31m=[32m"0"[31m
              [33mviewBox[31m=[32m"0 0 448 512"[31m
              [33mwidth[31m=[32m"1em"[31m
              [33mxmlns[31m=[32m"http://www.w3.org/2000/svg"[31m
            [36m>[31m
              [36m<path[31m
                [33md[31m=[32m"M400 224h-24v-72C376 68.2 307.8 0 224 0S72 68.2 72 152v72H48c-26.5 0-48 21.5-48 48v192c0 26.5 21.5 48 48 48h352c26.5 0 48-21.5 48-48V272c0-26.5-21.5-48-48-48zm-104 0H152v-72c0-39.7 32.3-72 72-72s72 32.3 72 72v72z"[31m
              [36m/>[31m
            [36m</svg>[31m
            [36m<input[31m
              [33maria-label[31m=[32m"login.password"[31m
              [33mautocomplete[31m=[32m"current-password"[31m
              [33mplaceholder[31m=[32m"login.password"[31m
              [33mrequired[31m=[32m""[31m
              [33mtype[31m=[32m"password"[31m
              [33mvalue[31m=[32m""[31m
            [36m/>[31m
            [36m<button[31m
              [33maria-label[31m=[32m"Show password"[31m
              [33mclass[31m=[32m"password-toggle-btn"[31m
              [33mtabindex[31m=[32m"0"[31m
              [33mtype[31m=[32m"button"[31m
            [36m>[31m
              [36m<svg[31m
                [33mfill[31m=[32m"currentColor"[31m
                [33mheight[31m=[32m"1em"[31m
                [33mstroke[31m=[32m"currentColor"[31m
                [33mstroke-width[31m=[32m"0"[31m
                [33mviewBox[31m=[32m"0 0 576 512"[31m
                [33mwidth[31m=[32m"1em"[31m
                [33mxmlns[31m=[32m"http://www.w3.org/2000/svg"[31m
              [36m>[31m
                [36m<path[31m
                  [33md[31m=[32m"M572.52 241.4C518.29 135.59 410.93 64 288 64S57.68 135.64 3.48 241.41a32.35 32.35 0 0 0 0 29.19C57.71 376.41 165.07 448 288 448s230.32-71.64 284.52-177.41a32.35 32.35 0 0 0 0-29.19zM288 400a144 144 0 1 1 144-144 143.93 143.93 0 0 1-144 144zm0-240a95.31 95.31 0 0 0-25.31 3.79 47.85 47.85 0 0 1-66.9 66.9A95.78 95.78 0 1 0 288 160z"[31m
                [36m/>[31m
              [36m</svg>[31m
            [36m</button>[31m
          [36m</div>[31m
          [36m<button[31m
            [33mclass[31m=[32m"submit-btn"[31m
            [33mtype[31m=[32m"submit"[31m
          [36m>[31m
            [0mlogin.login[0m
          [36m</button>[31m
        [36m</form>[31m
        [36m<div[31m
          [33mclass[31m=[32m"login-forgot-wrap"[31m
        [36m>[31m
          [36m<a[31m
            [33mhref[31m=[32m"#/forgot-password"[31m
          [36m>[31m
            [0mlogin.forgotPassword[0m
          [36m</a>[31m
        [36m</div>[31m
        [36m<div[31m
          [33mclass[31m=[32m"divider"[31m
        [36m>[31m
          [36m<span>[31m
            [0mlogin.or[0m
          [36m</span>[31m
        [36m</div>[31m
        [36m<div[31m
          [33mclass[31m=[32m"google-btn-wrapper"[31m
        [36m>[31m
          [36m<button[31m
            [33maria-label[31m=[32m"auth.signInWithGoogle"[31m
            [33mclass[31m=[32m"google-custom-btn"[31m
          [36m>[31m
            [36m<img[31m
              [33malt[31m=[32m"G"[31m
              [33mclass[31m=[32m"google-btn-logo"[31m
              [33msrc[31m=[32m"https://upload.wikimedia.org/wikipedia/commons/c/c1/Google_%22G%22_logo.svg"[31m
            [36m/>[31m
            [36m<span>[31m
              [0mlogin.loginWithGoogle[0m
            [36m</span>[31m
          [36m</button>[31m
        [36m</div>[31m
        [36m<div[31m
          [33mclass[31m=[32m"toggle-mode"[31m
        [36m>[31m
          [0mlogin.noAccount[0m
          [36m<span[31m
            [33mrole[31m=[32m"button"[31m
            [33mtabindex[31m=[32m"0"[31m
          [36m>[31m
            [0mlogin.signUp[0m
          [36m</span>[31m
        [36m</div>[31m
      [36m</div>[31m
    [36m</div>[31m
  [36m</div>[31m
[36m</body>[31m[39m
[90mstdout[2m | src/__tests__/components/LanguageSelector.test.jsx
[22m[39m≡ƒº¬ Test setup complete!

[90mstdout[2m | src/__tests__/components/AppModals.test.jsx
[22m[39m≡ƒº¬ Test setup complete!

[90mstdout[2m | src/__tests__/roomlist/useDMActions.test.js
[22m[39m≡ƒº¬ Test setup complete!

[90mstdout[2m | src/__tests__/components/LanguageSelector.test.jsx[2m > [22m[2mLanguageSelector Data Layer[2m > [22m[2mSUPPORTED_LANGUAGES should have all 13 languages
[22m[39m≡ƒîÉ i18next is maintained with support from locize.com ΓÇö consider powering your project with managed localization (AI, CDN, integrations): https://locize.com ≡ƒÆÖ

 [31m├ù[39m src/__tests__/components/AppModals.test.jsx[2m > [22mAppModals Orchestrator[2m > [22mshould render all 5 sub-components[32m 24[2mms[22m[39m
[31m   ΓåÆ Unable to find an element by: [data-testid="app-modals-core"]

Ignored nodes: comments, script, style
[36m<body>[31m
  [36m<div />[31m
[36m</body>[31m[39m
 [31m├ù[39m src/__tests__/components/AppModals.test.jsx[2m > [22mAppModals Orchestrator[2m > [22mshould pass all props plus store values to each sub-component[32m 11[2mms[22m[39m
[31m   ΓåÆ Unable to find an element by: [data-testid="app-modals-core"]

Ignored nodes: comments, script, style
[36m<body>[31m
  [36m<div />[31m
[36m</body>[31m[39m
 [31m├ù[39m src/__tests__/components/AppModals.test.jsx[2m > [22mAppModals Orchestrator[2m > [22mshould pass identical props to all sub-components[32m 2[2mms[22m[39m
[31m   ΓåÆ Unable to find an element by: [data-testid="app-modals-core"]

Ignored nodes: comments, script, style
[36m<body>[31m
  [36m<div />[31m
[36m</body>[31m[39m
 [31m├ù[39m src/__tests__/components/AppModals.test.jsx[2m > [22mAppModals Orchestrator[2m > [22mshould not contain any direct modal rendering[32m 10[2mms[22m[39m
[31m   ΓåÆ expected +0 to be 5 // Object.is equality[39m
 [31m├ù[39m src/__tests__/components/AppModals.test.jsx[2m > [22mAppModals Orchestrator[2m > [22mshould pass voice state props[32m 4[2mms[22m[39m
[31m   ΓåÆ Unable to find an element by: [data-testid="app-modals-core"]

Ignored nodes: comments, script, style
[36m<body>[31m
  [36m<div />[31m
[36m</body>[31m[39m
 [31m├ù[39m src/__tests__/components/LanguageSelector.test.jsx[2m > [22mLanguageSelector Data Layer[2m > [22mSUPPORTED_LANGUAGES should have all 13 languages[32m 192[2mms[22m[39m
[31m   ΓåÆ expected [ { code: 'en', ΓÇª(3) }, ΓÇª(19) ] to have a length of 13 but got 20[39m
 [32mΓ£ô[39m src/__tests__/components/LanguageSelector.test.jsx[2m > [22mLanguageSelector Data Layer[2m > [22meach language should have code, name, flag, dir[32m 3[2mms[22m[39m
 [32mΓ£ô[39m src/__tests__/components/LanguageSelector.test.jsx[2m > [22mLanguageSelector Data Layer[2m > [22mArabic should be RTL[32m 0[2mms[22m[39m
 [32mΓ£ô[39m src/__tests__/components/LanguageSelector.test.jsx[2m > [22mLanguageSelector Data Layer[2m > [22mLTR languages should have dir=ltr[32m 0[2mms[22m[39m
 [32mΓ£ô[39m src/__tests__/components/LanguageSelector.test.jsx[2m > [22mgetLanguageName utility[2m > [22mreturns formatted name for known language[32m 0[2mms[22m[39m
 [32mΓ£ô[39m src/__tests__/components/LanguageSelector.test.jsx[2m > [22mgetLanguageName utility[2m > [22mreturns code for unknown language[32m 0[2mms[22m[39m
 [32mΓ£ô[39m src/__tests__/components/LanguageSelector.test.jsx[2m > [22mgetLanguageName utility[2m > [22mreturns name for all 13 languages[32m 1[2mms[22m[39m
[90mstderr[2m | src/__tests__/roomlist/useDMActions.test.js[2m > [22m[2mus
eDMActions[2m > [22m[2mshould return correct initial state values
[22m[39mreact-i18next:: useTranslation: You will need to pass in an i18next i
nstance by using initReactI18next { code: [32m'NO_I18NEXT_INSTANCE'[39m }

[90mstdout[2m | src/__tests__/components/ServerRail.test.jsx
[22m[39m≡ƒº¬ Test setup complete!

 [32mΓ£ô[39m src/__tests__/roomlist/useDMActions.test.js[2m > [22museDMActions[2m > [22mshould return correct initial state values[32m 19[2mms[22m[39m
 [32mΓ£ô[39m src/__tests__/roomlist/useDMActions.test.js[2m > [22museDMActions[2m > [22mshould return all expected functions[32m 2[2mms[22m[39m
 [32mΓ£ô[39m src/__tests__/roomlist/useDMActions.test.js[2m > [22museDMActions[2m > [22mshould return state setters[32m 2[2mms[22m[39m
 [32mΓ£ô[39m src/__tests__/roomlist/useDMActions.test.js[2m > [22museDMActions[2m > [22mshould call onViewUserProfile and reset dmContextMenu when handleViewProfile is invoked[32m 4[2mms[22m[39m
 [32mΓ£ô[39m src/__tests__/roomlist/useDMActions.test.js[2m > [22museDMActions[2m > [22mshould open inviteToServerModal when handleInviteToServer is called with servers available[32m 3[2mms[22m[39m
 [32mΓ£ô[39m src/__tests__/roomlist/useDMActions.test.js[2m > [22museDMActions[2m > [22mshould call fetchWithAuth when handleClearDM is invoked[32m 11[2mms[22m[39m
 [32mΓ£ô[39m src/__tests__/roomlist/useDMActions.test.js[2m > [22museDMActions[2m > [22mshould call fetchWithAuth when handleAddFriend is invoked[32m 3[2mms[22m[39m
 [31m├ù[39m src/__tests__/roomlist/useDMActions.test.js[2m > [22museDMActions[2m > [22mshould call fetchWithAuth when handleBlockUser is invoked[32m 8[2mms[22m[39m
[31m   ΓåÆ expected "vi.fn()" to be called with arguments: [ ΓÇª(2) ][90m

Received: 

[1m  1st vi.fn() call:

[22m[2m  [[22m
[32m-   "http://localhost:8000/api/users/baduser/block/",[90m
[32m-   ObjectContaining {[90m
[31m+   "http://localhost:8000/api/blocks/block/",[90m
[31m+   {[90m
[31m+     "body": "{\"username\":\"baduser\"}",[90m
[31m+     "headers": {[90m
[31m+       "Content-Type": "application/json",[90m
[31m+     },[90m
[2m      "method": "POST",[22m
[2m    },[22m
[2m  ][22m
[31m[90m

Number of calls: [1m1[22m
[31m[39m
[90mstdout[2m | src/__tests__/hooks/useMediaQuery.test.js
[22m[39m≡ƒº¬ Test setup complete!

 [32mΓ£ô[39m src/__tests__/hooks/useMediaQuery.test.js[2m > [22museMediaQuery[2m > [22mshould return false when media query does not match[32m 14[2mms[22m[39m
 [32mΓ£ô[39m src/__tests__/hooks/useMediaQuery.test.js[2m > [22museMediaQuery[2m > [22mshould return true when media query matches initially[32m 3[2mms[22m[39m
 [31m├ù[39m src/__tests__/hooks/useMediaQuery.test.js[2m > [22museMediaQuery[2m > [22mshould update when media query match state changes[32m 8[2mms[22m[39m
[31m   ΓåÆ expected false to be true // Object.is equality[39m
 [32mΓ£ô[39m src/__tests__/hooks/useMediaQuery.test.js[2m > [22museMediaQuery[2m > [22mshould call window.matchMedia with the provided query[32m 2[2mms[22m[39m
 [32mΓ£ô[39m src/__tests__/hooks/useMediaQuery.test.js[2m > [22museMediaQuery[2m > [22mshould remove event listner on unmount[32m 2[2mms[22m[39m
 [32mΓ£ô[39m src/__tests__/hooks/useMediaQuery.test.js[2m > [22museMediaQuery[2m > [22mshould work with portrait orientation query[32m 2[2mms[22m[39m
 [32mΓ£ô[39m src/__tests__/hooks/useMediaQuery.test.js[2m > [22museMediaQuery[2m > [22mshould handle prefers-reduced-motion query[32m 1[2mms[22m[39m
[90mstdout[2m | src/__tests__/stores/useServerStore.advanced.test.js
[22m[39m≡ƒº¬ Test setup complete!

[90mstdout[2m | src/__tests__/hooks/useFetchWithAuth.test.js
[22m[39m≡ƒº¬ Test setup complete!

[90mstdout[2m | src/__tests__/components/HomePanel.test.jsx
[22m[39m≡ƒº¬ Test setup complete!

[90mstdout[2m | src/__tests__/components/LoginPage.test.jsx
[22m[39m≡ƒº¬ Test setup complete!

 [32mΓ£ô[39m src/__tests__/stores/useServerStore.advanced.test.js[2m > [22museServerStore ΓÇö Advanced[2m > [22mChannel management[2m > [22msetChannels should replace all channels[32m 2[2mms[22m[39m
 [32mΓ£ô[39m src/__tests__/stores/useServerStore.advanced.test.js[2m > [22museServerStore ΓÇö Advanced[2m > [22mChannel management[2m > [22maddChannel should append to channel list[32m 1[2mms[22m[39m
 [32mΓ£ô[39m src/__tests__/stores/useServerStore.advanced.test.js[2m > [22museServerStore ΓÇö Advanced[2m > [22mChannel management[2m > [22mremoveChannel should filter by id[32m 0[2mms[22m[39m
 [32mΓ£ô[39m src/__tests__/stores/useServerStore.advanced.test.js[2m > [22museServerStore ΓÇö Advanced[2m > [22mChannel management[2m > [22mupdateChannel should merge updates for matching channel[32m 0[2mms[22m[39m
 [32mΓ£ô[39m src/__tests__/stores/useServerStore.advanced.test.js[2m > [22museServerStore ΓÇö Advanced[2m > [22mChannel management[2m > [22mupdateChannel should not affect non-matching channels[32m 0[2mms[22m[39m
 [32mΓ£ô[39m src/__tests__/stores/useServerStore.advanced.test.js[2m > [22museServerStore ΓÇö Advanced[2m > [22mMember management[2m > [22msetMembers should replace member list[32m 0[2mms[22m[39m
 [32mΓ£ô[39m src/__tests__/stores/useServerStore.advanced.test.js[2m > [22museServerStore ΓÇö Advanced[2m > [22mMember management[2m > [22maddMember should append new member[32m 0[2mms[22m[39m
 [32mΓ£ô[39m src/__tests__/stores/useServerStore.advanced.test.js[2m > [22museServerStore ΓÇö Advanced[2m > [22mMember management[2m > [22mremoveMember should filter by user.id[32m 0[2mms[22m[39m
 [32mΓ£ô[39m src/__tests__/stores/useServerStore.advanced.test.js[2m > [22museServerStore ΓÇö Advanced[2m > [22mMember management[2m > [22mremoveMember should also match by member.id[32m 0[2mms[22m[39m
 [32mΓ£ô[39m src/__tests__/stores/useServerStore.advanced.test.js[2m > [22museServerStore ΓÇö Advanced[2m > [22mMember management[2m > [22mupdateMember should merge updates by user.id[32m 0[2mms[22m[39m
 [32mΓ£ô[39m src/__tests__/stores/useServerStore.advanced.test.js[2m > [22museServerStore ΓÇö Advanced[2m > [22mRoles management[2m > [22msetRoles should replace roles list[32m 0[2mms[22m[39m
 [32mΓ£ô[39m src/__tests__/stores/useServerStore.advanced.test.js[2m > [22museServerStore ΓÇö Advanced[2m > [22mRoles management[2m > [22msetRoles with empty array should clear roles[32m 0[2mms[22m[39m
 [32mΓ£ô[39m src/__tests__/stores/useServerStore.advanced.test.js[2m > [22museServerStore ΓÇö Advanced[2m > [22mServer settings[2m > [22msetServerSettings should store settings object[32m 1[2mms[22m[39m
 [32mΓ£ô[39m src/__tests__/stores/useServerStore.advanced.test.js[2m > [22museServerStore ΓÇö Advanced[2m > [22mServer settings[2m > [22mshould overwrite previous settings[32m 0[2mms[22m[39m
 [32mΓ£ô[39m src/__tests__/stores/useServerStore.advanced.test.js[2m > [22museServerStore ΓÇö Advanced[2m > [22mComputed getters[2m > [22mgetTextChannels should return text channels and channels without type[32m 0[2mms[22m[39m
 [32mΓ£ô[39m src/__tests__/stores/useServerStore.advanced.test.js[2m > [22museServerStore ΓÇö Advanced[2m > [22mComputed getters[2m > [22mgetVoiceChannels should return voice channels only[32m 0[2mms[22m[39m
 [32mΓ£ô[39m src/__tests__/stores/useServerStore.advanced.test.js[2m > [22museServerStore ΓÇö Advanced[2m > [22mComputed getters[2m > [22mgetCategoryChannels should return category channels only[32m 0[2mms[22m[39m
 [32mΓ£ô[39m src/__tests__/stores/useServerStore.advanced.test.js[2m > [22museServerStore ΓÇö Advanced[2m > [22mComputed getters[2m > [22mgetChannelById should return matching channel[32m 0[2mms[22m[39m
 [32mΓ£ô[39m src/__tests__/stores/useServerStore.advanced.test.js[2m > [22museServerStore ΓÇö Advanced[2m > [22mComputed getters[2m > [22mgetChannelById should return undefined for non-existent id[32m 0[2mms[22m[39m
 [32mΓ£ô[39m src/__tests__/stores/useServerStore.advanced.test.js[2m > [22museServerStore ΓÇö Advanced[2m > [22mComputed getters[2m > [22mgetMemberByUserId should return matching member[32m 0[2mms[22m[39m
 [32mΓ£ô[39m src/__tests__/stores/useServerStore.advanced.test.js[2m > [22museServerStore ΓÇö Advanced[2m > [22mComputed getters[2m > [22mgetMemberByUserId should return undefined for non-existent user[32m 0[2mms[22m[39m
 [32mΓ£ô[39m src/__tests__/stores/useServerStore.advanced.test.js[2m > [22museServerStore ΓÇö Advanced[2m > [22mreset[2m > [22mshould reset all state to initial values[32m 0[2mms[22m[39m
 [31m├ù[39m src/__tests__/stores/useServerStore.advanced.test.js[2m > [22museServerStore ΓÇö Advanced[2m > [22mjoinedServerIds tracking[2m > [22mshould track added servers in joinedServerIds[32m 7[2mms[22m[39m
[31m   ΓåÆ ids.has is not a function[39m
 [31m├ù[39m src/__tests__/stores/useServerStore.advanced.test.js[2m > [22museServerStore ΓÇö Advanced[2m > [22mjoinedServerIds tracking[2m > [22mshould remove from joinedServerIds when server removed[32m 1[2mms[22m[39m
[31m   ΓåÆ ids.has is not a function[39m
 [32mΓ£ô[39m src/__tests__/stores/useServerStore.advanced.test.js[2m > [22museServerStore ΓÇö Advanced[2m > [22mupdateServer ΓÇö edge cases[2m > [22mshould not update selectedServer if it does not match[32m 1[2mms[22m[39m
 [32mΓ£ô[39m src/__tests__/stores/useServerStore.advanced.test.js[2m > [22museServerStore ΓÇö Advanced[2m > [22mupdateServer ΓÇö edge cases[2m > [22mshould update selectedServer when it matches[32m 0[2mms[22m[39m
[90mstderr[2m | src/__tests__/hooks/useFetchWithAuth.test.js[2m > [22m[2mu
seFetchWithAuth[2m > [22m[2mTimeout / AbortController[2m > [22m[2mshould 
throw timeout error on AbortError
[22m[39mFetch error: Error: Request timed out
    at attemptFetch (C:/Users/Eastkhan/Software/JavaScript/PAWSCORD/frontend/sr
c/App/useFetchWithAuth.js:41:58)
    at Object.fetchWithAuth (C:/Users/Eastkhan/Software/JavaScript/PAWSCORD/fro
ntend/src/App/useFetchWithAuth.js:67:34)

 [31m├ù[39m src/__tests__/components/ServerRail.test.jsx[2m > [22mServerRail Component[2m > [22mRendering[2m > [22mshould render the server rail navigation[32m 171[2mms[22m[39m
[31m   ΓåÆ [2mexpect([22m[31melement[31m[2m).toHaveAttribute([22m[32m[32m"aria-label"[32m[31m[2m, [22m[32m[32m"Sunucu listsi"[32m[31m[2m) // element.getAttribute("aria-label") === "Sunucu listsi"[22m

Expected the element to have attribute:
[32m  aria-label="Sunucu listsi"[31m
Received:
[31m  aria-label="Server list"[31m[39m
 [32mΓ£ô[39m src/__tests__/components/ServerRail.test.jsx[2m > [22mServerRail Component[2m > [22mRendering[2m > [22mshould render home button[32m 7[2mms[22m[39m
 [32mΓ£ô[39m src/__tests__/components/ServerRail.test.jsx[2m > [22mServerRail Component[2m > [22mRendering[2m > [22mshould render all servers in the list[32m 7[2mms[22m[39m
 [32mΓ£ô[39m src/__tests__/components/ServerRail.test.jsx[2m > [22mServerRail Component[2m > [22mRendering[2m > [22mshould show server icon image when available[32m 6[2mms[22m[39m
 [32mΓ£ô[39m src/__tests__/components/ServerRail.test.jsx[2m > [22mServerRail Component[2m > [22mRendering[2m > [22mshould show initials when no server icon[32m 11[2mms[22m[39m
 [32mΓ£ô[39m src/__tests__/components/ServerRail.test.jsx[2m > [22mServerRail Component[2m > [22mRendering[2m > [22mshould render bottom action buttons[32m 7[2mms[22m[39m
 [32mΓ£ô[39m src/__tests__/components/ServerRail.test.jsx[2m > [22mServerRail Component[2m > [22mActive State[2m > [22mshould highlight selected server[32m 7[2mms[22m[39m
 [32mΓ£ô[39m src/__tests__/components/ServerRail.test.jsx[2m > [22mServerRail Component[2m > [22mActive State[2m > [22mshould highlight home when home is selected[32m 13[2mms[22m[39m
 [32mΓ£ô[39m src/__tests__/components/ServerRail.test.jsx[2m > [22mServerRail Component[2m > [22mActive State[2m > [22mshould show full pill for active server[32m 7[2mms[22m[39m
 [32mΓ£ô[39m src/__tests__/components/ServerRail.test.jsx[2m > [22mServerRail Component[2m > [22mUnread Badges[2m > [22mshould show unread badge when server has unread messages[32m 5[2mms[22m[39m
 [32mΓ£ô[39m src/__tests__/components/ServerRail.test.jsx[2m > [22mServerRail Component[2m > [22mUnread Badges[2m > [22mshould cap badge at 99+[32m 4[2mms[22m[39m
 [32mΓ£ô[39m src/__tests__/components/ServerRail.test.jsx[2m > [22mServerRail Component[2m > [22mUnread Badges[2m > [22mshould NOT show badge when no unread messages[32m 4[2mms[22m[39m
 [32mΓ£ô[39m src/__tests__/components/ServerRail.test.jsx[2m > [22mServerRail Component[2m > [22mClick Handlers[2m > [22mshould call onHomeClick when home is clicked[32m 9[2mms[22m[39m
 [32mΓ£ô[39m src/__tests__/components/ServerRail.test.jsx[2m > [22mServerRail Component[2m > [22mClick Handlers[2m > [22mshould call handleServerClick with server object[32m 6[2mms[22m[39m
 [32mΓ£ô[39m src/__tests__/components/ServerRail.test.jsx[2m > [22mServerRail Component[2m > [22mClick Handlers[2m > [22mshould call onDiscoverClick[32m 5[2mms[22m[39m
[90mstdout[2m | src/__tests__/components/UserFooter.test.jsx
[22m[39m≡ƒº¬ Test setup complete!

[90mstdout[2m | src/__tests__/components/ChannelSettingsModal.test.jsx
[22m[39m≡ƒº¬ Test setup complete!

 [32mΓ£ô[39m src/__tests__/components/ServerRail.test.jsx[2m > [22mServerRail Component[2m > [22mClick Handlers[2m > [22mshould call onOpenStore[32m 5[2mms[22m[39m
 [32mΓ£ô[39m src/__tests__/components/ServerRail.test.jsx[2m > [22mServerRail Component[2m > [22mClick Handlers[2m > [22mshould call onAddClick[32m 5[2mms[22m[39m
 [32mΓ£ô[39m src/__tests__/components/ServerRail.test.jsx[2m > [22mServerRail Component[2m > [22mClick Handlers[2m > [22mshould call handleServerContextMenu on right-click[32m 6[2mms[22m[39m
 [32mΓ£ô[39m src/__tests__/components/ServerRail.test.jsx[2m > [22mServerRail Component[2m > [22mEmpty State[2m > [22mshould render rail with no servers[32m 3[2mms[22m[39m
 [32mΓ£ô[39m src/__tests__/hooks/useFetchWithAuth.test.js[2m > [22museFetchWithAuth[2m > [22mBasic fetch[2m > [22mshould return fetchWithAuth function[32m 19[2mms[22m[39m
 [32mΓ£ô[39m src/__tests__/hooks/useFetchWithAuth.test.js[2m > [22museFetchWithAuth[2m > [22mBasic fetch[2m > [22mshould set Authorization Bearer header[32m 3[2mms[22m[39m
 [32mΓ£ô[39m src/__tests__/hooks/useFetchWithAuth.test.js[2m > [22museFetchWithAuth[2m > [22mBasic fetch[2m > [22mshould set Content-Type application/json for non-FormData[32m 2[2mms[22m[39m
 [32mΓ£ô[39m src/__tests__/hooks/useFetchWithAuth.test.js[2m > [22museFetchWithAuth[2m > [22mBasic fetch[2m > [22mshould NOT set Content-Type for FormData body[32m 2[2mms[22m[39m
 [32mΓ£ô[39m src/__tests__/hooks/useFetchWithAuth.test.js[2m > [22museFetchWithAuth[2m > [22mBasic fetch[2m > [22mshould return response on success[32m 2[2mms[22m[39m
 [32mΓ£ô[39m src/__tests__/hooks/useFetchWithAuth.test.js[2m > [22museFetchWithAuth[2m > [22m401 handling[2m > [22mshould logout on 401 for /auth/ URLs[32m 3[2mms[22m[39m
 [32mΓ£ô[39m src/__tests__/hooks/useFetchWithAuth.test.js[2m > [22museFetchWithAuth[2m > [22m401 handling[2m > [22mshould logout on 401 for /login URLs[32m 4[2mms[22m[39m
 [32mΓ£ô[39m src/__tests__/hooks/useFetchWithAuth.test.js[2m > [22museFetchWithAuth[2m > [22m401 handling[2m > [22mshould refresh token and retry on 401 for normal URLs[32m 2[2mms[22m[39m
 [32mΓ£ô[39m src/__tests__/hooks/useFetchWithAuth.test.js[2m > [22museFetchWithAuth[2m > [22m401 handling[2m > [22mshould NOT retry if _isRetry is true (prevent infinite loop)[32m 4[2mms[22m[39m
 [32mΓ£ô[39m src/__tests__/hooks/useFetchWithAuth.test.js[2m > [22museFetchWithAuth[2m > [22m401 handling[2m > [22mshould throw if refresh fails[32m 3[2mms[22m[39m
 [32mΓ£ô[39m src/__tests__/hooks/useFetchWithAuth.test.js[2m > [22museFetchWithAuth[2m > [22mTimeout / AbortController[2m > [22mshould use AbortController signal in fetch call[32m 2[2mms[22m[39m
 [32mΓ£ô[39m src/__tests__/hooks/useFetchWithAuth.test.js[2m > [22museFetchWithAuth[2m > [22mTimeout / AbortController[2m > [22mshould throw timeout error on AbortError[32m 5[2mms[22m[39m
 [32mΓ£ô[39m src/__tests__/components/LoginPage.test.jsx[2m > [22mLoginPage Component[2m > [22mRendering[2m > [22mshould render the login card[32m 42[2mms[22m[39m
 [32mΓ£ô[39m src/__tests__/components/LoginPage.test.jsx[2m > [22mLoginPage Component[2m > [22mRendering[2m > [22mshould show "Welcome back!" in login mode[32m 6[2mms[22m[39m
 [32mΓ£ô[39m src/__tests__/components/LoginPage.test.jsx[2m > [22mLoginPage Component[2m > [22mRendering[2m > [22mshould render username and password inputs[32m 5[2mms[22m[39m
 [32mΓ£ô[39m src/__tests__/components/LoginPage.test.jsx[2m > [22mLoginPage Component[2m > [22mRendering[2m > [22mshould NOT render email input in login mode[32m 5[2mms[22m[39m
 [32mΓ£ô[39m src/__tests__/components/LoginPage.test.jsx[2m > [22mLoginPage Component[2m > [22mRendering[2m > [22mshould show "Log In" submit button[32m 4[2mms[22m[39m
 [32mΓ£ô[39m src/__tests__/components/LoginPage.test.jsx[2m > [22mLoginPage Component[2m > [22mRendering[2m > [22mshould render Google login button[32m 8[2mms[22m[39m
 [32mΓ£ô[39m src/__tests__/components/LoginPage.test.jsx[2m > [22mLoginPage Component[2m > [22mRendering[2m > [22mshould show forgot password link in login mode[32m 7[2mms[22m[39m
 [31m├ù[39m src/__tests__/components/LoginPage.test.jsx[2m > [22mLoginPage Component[2m > [22mMode Toggling[2m > [22mshould switch to register mode[32m 20[2mms[22m[39m
[31m   ΓåÆ [2mexpect([22m[31melement[31m[2m).toHaveTextContent()[22m

Expected element to have text content:
[32m  Kay─▒t Ol[31m
Received:
[31m  Sign Up[31m[39m
[90mstdout[2m | src/__tests__/components/CryptoDashboard.test.jsx
[22m[39m≡ƒº¬ Test setup complete!

[90mstdout[2m | src/__tests__/components/UserProfileModal.test.jsx
[22m[39m≡ƒº¬ Test setup complete!

[90mstdout[2m | src/__tests__/hooks/useFileUpload.test.js
[22m[39m≡ƒº¬ Test setup complete!

[90mstdout[2m | src/__tests__/components/RoomList.test.jsx
[22m[39m≡ƒº¬ Test setup complete!

 [32mΓ£ô[39m src/__tests__/components/LoginPage.test.jsx[2m > [22mLoginPage Component[2m > [22mMode Toggling[2m > [22mshould switch back to login mode[32m 8[2mms[22m[39m
 [32mΓ£ô[39m src/__tests__/components/LoginPage.test.jsx[2m > [22mLoginPage Component[2m > [22mMode Toggling[2m > [22mshould clear auth error when toggling modes[32m 6[2mms[22m[39m
 [32mΓ£ô[39m src/__tests__/components/LoginPage.test.jsx[2m > [22mLoginPage Component[2m > [22mMode Toggling[2m > [22mshould hide forgot password link in register mode[32m 6[2mms[22m[39m
 [32mΓ£ô[39m src/__tests__/components/LoginPage.test.jsx[2m > [22mLoginPage Component[2m > [22mForm Submission[2m > [22mshould call onLogin with credentials[32m 11[2mms[22m[39m
 [32mΓ£ô[39m src/__tests__/components/LoginPage.test.jsx[2m > [22mLoginPage Component[2m > [22mForm Submission[2m > [22mshould call onRegister with all fields in register mode[32m 15[2mms[22m[39m
 [32mΓ£ô[39m src/__tests__/components/LoginPage.test.jsx[2m > [22mLoginPage Component[2m > [22mForm Submission[2m > [22mshould switch back to login after successful registration[32m 27[2mms[22m[39m
 [31m├ù[39m src/__tests__/components/LoginPage.test.jsx[2m > [22mLoginPage Component[2m > [22mError Display[2m > [22mshould display error message[32m 3[2mms[22m[39m
[31m   ΓåÆ [2mexpect([22m[31melement[31m[2m).toHaveTextContent()[22m

Expected element to have text content:
[32m  Hatal─▒ ┼ƒifre![31m
Received:
[31m  Incorrect password![31m[39m
 [32mΓ£ô[39m src/__tests__/components/LoginPage.test.jsx[2m > [22mLoginPage Component[2m > [22mError Display[2m > [22mshould NOT display error when none exists[32m 2[2mms[22m[39m
Not implemented: HTMLCanvasElement's getContext() method: without installing th
e canvas npm package
[90mstdout[2m | src/__tests__/hooks/useIntersectionObserver.test.js
[22m[39m≡ƒº¬ Test setup complete!

[90mstdout[2m | src/__tests__/components/PremiumStoreModal.test.jsx
[22m[39m≡ƒº¬ Test setup complete!

[90mstdout[2m | src/__tests__/components/criticalComponents.test.jsx
[22m[39m≡ƒº¬ Test setup complete!

[90mstdout[2m | src/__tests__/components/VoiceControlBar.test.jsx
[22m[39m≡ƒº¬ Test setup complete!

[90mstdout[2m | src/__tests__/hooks/useErrorRecovery.test.js
[22m[39m≡ƒº¬ Test setup complete!

[90mstdout[2m | src/__tests__/components/Message.test.jsx
[22m[39m≡ƒº¬ Test setup complete!

[90mstdout[2m | src/__tests__/components/MessageInput.advanced.test.jsx
[22m[39m≡ƒº¬ Test setup complete!

[90mstdout[2m | src/__tests__/a11y/componentA11y.test.jsx
[22m[39m≡ƒº¬ Test setup complete!

[90mstdout[2m | src/__tests__/a11y/extendedA11y.test.jsx
[22m[39m≡ƒº¬ Test setup complete!

[90mstdout[2m | src/__tests__/a11y/accessibility.test.jsx
[22m[39m≡ƒº¬ Test setup complete!

[90mstdout[2m | src/__tests__/i18n/i18n.test.js
[22m[39m≡ƒº¬ Test setup complete!

[90mstdout[2m | src/__tests__/components/PremiumModal.test.jsx
[22m[39m≡ƒº¬ Test setup complete!

[90mstdout[2m | src/__tests__/components/AdminPanelModal.test.jsx
[22m[39m≡ƒº¬ Test setup complete!

[90mstdout[2m | src/__tests__/components/InviteModal.test.jsx
[22m[39m≡ƒº¬ Test setup complete!

[90mstdout[2m | src/__tests__/components/ServerDiscovery.test.jsx
[22m[39m≡ƒº¬ Test setup complete!

[90mstderr[2m | src/__tests__/components/ChannelSettingsModal.test.jsx[2m > 
[22m[2mGeneralTab[2m > [22m[2mrenders channel name input
[22m[39mreact-i18next:: useTranslation: You will need to pass in an i18next i
nstance by using initReactI18next { code: [32m'NO_I18NEXT_INSTANCE'[39m }

 [32mΓ£ô[39m src/__tests__/components/UserProfileModal.test.jsx[2m > [22mUserProfileModal Component[2m > [22mRendering[2m > [22mshould render nothing when user is null[32m 14[2mms[22m[39m
 [32mΓ£ô[39m src/__tests__/components/UserProfileModal.test.jsx[2m > [22mUserProfileModal Component[2m > [22mRendering[2m > [22mshould render the modal with user info[32m 21[2mms[22m[39m
 [32mΓ£ô[39m src/__tests__/components/UserProfileModal.test.jsx[2m > [22mUserProfileModal Component[2m > [22mRendering[2m > [22mshould display user avatar[32m 6[2mms[22m[39m
 [32mΓ£ô[39m src/__tests__/components/UserProfileModal.test.jsx[2m > [22mUserProfileModal Component[2m > [22mRendering[2m > [22mshould display display name[32m 3[2mms[22m[39m
 [32mΓ£ô[39m src/__tests__/components/UserProfileModal.test.jsx[2m > [22mUserProfileModal Component[2m > [22mRendering[2m > [22mshould display custom status[32m 4[2mms[22m[39m
 [32mΓ£ô[39m src/__tests__/components/UserProfileModal.test.jsx[2m > [22mUserProfileModal Component[2m > [22mRendering[2m > [22mshould display friend code[32m 3[2mms[22m[39m
 [32mΓ£ô[39m src/__tests__/components/UserProfileModal.test.jsx[2m > [22mUserProfileModal Component[2m > [22mRendering[2m > [22mshould display bio[32m 3[2mms[22m[39m
 [32mΓ£ô[39m src/__tests__/components/UserProfileModal.test.jsx[2m > [22mUserProfileModal Component[2m > [22mRendering[2m > [22mshould show online status indicator[32m 3[2mms[22m[39m
 [32mΓ£ô[39m src/__tests__/components/UserProfileModal.test.jsx[2m > [22mUserProfileModal Component[2m > [22mRendering[2m > [22mshould show offline status[32m 3[2mms[22m[39m
 [32mΓ£ô[39m src/__tests__/components/UserProfileModal.test.jsx[2m > [22mUserProfileModal Component[2m > [22mModal Actions[2m > [22mshould call onClose when close button clicked[32m 8[2mms[22m[39m
 [32mΓ£ô[39m src/__tests__/components/UserProfileModal.test.jsx[2m > [22mUserProfileModal Component[2m > [22mModal Actions[2m > [22mshould call onClose when clicking overlay[32m 5[2mms[22m[39m
 [32mΓ£ô[39m src/__tests__/components/UserProfileModal.test.jsx[2m > [22mUserProfileModal Component[2m > [22mModal Actions[2m > [22mshould call onImageClick when avatar is clicked[32m 5[2mms[22m[39m
 [32mΓ£ô[39m src/__tests__/components/UserProfileModal.test.jsx[2m > [22mUserProfileModal Component[2m > [22mDM and Friend Actions[2m > [22mshould show DM button for other users[32m 4[2mms[22m[39m
 [32mΓ£ô[39m src/__tests__/components/UserProfileModal.test.jsx[2m > [22mUserProfileModal Component[2m > [22mDM and Friend Actions[2m > [22mshould call onStartDM with username when DM button clicked[32m 4[2mms[22m[39m
 [32mΓ£ô[39m src/__tests__/components/UserProfileModal.test.jsx[2m > [22mUserProfileModal Component[2m > [22mDM and Friend Actions[2m > [22mshould show "Add Friend" for non-friends[32m 3[2mms[22m[39m
 [31m├ù[39m src/__tests__/components/UserProfileModal.test.jsx[2m > [22mUserProfileModal Component[2m > [22mDM and Friend Actions[2m > [22mshould show "Friends─▒n─▒z" for friends[32m 6[2mms[22m[39m
[31m   ΓåÆ [2mexpect([22m[31melement[31m[2m).toHaveTextContent()[22m

Expected element to have text content:
[32m  Friends─▒n─▒z Γ£ô[31m
Received:
[31m  Friends Γ£ô[31m[39m
 [32mΓ£ô[39m src/__tests__/components/UserProfileModal.test.jsx[2m > [22mUserProfileModal Component[2m > [22mDM and Friend Actions[2m > [22mshould NOT show DM/friend buttons for self[32m 3[2mms[22m[39m
 [32mΓ£ô[39m src/__tests__/components/UserProfileModal.test.jsx[2m > [22mUserProfileModal Component[2m > [22mTab Navigation[2m > [22mshould render profile tabs[32m 3[2mms[22m[39m
 [32mΓ£ô[39m src/__tests__/components/UserProfileModal.test.jsx[2m > [22mUserProfileModal Component[2m > [22mTab Navigation[2m > [22mshould default to profile tab[32m 3[2mms[22m[39m
 [32mΓ£ô[39m src/__tests__/components/UserProfileModal.test.jsx[2m > [22mUserProfileModal Component[2m > [22mTab Navigation[2m > [22mshould switch to activity tab[32m 7[2mms[22m[39m
 [32mΓ£ô[39m src/__tests__/components/UserProfileModal.test.jsx[2m > [22mUserProfileModal Component[2m > [22mTab Navigation[2m > [22mshould switch to notes tab[32m 4[2mms[22m[39m
 [32mΓ£ô[39m src/__tests__/components/ChannelSettingsModal.test.jsx[2m > [22mGeneralTab[2m > [22mrenders channel name input[32m 33[2mms[22m[39m
 [32mΓ£ô[39m src/__tests__/components/ChannelSettingsModal.test.jsx[2m > [22mGeneralTab[2m > [22mcalls setName when input changes[32m 9[2mms[22m[39m
 [32mΓ£ô[39m src/__tests__/components/ChannelSettingsModal.test.jsx[2m > [22mGeneralTab[2m > [22mrenders private toggle[32m 10[2mms[22m[39m
 [31m├ù[39m src/__tests__/components/ChannelSettingsModal.test.jsx[2m > [22mGeneralTab[2m > [22mshows private label when isPrivate is true[32m 32[2mms[22m[39m
[31m   ΓåÆ Unable to find an element with the text: /├ûzel Kanal/i. This could be because the text is broken up by multiple elements. In this case, you can provide a function for your text matcher to make your matcher more flexible.

Ignored nodes: comments, script, style
[36m<body>[31m
  [36m<div>[31m
    [36m<div>[31m
      [36m<label>[31m
        [0mchannel_name[0m
      [36m</label>[31m
      [36m<input[31m
        [33mvalue[31m=[32m"general"[31m
      [36m/>[31m
    [36m</div>[31m
    [36m<div>[31m
      [36m<label>[31m
        [36m<input[31m
          [33maria-label[31m=[32m"checkbox"[31m
          [33mchecked[31m=[32m""[31m
          [33mtype[31m=[32m"checkbox"[31m
        [36m/>[31m
        [36m<span[31m
          [33mdata-testid[31m=[32m"icon-lock"[31m
        [36m>[31m
          [0m≡ƒöÆ[0m
        [36m</span>[31m
        [36m<span>[31m
          [0mui.ozel_channel_izinli_roller[0m
        [36m</span>[31m
      [36m</label>[31m
    [36m</div>[31m
    [36m<div>[31m
      [36m<p[31m
        [33mstyle[31m=[32m"font-size: 0.9em; color: rgb(204, 204, 204);"[31m
      [36m>[31m
        [0mwho_can_access[0m
      [36m</p>[31m
      [36m<div[31m
        [33mrole[31m=[32m"button"[31m
        [33mtabindex[31m=[32m"0"[31m
      [36m>[31m
        [36m<div[31m
          [33mclass[31m=[32m"flex-align-8"[31m
        [36m>[31m
          [36m<div[31m
            [33mstyle[31m=[32m"width: 12px; height: 12px; border-radius: 50%; background-color: rgb(255, 0, 0);"[31m
          [36m/>[31m
          [36m<span>[31m
            [0mAdmin[0m
          [36m</span>[31m
        [36m</div>[31m
        [36m<input[31m
          [33maria-label[31m=[32m"checkbox"[31m
          [33mreadonly[31m=[32m""[31m
          [33mtype[31m=[32m"checkbox"[31m
        [36m/>[31m
      [36m</div>[31m
    [36m</div>[31m
    [36m<div>[31m
      [36m<label>[31m
        [36m<input[31m
          [33maria-label[31m=[32m"checkbox"[31m
          [33mtype[31m=[32m"checkbox"[31m
        [36m/>[31m
        [36m<span[31m
          [33mdata-testid[31m=[32m"icon-warn"[31m
        [36m>[31m
          [0mΓÜá[0m
        [36m</span>[31m
        [36m<span>[31m
          [0m≡ƒö₧_nsfw_18_content[0m
        [36m</span>[31m
      [36m</label>[31m
      [36m<p[31m
        [33mclass[31m=[32m"hintMuted"[31m
      [36m>[31m
        [0mAdult content warning will be shown.[0m
      [36m</p>[31m
    [36m</div>[31m
    [36m<div>[31m
      [36m<label>[31m
        [36m<input[31m
          [33maria-label[31m=[32m"checkbox"[31m
          [33mtype[31m=[32m"checkbox"[31m
        [36m/>[31m
        [36m<span[31m
          [33mdata-testid[31m=[32m"icon-lock"[31m
        [36m>[31m
          [0m≡ƒöÆ[0m
        [36m</span>[31m
        [36m<span>[31m
          [0m≡ƒöÆ_channel_kilitli[0m
        [36m</span>[31m
      [36m</label>[31m
      [36m<p[31m
        [33mclass[31m=[32m"hintMuted"[31m
      [36m>[31m
        [0mNo one can send messages (temporary lock).[0m
      [36m</p>[31m
    [36m</div>[31m
    [36m<div>[31m
      [36m<label>[31m
        [36m<input[31m
          [33maria-label[31m=[32m"checkbox"[31m
          [33mtype[31m=[32m"checkbox"[31m
        [36m/>[31m
        [36m<span[31m
          [33mdata-testid[31m=[32m"icon-broadcast"[31m
        [36m>[31m
          [0m≡ƒôó[0m
        [36m</span>[31m
        [36m<span>[31m
          [0m≡ƒôó_duyuru_channel─▒_sadece_admin_yazar[0m
        [36m</span>[31m
      [36m</label>[31m
      [36m<p[31m
        [33mclass[31m=[32m"hintMuted"[31m
      [36m>[31m
        [0mHercut okuyabilir, sadece adminler yazabilir.[0m
      [36m</p>[31m
    [36m</div>[31m
    [36m<div>[31m
      [36m<button[31m
        [33maria-label[31m=[32m"Delete channel"[31m
      [36m>[31m
        [36m<span[31m
          [33mdata-testid[31m=[32m"icon-trash"[31m
        [36m>[31m
          [0m≡ƒùæ[0m
        [36m</span>[31m
        [0mdelete_channel[0m
      [36m</button>[31m
      [36m<button[31m
        [33maria-label[31m=[32m"Save channel settings"[31m
      [36m>[31m
        [36m<span[31m
          [33mdata-testid[31m=[32m"icon-save"[31m
        [36m>[31m
          [0m≡ƒÆ╛[0m
        [36m</span>[31m
        [0msave[0m
      [36m</button>[31m
    [36m</div>[31m
  [36m</div>[31m
[36m</body>[31m[39m
 [32mΓ£ô[39m src/__tests__/components/ChannelSettingsModal.test.jsx[2m > [22mGeneralTab[2m > [22mshows role list when channel is private[32m 6[2mms[22m[39m
 [32mΓ£ô[39m src/__tests__/components/ChannelSettingsModal.test.jsx[2m > [22mGeneralTab[2m > [22mcalls toggleRolee when role clicked[32m 7[2mms[22m[39m
 [32mΓ£ô[39m src/__tests__/components/RoomList.test.jsx[2m > [22mRoomItem Component[2m > [22mshould render room name[32m 33[2mms[22m[39m
 [32mΓ£ô[39m src/__tests__/components/RoomList.test.jsx[2m > [22mRoomItem Component[2m > [22mshould show # icon for text channels[32m 4[2mms[22m[39m
 [32mΓ£ô[39m src/__tests__/components/RoomList.test.jsx[2m > [22mRoomItem Component[2m > [22mshould show ≡ƒöè icon for voice channels[32m 3[2mms[22m[39m
 [32mΓ£ô[39m src/__tests__/components/RoomList.test.jsx[2m > [22mRoomItem Component[2m > [22mshould highlight when active[32m 10[2mms[22m[39m
 [32mΓ£ô[39m src/__tests__/components/RoomList.test.jsx[2m > [22mRoomItem Component[2m > [22mshould show unread badge[32m 4[2mms[22m[39m
 [32mΓ£ô[39m src/__tests__/components/RoomList.test.jsx[2m > [22mRoomItem Component[2m > [22mshould NOT show badge when no unread[32m 3[2mms[22m[39m
 [32mΓ£ô[39m src/__tests__/components/RoomList.test.jsx[2m > [22mRoomItem Component[2m > [22mshould call onSelect when clicked[32m 7[2mms[22m[39m
 [31m├ù[39m src/__tests__/components/RoomList.test.jsx[2m > [22mRoomList Component[2m > [22mHome Mode (DMs)[2m > [22mshould render DM list[32m 13[2mms[22m[39m
[31m   ΓåÆ [2mexpect([22m[31melement[31m[2m).toHaveTextContent()[22m

Expected element to have text content:
[32m  D─░REKT MESAJLAR[31m
Received:
[31m  DIRECT MESSAGES[31m[39m
 [32mΓ£ô[39m src/__tests__/components/RoomList.test.jsx[2m > [22mRoomList Component[2m > [22mHome Mode (DMs)[2m > [22mshould render all conversations[32m 5[2mms[22m[39m
 [32mΓ£ô[39m src/__tests__/components/RoomList.test.jsx[2m > [22mRoomList Component[2m > [22mHome Mode (DMs)[2m > [22mshould show online indicator[32m 4[2mms[22m[39m
 [32mΓ£ô[39m src/__tests__/components/RoomList.test.jsx[2m > [22mRoomList Component[2m > [22mHome Mode (DMs)[2m > [22mshould show unread badge[32m 4[2mms[22m[39m
 [32mΓ£ô[39m src/__tests__/components/RoomList.test.jsx[2m > [22mRoomList Component[2m > [22mHome Mode (DMs)[2m > [22mshould show message preview[32m 4[2mms[22m[39m
 [32mΓ£ô[39m src/__tests__/components/RoomList.test.jsx[2m > [22mRoomList Component[2m > [22mHome Mode (DMs)[2m > [22mshould highlight active conversation[32m 3[2mms[22m[39m
 [32mΓ£ô[39m src/__tests__/components/LoginPage.test.jsx[2m > [22mLoginPage Component[2m > [22mLoading State[2m > [22mshould disable submit button during loading[32m 222[2mms[22m[39m
 [32mΓ£ô[39m src/__tests__/components/RoomList.test.jsx[2m > [22mRoomList Component[2m > [22mHome Mode (DMs)[2m > [22mshould show empty state when no conversations[32m 2[2mms[22m[39m
 [32mΓ£ô[39m src/__tests__/components/RoomList.test.jsx[2m > [22mRoomList Component[2m > [22mHome Mode (DMs)[2m > [22mshould call onDMSelect when DM is clicked[32m 4[2mms[22m[39m
 [32mΓ£ô[39m src/__tests__/components/RoomList.test.jsx[2m > [22mRoomList Component[2m > [22mServer Mode (Rooms)[2m > [22mshould render server rooms[32m 3[2mms[22m[39m
 [32mΓ£ô[39m src/__tests__/components/RoomList.test.jsx[2m > [22mRoomList Component[2m > [22mServer Mode (Rooms)[2m > [22mshould render all rooms[32m 3[2mms[22m[39m
 [32mΓ£ô[39m src/__tests__/components/RoomList.test.jsx[2m > [22mRoomList Component[2m > [22mServer Mode (Rooms)[2m > [22mshould highlight active room[32m 3[2mms[22m[39m
 [32mΓ£ô[39m src/__tests__/components/RoomList.test.jsx[2m > [22mRoomList Component[2m > [22mServer Mode (Rooms)[2m > [22mshould show unread counts[32m 4[2mms[22m[39m
 [32mΓ£ô[39m src/__tests__/components/RoomList.test.jsx[2m > [22mRoomList Component[2m > [22mSearch[2m > [22mshould filter conversations by search[32m 8[2mms[22m[39m
 [32mΓ£ô[39m src/__tests__/components/RoomList.test.jsx[2m > [22mRoomList Component[2m > [22mSearch[2m > [22mshould filter rooms by search[32m 9[2mms[22m[39m
 [32mΓ£ô[39m src/__tests__/components/RoomList.test.jsx[2m > [22mRoomList Component[2m > [22mSearch[2m > [22mshould show empty state when search has no results[32m 4[2mms[22m[39m
 [32mΓ£ô[39m src/__tests__/components/RoomList.test.jsx[2m > [22mRoomList Component[2m > [22mFriend Shortcuts[2m > [22mshould show friend count[32m 4[2mms[22m[39m
 [32mΓ£ô[39m src/__tests__/components/ChannelSettingsModal.test.jsx[2m > [22mGeneralTab[2m > [22mrenders NSFW toggle[32m 6[2mms[22m[39m
 [31m├ù[39m src/__tests__/components/ChannelSettingsModal.test.jsx[2m > [22mGeneralTab[2m > [22mrenders locked toggle[32m 8[2mms[22m[39m
[31m   ΓåÆ Unable to find an element with the text: /Kanal Kilitli/i. This could be because the text is broken up by multiple elements. In this case, you can provide a function for your text matcher to make your matcher more flexible.

Ignored nodes: comments, script, style
[36m<body>[31m
  [36m<div>[31m
    [36m<div>[31m
      [36m<label>[31m
        [0mchannel_name[0m
      [36m</label>[31m
      [36m<input[31m
        [33mvalue[31m=[32m"general"[31m
      [36m/>[31m
    [36m</div>[31m
    [36m<div>[31m
      [36m<label>[31m
        [36m<input[31m
          [33maria-label[31m=[32m"checkbox"[31m
          [33mtype[31m=[32m"checkbox"[31m
        [36m/>[31m
        [36m<span[31m
          [33mdata-testid[31m=[32m"icon-globe"[31m
        [36m>[31m
          [0m≡ƒîì[0m
        [36m</span>[31m
        [36m<span>[31m
          [0m≡ƒîì Public Channel[0m
        [36m</span>[31m
      [36m</label>[31m
    [36m</div>[31m
    [36m<div>[31m
      [36m<label>[31m
        [36m<input[31m
          [33maria-label[31m=[32m"checkbox"[31m
          [33mtype[31m=[32m"checkbox"[31m
        [36m/>[31m
        [36m<span[31m
          [33mdata-testid[31m=[32m"icon-warn"[31m
        [36m>[31m
          [0mΓÜá[0m
        [36m</span>[31m
        [36m<span>[31m
          [0m≡ƒö₧_nsfw_18_content[0m
        [36m</span>[31m
      [36m</label>[31m
      [36m<p[31m
        [33mclass[31m=[32m"hintMuted"[31m
      [36m>[31m
        [0mAdult content warning will be shown.[0m
      [36m</p>[31m
    [36m</div>[31m
    [36m<div>[31m
      [36m<label>[31m
        [36m<input[31m
          [33maria-label[31m=[32m"checkbox"[31m
          [33mtype[31m=[32m"checkbox"[31m
        [36m/>[31m
        [36m<span[31m
          [33mdata-testid[31m=[32m"icon-lock"[31m
        [36m>[31m
          [0m≡ƒöÆ[0m
        [36m</span>[31m
        [36m<span>[31m
          [0m≡ƒöÆ_channel_kilitli[0m
        [36m</span>[31m
      [36m</label>[31m
      [36m<p[31m
        [33mclass[31m=[32m"hintMuted"[31m
      [36m>[31m
        [0mNo one can send messages (temporary lock).[0m
      [36m</p>[31m
    [36m</div>[31m
    [36m<div>[31m
      [36m<label>[31m
        [36m<input[31m
          [33maria-label[31m=[32m"checkbox"[31m
          [33mtype[31m=[32m"checkbox"[31m
        [36m/>[31m
        [36m<span[31m
          [33mdata-testid[31m=[32m"icon-broadcast"[31m
        [36m>[31m
          [0m≡ƒôó[0m
        [36m</span>[31m
        [36m<span>[31m
          [0m≡ƒôó_duyuru_channel─▒_sadece_admin_yazar[0m
        [36m</span>[31m
      [36m</label>[31m
      [36m<p[31m
        [33mclass[31m=[32m"hintMuted"[31m
      [36m>[31m
        [0mHercut okuyabilir, sadece adminler yazabilir.[0m
      [36m</p>[31m
    [36m</div>[31m
    [36m<div>[31m
      [36m<button[31m
        [33maria-label[31m=[32m"Delete channel"[31m
      [36m>[31m
        [36m<span[31m
          [33mdata-testid[31m=[32m"icon-trash"[31m
        [36m>[31m
          [0m≡ƒùæ[0m
        [36m</span>[31m
        [0mdelete_channel[0m
      [36m</button>[31m
      [36m<button[31m
        [33maria-label[31m=[32m"Save channel settings"[31m
      [36m>[31m
        [36m<span[31m
          [33mdata-testid[31m=[32m"icon-save"[31m
        [36m>[31m
          [0m≡ƒÆ╛[0m
        [36m</span>[31m
        [0msave[0m
      [36m</button>[31m
    [36m</div>[31m
  [36m</div>[31m
[36m</body>[31m[39m
 [31m├ù[39m src/__tests__/components/ChannelSettingsModal.test.jsx[2m > [22mGeneralTab[2m > [22mrenders read-only toggle[32m 6[2mms[22m[39m
[31m   ΓåÆ Unable to find an element with the text: /Announcement Channel/i. This could be because the text is broken up by multiple elements. In this case, you can provide a function for your text matcher to make your matcher more flexible.

Ignored nodes: comments, script, style
[36m<body>[31m
  [36m<div>[31m
    [36m<div>[31m
      [36m<label>[31m
        [0mchannel_name[0m
      [36m</label>[31m
      [36m<input[31m
        [33mvalue[31m=[32m"general"[31m
      [36m/>[31m
    [36m</div>[31m
    [36m<div>[31m
      [36m<label>[31m
        [36m<input[31m
          [33maria-label[31m=[32m"checkbox"[31m
          [33mtype[31m=[32m"checkbox"[31m
        [36m/>[31m
        [36m<span[31m
          [33mdata-testid[31m=[32m"icon-globe"[31m
        [36m>[31m
          [0m≡ƒîì[0m
        [36m</span>[31m
        [36m<span>[31m
          [0m≡ƒîì Public Channel[0m
        [36m</span>[31m
      [36m</label>[31m
    [36m</div>[31m
    [36m<div>[31m
      [36m<label>[31m
        [36m<input[31m
          [33maria-label[31m=[32m"checkbox"[31m
          [33mtype[31m=[32m"checkbox"[31m
        [36m/>[31m
        [36m<span[31m
          [33mdata-testid[31m=[32m"icon-warn"[31m
        [36m>[31m
          [0mΓÜá[0m
        [36m</span>[31m
        [36m<span>[31m
          [0m≡ƒö₧_nsfw_18_content[0m
        [36m</span>[31m
      [36m</label>[31m
      [36m<p[31m
        [33mclass[31m=[32m"hintMuted"[31m
      [36m>[31m
        [0mAdult content warning will be shown.[0m
      [36m</p>[31m
    [36m</div>[31m
    [36m<div>[31m
      [36m<label>[31m
        [36m<input[31m
          [33maria-label[31m=[32m"checkbox"[31m
          [33mtype[31m=[32m"checkbox"[31m
        [36m/>[31m
        [36m<span[31m
          [33mdata-testid[31m=[32m"icon-lock"[31m
        [36m>[31m
          [0m≡ƒöÆ[0m
        [36m</span>[31m
        [36m<span>[31m
          [0m≡ƒöÆ_channel_kilitli[0m
        [36m</span>[31m
      [36m</label>[31m
      [36m<p[31m
        [33mclass[31m=[32m"hintMuted"[31m
      [36m>[31m
        [0mNo one can send messages (temporary lock).[0m
      [36m</p>[31m
    [36m</div>[31m
    [36m<div>[31m
      [36m<label>[31m
        [36m<input[31m
          [33maria-label[31m=[32m"checkbox"[31m
          [33mtype[31m=[32m"checkbox"[31m
        [36m/>[31m
        [36m<span[31m
          [33mdata-testid[31m=[32m"icon-broadcast"[31m
        [36m>[31m
          [0m≡ƒôó[0m
        [36m</span>[31m
        [36m<span>[31m
          [0m≡ƒôó_duyuru_channel─▒_sadece_admin_yazar[0m
        [36m</span>[31m
      [36m</label>[31m
      [36m<p[31m
        [33mclass[31m=[32m"hintMuted"[31m
      [36m>[31m
        [0mHercut okuyabilir, sadece adminler yazabilir.[0m
      [36m</p>[31m
    [36m</div>[31m
    [36m<div>[31m
      [36m<button[31m
        [33maria-label[31m=[32m"Delete channel"[31m
      [36m>[31m
        [36m<span[31m
          [33mdata-testid[31m=[32m"icon-trash"[31m
        [36m>[31m
          [0m≡ƒùæ[0m
        [36m</span>[31m
        [0mdelete_channel[0m
      [36m</button>[31m
      [36m<button[31m
        [33maria-label[31m=[32m"Save channel settings"[31m
      [36m>[31m
        [36m<span[31m
          [33mdata-testid[31m=[32m"icon-save"[31m
        [36m>[31m
          [0m≡ƒÆ╛[0m
        [36m</span>[31m
        [0msave[0m
      [36m</button>[31m
    [36m</div>[31m
  [36m</div>[31m
[36m</body>[31m[39m
 [32mΓ£ô[39m src/__tests__/components/ChannelSettingsModal.test.jsx[2m > [22mGeneralTab[2m > [22mdoes NOT render voice settings when not voice channel[32m 6[2mms[22m[39m
 [32mΓ£ô[39m src/__tests__/components/ChannelSettingsModal.test.jsx[2m > [22mGeneralTab[2m > [22mrenders voice settings when isVoiceChannel[32m 11[2mms[22m[39m
 [31m├ù[39m src/__tests__/components/ChannelSettingsModal.test.jsx[2m > [22mGeneralTab[2m > [22mcalls handleSave on save button click[32m 7[2mms[22m[39m
[31m   ΓåÆ Unable to find an element with the text: /Kaydet/i. This could be because the text is broken up by multiple elements. In this case, you can provide a function for your text matcher to make your matcher more flexible.

Ignored nodes: comments, script, style
[36m<body>[31m
  [36m<div>[31m
    [36m<div>[31m
      [36m<label>[31m
        [0mchannel_name[0m
      [36m</label>[31m
      [36m<input[31m
        [33mvalue[31m=[32m"general"[31m
      [36m/>[31m
    [36m</div>[31m
    [36m<div>[31m
      [36m<label>[31m
        [36m<input[31m
          [33maria-label[31m=[32m"checkbox"[31m
          [33mtype[31m=[32m"checkbox"[31m
        [36m/>[31m
        [36m<span[31m
          [33mdata-testid[31m=[32m"icon-globe"[31m
        [36m>[31m
          [0m≡ƒîì[0m
        [36m</span>[31m
        [36m<span>[31m
          [0m≡ƒîì Public Channel[0m
        [36m</span>[31m
      [36m</label>[31m
    [36m</div>[31m
    [36m<div>[31m
      [36m<label>[31m
        [36m<input[31m
          [33maria-label[31m=[32m"checkbox"[31m
          [33mtype[31m=[32m"checkbox"[31m
        [36m/>[31m
        [36m<span[31m
          [33mdata-testid[31m=[32m"icon-warn"[31m
        [36m>[31m
          [0mΓÜá[0m
        [36m</span>[31m
        [36m<span>[31m
          [0m≡ƒö₧_nsfw_18_content[0m
        [36m</span>[31m
      [36m</label>[31m
      [36m<p[31m
        [33mclass[31m=[32m"hintMuted"[31m
      [36m>[31m
        [0mAdult content warning will be shown.[0m
      [36m</p>[31m
    [36m</div>[31m
    [36m<div>[31m
      [36m<label>[31m
        [36m<input[31m
          [33maria-label[31m=[32m"checkbox"[31m
          [33mtype[31m=[32m"checkbox"[31m
        [36m/>[31m
        [36m<span[31m
          [33mdata-testid[31m=[32m"icon-lock"[31m
        [36m>[31m
          [0m≡ƒöÆ[0m
        [36m</span>[31m
        [36m<span>[31m
          [0m≡ƒöÆ_channel_kilitli[0m
        [36m</span>[31m
      [36m</label>[31m
      [36m<p[31m
        [33mclass[31m=[32m"hintMuted"[31m
      [36m>[31m
        [0mNo one can send messages (temporary lock).[0m
      [36m</p>[31m
    [36m</div>[31m
    [36m<div>[31m
      [36m<label>[31m
        [36m<input[31m
          [33maria-label[31m=[32m"checkbox"[31m
          [33mtype[31m=[32m"checkbox"[31m
        [36m/>[31m
        [36m<span[31m
          [33mdata-testid[31m=[32m"icon-broadcast"[31m
        [36m>[31m
          [0m≡ƒôó[0m
        [36m</span>[31m
        [36m<span>[31m
          [0m≡ƒôó_duyuru_channel─▒_sadece_admin_yazar[0m
        [36m</span>[31m
      [36m</label>[31m
      [36m<p[31m
        [33mclass[31m=[32m"hintMuted"[31m
      [36m>[31m
        [0mHercut okuyabilir, sadece adminler yazabilir.[0m
      [36m</p>[31m
    [36m</div>[31m
    [36m<div>[31m
      [36m<button[31m
        [33maria-label[31m=[32m"Delete channel"[31m
      [36m>[31m
        [36m<span[31m
          [33mdata-testid[31m=[32m"icon-trash"[31m
        [36m>[31m
          [0m≡ƒùæ[0m
        [36m</span>[31m
        [0mdelete_channel[0m
      [36m</button>[31m
      [36m<button[31m
        [33maria-label[31m=[32m"Save channel settings"[31m
      [36m>[31m
        [36m<span[31m
          [33mdata-testid[31m=[32m"icon-save"[31m
        [36m>[31m
          [0m≡ƒÆ╛[0m
        [36m</span>[31m
        [0msave[0m
      [36m</button>[31m
    [36m</div>[31m
  [36m</div>[31m
[36m</body>[31m[39m
 [31m├ù[39m src/__tests__/components/ChannelSettingsModal.test.jsx[2m > [22mGeneralTab[2m > [22mcalls handleDelete on delete button click[32m 10[2mms[22m[39m
[31m   ΓåÆ Unable to find an element with the text: /Kanal─▒ Sil/i. This could be because the text is broken up by multiple elements. In this case, you can provide a function for your text matcher to make your matcher more flexible.

Ignored nodes: comments, script, style
[36m<body>[31m
  [36m<div>[31m
    [36m<div>[31m
      [36m<label>[31m
        [0mchannel_name[0m
      [36m</label>[31m
      [36m<input[31m
        [33mvalue[31m=[32m"general"[31m
      [36m/>[31m
    [36m</div>[31m
    [36m<div>[31m
      [36m<label>[31m
        [36m<input[31m
          [33maria-label[31m=[32m"checkbox"[31m
          [33mtype[31m=[32m"checkbox"[31m
        [36m/>[31m
        [36m<span[31m
          [33mdata-testid[31m=[32m"icon-globe"[31m
        [36m>[31m
          [0m≡ƒîì[0m
        [36m</span>[31m
        [36m<span>[31m
          [0m≡ƒîì Public Channel[0m
        [36m</span>[31m
      [36m</label>[31m
    [36m</div>[31m
    [36m<div>[31m
      [36m<label>[31m
        [36m<input[31m
          [33maria-label[31m=[32m"checkbox"[31m
          [33mtype[31m=[32m"checkbox"[31m
        [36m/>[31m
        [36m<span[31m
          [33mdata-testid[31m=[32m"icon-warn"[31m
        [36m>[31m
          [0mΓÜá[0m
        [36m</span>[31m
        [36m<span>[31m
          [0m≡ƒö₧_nsfw_18_content[0m
        [36m</span>[31m
      [36m</label>[31m
      [36m<p[31m
        [33mclass[31m=[32m"hintMuted"[31m
      [36m>[31m
        [0mAdult content warning will be shown.[0m
      [36m</p>[31m
    [36m</div>[31m
    [36m<div>[31m
      [36m<label>[31m
        [36m<input[31m
          [33maria-label[31m=[32m"checkbox"[31m
          [33mtype[31m=[32m"checkbox"[31m
        [36m/>[31m
        [36m<span[31m
          [33mdata-testid[31m=[32m"icon-lock"[31m
        [36m>[31m
          [0m≡ƒöÆ[0m
        [36m</span>[31m
        [36m<span>[31m
          [0m≡ƒöÆ_channel_kilitli[0m
        [36m</span>[31m
      [36m</label>[31m
      [36m<p[31m
        [33mclass[31m=[32m"hintMuted"[31m
      [36m>[31m
        [0mNo one can send messages (temporary lock).[0m
      [36m</p>[31m
    [36m</div>[31m
    [36m<div>[31m
      [36m<label>[31m
        [36m<input[31m
          [33maria-label[31m=[32m"checkbox"[31m
          [33mtype[31m=[32m"checkbox"[31m
        [36m/>[31m
        [36m<span[31m
          [33mdata-testid[31m=[32m"icon-broadcast"[31m
        [36m>[31m
          [0m≡ƒôó[0m
        [36m</span>[31m
        [36m<span>[31m
          [0m≡ƒôó_duyuru_channel─▒_sadece_admin_yazar[0m
        [36m</span>[31m
      [36m</label>[31m
      [36m<p[31m
        [33mclass[31m=[32m"hintMuted"[31m
      [36m>[31m
        [0mHercut okuyabilir, sadece adminler yazabilir.[0m
      [36m</p>[31m
    [36m</div>[31m
    [36m<div>[31m
      [36m<button[31m
        [33maria-label[31m=[32m"Delete channel"[31m
      [36m>[31m
        [36m<span[31m
          [33mdata-testid[31m=[32m"icon-trash"[31m
        [36m>[31m
          [0m≡ƒùæ[0m
        [36m</span>[31m
        [0mdelete_channel[0m
      [36m</button>[31m
      [36m<button[31m
        [33maria-label[31m=[32m"Save channel settings"[31m
      [36m>[31m
        [36m<span[31m
          [33mdata-testid[31m=[32m"icon-save"[31m
        [36m>[31m
          [0m≡ƒÆ╛[0m
        [36m</span>[31m
        [0msave[0m
      [36m</button>[31m
    [36m</div>[31m
  [36m</div>[31m
[36m</body>[31m[39m
 [32mΓ£ô[39m src/__tests__/components/ChannelSettingsModal.test.jsx[2m > [22mPermissionsTab[2m > [22mrenders role permissions[32m 6[2mms[22m[39m
 [32mΓ£ô[39m src/__tests__/components/ChannelSettingsModal.test.jsx[2m > [22mPermissionsTab[2m > [22mrenders user permissions[32m 4[2mms[22m[39m
 [31m├ù[39m src/__tests__/components/ChannelSettingsModal.test.jsx[2m > [22mPermissionsTab[2m > [22mcalls removePermission when remove button clicked[32m 6[2mms[22m[39m
[31m   ΓåÆ Unable to find an element with the text: /Kald─▒r/i. This could be because the text is broken up by multiple elements. In this case, you can provide a function for your text matcher to make your matcher more flexible.

Ignored nodes: comments, script, style
[36m<body>[31m
  [36m<div>[31m
    [36m<div>[31m
      [36m<h4[31m
        [33mclass[31m=[32m"headingWhite"[31m
      [36m>[31m
        [36m<span[31m
          [33mdata-testid[31m=[32m"icon-shield"[31m
        [36m>[31m
          [0m≡ƒ¢í[0m
        [36m</span>[31m
        [0m Channel Permissions[0m
      [36m</h4>[31m
      [36m<button[31m
        [33maria-label[31m=[32m"Add permission"[31m
      [36m>[31m
        [36m<span[31m
          [33mdata-testid[31m=[32m"icon-plus"[31m
        [36m>[31m
          [0mΓ₧ò[0m
        [36m</span>[31m
        [0m [0m
        [0mAdd Permission[0m
      [36m</button>[31m
    [36m</div>[31m
    [36m<div>[31m
      [36m<h5[31m
        [33mclass[31m=[32m"sectionTitle"[31m
      [36m>[31m
        [0mrole_permissions[0m
      [36m</h5>[31m
      [36m<div>[31m
        [36m<div[31m
          [33mclass[31m=[32m"flexAlignGap10"[31m
        [36m>[31m
          [36m<div[31m
            [33mstyle[31m=[32m"width: 12px; height: 12px; border-radius: 50%; background-color: rgb(0, 255, 0);"[31m
          [36m/>[31m
          [36m<span[31m
            [33mclass[31m=[32m"bold"[31m
          [36m>[31m
            [0mModerator[0m
          [36m</span>[31m
        [36m</div>[31m
        [36m<div[31m
          [33mclass[31m=[32m"permissionMeta"[31m
        [36m>[31m
          [0m≡ƒæü View [0m
          [0mΓ£Å∩╕Å Mesaj [0m
        [36m</div>[31m
        [36m<button>[31m
          [0mremove[0m
        [36m</button>[31m
      [36m</div>[31m
    [36m</div>[31m
    [36m<div>[31m
      [36m<h5[31m
        [33mclass[31m=[32m"sectionTitle"[31m
      [36m>[31m
        [0muser_permissions[0m
      [36m</h5>[31m
      [36m<div>[31m
        [36m<div[31m
          [33mclass[31m=[32m"flexAlignGap10"[31m
        [36m>[31m
          [36m<img[31m
            [33malt[31m=[32m"testUser"[31m
            [33mclass[31m=[32m"avatar24"[31m
            [33msrc[31m=[32m"/default-avatar.png"[31m
          [36m/>[31m
          [36m<span>[31m
            [0mtestUser[0m
          [36m</span>[31m
        [36m</div>[31m
        [36m<div[31m
          [33mclass[31m=[32m"permissionMeta"[31m
        [36m>[31m
          [0m≡ƒæü View [0m
          [0m≡ƒÄñ Connect [0m
        [36m</div>[31m
        [36m<button>[31m
          [0mremove[0m
        [36m</button>[31m
      [36m</div>[31m
    [36m</div>[31m
  [36m</div>[31m
[36m</body>[31m[39m
 [31m├ù[39m src/__tests__/components/ChannelSettingsModal.test.jsx[2m > [22mPermissionsTab[2m > [22mshows "add permission" button[32m 7[2mms[22m[39m
[31m   ΓåÆ Unable to find an element with the text: /─░zin Ekle/i. This could be because the text is broken up by multiple elements. In this case, you can provide a function for your text matcher to make your matcher more flexible.

Ignored nodes: comments, script, style
[36m<body>[31m
  [36m<div>[31m
    [36m<div>[31m
      [36m<h4[31m
        [33mclass[31m=[32m"headingWhite"[31m
      [36m>[31m
        [36m<span[31m
          [33mdata-testid[31m=[32m"icon-shield"[31m
        [36m>[31m
          [0m≡ƒ¢í[0m
        [36m</span>[31m
        [0m Channel Permissions[0m
      [36m</h4>[31m
      [36m<button[31m
        [33maria-label[31m=[32m"Add permission"[31m
      [36m>[31m
        [36m<span[31m
          [33mdata-testid[31m=[32m"icon-plus"[31m
        [36m>[31m
          [0mΓ₧ò[0m
        [36m</span>[31m
        [0m [0m
        [0mAdd Permission[0m
      [36m</button>[31m
    [36m</div>[31m
    [36m<div>[31m
      [36m<h5[31m
        [33mclass[31m=[32m"sectionTitle"[31m
      [36m>[31m
        [0mrole_permissions[0m
      [36m</h5>[31m
      [36m<div>[31m
        [36m<div[31m
          [33mclass[31m=[32m"flexAlignGap10"[31m
        [36m>[31m
          [36m<div[31m
            [33mstyle[31m=[32m"width: 12px; height: 12px; border-radius: 50%; background-color: rgb(0, 255, 0);"[31m
          [36m/>[31m
          [36m<span[31m
            [33mclass[31m=[32m"bold"[31m
          [36m>[31m
            [0mModerator[0m
          [36m</span>[31m
        [36m</div>[31m
        [36m<div[31m
          [33mclass[31m=[32m"permissionMeta"[31m
        [36m>[31m
          [0m≡ƒæü View [0m
          [0mΓ£Å∩╕Å Mesaj [0m
        [36m</div>[31m
        [36m<button>[31m
          [0mremove[0m
        [36m</button>[31m
      [36m</div>[31m
    [36m</div>[31m
    [36m<div>[31m
      [36m<h5[31m
        [33mclass[31m=[32m"sectionTitle"[31m
      [36m>[31m
        [0muser_permissions[0m
      [36m</h5>[31m
      [36m<div>[31m
        [36m<div[31m
          [33mclass[31m=[32m"flexAlignGap10"[31m
        [36m>[31m
          [36m<img[31m
            [33malt[31m=[32m"testUser"[31m
            [33mclass[31m=[32m"avatar24"[31m
            [33msrc[31m=[32m"/default-avatar.png"[31m
          [36m/>[31m
          [36m<span>[31m
            [0mtestUser[0m
          [36m</span>[31m
        [36m</div>[31m
        [36m<div[31m
          [33mclass[31m=[32m"permissionMeta"[31m
        [36m>[31m
          [0m≡ƒæü View [0m
          [0m≡ƒÄñ Connect [0m
        [36m</div>[31m
        [36m<button>[31m
          [0mremove[0m
        [36m</button>[31m
      [36m</div>[31m
    [36m</div>[31m
  [36m</div>[31m
[36m</body>[31m[39m
 [31m├ù[39m src/__tests__/components/ChannelSettingsModal.test.jsx[2m > [22mPermissionsTab[2m > [22mcalls setShowAddPermission on "add" click[32m 4[2mms[22m[39m
[31m   ΓåÆ Unable to find an element with the text: /─░zin Ekle/i. This could be because the text is broken up by multiple elements. In this case, you can provide a function for your text matcher to make your matcher more flexible.

Ignored nodes: comments, script, style
[36m<body>[31m
  [36m<div>[31m
    [36m<div>[31m
      [36m<h4[31m
        [33mclass[31m=[32m"headingWhite"[31m
      [36m>[31m
        [36m<span[31m
          [33mdata-testid[31m=[32m"icon-shield"[31m
        [36m>[31m
          [0m≡ƒ¢í[0m
        [36m</span>[31m
        [0m Channel Permissions[0m
      [36m</h4>[31m
      [36m<button[31m
        [33maria-label[31m=[32m"Add permission"[31m
      [36m>[31m
        [36m<span[31m
          [33mdata-testid[31m=[32m"icon-plus"[31m
        [36m>[31m
          [0mΓ₧ò[0m
        [36m</span>[31m
        [0m [0m
        [0mAdd Permission[0m
      [36m</button>[31m
    [36m</div>[31m
    [36m<div>[31m
      [36m<h5[31m
        [33mclass[31m=[32m"sectionTitle"[31m
      [36m>[31m
        [0mrole_permissions[0m
      [36m</h5>[31m
      [36m<div>[31m
        [36m<div[31m
          [33mclass[31m=[32m"flexAlignGap10"[31m
        [36m>[31m
          [36m<div[31m
            [33mstyle[31m=[32m"width: 12px; height: 12px; border-radius: 50%; background-color: rgb(0, 255, 0);"[31m
          [36m/>[31m
          [36m<span[31m
            [33mclass[31m=[32m"bold"[31m
          [36m>[31m
            [0mModerator[0m
          [36m</span>[31m
        [36m</div>[31m
        [36m<div[31m
          [33mclass[31m=[32m"permissionMeta"[31m
        [36m>[31m
          [0m≡ƒæü View [0m
          [0mΓ£Å∩╕Å Mesaj [0m
        [36m</div>[31m
        [36m<button>[31m
          [0mremove[0m
        [36m</button>[31m
      [36m</div>[31m
    [36m</div>[31m
    [36m<div>[31m
      [36m<h5[31m
        [33mclass[31m=[32m"sectionTitle"[31m
      [36m>[31m
        [0muser_permissions[0m
      [36m</h5>[31m
      [36m<div>[31m
        [36m<div[31m
          [33mclass[31m=[32m"flexAlignGap10"[31m
        [36m>[31m
          [36m<img[31m
            [33malt[31m=[32m"testUser"[31m
            [33mclass[31m=[32m"avatar24"[31m
            [33msrc[31m=[32m"/default-avatar.png"[31m
          [36m/>[31m
          [36m<span>[31m
            [0mtestUser[0m
          [36m</span>[31m
        [36m</div>[31m
        [36m<div[31m
[90mstderr[2m | src/__tests__/hooks/useIntersectionObserver.test.js[2m > [2
2m[2museIntersectionObserver[2m > [22m[2mshould create IntersectionObserver
 with provided options
[22m[39m[vitest] The vi.fn() mock did not use 'function' or 'class' in its im
plementation, see https://vitest.dev/api/vi#vi-spyon for examples.

[90mstderr[2m | src/__tests__/hooks/useIntersectionObserver.test.js[2m > [2
2m[2museIntersectionObserver[2m > [22m[2mshould disconnect observer on unmo
unt
[22m[39m[vitest] The vi.fn() mock did not use 'function' or 'class' in its im
plementation, see https://vitest.dev/api/vi#vi-spyon for examples.

          [33mclass[31m=[32m"permissionMeta"[31m
        [36m>[31m
          [0m≡ƒæü View [0m
          [0m≡ƒÄñ Connect [0m
        [36m</div>[31m
        [36m<button>[31m
          [0mremove[0m
        [36m</button>[31m
      [36m</div>[31m
    [36m</div>[31m
  [36m</div>[31m
[36m</body>[31m[39m
 [31m├ù[39m src/__tests__/components/ChannelSettingsModal.test.jsx[2m > [22mPermissionsTab[2m > [22mshows empty state when no permissions[32m 3[2mms[22m[39m
[31m   ΓåÆ Unable to find an element with the text: /Not yet ├╢zel izin tan─▒mlanmam─▒┼ƒ/i. This could be because the text is broken up by multiple elements. In this case, you can provide a function for your text matcher to make your matcher more flexible.

Ignored nodes: comments, script, style
[36m<body>[31m
  [36m<div>[31m
    [36m<div>[31m
      [36m<h4[31m
        [33mclass[31m=[32m"headingWhite"[31m
      [36m>[31m
        [36m<span[31m
          [33mdata-testid[31m=[32m"icon-shield"[31m
        [36m>[31m
          [0m≡ƒ¢í[0m
        [36m</span>[31m
        [0m Channel Permissions[0m
      [36m</h4>[31m
      [36m<button[31m
        [33maria-label[31m=[32m"Add permission"[31m
      [36m>[31m
        [36m<span[31m
          [33mdata-testid[31m=[32m"icon-plus"[31m
        [36m>[31m
          [0mΓ₧ò[0m
        [36m</span>[31m
        [0m [0m
        [0mAdd Permission[0m
      [36m</button>[31m
    [36m</div>[31m
    [36m<div[31m
      [33mclass[31m=[32m"emptyState"[31m
    [36m>[31m
      [36m<span[31m
        [33mdata-testid[31m=[32m"icon-lock"[31m
      [36m>[31m
        [0m≡ƒöÆ[0m
      [36m</span>[31m
      [36m<p>[31m
        [0mno_custom_permissions_defined_yet[0m
      [36m</p>[31m
      [36m<p[31m
        [33mstyle[31m=[32m"font-size: 0.85em;"[31m
      [36m>[31m
        [0myou_can_define_custom_permissions_for_specific_roles_or_user[0m
      [36m</p>[31m
    [36m</div>[31m
  [36m</div>[31m
[36m</body>[31m[39m
[90mstderr[2m | src/__tests__/components/HomePanel.test.jsx[2m > [22m[2mHo
mePanel[2m > [22m[2mrenders Home header
[22m[39mreact-i18next:: useTranslation: You will need to pass in an i18next i
nstance by using initReactI18next { code: [32m'NO_I18NEXT_INSTANCE'[39m }

 [31m├ù[39m src/__tests__/components/HomePanel.test.jsx[2m > [22mHomePanel[2m > [22mrenders Home header[32m 85[2mms[22m[39m
[31m   ΓåÆ Unable to find an element with the text: Home. This could be because the text is broken up by multiple elements. In this case, you can provide a function for your text matcher to make your matcher more flexible.

Ignored nodes: comments, script, style
[36m<body>[31m
  [36m<div>[31m
    [36m<div[31m
      [33mstyle[31m=[32m"flex: 1 1 0%; overflow-y: auto; overflow-x: hidden; min-height: 0; padding-bottom: 8px;"[31m
    [36m>[31m
      [36m<div[31m
        [33mstyle[31m=[32m"padding: 0px 16px; height: 52px; font-size: 15px; font-weight: 700; color: rgb(242, 243, 245); border-bottom: 1px solid rgba(255, 255, 255, 0.05); margin-bottom: 8px; display: flex; align-items: center; background: rgba(255, 255, 255, 0.025);"[31m
      [36m>[31m
        [0mAna Sayfa[0m
      [36m</div>[31m
      [36m<div[31m
        [33mstyle[31m=[32m"padding: 0px 8px; display: flex; flex-direction: column; gap: 2px;"[31m
      [36m>[31m
        [36m<div[31m
          [33maria-label[31m=[32m"PawPaw AI channel"[31m
          [33mrole[31m=[32m"button"[31m
          [33mstyle[31m=[32m"display: flex; justify-content: space-between; align-items: center; padding: 7px 10px; cursor: pointer; color: rgb(128, 132, 142); border-radius: 8px; transition: background-color 0.12s ease, color 0.12s ease; font-size: 14.5px; font-weight: 500; margin: 1px 8px 0px;"[31m
          [33mtabindex[31m=[32m"0"[31m
        [36m>[31m
          [36m<div[31m
            [33mstyle[31m=[32m"display: flex; align-items: center; flex: 1 1 0%; min-width: 0;"[31m
          [36m>[31m
            [36m<svg[31m
              [33mfill[31m=[32m"currentColor"[31m
              [33mheight[31m=[32m"1em"[31m
              [33mstroke[31m=[32m"currentColor"[31m
              [33mstroke-width[31m=[32m"0"[31m
              [33mstyle[31m=[32m"color: rgb(90, 95, 105); margin-right: 7px; font-size: 14px; flex-shrink: 0;"[31m
              [33mviewBox[31m=[32m"0 0 640 512"[31m
              [33mwidth[31m=[32m"1em"[31m
              [33mxmlns[31m=[32m"http://www.w3.org/2000/svg"[31m
            [36m>[31m
              [36m<path[31m
                [33md[31m=[32m"M32,224H64V416H32A31.96166,31.96166,0,0,1,0,384V256A31.96166,31.96166,0,0,1,32,224Zm512-48V448a64.06328,64.06328,0,0,1-64,64H160a64.06328,64.06328,0,0,1-64-64V176a79.974,79.974,0,0,1,80-80H288V32a32,32,0,0,1,64,0V96H464A79.974,79.974,0,0,1,544,176ZM264,256a40,40,0,1,0-40,40A39.997,39.997,0,0,0,264,256Zm-8,128H192v32h64Zm96,0H288v32h64ZM456,256a40,40,0,1,0-40,40A39.997,39.997,0,0,0,456,256Zm-8,128H384v32h64ZM640,256V384a31.96166,31.96166,0,0,1-32,32H576V224h32A31.96166,31.96166,0,0,1,640,256Z"[31m
              [36m/>[31m
            [36m</svg>[31m
            [36m<span[31m
              [33mstyle[31m=[32m"white-space: nowrap; overflow: hidden; text-overflow: ellipsis; flex: 1 1 0%;"[31m
            [36m>[31m
              [0mPawPaw AI[0m
            [36m</span>[31m
          [36m</div>[31m
        [36m</div>[31m
        [36m<div[31m
          [33maria-label[31m=[32m"Signal Bot channel"[31m
          [33mrole[31m=[32m"button"[31m
          [33mstyle[31m=[32m"display: flex; justify-content: space-between; align-items: center; padding: 7px 10px; cursor: pointer; color: rgb(128, 132, 142); border-radius: 8px; transition: background-color 0.12s ease, color 0.12s ease; font-size: 14.5px; font-weight: 500; margin: 1px 8px 0px;"[31m
          [33mtabindex[31m=[32m"0"[31m
        [36m>[31m
          [36m<div[31m
            [33mstyle[31m=[32m"display: flex; align-items: center; flex: 1 1 0%; min-width: 0;"[31m
          [36m>[31m
            [36m<svg[31m
              [33mfill[31m=[32m"currentColor"[31m
              [33mheight[31m=[32m"1em"[31m
              [33mstroke[31m=[32m"currentColor"[31m
              [33mstroke-width[31m=[32m"0"[31m
              [33mstyle[31m=[32m"color: rgb(90, 95, 105); margin-right: 7px; font-size: 14px; flex-shrink: 0;"[31m
              [33mviewBox[31m=[32m"0 0 512 512"[31m
              [33mwidth[31m=[32m"1em"[31m
              [33mxmlns[31m=[32m"http://www.w3.org/2000/svg"[31m
            [36m>[31m
              [36m<path[31m
                [33md[31m=[32m"M496 384H64V80c0-8.84-7.16-16-16-16H16C7.16 64 0 71.16 0 80v336c0 17.67 14.33 32 32 32h464c8.84 0 16-7.16 16-16v-32c0-8.84-7.16-16-16-16zM464 96H345.94c-21.38 0-32.09 25.85-16.97 40.97l32.4 32.4L288 242.75l-73.37-73.37c-12.5-12.5-32.76-12.5-45.25 0l-68.69 68.69c-6.25 6.25-6.25 16.38 0 22.63l22.62 22.62c6.25 6.25 16.38 6.25 22.63 0L192 237.25l73.37 73.37c12.5 12.5 32.76 12.5 45.25 0l96-96 32.4 32.4c15.12 15.12 40.97 4.41 40.97-16.97V112c.01-8.84-7.15-16-15.99-16z"[31m
              [36m/>[31m
            [36m</svg>[31m
            [36m<span[31m
              [33mstyle[31m=[32m"white-space: nowrap; overflow: hidden; text-overflow: ellipsis; flex: 1 1 0%;"[31m
            [36m>[31m
              [0mSinyal Bot[0m
            [36m</span>[31m
          [36m</div>[31m
        [36m</div>[31m
      [36m</div>[31m
      [36m<div[31m
        [33mstyle[31m=[32m"padding: 0px 8px; margin-top: 4px;"[31m
      [36m>[31m
        [36m<div[31m
          [33mstyle[31m=[32m"display: flex; justify-content: space-between; align-items: center; padding: 18px 4px 6px 8px; color: rgb(128, 132, 142); font-size: 10.5px; font-weight: 700; text-transform: uppercase; letter-spacing: 1px;"[31m
        [36m>[31m
          [36m<span>[31m
            [0mDO─₧RUDAN MESAJLAR[0m
          [36m</span>[31m
          [36m<button[31m
            [33maria-label[31m=[32m"Arkada┼ƒ ekle"[31m
            [33mstyle[31m=[32m"background: rgba(255, 255, 255, 0.06); border: 1px solid rgba(255, 255, 255, 0.07); color: rgb(181, 186, 193); cursor: pointer; font-size: 11.5px; font-weight: 600; padding: 3px 8px; border-radius: 6px; transition: background 0.15s ease, color 0.15s ease; display: flex; align-items: center; gap: 4px; flex-shrink: 0;"[31m
          [36m>[31m
            [36m<svg[31m
              [33mfill[31m=[32m"currentColor"[31m
              [33mheight[31m=[32m"1em"[31m
              [33mstroke[31m=[32m"currentColor"[31m
              [33mstroke-width[31m=[32m"0"[31m
              [33mviewBox[31m=[32m"0 0 640 512"[31m
              [33mwidth[31m=[32m"1em"[31m
              [33mxmlns[31m=[32m"http://www.w3.org/2000/svg"[31m
            [36m>[31m
              [36m<path[31m
                [33md[31m=[32m"M192 256c61.9 0 112-50.1 112-112S253.9 32 192 32 80 82.1 80 144s50.1 112 112 112zm76.8 32h-8.3c-20.8 10-43.9 16-68.5 16s-47.6-6-68.5-16h-8.3C51.6 288 0 339.6 0 403.2V432c0 26.5 21.5 48 48 48h288c26.5 0 48-21.5 48-48v-28.8c0-63.6-51.6-115.2-115.2-115.2zM480 256c53 0 96-43 96-96s-43-96-96-96-96 43-96 96 43 96 96 96zm48 32h-3.8c-13.9 4.8-28.6 8-44.2 8s-30.3-3.2-44.2-8H432c-20.4 0-39.2 5.9-55.7 15.4 24.4 26.3 39.7 61.2 39.7 99.8v38.4c0 2.2-.5 4.3-.6 6.4H592c26.5 0 48-21.5 48-48 0-61.9-50.1-112-112-112z"[31m
              [36m/>[31m
            [36m</svg>[31m
            [0m [0m
            [0mEkle[0m
          [36m</button>[31m
        [36m</div>[31m
        [36m<div[31m
          [33mrole[31m=[32m"button"[31m
          [33mstyle[31m=[32m"display: flex; align-items: center; min-width: 0; padding: 8px 10px; border-radius: 8px; cursor: pointer; color: rgb(128, 132, 142); margin-bottom: 1px; transition: background-color 0.12s ease, color 0.12s ease; font-size: 14.5px; font-weight: 500; background-color: transparent; position: relative;"[31m
          [33mtabindex[31m=[32m"0"[31m
        [36m>[31m
          [36m<div[31m
            [33mstyle[31m=[32m"position: relative; margin-right: 10px; flex-shrink: 0;"[31m
          [36m>[31m
            [36m<div[31m
              [33maria-label[31m=[32m"lazy image"[31m
              [33mclass[31m=[32m""[31m
              [33mstyle[31m=[32m"position: relative; overflow: hidden; width: 32px; height: 32px; border-radius: 50%; background-color: rgb(26, 28, 31); margin-right: 10px; flex-shrink: 0; box-shadow: 0 1px 6px rgba(0,0,0,0.35);"[31m
            [36m>[31m
              [36m<div[31m
                [33mstyle[31m=[32m"position: absolute; top: 0px; left: 0px; right: 0px; bottom: 0px; background-color: rgb(17, 18, 20); background-size: cover; filter: blur(10px); transform: scale(1.1); transition: opacity 0.3s ease-in-out; opacity: 1;"[31m
              [36m/>[31m
              [36m<img[31m
                [33malt[31m=[32m"FriendUser"[31m
                [33mloading[31m=[32m"lazy"[31m
                [33msrc[31m=[32m"data:image/svg+xml,%3Csvg xmlns=\"http://www.w3.org/2000/svg\" viewBox=\"0 0 100 100\"%3E%3Crect fill=\"%232b2d31\" width=\"100\" height=\"100\"/%3E%3C/svg%3E"[31m
                [33mstyle[31m=[32m"width: 100%; height: 100%; object-fit: cover; transition: opacity 0.3s ease-in-out; opacity: 0;"[31m
              [36m/>[31m
            [36m</div>[31m
            [36m<div[31m
              [33mstyle[31m=[32m"position: absolute; bottom: -2px; right: -2px; width: 12px; height: 12px; border-radius: 50%; background-color: rgb(128, 132, 142); border: 2px solid rgb(14, 18, 34);"[31m
            [36m/>[31m
          [36m</div>[31m
          [36m<div[31m
            [33mstyle[31m=[32m"flex: 1 1 0%; display: flex; flex-direction: column; min-width: 0; overflow: hidden; gap: 2px;"[31m
          [36m>[31m
            [36m<span[31m
              [33mstyle[31m=[32m"color: rgb(242, 243, 245); font-weight: 600; font-size: 13px; white-space: nowrap; overflow: hidden; text-overflow: ellipsis; line-height: 1.3;"[31m
            [36m>[31m
              [0mFriendUser[0m
            [36m</span>[31m
          [36m</div>[31m
        [36m</div>[31m
      [36m</div>[31m
    [36m</div>[31m
  [36m</div>[31m
[36m</body>[31m[39m
 [32mΓ£ô[39m src/__tests__/hooks/useIntersectionObserver.test.js[2m > [22museIntersectionObserver[2m > [22mshould return [targetRef, isIntersecting, entry][32m 16[2mms[22m[39m
 [32mΓ£ô[39m src/__tests__/hooks/useIntersectionObserver.test.js[2m > [22museIntersectionObserver[2m > [22mshould default isIntersecting to false[32m 2[2mms[22m[39m
 [31m├ù[39m src/__tests__/hooks/useIntersectionObserver.test.js[2m > [22museIntersectionObserver[2m > [22mshould create IntersectionObserver with provided options[32m 9[2mms[22m[39m
[31m   ΓåÆ (callback) => {
      observerCallback = callback;
      return observeInstance;
    } is not a constructor[39m
 [32mΓ£ô[39m src/__tests__/hooks/useIntersectionObserver.test.js[2m > [22museIntersectionObserver[2m > [22mshould observe target element when ref is attached[32m 2[2mms[22m[39m
 [32mΓ£ô[39m src/__tests__/hooks/useIntersectionObserver.test.js[2m > [22museIntersectionObserver[2m > [22mshould update isIntersecting when IntersectionObserver fires[32m 2[2mms[22m[39m
 [32mΓ£ô[39m src/__tests__/hooks/useIntersectionObserver.test.js[2m > [22museIntersectionObserver[2m > [22mshould update isIntersecting to false when element leaves viewport[32m 2[2mms[22m[39m
 [31m├ù[39m src/__tests__/hooks/useIntersectionObserver.test.js[2m > [22museIntersectionObserver[2m > [22mshould disconnect observer on unmount[32m 2[2mms[22m[39m
[31m   ΓåÆ (callback) => {
      observerCallback = callback;
      return observeInstance;
    } is not a constructor[39m
 [32mΓ£ô[39m src/__tests__/hooks/useIntersectionObserver.test.js[2m > [22museIntersectionObserver[2m > [22mshould use default threshold of 0.1 and rootMargin of 0px[32m 1[2mms[22m[39m
 [32mΓ£ô[39m src/__tests__/components/Message.test.jsx[2m > [22mMessage Component[2m > [22mRendering[2m > [22mshould render message content[32m 47[2mms[22m[39m
 [32mΓ£ô[39m src/__tests__/components/Message.test.jsx[2m > [22mMessage Component[2m > [22mRendering[2m > [22mshould render author information[32m 6[2mms[22m[39m
 [32mΓ£ô[39m src/__tests__/components/Message.test.jsx[2m > [22mMessage Component[2m > [22mRendering[2m > [22mshould render timestamp[32m 4[2mms[22m[39m
 [32mΓ£ô[39m src/__tests__/components/Message.test.jsx[2m > [22mMessage Component[2m > [22mRendering[2m > [22mshould render reactions[32m 3[2mms[22m[39m
 [32mΓ£ô[39m src/__tests__/components/Message.test.jsx[2m > [22mMessage Component[2m > [22mRendering[2m > [22mshould show edited badge when message is edited[32m 4[2mms[22m[39m
 [32mΓ£ô[39m src/__tests__/components/Message.test.jsx[2m > [22mMessage Component[2m > [22mRendering[2m > [22mshould render attachments[32m 4[2mms[22m[39m
 [32mΓ£ô[39m src/__tests__/components/Message.test.jsx[2m > [22mMessage Component[2m > [22mInteractions[2m > [22mshould show actions on hover[32m 22[2mms[22m[39m
[90mstderr[2m | src/__tests__/components/UserFooter.test.jsx[2m > [22m[2mU
serFooter[2m > [22m[2mrenders username and avatar
[22m[39mreact-i18next:: useTranslation: You will need to pass in an i18next i
nstance by using initReactI18next { code: [32m'NO_I18NEXT_INSTANCE'[39m }

[90mstderr[2m | src/__tests__/hooks/useFileUpload.test.js[2m > [22m[2museF
ileUpload[2m > [22m[2mInitial state[2m > [22m[2mshould start with isDragg
ing false
[22m[39mreact-i18next:: useTranslation: You will need to pass in an i18next i
nstance by using initReactI18next { code: [32m'NO_I18NEXT_INSTANCE'[39m }

 [32mΓ£ô[39m src/__tests__/components/HomePanel.test.jsx[2m > [22mHomePanel[2m > [22mrenders PawPaw AI channel[32m 18[2mms[22m[39m
 [31m├ù[39m src/__tests__/components/HomePanel.test.jsx[2m > [22mHomePanel[2m > [22mrenders DIRECT MESSAGES section[32m 17[2mms[22m[39m
[31m   ΓåÆ Unable to find an element with the text: /direct messages/i. This could be because the text is broken up by multiple elements. In this case, you can provide a function for your text matcher to make your matcher more flexible.

Ignored nodes: comments, script, style
[36m<body>[31m
  [36m<div>[31m
    [36m<div[31m
      [33mstyle[31m=[32m"flex: 1 1 0%; overflow-y: auto; overflow-x: hidden; min-height: 0; padding-bottom: 8px;"[31m
    [36m>[31m
      [36m<div[31m
        [33mstyle[31m=[32m"padding: 0px 16px; height: 52px; font-size: 15px; font-weight: 700; color: rgb(242, 243, 245); border-bottom: 1px solid rgba(255, 255, 255, 0.05); margin-bottom: 8px; display: flex; align-items: center; background: rgba(255, 255, 255, 0.025);"[31m
      [36m>[31m
        [0mAna Sayfa[0m
      [36m</div>[31m
      [36m<div[31m
        [33mstyle[31m=[32m"padding: 0px 8px; display: flex; flex-direction: column; gap: 2px;"[31m
      [36m>[31m
        [36m<div[31m
          [33maria-label[31m=[32m"PawPaw AI channel"[31m
          [33mrole[31m=[32m"button"[31m
          [33mstyle[31m=[32m"display: flex; justify-content: space-between; align-items: center; padding: 7px 10px; cursor: pointer; color: rgb(128, 132, 142); border-radius: 8px; transition: background-color 0.12s ease, color 0.12s ease; font-size: 14.5px; font-weight: 500; margin: 1px 8px 0px;"[31m
          [33mtabindex[31m=[32m"0"[31m
        [36m>[31m
          [36m<div[31m
            [33mstyle[31m=[32m"display: flex; align-items: center; flex: 1 1 0%; min-width: 0;"[31m
          [36m>[31m
            [36m<svg[31m
              [33mfill[31m=[32m"currentColor"[31m
              [33mheight[31m=[32m"1em"[31m
              [33mstroke[31m=[32m"currentColor"[31m
              [33mstroke-width[31m=[32m"0"[31m
              [33mstyle[31m=[32m"color: rgb(90, 95, 105); margin-right: 7px; font-size: 14px; flex-shrink: 0;"[31m
              [33mviewBox[31m=[32m"0 0 640 512"[31m
              [33mwidth[31m=[32m"1em"[31m
              [33mxmlns[31m=[32m"http://www.w3.org/2000/svg"[31m
            [36m>[31m
              [36m<path[31m
                [33md[31m=[32m"M32,224H64V416H32A31.96166,31.96166,0,0,1,0,384V256A31.96166,31.96166,0,0,1,32,224Zm512-48V448a64.06328,64.06328,0,0,1-64,64H160a64.06328,64.06328,0,0,1-64-64V176a79.974,79.974,0,0,1,80-80H288V32a32,32,0,0,1,64,0V96H464A79.974,79.974,0,0,1,544,176ZM264,256a40,40,0,1,0-40,40A39.997,39.997,0,0,0,264,256Zm-8,128H192v32h64Zm96,0H288v32h64ZM456,256a40,40,0,1,0-40,40A39.997,39.997,0,0,0,456,256Zm-8,128H384v32h64ZM640,256V384a31.96166,31.96166,0,0,1-32,32H576V224h32A31.96166,31.96166,0,0,1,640,256Z"[31m
              [36m/>[31m
            [36m</svg>[31m
            [36m<span[31m
              [33mstyle[31m=[32m"white-space: nowrap; overflow: hidden; text-overflow: ellipsis; flex: 1 1 0%;"[31m
            [36m>[31m
              [0mPawPaw AI[0m
            [36m</span>[31m
          [36m</div>[31m
        [36m</div>[31m
        [36m<div[31m
          [33maria-label[31m=[32m"Signal Bot channel"[31m
          [33mrole[31m=[32m"button"[31m
          [33mstyle[31m=[32m"display: flex; justify-content: space-between; align-items: center; padding: 7px 10px; cursor: pointer; color: rgb(128, 132, 142); border-radius: 8px; transition: background-color 0.12s ease, color 0.12s ease; font-size: 14.5px; font-weight: 500; margin: 1px 8px 0px;"[31m
          [33mtabindex[31m=[32m"0"[31m
        [36m>[31m
          [36m<div[31m
            [33mstyle[31m=[32m"display: flex; align-items: center; flex: 1 1 0%; min-width: 0;"[31m
          [36m>[31m
            [36m<svg[31m
              [33mfill[31m=[32m"currentColor"[31m
              [33mheight[31m=[32m"1em"[31m
              [33mstroke[31m=[32m"currentColor"[31m
              [33mstroke-width[31m=[32m"0"[31m
              [33mstyle[31m=[32m"color: rgb(90, 95, 105); margin-right: 7px; font-size: 14px; flex-shrink: 0;"[31m
              [33mviewBox[31m=[32m"0 0 512 512"[31m
              [33mwidth[31m=[32m"1em"[31m
              [33mxmlns[31m=[32m"http://www.w3.org/2000/svg"[31m
            [36m>[31m
              [36m<path[31m
                [33md[31m=[32m"M496 384H64V80c0-8.84-7.16-16-16-16H16C7.16 64 0 71.16 0 80v336c0 17.67 14.33 32 32 32h464c8.84 0 16-7.16 16-16v-32c0-8.84-7.16-16-16-16zM464 96H345.94c-21.38 0-32.09 25.85-16.97 40.97l32.4 32.4L288 242.75l-73.37-73.37c-12.5-12.5-32.76-12.5-45.25 0l-68.69 68.69c-6.25 6.25-6.25 16.38 0 22.63l22.62 22.62c6.25 6.25 16.38 6.25 22.63 0L192 237.25l73.37 73.37c12.5 12.5 32.76 12.5 45.25 0l96-96 32.4 32.4c15.12 15.12 40.97 4.41 40.97-16.97V112c.01-8.84-7.15-16-15.99-16z"[31m
              [36m/>[31m
            [36m</svg>[31m
            [36m<span[31m
              [33mstyle[31m=[32m"white-space: nowrap; overflow: hidden; text-overflow: ellipsis; flex: 1 1 0%;"[31m
            [36m>[31m
              [0mSinyal Bot[0m
            [36m</span>[31m
          [36m</div>[31m
        [36m</div>[31m
      [36m</div>[31m
      [36m<div[31m
        [33mstyle[31m=[32m"padding: 0px 8px; margin-top: 4px;"[31m
      [36m>[31m
        [36m<div[31m
          [33mstyle[31m=[32m"display: flex; justify-content: space-between; align-items: center; padding: 18px 4px 6px 8px; color: rgb(128, 132, 142); font-size: 10.5px; font-weight: 700; text-transform: uppercase; letter-spacing: 1px;"[31m
        [36m>[31m
          [36m<span>[31m
            [0mDO─₧RUDAN MESAJLAR[0m
          [36m</span>[31m
          [36m<button[31m
            [33maria-label[31m=[32m"Arkada┼ƒ ekle"[31m
            [33mstyle[31m=[32m"background: rgba(255, 255, 255, 0.06); border: 1px solid rgba(255, 255, 255, 0.07); color: rgb(181, 186, 193); cursor: pointer; font-size: 11.5px; font-weight: 600; padding: 3px 8px; border-radius: 6px; transition: background 0.15s ease, color 0.15s ease; display: flex; align-items: center; gap: 4px; flex-shrink: 0;"[31m
          [36m>[31m
            [36m<svg[31m
              [33mfill[31m=[32m"currentColor"[31m
              [33mheight[31m=[32m"1em"[31m
              [33mstroke[31m=[32m"currentColor"[31m
              [33mstroke-width[31m=[32m"0"[31m
              [33mviewBox[31m=[32m"0 0 640 512"[31m
              [33mwidth[31m=[32m"1em"[31m
              [33mxmlns[31m=[32m"http://www.w3.org/2000/svg"[31m
            [36m>[31m
              [36m<path[31m
                [33md[31m=[32m"M192 256c61.9 0 112-50.1 112-112S253.9 32 192 32 80 82.1 80 144s50.1 112 112 112zm76.8 32h-8.3c-20.8 10-43.9 16-68.5 16s-47.6-6-68.5-16h-8.3C51.6 288 0 339.6 0 403.2V432c0 26.5 21.5 48 48 48h288c26.5 0 48-21.5 48-48v-28.8c0-63.6-51.6-115.2-115.2-115.2zM480 256c53 0 96-43 96-96s-43-96-96-96-96 43-96 96 43 96 96 96zm48 32h-3.8c-13.9 4.8-28.6 8-44.2 8s-30.3-3.2-44.2-8H432c-20.4 0-39.2 5.9-55.7 15.4 24.4 26.3 39.7 61.2 39.7 99.8v38.4c0 2.2-.5 4.3-.6 6.4H592c26.5 0 48-21.5 48-48 0-61.9-50.1-112-112-112z"[31m
              [36m/>[31m
            [36m</svg>[31m
            [0m [0m
            [0mEkle[0m
          [36m</button>[31m
        [36m</div>[31m
        [36m<div[31m
          [33mrole[31m=[32m"button"[31m
          [33mstyle[31m=[32m"display: flex; align-items: center; min-width: 0; padding: 8px 10px; border-radius: 8px; cursor: pointer; color: rgb(128, 132, 142); margin-bottom: 1px; transition: background-color 0.12s ease, color 0.12s ease; font-size: 14.5px; font-weight: 500; background-color: transparent; position: relative;"[31m
          [33mtabindex[31m=[32m"0"[31m
        [36m>[31m
          [36m<div[31m
            [33mstyle[31m=[32m"position: relative; margin-right: 10px; flex-shrink: 0;"[31m
          [36m>[31m
            [36m<div[31m
              [33maria-label[31m=[32m"lazy image"[31m
              [33mclass[31m=[32m""[31m
              [33mstyle[31m=[32m"position: relative; overflow: hidden; width: 32px; height: 32px; border-radius: 50%; background-color: rgb(26, 28, 31); margin-right: 10px; flex-shrink: 0; box-shadow: 0 1px 6px rgba(0,0,0,0.35);"[31m
            [36m>[31m
              [36m<div[31m
                [33mstyle[31m=[32m"position: absolute; top: 0px; left: 0px; right: 0px; bottom: 0px; background-color: rgb(17, 18, 20); background-size: cover; filter: blur(10px); transform: scale(1.1); transition: opacity 0.3s ease-in-out; opacity: 1;"[31m
              [36m/>[31m
              [36m<img[31m
                [33malt[31m=[32m"FriendUser"[31m
                [33mloading[31m=[32m"lazy"[31m
                [33msrc[31m=[32m"data:image/svg+xml,%3Csvg xmlns=\"http://www.w3.org/2000/svg\" viewBox=\"0 0 100 100\"%3E%3Crect fill=\"%232b2d31\" width=\"100\" height=\"100\"/%3E%3C/svg%3E"[31m
                [33mstyle[31m=[32m"width: 100%; height: 100%; object-fit: cover; transition: opacity 0.3s ease-in-out; opacity: 0;"[31m
              [36m/>[31m
            [36m</div>[31m
            [36m<div[31m
              [33mstyle[31m=[32m"position: absolute; bottom: -2px; right: -2px; width: 12px; height: 12px; border-radius: 50%; background-color: rgb(128, 132, 142); border: 2px solid rgb(14, 18, 34);"[31m
            [36m/>[31m
          [36m</div>[31m
          [36m<div[31m
            [33mstyle[31m=[32m"flex: 1 1 0%; display: flex; flex-direction: column; min-width: 0; overflow: hidden; gap: 2px;"[31m
          [36m>[31m
            [36m<span[31m
              [33mstyle[31m=[32m"color: rgb(242, 243, 245); font-weight: 600; font-size: 13px; white-space: nowrap; overflow: hidden; text-overflow: ellipsis; line-height: 1.3;"[31m
            [36m>[31m
              [0mFriendUser[0m
            [36m</span>[31m
          [36m</div>[31m
        [36m</div>[31m
      [36m</div>[31m
    [36m</div>[31m
  [36m</div>[31m
[36m</body>[31m[39m
 [32mΓ£ô[39m src/__tests__/components/HomePanel.test.jsx[2m > [22mHomePanel[2m > [22mrenders DM conversation with other user name[32m 15[2mms[22m[39m
 [32mΓ£ô[39m src/__tests__/components/HomePanel.test.jsx[2m > [22mHomePanel[2m > [22mcalls onDMSelect when a DM item is clicked[32m 15[2mms[22m[39m
 [32mΓ£ô[39m src/__tests__/components/HomePanel.test.jsx[2m > [22mHomePanel[2m > [22msupports keyboard navigation on DM items[32m 13[2mms[22m[39m
 [32mΓ£ô[39m src/__tests__/components/HomePanel.test.jsx[2m > [22mHomePanel[2m > [22mshows pending friend request badge[32m 21[2mms[22m[39m
 [32mΓ£ô[39m src/__tests__/components/HomePanel.test.jsx[2m > [22mHomePanel[2m > [22mshows unread badge for DM[32m 12[2mms[22m[39m
[90mstderr[2m | src/__tests__/components/InviteModal.test.jsx[2m > [22m[2m
useInviteLogic[2m > [22m[2minitializes with empty invite link
[22m[39mreact-i18next:: useTranslation: You will need to pass in an i18next i
nstance by using initReactI18next { code: [32m'NO_I18NEXT_INSTANCE'[39m }

[90mstderr[2m | src/__tests__/components/InviteModal.test.jsx[2m > [22m[2m
useInviteLogic[2m > [22m[2minitializes with empty invite link
[22m[39mAn update to TestComponent inside a test was not wrapped in act(...).

When testing, code that causes React state updates should be wrapped into act(.
..):

act(() => {
  /* fire events that update state */
});
/* assert on the output */

This ensures that you're testing the behavior the user would see in the browser
. Learn more at https://react.dev/link/wrap-tests-with-act
An update to TestComponent inside a test was not wrapped in act(...).

When testing, code that causes React state updates should be wrapped into act(.
..):

act(() => {
  /* fire events that update state */
});
/* assert on the output */

This ensures that you're testing the behavior the user would see in the browser
. Learn more at https://react.dev/link/wrap-tests-with-act
An update to TestComponent inside a test was not wrapped in act(...).

When testing, code that causes React state updates should be wrapped into act(.
..):

act(() => {
  /* fire events that update state */
});
/* assert on the output */

This ensures that you're testing the behavior the user would see in the browser
. Learn more at https://react.dev/link/wrap-tests-with-act
An update to TestComponent inside a test was not wrapped in act(...).

When testing, code that causes React state updates should be wrapped into act(.
..):

act(() => {
  /* fire events that update state */
});
/* assert on the output */

This ensures that you're testing the behavior the user would see in the browser
. Learn more at https://react.dev/link/wrap-tests-with-act

[90mstderr[2m | src/__tests__/hooks/useFileUpload.test.js[2m > [22m[2museF
ileUpload[2m > [22m[2muploadFile[2m > [22m[2mshould show toast error on u
pload failure
[22m[39mΓ¥î [R2 Multipart] Error: Error: Network fail
    at C:/Users/Eastkhan/Software/JavaScript/PAWSCORD/frontend/src/__tests__/ho
oks/useFileUpload.test.js:130:53
    at [90mfile:///C:/Users/Eastkhan/Software/JavaScript/PAWSCORD/frontend/[3
9mnode_modules/[4m@vitest/runner[24m/dist/index.js:145:11
    at [90mfile:///C:/Users/Eastkhan/Software/JavaScript/PAWSCORD/frontend/[3
9mnode_modules/[4m@vitest/runner[24m/dist/index.js:915:26
    at [90mfile:///C:/Users/Eastkhan/Software/JavaScript/PAWSCORD/frontend/[3
9mnode_modules/[4m@vitest/runner[24m/dist/index.js:1243:20
    at new Promise (<anonymous>)
    at runWithTimeout [90m(file:///C:/Users/Eastkhan/Software/JavaScript/PAWSC
ORD/frontend/[39mnode_modules/[4m@vitest/runner[24m/dist/index.js:1209:10[9
0m)[39m
    at [90mfile:///C:/Users/Eastkhan/Software/JavaScript/PAWSCORD/frontend/[3
9mnode_modules/[4m@vitest/runner[24m/dist/index.js:1653:37
    at Traces.$ [90m(file:///C:/Users/Eastkhan/Software/JavaScript/PAWSCORD/fr
ontend/[39mnode_modules/[4mvitest[24m/dist/chunks/traces.CCmnQaNT.js:142:27
[90m)[39m
    at trace [90m(file:///C:/Users/Eastkhan/Software/JavaScript/PAWSCORD/front
end/[39mnode_modules/[4mvitest[24m/dist/chunks/test.B8ej_ZHS.js:239:21[90m)
[39m
    at runTest [90m(file:///C:/Users/Eastkhan/Software/JavaScript/PAWSCORD/fro
ntend/[39mnode_modules/[4m@vitest/runner[24m/dist/index.js:1653:12[90m)[39
m

[90mstdout[2m | src/__tests__/i18n/i18n.test.js[2m > [22m[2mi18n Configuration[2m > [22m[2mshould export SUPPORTED_LANGUAGES with 20 languages
[22m[39m≡ƒîÉ i18next is maintained with support from locize.com ΓÇö consider powering your project with managed localization (AI, CDN, integrations): https://locize.com ≡ƒÆÖ

 [32mΓ£ô[39m src/__tests__/hooks/useErrorRecovery.test.js[2m > [22museErrorRecovery[2m > [22mshould have correct initial state[32m 19[2mms[22m[39m
 [31m├ù[39m src/__tests__/components/HomePanel.test.jsx[2m > [22mHomePanel[2m > [22mshows Join Server button when no servers[32m 18[2mms[22m[39m
[31m   ΓåÆ Unable to find an element with the text: /join server/i. This could be because the text is broken up by multiple elements. In this case, you can provide a function for your text matcher to make your matcher more flexible.

Ignored nodes: comments, script, style
[36m<body>[31m
  [36m<div>[31m
    [36m<div[31m
      [33mstyle[31m=[32m"flex: 1 1 0%; overflow-y: auto; overflow-x: hidden; min-height: 0; padding-bottom: 8px;"[31m
    [36m>[31m
      [36m<div[31m
        [33mstyle[31m=[32m"padding: 0px 16px; height: 52px; font-size: 15px; font-weight: 700; color: rgb(242, 243, 245); border-bottom: 1px solid rgba(255, 255, 255, 0.05); margin-bottom: 8px; display: flex; align-items: center; background: rgba(255, 255, 255, 0.025);"[31m
      [36m>[31m
        [0mAna Sayfa[0m
      [36m</div>[31m
      [36m<div[31m
        [33mstyle[31m=[32m"padding: 0px 8px 8px;"[31m
      [36m>[31m
        [36m<button[31m
          [33maria-label[31m=[32m"Sunucu Ke┼ƒfet"[31m
          [33mstyle[31m=[32m"width: 100%; display: flex; align-items: center; justify-content: center; gap: 8px; padding: 10px 12px; border-radius: 10px; border: 1px solid rgba(88, 101, 242, 0.3); background: rgba(88, 101, 242, 0.15); color: rgb(215, 219, 255); cursor: pointer; font-size: 13px; font-weight: 600;"[31m
        [36m>[31m
          [36m<svg[31m
            [33mfill[31m=[32m"currentColor"[31m
            [33mheight[31m=[32m"16"[31m
            [33mstroke[31m=[32m"currentColor"[31m
            [33mstroke-width[31m=[32m"0"[31m
            [33mviewBox[31m=[32m"0 0 496 512"[31m
            [33mwidth[31m=[32m"16"[31m
            [33mxmlns[31m=[32m"http://www.w3.org/2000/svg"[31m
          [36m>[31m
            [36m<path[31m
              [33md[31m=[32m"M225.38 233.37c-12.5 12.5-12.5 32.76 0 45.25 12.49 12.5 32.76 12.5 45.25 0 12.5-12.5 12.5-32.76 0-45.25-12.5-12.49-32.76-12.49-45.25 0zM248 8C111.03 8 0 119.03 0 256s111.03 248 248 248 248-111.03 248-248S384.97 8 248 8zm126.14 148.05L308.17 300.4a31.938 31.938 0 0 1-15.77 15.77l-144.34 65.97c-16.65 7.61-33.81-9.55-26.2-26.2l65.98-144.35a31.938 31.938 0 0 1 15.77-15.77l144.34-65.97c16.65-7.6 33.8 9.55 26.19 26.2z"[31m
            [36m/>[31m
          [36m</svg>[31m
          [0mSunucu Ke┼ƒfet[0m
        [36m</button>[31m
      [36m</div>[31m
      [36m<div[31m
        [33mstyle[31m=[32m"padding: 0px 8px; display: flex; flex-direction: column; gap: 2px;"[31m
      [36m>[31m
        [36m<div[31m
          [33maria-label[31m=[32m"PawPaw AI channel"[31m
          [33mrole[31m=[32m"button"[31m
          [33mstyle[31m=[32m"display: flex; justify-content: space-between; align-items: center; padding: 7px 10px; cursor: pointer; color: rgb(128, 132, 142); border-radius: 8px; transition: background-color 0.12s ease, color 0.12s ease; font-size: 14.5px; font-weight: 500; margin: 1px 8px 0px;"[31m
          [33mtabindex[31m=[32m"0"[31m
        [36m>[31m
          [36m<div[31m
            [33mstyle[31m=[32m"display: flex; align-items: center; flex: 1 1 0%; min-width: 0;"[31m
          [36m>[31m
            [36m<svg[31m
              [33mfill[31m=[32m"currentColor"[31m
              [33mheight[31m=[32m"1em"[31m
              [33mstroke[31m=[32m"currentColor"[31m
              [33mstroke-width[31m=[32m"0"[31m
              [33mstyle[31m=[32m"color: rgb(90, 95, 105); margin-right: 7px; font-size: 14px; flex-shrink: 0;"[31m
              [33mviewBox[31m=[32m"0 0 640 512"[31m
              [33mwidth[31m=[32m"1em"[31m
              [33mxmlns[31m=[32m"http://www.w3.org/2000/svg"[31m
            [36m>[31m
              [36m<path[31m
                [33md[31m=[32m"M32,224H64V416H32A31.96166,31.96166,0,0,1,0,384V256A31.96166,31.96166,0,0,1,32,224Zm512-48V448a64.06328,64.06328,0,0,1-64,64H160a64.06328,64.06328,0,0,1-64-64V176a79.974,79.974,0,0,1,80-80H288V32a32,32,0,0,1,64,0V96H464A79.974,79.974,0,0,1,544,176ZM264,256a40,40,0,1,0-40,40A39.997,39.997,0,0,0,264,256Zm-8,128H192v32h64Zm96,0H288v32h64ZM456,256a40,40,0,1,0-40,40A39.997,39.997,0,0,0,456,256Zm-8,128H384v32h64ZM640,256V384a31.96166,31.96166,0,0,1-32,32H576V224h32A31.96166,31.96166,0,0,1,640,256Z"[31m
              [36m/>[31m
            [36m</svg>[31m
            [36m<span[31m
              [33mstyle[31m=[32m"white-space: nowrap; overflow: hidden; text-overflow: ellipsis; flex: 1 1 0%;"[31m
            [36m>[31m
              [0mPawPaw AI[0m
            [36m</span>[31m
          [36m</div>[31m
        [36m</div>[31m
        [36m<div[31m
          [33maria-label[31m=[32m"Signal Bot channel"[31m
          [33mrole[31m=[32m"button"[31m
          [33mstyle[31m=[32m"display: flex; justify-content: space-between; align-items: center; padding: 7px 10px; cursor: pointer; color: rgb(128, 132, 142); border-radius: 8px; transition: background-color 0.12s ease, color 0.12s ease; font-size: 14.5px; font-weight: 500; margin: 1px 8px 0px;"[31m
          [33mtabindex[31m=[32m"0"[31m
        [36m>[31m
          [36m<div[31m
            [33mstyle[31m=[32m"display: flex; align-items: center; flex: 1 1 0%; min-width: 0;"[31m
          [36m>[31m
            [36m<svg[31m
              [33mfill[31m=[32m"currentColor"[31m
              [33mheight[31m=[32m"1em"[31m
              [33mstroke[31m=[32m"currentColor"[31m
              [33mstroke-width[31m=[32m"0"[31m
              [33mstyle[31m=[32m"color: rgb(90, 95, 105); margin-right: 7px; font-size: 14px; flex-shrink: 0;"[31m
              [33mviewBox[31m=[32m"0 0 512 512"[31m
              [33mwidth[31m=[32m"1em"[31m
              [33mxmlns[31m=[32m"http://www.w3.org/2000/svg"[31m
            [36m>[31m
              [36m<path[31m
                [33md[31m=[32m"M496 384H64V80c0-8.84-7.16-16-16-16H16C7.16 64 0 71.16 0 80v336c0 17.67 14.33 32 32 32h464c8.84 0 16-7.16 16-16v-32c0-8.84-7.16-16-16-16zM464 96H345.94c-21.38 0-32.09 25.85-16.97 40.97l32.4 32.4L288 242.75l-73.37-73.37c-12.5-12.5-32.76-12.5-45.25 0l-68.69 68.69c-6.25 6.25-6.25 16.38 0 22.63l22.62 22.62c6.25 6.25 16.38 6.25 22.63 0L192 237.25l73.37 73.37c12.5 12.5 32.76 12.5 45.25 0l96-96 32.4 32.4c15.12 15.12 40.97 4.41 40.97-16.97V112c.01-8.84-7.15-16-15.99-16z"[31m
              [36m/>[31m
            [36m</svg>[31m
            [36m<span[31m
              [33mstyle[31m=[32m"white-space: nowrap; overflow: hidden; text-overflow: ellipsis; flex: 1 1 0%;"[31m
            [36m>[31m
              [0mSinyal Bot[0m
            [36m</span>[31m
          [36m</div>[31m
        [36m</div>[31m
      [36m</div>[31m
      [36m<div[31m
        [33mstyle[31m=[32m"padding: 0px 8px; margin-top: 4px;"[31m
      [36m>[31m
        [36m<div[31m
          [33mstyle[31m=[32m"display: flex; justify-content: space-between; align-items: center; padding: 18px 4px 6px 8px; color: rgb(128, 132, 142); font-size: 10.5px; font-weight: 700; text-transform: uppercase; letter-spacing: 1px;"[31m
        [36m>[31m
          [36m<span>[31m
            [0mDO─₧RUDAN MESAJLAR[0m
          [36m</span>[31m
          [36m<button[31m
            [33maria-l...[39m
 [32mΓ£ô[39m src/__tests__/components/HomePanel.test.jsx[2m > [22mHomePanel[2m > [22mhides Join Server button when servers exist[32m 13[2mms[22m[39m
[90mstderr[2m | src/__tests__/hooks/useFileUpload.test.js[2m > [22m[2museF
ileUpload[2m > [22m[2mVoice recording[2m > [22m[2mshould show warning toa
st on mic permission denied
[22m[39mError starting voice recording: DOMException {}

[90mstderr[2m | src/__tests__/hooks/useFileUpload.test.js[2m > [22m[2museF
ileUpload[2m > [22m[2mVoice recording[2m > [22m[2mshould show warning toa
st when mic not found
[22m[39mError starting voice recording: DOMException {}

 [32mΓ£ô[39m src/__tests__/hooks/useFileUpload.test.js[2m > [22museFileUpload[2m > [22mInitial state[2m > [22mshould start with isDragging false[32m 23[2mms[22m[39m
 [32mΓ£ô[39m src/__tests__/hooks/useFileUpload.test.js[2m > [22museFileUpload[2m > [22mInitial state[2m > [22mshould start with isUploading false[32m 2[2mms[22m[39m
 [32mΓ£ô[39m src/__tests__/hooks/useFileUpload.test.js[2m > [22museFileUpload[2m > [22mInitial state[2m > [22mshould start with uploadProgress 0[32m 2[2mms[22m[39m
 [32mΓ£ô[39m src/__tests__/hooks/useFileUpload.test.js[2m > [22museFileUpload[2m > [22mInitial state[2m > [22mshould start with empty pendingFilesFromDrop[32m 2[2mms[22m[39m
 [32mΓ£ô[39m src/__tests__/hooks/useFileUpload.test.js[2m > [22museFileUpload[2m > [22mInitial state[2m > [22mshould start with isRecordingVoice false[32m 2[2mms[22m[39m
 [32mΓ£ô[39m src/__tests__/hooks/useFileUpload.test.js[2m > [22museFileUpload[2m > [22muploadFile[2m > [22mshould handle file_exists (dedup) response[32m 8[2mms[22m[39m
 [32mΓ£ô[39m src/__tests__/hooks/useFileUpload.test.js[2m > [22museFileUpload[2m > [22muploadFile[2m > [22mshould process full multipart upload cycle[32m 4[2mms[22m[39m
 [32mΓ£ô[39m src/__tests__/hooks/useFileUpload.test.js[2m > [22museFileUpload[2m > [22muploadFile[2m > [22mshould show toast error on upload failure[32m 8[2mms[22m[39m
 [32mΓ£ô[39m src/__tests__/hooks/useFileUpload.test.js[2m > [22museFileUpload[2m > [22muploadFile[2m > [22mshould include room_slug for room type chat[32m 4[2mms[22m[39m
 [32mΓ£ô[39m src/__tests__/hooks/useFileUpload.test.js[2m > [22museFileUpload[2m > [22mDrag & Drop[2m > [22mhandleChatDragEnter sets isDragging to true[32m 7[2mms[22m[39m
 [32mΓ£ô[39m src/__tests__/hooks/useFileUpload.test.js[2m > [22museFileUpload[2m > [22mDrag & Drop[2m > [22mhandleChatDragLeave decrements counter and clears isDragging when zero[32m 2[2mms[22m[39m
 [32mΓ£ô[39m src/__tests__/hooks/useFileUpload.test.js[2m > [22museFileUpload[2m > [22mDrag & Drop[2m > [22mhandleChatDragLeave still dragging with nested elements[32m 3[2mms[22m[39m
 [32mΓ£ô[39m src/__tests__/hooks/useFileUpload.test.js[2m > [22museFileUpload[2m > [22mDrag & Drop[2m > [22mhandleChatDrop sets pending files and resets drag[32m 4[2mms[22m[39m
 [32mΓ£ô[39m src/__tests__/hooks/useFileUpload.test.js[2m > [22museFileUpload[2m > [22mVoice recording[2m > [22mstartVoiceRecording should set isRecordingVoice to true[32m 3[2mms[22m[39m
 [32mΓ£ô[39m src/__tests__/hooks/useFileUpload.test.js[2m > [22museFileUpload[2m > [22mVoice recording[2m > [22mstopVoiceRecording should set isRecordingVoice to false[32m 2[2mms[22m[39m
 [31m├ù[39m src/__tests__/hooks/useFileUpload.test.js[2m > [22museFileUpload[2m > [22mVoice recording[2m > [22mshould show warning toast on mic permission denied[32m 6[2mms[22m[39m
[31m   ΓåÆ expected "vi.fn()" to be called with arguments: [ 'Mikrofon eri┼ƒimi rejected!' ][90m

Received: 

[1m  1st vi.fn() call:

[22m[2m  [[22m
[32m-   "Mikrofon eri┼ƒimi rejected!",[90m
[31m+   "chat.micDenied",[90m
[2m  ][22m
[31m[90m

Number of calls: [1m1[22m
[31m[39m
 [31m├ù[39m src/__tests__/hooks/useFileUpload.test.js[2m > [22museFileUpload[2m > [22mVoice recording[2m > [22mshould show warning toast when mic not found[32m 2[2mms[22m[39m
[31m   ΓåÆ expected "vi.fn()" to be called with arguments: [ 'Mikrofon not found!' ][90m

Received: 

[1m  1st vi.fn() call:

[22m[2m  [[22m
[32m-   "Mikrofon not found!",[90m
[31m+   "chat.micNotFound",[90m
[2m  ][22m
[31m[90m

Number of calls: [1m1[22m
[31m[39m
 [32mΓ£ô[39m src/__tests__/hooks/useFileUpload.test.js[2m > [22museFileUpload[2m > [22mReturn values[2m > [22mshould expose all expected methods and state[32m 2[2mms[22m[39m
 [32mΓ£ô[39m src/__tests__/components/Message.test.jsx[2m > [22mMessage Component[2m > [22mInteractions[2m > [22mshould hide actions on mouse leave[32m 17[2mms[22m[39m
 [32mΓ£ô[39m src/__tests__/components/Message.test.jsx[2m > [22mMessage Component[2m > [22mInteractions[2m > [22mshould call onReact when clicking reaction[32m 6[2mms[22m[39m
 [32mΓ£ô[39m src/__tests__/components/Message.test.jsx[2m > [22mMessage Component[2m > [22mInteractions[2m > [22mshould call onReply when clicking reply action[32m 8[2mms[22m[39m
 [32mΓ£ô[39m src/__tests__/components/Message.test.jsx[2m > [22mMessage Component[2m > [22mInteractions[2m > [22mshould call onEdit when clicking edit action for own message[32m 19[2mms[22m[39m
 [32mΓ£ô[39m src/__tests__/components/Message.test.jsx[2m > [22mMessage Component[2m > [22mInteractions[2m > [22mshould call onDelete when clicking delete action[32m 11[2mms[22m[39m
 [32mΓ£ô[39m src/__tests__/components/Message.test.jsx[2m > [22mMessage Component[2m > [22mInteractions[2m > [22mshould not show edit/delete for other users messages[32m 15[2mms[22m[39m
 [32mΓ£ô[39m src/__tests__/components/Message.test.jsx[2m > [22mMessage Component[2m > [22mContext Menu[2m > [22mshould show context menu on right click[32m 29[2mms[22m[39m
 [32mΓ£ô[39m src/__tests__/components/Message.test.jsx[2m > [22mMessage Component[2m > [22mEdge Cases[2m > [22mshould handle message with no reactions[32m 3[2mms[22m[39m
 [32mΓ£ô[39m src/__tests__/components/Message.test.jsx[2m > [22mMessage Component[2m > [22mEdge Cases[2m > [22mshould handle message with long content[32m 3[2mms[22m[39m
 [32mΓ£ô[39m src/__tests__/components/Message.test.jsx[2m > [22mMessage Component[2m > [22mEdge Cases[2m > [22mshould handle message with special characters[32m 3[2mms[22m[39m
 [32mΓ£ô[39m src/__tests__/components/criticalComponents.test.jsx[2m > [22mLoadingSpinner[2m > [22mrenders without crashing[32m 133[2mms[22m[39m
 [32mΓ£ô[39m src/__tests__/components/InviteModal.test.jsx[2m > [22museInviteLogic[2m > [22minitializes with empty invite link[32m 22[2mms[22m[39m
 [32mΓ£ô[39m src/__tests__/i18n/i18n.test.js[2m > [22mi18n Configuration[2m > [22mshould export SUPPORTED_LANGUAGES with 20 languages[32m 145[2mms[22m[39m
 [32mΓ£ô[39m src/__tests__/i18n/i18n.test.js[2m > [22mi18n Configuration[2m > [22mshould have English as fallback language[32m 1[2mms[22m[39m
 [32mΓ£ô[39m src/__tests__/i18n/i18n.test.js[2m > [22mi18n Configuration[2m > [22mshould include all expected language codes[32m 1[2mms[22m[39m
 [32mΓ£ô[39m src/__tests__/i18n/i18n.test.js[2m > [22mi18n Configuration[2m > [22mshould mark Arabic as RTL[32m 0[2mms[22m[39m
 [32mΓ£ô[39m src/__tests__/i18n/i18n.test.js[2m > [22mi18n Configuration[2m > [22mshould have flags for all languages[32m 1[2mms[22m[39m
 [32mΓ£ô[39m src/__tests__/i18n/i18n.test.js[2m > [22mi18n Configuration[2m > [22mgetLanguageName should return display name with flag[32m 0[2mms[22m[39m
 [32mΓ£ô[39m src/__tests__/i18n/i18n.test.js[2m > [22mi18n Configuration[2m > [22mgetLanguageName should return code for unknown language[32m 0[2mms[22m[39m
 [32mΓ£ô[39m src/__tests__/i18n/i18n.test.js[2m > [22mi18n Configuration[2m > [22mdetection should check localStorage then navigator[32m 0[2mms[22m[39m
[90mstderr[2m | src/__tests__/components/CryptoDashboard.test.jsx[2m > [22m
[2mCryptoDashboard Orchestrator[2m > [22m[2mshould render dashboard header 
with title
[22m[39mreact-i18next:: useTranslation: You will need to pass in an i18next i
nstance by using initReactI18next { code: [32m'NO_I18NEXT_INSTANCE'[39m }
ΓÜá∩╕Å React Router Future Flag Warning: React Router will begin wrapping state
 updates in `React.startTransition` in v7. You can use the `v7_startTransition`
 future flag to opt-in early. For more information, see https://reactrouter.com
/v6/upgrading/future#v7_starttransition.
ΓÜá∩╕Å React Router Future Flag Warning: Relative route resolution within Splat
 routes is changing in v7. You can use the `v7_relativeSplatPath` future flag t
o opt-in early. For more information, see https://reactrouter.com/v6/upgrading/
future#v7_relativesplatpath.

[90mstderr[2m | src/__tests__/components/PremiumModal.test.jsx[2m > [22m[2
mPremiumModal rendering[2m > [22m[2mreturns null when not open
[22m[39mreact-i18next:: useTranslation: You will need to pass in an i18next i
nstance by using initReactI18next { code: [32m'NO_I18NEXT_INSTANCE'[39m }

[90mstderr[2m | src/__tests__/components/VoiceControlBar.test.jsx[2m > [22m
[2mVoiceControlBar[2m > [22m[2mreturns null when not in voice and not conne
cting
[22m[39mreact-i18next:: useTranslation: You will need to pass in an i18next i
nstance by using initReactI18next { code: [32m'NO_I18NEXT_INSTANCE'[39m }

 [32mΓ£ô[39m src/__tests__/hooks/useErrorRecovery.test.js[2m > [22museErrorRecovery[2m > [22mshould return data on successful fetch[32m 119[2mms[22m[39m
 [32mΓ£ô[39m src/__tests__/components/ServerDiscovery.test.jsx[2m > [22mServer list rendering[2m > [22mrenders all servers[32m 38[2mms[22m[39m
 [32mΓ£ô[39m src/__tests__/components/ServerDiscovery.test.jsx[2m > [22mServer list rendering[2m > [22mdisplays server name[32m 17[2mms[22m[39m
 [32mΓ£ô[39m src/__tests__/components/ServerDiscovery.test.jsx[2m > [22mServer list rendering[2m > [22mdisplays member count[32m 7[2mms[22m[39m
 [32mΓ£ô[39m src/__tests__/components/ServerDiscovery.test.jsx[2m > [22mServer list rendering[2m > [22mshows empty state when no servers[32m 5[2mms[22m[39m
 [32mΓ£ô[39m src/__tests__/components/InviteModal.test.jsx[2m > [22museInviteLogic[2m > [22mfetches invite link on mount[32m 80[2mms[22m[39m
 [32mΓ£ô[39m src/__tests__/components/InviteModal.test.jsx[2m > [22museInviteLogic[2m > [22mfetches friends list on mount[32m 74[2mms[22m[39m
 [32mΓ£ô[39m src/__tests__/components/UserFooter.test.jsx[2m > [22mUserFooter[2m > [22mrenders username and avatar[32m 59[2mms[22m[39m
 [32mΓ£ô[39m src/__tests__/components/VoiceControlBar.test.jsx[2m > [22mVoiceControlBar[2m > [22mreturns null when not in voice and not connecting[32m 20[2mms[22m[39m
 [32mΓ£ô[39m src/__tests__/components/MessageInput.advanced.test.jsx[2m > [22mEmoji insertion[2m > [22mopens emoji picker on button click[32m 223[2mms[22m[39m
 [32mΓ£ô[39m src/__tests__/hooks/useErrorRecovery.test.js[2m > [22museErrorRecovery[2m > [22mshould set error on failed fetch[32m 120[2mms[22m[39m
 [32mΓ£ô[39m src/__tests__/hooks/useErrorRecovery.test.js[2m > [22museErrorRecovery[2m > [22mshould expose retry function[32m 2[2mms[22m[39m
 [32mΓ£ô[39m src/__tests__/hooks/useErrorRecovery.test.js[2m > [22museErrorRecovery[2m > [22mshould expose reset function[32m 3[2mms[22m[39m
 [32mΓ£ô[39m src/__tests__/hooks/useErrorRecovery.test.js[2m > [22museErrorRecovery[2m > [22mretry and reset should be callable functions[32m 3[2mms[22m[39m
 [32mΓ£ô[39m src/__tests__/hooks/useErrorRecovery.test.js[2m > [22museErrorRecovery[2m > [22mshould not auto-fetch when immediate is false[32m 3[2mms[22m[39m
 [32mΓ£ô[39m src/__tests__/a11y/componentA11y.test.jsx[2m > [22mTab panel accessibility[2m > [22mhas no critical a11y violations[32m 219[2mms[22m[39m
 [32mΓ£ô[39m src/__tests__/a11y/componentA11y.test.jsx[2m > [22mTab panel accessibility[2m > [22mtabs have role="tab"[32m 29[2mms[22m[39m
 [32mΓ£ô[39m src/__tests__/a11y/componentA11y.test.jsx[2m > [22mTab panel accessibility[2m > [22monly active tab has aria-selected=true[32m 25[2mms[22m[39m
 [31m├ù[39m src/__tests__/components/UserFooter.test.jsx[2m > [22mUserFooter[2m > [22mcalls onProfileClick when user panel is clicked[32m 243[2mms[22m[39m
[31m   ΓåÆ Unable to find an accessible element with the role "button" and name `/TestUser/i`

Here are the accessible roles:

  button:

  Name "Open profile panel":
  [36m<div[31m
    [33maria-label[31m=[32m"Open profile panel"[31m
    [33mdata-testid[31m=[32m"profile-panel-trigger"[31m
    [33mrole[31m=[32m"button"[31m
    [33mstyle[31m=[32m"display: flex; align-items: center; width: 100%; box-sizing: border-box; padding: 7px 10px; border-radius: 8px; cursor: pointer; background-color: transparent; transition: background-color 0.15s ease; gap: 8px;"[31m
    [33mtabindex[31m=[32m"0"[31m
  [36m/>[31m

  Name "Settings":
  [36m<button[31m
    [33maria-label[31m=[32m"Settings"[31m
    [33mstyle[31m=[32m"background: none; border: medium; color: rgb(181, 186, 193); cursor: pointer; padding: 5px; display: flex; align-items: center; justify-content: center; flex-shrink: 0; border-radius: 6px; transition: color 0.15s ease, transform 0.2s ease;"[31m
  [36m/>[31m

  --------------------------------------------------
  img:

  Name "TestUser":
  [36m<img[31m
    [33malt[31m=[32m"TestUser"[31m
    [33msrc[31m=[32m"https://www.pawscord.com/default/TestUser.svg"[31m
    [33mstyle[31m=[32m"width: 32px; height: 32px; border-radius: 50%; object-fit: cover; background-color: rgb(26, 28, 31); flex-shrink: 0; box-shadow: 0 0 0 2px rgba(88,101,242,0.25), 0 2px 8px rgba(0,0,0,0.4);"[31m
  [36m/>[31m

  --------------------------------------------------

Ignored nodes: comments, script, style
[36m<body>[31m
  [36m<div>[31m
    [36m<div[31m
      [33mstyle[31m=[32m"width: 100%;"[31m
    [36m>[31m
      [36m<div[31m
        [33maria-label[31m=[32m"Open profile panel"[31m
        [33mdata-testid[31m=[32m"profile-panel-trigger"[31m
        [33mrole[31m=[32m"button"[31m
        [33mstyle[31m=[32m"display: flex; align-items: center; width: 100%; box-sizing: border-box; padding: 7px 10px; border-radius: 8px; cursor: pointer; background-color: transparent; transition: background-color 0.15s ease; gap: 8px;"[31m
        [33mtabindex[31m=[32m"0"[31m
      [36m>[31m
        [36m<div[31m
          [33mclass[31m=[32m"pos-relative"[31m
        [36m>[31m
          [36m<img[31m
            [33malt[31m=[32m"TestUser"[31m
            [33msrc[31m=[32m"https://www.pawscord.com/default/TestUser.svg"[31m
            [33mstyle[31m=[32m"width: 32px; height: 32px; border-radius: 50%; object-fit: cover; background-color: rgb(26, 28, 31); flex-shrink: 0; box-shadow: 0 0 0 2px rgba(88,101,242,0.25), 0 2px 8px rgba(0,0,0,0.4);"[31m
          [36m/>[31m
          [36m<div[31m
            [33mstyle[31m=[32m"position: absolute; bottom: 2px; right: 8px; width: 10px; height: 10px; background-color: rgb(35, 165, 89); border-radius: 50%; border: 2px solid rgb(11, 14, 27); box-shadow: 0 0 6px rgba(35,165,89,0.5);"[31m
          [36m/>[31m
        [36m</div>[31m
        [36m<div[31m
          [33mstyle[31m=[32m"flex: 1 1 0%; display: flex; flex-direction: column; min-width: 0; overflow: hidden;"[31m
        [36m>[31m
          [36m<div[31m
            [33mstyle[31m=[32m"display: flex; align-items: center; gap: 6px; min-width: 0;"[31m
          [36m>[31m
            [36m<span[31m
              [33mstyle[31m=[32m"color: rgb(242, 243, 245); font-weight: 600; font-size: 13px; white-space: nowrap; overflow: hidden; text-overflow: ellipsis; line-height: 1.3; flex: 1 1 auto;"[31m
            [36m>[31m
              [0mTestUser[0m
            [36m</span>[31m
          [36m</div>[31m
          [36m<span[31m
            [33mstyle[31m=[32m"color: rgb(128, 132, 142); font-size: 11px; white-space: nowrap; overflow: hidden; text-overflow: ellipsis; line-height: 1.3;"[31m
          [36m>[31m
            [0m#0000[0m
          [36m</span>[31m
        [36m</div>[31m
        [36m<button[31m
          [33maria-label[31m=[32m"Settings"[31m
          [33mstyle[31m=[32m"background: none; border: medium; color: rgb(181, 186, 193); cursor: pointer; padding: 5px; display: flex; align-items: center; justify-content: center; flex-shrink: 0; border-radius: 6px; transition: color 0.15s ease, transform 0.2s ease;"[31m
        [36m>[31m
          [36m<svg[31m
            [33mfill[31m=[32m"currentColor"[31m
            [33mheight[31m=[32m"1em"[31m
            [33mstroke[31m=[32m"currentColor"[31m
            [33mstroke-width[31m=[32m"0"[31m
            [33mviewBox[31m=[32m"0 0 512 512"[31m
            [33mwidth[31m=[32m"1em"[31m
            [33mxmlns[31m=[32m"http://www.w3.org/2000/svg"[31m
          [36m>[31m
            [36m<path[31m
              [33md[31m=[32m"M487.4 315.7l-42.6-24.6c4.3-23.2 4.3-47 0-70.2l42.6-24.6c4.9-2.8 7.1-8.6 5.5-14-11.1-35.6-30-67.8-54.7-94.6-3.8-4.1-10-5.1-14.8-2.3L380.8 110c-17.9-15.4-38.5-27.3-60.8-35.1V25.8c0-5.6-3.9-10.5-9.4-11.7-36.7-8.2-74.3-7.8-109.2 0-5.5 1.2-9.4 6.1-9.4 11.7V75c-22.2 7.9-42.8 19.8-60.8 35.1L88.7 85.5c-4.9-2.8-11-1.9-14.8 2.3-24.7 26.7-43.6 58.9-54.7 94.6-1.7 5.4.6 11.2 5.5 14L67.3 221c-4.3 23.2-4.3 47 0 70.2l-42.6 24.6c-4.9 2.8-7.1 8.6-5.5 14 11.1 35.6 30 67.8 54.7 94.6 3.8 4.1 10 5.1 14.8 2.3l42.6-24.6c17.9 15.4 38.5 27.3 60.8 35.1v49.2c0 5.6 3.9 10.5 9.4 11.7 36.7 8.2 74.3 7.8 109.2 0 5.5-1.2 9.4-6.1 9.4-11.7v-49.2c22.2-7.9 42.8-19.8 60.8-35.1l42.6 24.6c4.9 2.8 11 1.9 14.8-2.3 24.7-26.7 43.6-58.9 54.7-94.6 1.5-5.5-.7-11.3-5.6-14.1zM256 336c-44.1 0-80-35.9-80-80s35.9-80 80-80 80 35.9 80 80-35.9 80-80 80z"[31m
            [36m/>[31m
          [36m</svg>[31m
        [36m</button>[31m
      [36m</div>[31m
    [36m</div>[31m
  [36m</div>[31m
[36m</body>[31m[39m
 [32mΓ£ô[39m src/__tests__/components/UserFooter.test.jsx[2m > [22mUserFooter[2m > [22msupports keyboard navigation on user panel[32m 29[2mms[22m[39m
 [31m├ù[39m src/__tests__/components/UserFooter.test.jsx[2m > [22mUserFooter[2m > [22mshows update banner when updateAvailable is true[32m 11[2mms[22m[39m
[31m   ΓåÆ Unable to find an element with the text: Update Available!. This could be because the text is broken up by multiple elements. In this case, you can provide a function for your text matcher to make your matcher more flexible.

Ignored nodes: comments, script, style
[36m<body>[31m
  [36m<div>[31m
    [36m<div[31m
      [33mstyle[31m=[32m"width: 100%;"[31m
    [36m>[31m
      [36m<div[31m
        [33mrole[31m=[32m"button"[31m
        [33mstyle[31m=[32m"width: 100%; padding: 10px; background-color: rgb(88, 101, 242); color: white; text-align: center; border-radius: 8px; margin-bottom: 10px; cursor: pointer; font-weight: bold; font-size: 0.9em; display: flex; align-items: center; justify-content: center; gap: 8px; box-shadow: 0 4px 12px rgba(88, 101, 242, 0.4); animation: pulse 2s infinite;"[31m
        [33mtabindex[31m=[32m"0"[31m
      [36m>[31m
        [36m<svg[31m
          [33mfill[31m=[32m"currentColor"[31m
          [33mheight[31m=[32m"1em"[31m
          [33mstroke[31m=[32m"currentColor"[31m
          [33mstroke-width[31m=[32m"0"[31m
          [33mviewBox[31m=[32m"0 0 512 512"[31m
          [33mwidth[31m=[32m"1em"[31m
          [33mxmlns[31m=[32m"http://www.w3.org/2000/svg"[31m
        [36m>[31m
          [36m<path[31m
            [33md[31m=[32m"M216 0h80c13.3 0 24 10.7 24 24v168h87.7c17.8 0 26.7 21.5 14.1 34.1L269.7 378.3c-7.5 7.5-19.8 7.5-27.3 0L90.1 226.1c-12.6-12.6-3.7-34.1 14.1-34.1H192V24c0-13.3 10.7-24 24-24zm296 376v112c0 13.3-10.7 24-24 24H24c-13.3 0-24-10.7-24-24V376c0-13.3 10.7-24 24-24h146.7l49 49c20.1 20.1 52.5 20.1 72.6 0l49-49H488c13.3 0 24 10.7 24 24zm-124 88c0-11-9-20-20-20s-20 9-20 20 9 20 20 20 20-9 20-20zm64 0c0-11-9-20-20-20s-20 9-20 20 9 20 20 20 20-9 20-20z"[31m
          [36m/>[31m
        [36m</svg>[31m
        [36m<span>[31m
          [0mui.updateAvailable[0m
        [36m</span>[31m
      [36m</div>[31m
      [36m<div[31m
        [33maria-label[31m=[32m"Open profile panel"[31m
        [33mdata-testid[31m=[32m"profile-panel-trigger"[31m
        [33mrole[31m=[32m"button"[31m
        [33mstyle[31m=[32m"display: flex; align-items: center; width: 100%; box-sizing: border-box; padding: 7px 10px; border-radius: 8px; cursor: pointer; background-color: transparent; transition: background-color 0.15s ease; gap: 8px;"[31m
        [33mtabindex[31m=[32m"0"[31m
      [36m>[31m
        [36m<div[31m
          [33mclass[31m=[32m"pos-relative"[31m
        [36m>[31m
          [36m<img[31m
            [33malt[31m=[32m"TestUser"[31m
            [33msrc[31m=[32m"https://www.pawscord.com/default/TestUser.svg"[31m
            [33mstyle[31m=[32m"width: 32px; height: 32px; border-radius: 50%; object-fit: cover; background-color: rgb(26, 28, 31); flex-shrink: 0; box-shadow: 0 0 0 2px rgba(88,101,242,0.25), 0 2px 8px rgba(0,0,0,0.4);"[31m
          [36m/>[31m
          [36m<div[31m
            [33mstyle[31m=[32m"position: absolute; bottom: 2px; right: 8px; width: 10px; height: 10px; background-color: rgb(35, 165, 89); border-radius: 50%; border: 2px solid rgb(11, 14, 27); box-shadow: 0 0 6px rgba(35,165,89,0.5);"[31m
          [36m/>[31m
        [36m</div>[31m
        [36m<div[31m
          [33mstyle[31m=[32m"flex: 1 1 0%; display: flex; flex-direction: column; min-width: 0; overflow: hidden;"[31m
        [36m>[31m
          [36m<div[31m
            [33mstyle[31m=[32m"display: flex; align-items: center; gap: 6px; min-width: 0;"[31m
          [36m>[31m
            [36m<span[31m
              [33mstyle[31m=[32m"color: rgb(242, 243, 245); font-weight: 600; font-size: 13px; white-space: nowrap; overflow: hidden; text-overflow: ellipsis; line-height: 1.3; flex: 1 1 auto;"[31m
            [36m>[31m
              [0mTestUser[0m
            [36m</span>[31m
          [36m</div>[31m
          [36m<span[31m
            [33mstyle[31m=[32m"color: rgb(128, 132, 142); font-size: 11px; white-space: nowrap; overflow: hidden; text-overflow: ellipsis; line-height: 1.3;"[31m
          [36m>[31m
            [0m#0000[0m
          [36m</span>[31m
        [36m</div>[31m
        [36m<button[31m
          [33maria-label[31m=[32m"Settings"[31m
          [33mstyle[31m=[32m"background: none; border: medium; color: rgb(181, 186, 193); cursor: pointer; padding: 5px; display: flex; align-items: center; justify-content: center; flex-shrink: 0; border-radius: 6px; transition: color 0.15s ease, transform 0.2s ease;"[31m
        [36m>[31m
          [36m<svg[31m
            [33mfill[31m=[32m"currentColor"[31m
            [33mheight[31m=[32m"1em"[31m
            [33mstroke[31m=[32m"currentColor"[31m
            [33mstroke-width[31m=[32m"0"[31m
            [33mviewBox[31m=[32m"0 0 512 512"[31m
            [33mwidth[31m=[32m"1em"[31m
            [33mxmlns[31m=[32m"http://www.w3.org/2000/svg"[31m
          [36m>[31m
            [36m<path[31m
              [33md[31m=[32m"M487.4 315.7l-42.6-24.6c4.3-23.2 4.3-47 0-70.2l42.6-24.6c4.9-2.8 7.1-8.6 5.5-14-11.1-35.6-30-67.8-54.7-94.6-3.8-4.1-10-5.1-14.8-2.3L380.8 110c-17.9-15.4-38.5-27.3-60.8-35.1V25.8c0-5.6-3.9-10.5-9.4-11.7-36.7-8.2-74.3-7.8-109.2 0-5.5 1.2-9.4 6.1-9.4 11.7V75c-22.2 7.9-42.8 19.8-60.8 35.1L88.7 85.5c-4.9-2.8-11-1.9-14.8 2.3-24.7 26.7-43.6 58.9-54.7 94.6-1.7 5.4.6 11.2 5.5 14L67.3 221c-4.3 23.2-4.3 47 0 70.2l-42.6 24.6c-4.9 2.8-7.1 8.6-5.5 14 11.1 35.6 30 67.8 54.7 94.6 3.8 4.1 10 5.1 14.8 2.3l42.6-24.6c17.9 15.4 38.5 27.3 60.8 35.1v49.2c0 5.6 3.9 10.5 9.4 11.7 36.7 8.2 74.3 7.8 109.2 0 5.5-1.2 9.4-6.1 9.4-11.7v-49.2c22.2-7.9 42.8-19.8 60.8-35.1l42.6 24.6c4.9 2.8 11 1.9 14.8-2.3 24.7-26.7 43.6-58.9 54.7-94.6 1.5-5.5-.7-11.3-5.6-14.1zM256 336c-44.1 0-80-35.9-80-80s35.9-80 80-80 80 35.9 80 80-35.9 80-80 80z"[31m
            [36m/>[31m
          [36m</svg>[31m
        [36m</button>[31m
      [36m</div>[31m
    [36m</div>[31m
  [36m</div>[31m
[36m</body>[31m[39m
 [32mΓ£ô[39m src/__tests__/components/UserFooter.test.jsx[2m > [22mUserFooter[2m > [22mdoes not show update banner when updateAvailable is false[32m 11[2mms[22m[39m
 [31m├ù[39m src/__tests__/components/UserFooter.test.jsx[2m > [22mUserFooter[2m > [22mcalls onUpdateClick when update banner is clicked[32m 11[2mms[22m[39m
[31m   ΓåÆ Unable to find an element with the text: Update Available!. This could be because the text is broken up by multiple elements. In this case, you can provide a function for your text matcher to make your matcher more flexible.

Ignored nodes: comments, script, style
[36m<body>[31m
  [36m<div>[31m
    [36m<div[31m
      [33mstyle[31m=[32m"width: 100%;"[31m
    [36m>[31m
      [36m<div[31m
        [33mrole[31m=[32m"button"[31m
        [33mstyle[31m=[32m"width: 100%; padding: 10px; background-color: rgb(88, 101, 242); color: white; text-align: center; border-radius: 8px; margin-bottom: 10px; cursor: pointer; font-weight: bold; font-size: 0.9em; display: flex; align-items: center; justify-content: center; gap: 8px; box-shadow: 0 4px 12px rgba(88, 101, 242, 0.4); animation: pulse 2s infinite;"[31m
        [33mtabindex[31m=[32m"0"[31m
      [36m>[31m
        [36m<svg[31m
          [33mfill[31m=[32m"currentColor"[31m
          [33mheight[31m=[32m"1em"[31m
          [33mstroke[31m=[32m"currentColor"[31m
          [33mstroke-width[31m=[32m"0"[31m
          [33mviewBox[31m=[32m"0 0 512 512"[31m
          [33mwidth[31m=[32m"1em"[31m
          [33mxmlns[31m=[32m"http://www.w3.org/2000/svg"[31m
        [36m>[31m
          [36m<path[31m
            [33md[31m=[32m"M216 0h80c13.3 0 24 10.7 24 24v168h87.7c17.8 0 26.7 21.5 14.1 34.1L269.7 378.3c-7.5 7.5-19.8 7.5-27.3 0L90.1 226.1c-12.6-12.6-3.7-34.1 14.1-34.1H192V24c0-13.3 10.7-24 24-24zm296 376v112c0 13.3-10.7 24-24 24H24c-13.3 0-24-10.7-24-24V376c0-13.3 10.7-24 24-24h146.7l49 49c20.1 20.1 52.5 20.1 72.6 0l49-49H488c13.3 0 24 10.7 24 24zm-124 88c0-11-9-20-20-20s-20 9-20 20 9 20 20 20 20-9 20-20zm64 0c0-11-9-20-20-20s-20 9-20 20 9 20 20 20 20-9 20-20z"[31m
          [36m/>[31m
        [36m</svg>[31m
        [36m<span>[31m
          [0mui.updateAvailable[0m
        [36m</span>[31m
      [36m</div>[31m
      [36m<div[31m
        [33maria-label[31m=[32m"Open profile panel"[31m
        [33mdata-testid[31m=[32m"profile-panel-trigger"[31m
        [33mrole[31m=[32m"button"[31m
        [33mstyle[31m=[32m"display: flex; align-items: center; width: 100%; box-sizing: border-box; padding: 7px 10px; border-radius: 8px; cursor: pointer; background-color: transparent; transition: background-color 0.15s ease; gap: 8px;"[31m
        [33mtabindex[31m=[32m"0"[31m
      [36m>[31m
        [36m<div[31m
          [33mclass[31m=[32m"pos-relative"[31m
        [36m>[31m
          [36m<img[31m
            [33malt[31m=[32m"TestUser"[31m
            [33msrc[31m=[32m"https://www.pawscord.com/default/TestUser.svg"[31m
            [33mstyle[31m=[32m"width: 32px; height: 32px; border-radius: 50%; object-fit: cover; background-color: rgb(26, 28, 31); flex-shrink: 0; box-shadow: 0 0 0 2px rgba(88,101,242,0.25), 0 2px 8px rgba(0,0,0,0.4);"[31m
          [36m/>[31m
          [36m<div[31m
            [33mstyle[31m=[32m"position: absolute; bottom: 2px; right: 8px; width: 10px; height: 10px; background-color: rgb(35, 165, 89); border-radius: 50%; border: 2px solid rgb(11, 14, 27); box-shadow: 0 0 6px rgba(35,165,89,0.5);"[31m
          [36m/>[31m
        [36m</div>[31m
        [36m<div[31m
          [33mstyle[31m=[32m"flex: 1 1 0%; display: flex; flex-direction: column; min-width: 0; overflow: hidden;"[31m
        [36m>[31m
          [36m<div[31m
            [33mstyle[31m=[32m"display: flex; align-items: center; gap: 6px; min-width: 0;"[31m
          [36m>[31m
            [36m<span[31m
              [33mstyle[31m=[32m"color: rgb(242, 243, 245); font-weight: 600; font-size: 13px; white-space: nowrap; overflow: hidden; text-overflow: ellipsis; line-height: 1.3; flex: 1 1 auto;"[31m
            [36m>[31m
              [0mTestUser[0m
            [36m</span>[31m
          [36m</div>[31m
          [36m<span[31m
            [33mstyle[31m=[32m"color: rgb(128, 132, 142); font-size: 11px; white-space: nowrap; overflow: hidden; text-overflow: ellipsis; line-height: 1.3;"[31m
          [36m>[31m
            [0m#0000[0m
          [36m</span>[31m
        [36m</div>[31m
        [36m<button[31m
          [33maria-label[31m=[32m"Settings"[31m
          [33mstyle[31m=[32m"background: none; border: medium; color: rgb(181, 186, 193); cursor: pointer; padding: 5px; display: flex; align-items: center; justify-content: center; flex-shrink: 0; border-radius: 6px; transition: color 0.15s ease, transform 0.2s ease;"[31m
        [36m>[31m
          [36m<svg[31m
            [33mfill[31m=[32m"currentColor"[31m
            [33mheight[31m=[32m"1em"[31m
            [33mstroke[31m=[32m"currentColor"[31m
            [33mstroke-width[31m=[32m"0"[31m
            [33mviewBox[31m=[32m"0 0 512 512"[31m
            [33mwidth[31m=[32m"1em"[31m
            [33mxmlns[31m=[32m"http://www.w3.org/2000/svg"[31m
          [36m>[31m
            [36m<path[31m
              [33md[31m=[32m"M487.4 315.7l-42.6-24.6c4.3-23.2 4.3-47 0-70.2l42.6-24.6c4.9-2.8 7.1-8.6 5.5-14-11.1-35.6-30-67.8-54.7-94.6-3.8-4.1-10-5.1-14.8-2.3L380.8 110c-17.9-15.4-38.5-27.3-60.8-35.1V25.8c0-5.6-3.9-10.5-9.4-11.7-36.7-8.2-74.3-7.8-109.2 0-5.5 1.2-9.4 6.1-9.4 11.7V75c-22.2 7.9-42.8 19.8-60.8 35.1L88.7 85.5c-4.9-2.8-11-1.9-14.8 2.3-24.7 26.7-43.6 58.9-54.7 94.6-1.7 5.4.6 11.2 5.5 14L67.3 221c-4.3 23.2-4.3 47 0 70.2l-42.6 24.6c-4.9 2.8-7.1 8.6-5.5 14 11.1 35.6 30 67.8 54.7 94.6 3.8 4.1 10 5.1 14.8 2.3l42.6-24.6c17.9 15.4 38.5 27.3 60.8 35.1v49.2c0 5.6 3.9 10.5 9.4 11.7 36.7 8.2 74.3 7.8 109.2 0 5.5-1.2 9.4-6.1 9.4-11.7v-49.2c22.2-7.9 42.8-19.8 60.8-35.1l42.6 24.6c4.9 2.8 11 1.9 14.8-2.3 24.7-26.7 43.6-58.9 54.7-94.6 1.5-5.5-.7-11.3-5.6-14.1zM256 336c-44.1 0-80-35.9-80-80s35.9-80 80-80 80 35.9 80 80-35.9 80-80 80z"[31m
            [36m/>[31m
          [36m</svg>[31m
        [36m</button>[31m
      [36m</div>[31m
    [36m</div>[31m
  [36m</div>[31m
[36m</body>[31m[39m
 [32mΓ£ô[39m src/__tests__/components/UserFooter.test.jsx[2m > [22mUserFooter[2m > [22muses fallback avatar on image error[32m 7[2mms[22m[39m
 [32mΓ£ô[39m src/__tests__/components/AdminPanelModal.test.jsx[2m > [22mAdminPanelModal Orchestrator[2m > [22mshould render dashboard tab by default[32m 79[2mms[22m[39m
 [32mΓ£ô[39m src/__tests__/components/InviteModal.test.jsx[2m > [22museInviteLogic[2m > [22mcopyToClipboard copies link and shows toast[32m 77[2mms[22m[39m
[90mstdout[2m | src/__tests__/components/ConfirmModal.test.jsx
[22m[39m≡ƒº¬ Test setup complete!

 [32mΓ£ô[39m src/__tests__/components/CryptoDashboard.test.jsx[2m > [22mCryptoDashboard Orchestrator[2m > [22mshould render dashboard header with title[32m 105[2mms[22m[39m
 [32mΓ£ô[39m src/__tests__/components/CryptoDashboard.test.jsx[2m > [22mCryptoDashboard Orchestrator[2m > [22mshould show version from meta[32m 21[2mms[22m[39m
 [32mΓ£ô[39m src/__tests__/components/CryptoDashboard.test.jsx[2m > [22mCryptoDashboard Orchestrator[2m > [22mshould show wallet balance[32m 25[2mms[22m[39m
 [32mΓ£ô[39m src/__tests__/components/ServerDiscovery.test.jsx[2m > [22mSearch / filter[2m > [22mfilters by search text[32m 262[2mms[22m[39m
[90mstderr[2m | src/__tests__/components/PremiumModal.test.jsx[2m > [22m[2
mPremiumModal rendering[2m > [22m[2mrenders when isOpen is true
[22m[39mAn update to PremiumModal inside a test was not wrapped in act(...).

When testing, code that causes React state updates should be wrapped into act(.
..):

act(() => {
  /* fire events that update state */
});
/* assert on the output */

This ensures that you're testing the behavior the user would see in the browser
. Learn more at https://react.dev/link/wrap-tests-with-act
An update to PremiumModal inside a test was not wrapped in act(...).

When testing, code that causes React state updates should be wrapped into act(.
..):

act(() => {
  /* fire events that update state */
});
/* assert on the output */

This ensures that you're testing the behavior the user would see in the browser
. Learn more at https://react.dev/link/wrap-tests-with-act

 [32mΓ£ô[39m src/__tests__/components/PremiumModal.test.jsx[2m > [22mPremiumModal rendering[2m > [22mreturns null when not open[32m 19[2mms[22m[39m
 [32mΓ£ô[39m src/__tests__/components/MessageInput.advanced.test.jsx[2m > [22mEmoji insertion[2m > [22minserts emoji into textarea[32m 119[2mms[22m[39m
 [32mΓ£ô[39m src/__tests__/a11y/componentA11y.test.jsx[2m > [22mTab panel accessibility[2m > [22mclicking tab changes active panel[32m 40[2mms[22m[39m
 [32mΓ£ô[39m src/__tests__/a11y/componentA11y.test.jsx[2m > [22mAlert dialog accessibility[2m > [22mhas no critical a11y violations[32m 44[2mms[22m[39m
 [32mΓ£ô[39m src/__tests__/a11y/componentA11y.test.jsx[2m > [22mAlert dialog accessibility[2m > [22mhas role="alertdialog"[32m 6[2mms[22m[39m
 [32mΓ£ô[39m src/__tests__/a11y/componentA11y.test.jsx[2m > [22mAlert dialog accessibility[2m > [22mrenders nothing when not open[32m 1[2mms[22m[39m
 [32mΓ£ô[39m src/__tests__/a11y/componentA11y.test.jsx[2m > [22mProgress bar accessibility[2m > [22mhas correct ARIA attributes[32m 3[2mms[22m[39m
 [32mΓ£ô[39m src/__tests__/a11y/componentA11y.test.jsx[2m > [22mProgress bar accessibility[2m > [22mhas no critical a11y violations[32m 31[2mms[22m[39m
 [32mΓ£ô[39m src/__tests__/a11y/componentA11y.test.jsx[2m > [22mToggle switch accessibility[2m > [22mhas role="switch"[32m 7[2mms[22m[39m
[90mstderr[2m | src/__tests__/components/PremiumModal.test.jsx[2m > [22m[2
mPremiumModal rendering[2m > [22m[2mrenders close button
[22m[39mAn update to PremiumModal inside a test was not wrapped in act(...).

When testing, code that causes React state updates should be wrapped into act(.
..):

act(() => {
  /* fire events that update state */
});
/* assert on the output */

This ensures that you're testing the behavior the user would see in the browser
. Learn more at https://react.dev/link/wrap-tests-with-act
An update to PremiumModal inside a test was not wrapped in act(...).

When testing, code that causes React state updates should be wrapped into act(.
..):

act(() => {
  /* fire events that update state */
});
/* assert on the output */

This ensures that you're testing the behavior the user would see in the browser
. Learn more at https://react.dev/link/wrap-tests-with-act

 [32mΓ£ô[39m src/__tests__/components/AdminPanelModal.test.jsx[2m > [22mAdminPanelModal Orchestrator[2m > [22mshould render header with title[32m 32[2mms[22m[39m
 [32mΓ£ô[39m src/__tests__/components/AdminPanelModal.test.jsx[2m > [22mAdminPanelModal Orchestrator[2m > [22mshould display online count from realtimeStats[32m 13[2mms[22m[39m
 [32mΓ£ô[39m src/__tests__/components/AdminPanelModal.test.jsx[2m > [22mAdminPanelModal Orchestrator[2m > [22mshould render all 11 sidebar menu items[32m 36[2mms[22m[39m
 [32mΓ£ô[39m src/__tests__/components/AdminPanelModal.test.jsx[2m > [22mAdminPanelModal Orchestrator[2m > [22mshould switch tabs when sidebar button clicked[32m 31[2mms[22m[39m
 [32mΓ£ô[39m src/__tests__/components/AdminPanelModal.test.jsx[2m > [22mAdminPanelModal Orchestrator[2m > [22mshould call onClose when close button clicked[32m 17[2mms[22m[39m
 [32mΓ£ô[39m src/__tests__/components/AdminPanelModal.test.jsx[2m > [22mAdminPanelModal Orchestrator[2m > [22mshould not render modals when their state is null/false[32m 20[2mms[22m[39m
[90mstderr[2m | src/__tests__/components/PremiumModal.test.jsx[2m > [22m[2
mPremiumModal rendering[2m > [22m[2mcalls onClose when close button clicked
[22m[39mAn update to PremiumModal inside a test was not wrapped in act(...).

When testing, code that causes React state updates should be wrapped into act(.
..):

act(() => {
  /* fire events that update state */
});
/* assert on the output */

This ensures that you're testing the behavior the user would see in the browser
. Learn more at https://react.dev/link/wrap-tests-with-act
An update to PremiumModal inside a test was not wrapped in act(...).

When testing, code that causes React state updates should be wrapped into act(.
..):

act(() => {
  /* fire events that update state */
});
/* assert on the output */

This ensures that you're testing the behavior the user would see in the browser
. Learn more at https://react.dev/link/wrap-tests-with-act

 [32mΓ£ô[39m src/__tests__/components/InviteModal.test.jsx[2m > [22museInviteLogic[2m > [22mfilters friends by search query[32m 77[2mms[22m[39m
 [32mΓ£ô[39m src/__tests__/components/InviteModal.test.jsx[2m > [22museInviteLogic[2m > [22mgetFriendName returns the OTHER user[32m 73[2mms[22m[39m
 [32mΓ£ô[39m src/__tests__/hooks/useErrorRecovery.test.js[2m > [22museErrorRecovery[2m > [22mshould pass AbortSignal to the fetch function[32m 127[2mms[22m[39m
 [32mΓ£ô[39m src/__tests__/hooks/useErrorRecovery.test.js[2m > [22museErrorRecovery[2m > [22mshould abort on unmount[32m 2[2mms[22m[39m
 [32mΓ£ô[39m src/__tests__/hooks/useErrorRecovery.test.js[2m > [22museErrorRecovery[2m > [22mshould clear state on reset[32m 120[2mms[22m[39m
[90mstderr[2m | src/__tests__/components/PremiumStoreModal.test.jsx[2m > [2
2m[2mPremiumStoreModal Orchestrator[2m > [22m[2mshould render premium tab b
y default
[22m[39mreact-i18next:: useTranslation: You will need to pass in an i18next i
nstance by using initReactI18next { code: [32m'NO_I18NEXT_INSTANCE'[39m }

 [31m├ù[39m src/__tests__/hooks/useFetchWithAuth.test.js[2m > [22museFetchWithAuth[2m > [22mError handling[2m > [22mshould re-throw network errors[33m 1019[2mms[22m[39m
[31m   ΓåÆ promise resolved "{ ok: true, status: 200, ΓÇª(2) }" instead of rejecting[39m
[90mstderr[2m | src/__tests__/components/PremiumStoreModal.test.jsx[2m > [2
2m[2mPremiumStoreModal Orchestrator[2m > [22m[2mshould render premium tab b
y default
[22m[39mAn update to PremiumStoreModal inside a test was not wrapped in act(.
..).

When testing, code that causes React state updates should be wrapped into act(.
..):

act(() => {
  /* fire events that update state */
});
/* assert on the output */

This ensures that you're testing the behavior the user would see in the browser
. Learn more at https://react.dev/link/wrap-tests-with-act
An update to PremiumStoreModal inside a test was not wrapped in act(...).

When testing, code that causes React state updates should be wrapped into act(.
..):

act(() => {
  /* fire events that update state */
});
/* assert on the output */

This ensures that you're testing the behavior the user would see in the browser
. Learn more at https://react.dev/link/wrap-tests-with-act
An update to PremiumStoreModal inside a test was not wrapped in act(...).

When testing, code that causes React state updates should be wrapped into act(.
..):

act(() => {
  /* fire events that update state */
});
/* assert on the output */

This ensures that you're testing the behavior the user would see in the browser
. Learn more at https://react.dev/link/wrap-tests-with-act
An update to PremiumStoreModal inside a test was not wrapped in act(...).

When testing, code that causes React state updates should be wrapped into act(.
..):

act(() => {
  /* fire events that update state */
});
/* assert on the output */

This ensures that you're testing the behavior the user would see in the browser
. Learn more at https://react.dev/link/wrap-tests-with-act

 [32mΓ£ô[39m src/__tests__/a11y/accessibility.test.jsx[2m > [22mAccessibility: Core Components[2m > [22mScrollToBottomButton has no critical a11y violations[33m 360[2mms[22m[39m
[90mstderr[2m | src/__tests__/components/InviteModal.test.jsx[2m > [22m[2m
useInviteLogic[2m > [22m[2mregenerateLink shows error toast on failure
[22m[39m[InviteModal] Create failed: {}

 [32mΓ£ô[39m src/__tests__/a11y/componentA11y.test.jsx[2m > [22mToggle switch accessibility[2m > [22mhas correct aria-checked[32m 6[2mms[22m[39m
 [32mΓ£ô[39m src/__tests__/a11y/componentA11y.test.jsx[2m > [22mToggle switch accessibility[2m > [22mtoggles on click[32m 2[2mms[22m[39m
 [32mΓ£ô[39m src/__tests__/a11y/componentA11y.test.jsx[2m > [22mToolbar accessibility[2m > [22mhas role="toolbar"[32m 5[2mms[22m[39m
 [32mΓ£ô[39m src/__tests__/a11y/componentA11y.test.jsx[2m > [22mToolbar accessibility[2m > [22mbuttons have aria-labels[32m 4[2mms[22m[39m
 [32mΓ£ô[39m src/__tests__/a11y/componentA11y.test.jsx[2m > [22mToolbar accessibility[2m > [22mhas no critical a11y violations[32m 30[2mms[22m[39m
 [32mΓ£ô[39m src/__tests__/a11y/componentA11y.test.jsx[2m > [22mKeyboard navigation patterns[2m > [22mEnter activates a button[32m 5[2mms[22m[39m
 [32mΓ£ô[39m src/__tests__/a11y/componentA11y.test.jsx[2m > [22mKeyboard navigation patterns[2m > [22mSpace activates a button[32m 5[2mms[22m[39m
 [32mΓ£ô[39m src/__tests__/a11y/componentA11y.test.jsx[2m > [22mKeyboard navigation patterns[2m > [22maria-hidden hides from a11y tree[32m 25[2mms[22m[39m
 [32mΓ£ô[39m src/__tests__/components/PremiumModal.test.jsx[2m > [22mPremiumModal rendering[2m > [22mrenders when isOpen is true[32m 233[2mms[22m[39m
 [32mΓ£ô[39m src/__tests__/components/PremiumModal.test.jsx[2m > [22mPremiumModal rendering[2m > [22mrenders close button[32m 18[2mms[22m[39m
 [32mΓ£ô[39m src/__tests__/components/PremiumModal.test.jsx[2m > [22mPremiumModal rendering[2m > [22mcalls onClose when close button clicked[32m 18[2mms[22m[39m
 [32mΓ£ô[39m src/__tests__/components/ConfirmModal.test.jsx[2m > [22mConfirmModal Component[2m > [22mVisibility[2m > [22mshould NOT render when isOpen is false[32m 18[2mms[22m[39m
 [32mΓ£ô[39m src/__tests__/components/ConfirmModal.test.jsx[2m > [22mConfirmModal Component[2m > [22mVisibility[2m > [22mshould render when isOpen is true[32m 16[2mms[22m[39m
 [32mΓ£ô[39m src/__tests__/components/ConfirmModal.test.jsx[2m > [22mConfirmModal Component[2m > [22mContent Rendering[2m > [22mshould display default title and message[32m 5[2mms[22m[39m
 [32mΓ£ô[39m src/__tests__/components/ConfirmModal.test.jsx[2m > [22mConfirmModal Component[2m > [22mContent Rendering[2m > [22mshould display custom title and message[32m 4[2mms[22m[39m
 [32mΓ£ô[39m src/__tests__/components/ConfirmModal.test.jsx[2m > [22mConfirmModal Component[2m > [22mContent Rendering[2m > [22mshould display correct icon for type=danger[32m 22[2mms[22m[39m
 [32mΓ£ô[39m src/__tests__/components/ConfirmModal.test.jsx[2m > [22mConfirmModal Component[2m > [22mContent Rendering[2m > [22mshould display correct icon for type=info[32m 4[2mms[22m[39m
 [32mΓ£ô[39m src/__tests__/components/ConfirmModal.test.jsx[2m > [22mConfirmModal Component[2m > [22mContent Rendering[2m > [22mshould display custom button text[32m 6[2mms[22m[39m
 [32mΓ£ô[39m src/__tests__/components/ConfirmModal.test.jsx[2m > [22mConfirmModal Component[2m > [22mDanger Details[2m > [22mshould display danger details when provided[32m 7[2mms[22m[39m
 [32mΓ£ô[39m src/__tests__/components/ConfirmModal.test.jsx[2m > [22mConfirmModal Component[2m > [22mDanger Details[2m > [22mshould NOT display danger details when not provided[32m 9[2mms[22m[39m
 [32mΓ£ô[39m src/__tests__/components/ServerDiscovery.test.jsx[2m > [22mSearch / filter[2m > [22msearch is case-insensitive[32m 121[2mms[22m[39m
 [32mΓ£ô[39m src/__tests__/components/MessageInput.advanced.test.jsx[2m > [22mEmoji insertion[2m > [22mcloses emoji picker after selection[32m 106[2mms[22m[39m
 [32mΓ£ô[39m src/__tests__/components/MessageInput.advanced.test.jsx[2m > [22mFile attachment[2m > [22mcalls onFileUpload when file selected[32m 52[2mms[22m[39m
 [32mΓ£ô[39m src/__tests__/components/MessageInput.advanced.test.jsx[2m > [22mFile attachment[2m > [22maccepts image files[32m 4[2mms[22m[39m
 [32mΓ£ô[39m src/__tests__/components/MessageInput.advanced.test.jsx[2m > [22mFile attachment[2m > [22maccepts PDF files[32m 4[2mms[22m[39m
 [32mΓ£ô[39m src/__tests__/components/CryptoDashboard.test.jsx[2m > [22mCryptoDashboard Orchestrator[2m > [22mshould render mode toggle buttons[32m 196[2mms[22m[39m
 [32mΓ£ô[39m src/__tests__/components/CryptoDashboard.test.jsx[2m > [22mCryptoDashboard Orchestrator[2m > [22mshould switch mode on click[32m 81[2mms[22m[39m
 [32mΓ£ô[39m src/__tests__/components/VoiceControlBar.test.jsx[2m > [22mVoiceControlBar[2m > [22mrenders voice bar when isInVoice is true[32m 92[2mms[22m[39m
 [32mΓ£ô[39m src/__tests__/components/VoiceControlBar.test.jsx[2m > [22mVoiceControlBar[2m > [22mshows connecting state[32m 23[2mms[22m[39m
[90mstderr[2m | src/__tests__/components/PremiumModal.test.jsx[2m > [22m[2
mTier fetching[2m > [22m[2mhandles fetch error gracefully
[22m[39mError fetching tiers: Error: Network
    at C:/Users/Eastkhan/Software/JavaScript/PAWSCORD/frontend/src/__tests__/co
mponents/PremiumModal.test.jsx:117:44
    at [90mfile:///C:/Users/Eastkhan/Software/JavaScript/PAWSCORD/frontend/[3
9mnode_modules/[4m@vitest/runner[24m/dist/index.js:145:11
    at [90mfile:///C:/Users/Eastkhan/Software/JavaScript/PAWSCORD/frontend/[3
9mnode_modules/[4m@vitest/runner[24m/dist/index.js:915:26
    at [90mfile:///C:/Users/Eastkhan/Software/JavaScript/PAWSCORD/frontend/[3
9mnode_modules/[4m@vitest/runner[24m/dist/index.js:1243:20
    at new Promise (<anonymous>)
    at runWithTimeout [90m(file:///C:/Users/Eastkhan/Software/JavaScript/PAWSC
ORD/frontend/[39mnode_modules/[4m@vitest/runner[24m/dist/index.js:1209:10[9
0m)[39m
    at [90mfile:///C:/Users/Eastkhan/Software/JavaScript/PAWSCORD/frontend/[3
9mnode_modules/[4m@vitest/runner[24m/dist/index.js:1653:37
    at Traces.$ [90m(file:///C:/Users/Eastkhan/Software/JavaScript/PAWSCORD/fr
ontend/[39mnode_modules/[4mvitest[24m/dist/chunks/traces.CCmnQaNT.js:142:27
[90m)[39m
    at trace [90m(file:///C:/Users/Eastkhan/Software/JavaScript/PAWSCORD/front
end/[39mnode_modules/[4mvitest[24m/dist/chunks/test.B8ej_ZHS.js:239:21[90m)
[39m
    at runTest [90m(file:///C:/Users/Eastkhan/Software/JavaScript/PAWSCORD/fro
ntend/[39mnode_modules/[4m@vitest/runner[24m/dist/index.js:1653:12[90m)[39
m

 [32mΓ£ô[39m src/__tests__/components/InviteModal.test.jsx[2m > [22museInviteLogic[2m > [22mregenerateLink updates the invite link[32m 82[2mms[22m[39m
 [32mΓ£ô[39m src/__tests__/components/ConfirmModal.test.jsx[2m > [22mConfirmModal Component[2m > [22mConfirm/Cancel Actions[2m > [22mshould call onConfirm then onClose when confirm is clicked[32m 27[2mms[22m[39m
 [32mΓ£ô[39m src/__tests__/components/ConfirmModal.test.jsx[2m > [22mConfirmModal Component[2m > [22mConfirm/Cancel Actions[2m > [22mshould call onClose when cancel is clicked[32m 4[2mms[22m[39m
 [32mΓ£ô[39m src/__tests__/components/ConfirmModal.test.jsx[2m > [22mConfirmModal Component[2m > [22mConfirm/Cancel Actions[2m > [22mshould call onClose when close (X) button is clicked[32m 3[2mms[22m[39m
 [32mΓ£ô[39m src/__tests__/components/ConfirmModal.test.jsx[2m > [22mConfirmModal Component[2m > [22mConfirm/Cancel Actions[2m > [22mshould call onClose on overlay click[32m 3[2mms[22m[39m
 [32mΓ£ô[39m src/__tests__/components/ConfirmModal.test.jsx[2m > [22mConfirmModal Component[2m > [22mText Confirmation[2m > [22mshould show confirmation input when requireTextConfirmation is true[32m 15[2mms[22m[39m
 [32mΓ£ô[39m src/__tests__/components/ConfirmModal.test.jsx[2m > [22mConfirmModal Component[2m > [22mText Confirmation[2m > [22mshould disable confirm button until text matches[32m 4[2mms[22m[39m
 [32mΓ£ô[39m src/__tests__/components/ConfirmModal.test.jsx[2m > [22mConfirmModal Component[2m > [22mText Confirmation[2m > [22mshould show error message when text does not match[32m 10[2mms[22m[39m
 [32mΓ£ô[39m src/__tests__/components/ConfirmModal.test.jsx[2m > [22mConfirmModal Component[2m > [22mText Confirmation[2m > [22mshould enable confirm button when text matches[32m 8[2mms[22m[39m
 [32mΓ£ô[39m src/__tests__/components/ConfirmModal.test.jsx[2m > [22mConfirmModal Component[2m > [22mText Confirmation[2m > [22mshould allow confirm after correct text is entered[32m 12[2mms[22m[39m
 [32mΓ£ô[39m src/__tests__/components/ConfirmModal.test.jsx[2m > [22mConfirmModal Component[2m > [22mProcessing State[2m > [22mshould show processing text during async confirm[32m 16[2mms[22m[39m
 [32mΓ£ô[39m src/__tests__/components/PremiumModal.test.jsx[2m > [22mTier fetching[2m > [22mfetches tiers on open[32m 70[2mms[22m[39m
 [32mΓ£ô[39m src/__tests__/components/PremiumModal.test.jsx[2m > [22mTier fetching[2m > [22mhandles fetch error gracefully[32m 32[2mms[22m[39m
 [32mΓ£ô[39m src/__tests__/components/PremiumModal.test.jsx[2m > [22mBilling cycle toggle[2m > [22mrenders monthly and yearly buttons[32m 40[2mms[22m[39m
 [32mΓ£ô[39m src/__tests__/a11y/accessibility.test.jsx[2m > [22mAccessibility: Core Components[2m > [22mLoadingSkeleton has no critical a11y violations[32m 77[2mms[22m[39m
 [32mΓ£ô[39m src/__tests__/components/CryptoDashboard.test.jsx[2m > [22mCryptoDashboard Orchestrator[2m > [22mshould render tab buttons[32m 59[2mms[22m[39m
 [32mΓ£ô[39m src/__tests__/components/CryptoDashboard.test.jsx[2m > [22mCryptoDashboard Orchestrator[2m > [22mshould render data table with coin row[32m 29[2mms[22m[39m
 [31m├ù[39m src/__tests__/components/CryptoDashboard.test.jsx[2m > [22mCryptoDashboard Orchestrator[2m > [22mshould show loading state[32m 19[2mms[22m[39m
[31m   ΓåÆ Unable to find an element with the text: /Kripto Verforward/. This could be because the text is broken up by multiple elements. In this case, you can provide a function for your text matcher to make your matcher more flexible.

Ignored nodes: comments, script, style
[36m<body>[31m
  [36m<div>[31m
    [36m<div[31m
      [33mstyle[31m=[32m"padding-top: 20px;"[31m
    [36m>[31m
      [36m<div>[31m
        [36m<div>[31m
          [36m<a[31m
            [33mhref[31m=[32m"/"[31m
          [36m>[31m
            [36m<svg[31m
              [33mfill[31m=[32m"currentColor"[31m
              [33mheight[31m=[32m"1em"[31m
              [33mstroke[31m=[32m"currentColor"[31m
              [33mstroke-width[31m=[32m"0"[31m
              [33mviewBox[31m=[32m"0 0 448 512"[31m
              [33mwidth[31m=[32m"1em"[31m
              [33mxmlns[31m=[32m"http://www.w3.org/2000/svg"[31m
            [36m>[31m
              [36m<path[31m
                [33md[31m=[32m"M257.5 445.1l-22.2 22.2c-9.4 9.4-24.6 9.4-33.9 0L7 273c-9.4-9.4-9.4-24.6 0-33.9L201.4 44.7c9.4-9.4 24.6-9.4 33.9 0l22.2 22.2c9.5 9.5 9.3 25-.4 34.3L136.6 216H424c13.3 0 24 10.7 24 24v32c0 13.3-10.7 24-24 24H136.6l120.5 114.8c9.8 9.3 10 24.8.4 34.3z"[31m
              [36m/>[31m
            [36m</svg>[31m
            [0m [0m
            [0mcommon.back[0m
          [36m</a>[31m
          [36m<h1>[31m
            [36m<svg[31m
              [33mfill[31m=[32m"currentColor"[31m
              [33mheight[31m=[32m"1em"[31m
              [33mstroke[31m=[32m"currentColor"[31m
              [33mstroke-width[31m=[32m"0"[31m
              [33mviewBox[31m=[32m"0 0 512 512"[31m
              [33mwidth[31m=[32m"1em"[31m
              [33mxmlns[31m=[32m"http://www.w3.org/2000/svg"[31m
            [36m>[31m
              [36m<path[31m
                [33md[31m=[32m"M504 256c0 136.967-111.033 248-248 248S8 392.967 8 256 119.033 8 256 8s248 111.033 248 248zm-141.651-35.33c4.937-32.999-20.191-50.739-54.55-62.573l11.146-44.702-27.213-6.781-10.851 43.524c-7.154-1.783-14.502-3.464-21.803-5.13l10.929-43.81-27.198-6.781-11.153 44.686c-5.922-1.349-11.735-2.682-17.377-4.084l.031-.14-37.53-9.37-7.239 29.062s20.191 4.627 19.765 4.913c11.022 2.751 13.014 10.044 12.68 15.825l-12.696 50.925c.76.194 1.744.473 2.829.907-.907-.225-1.876-.473-2.876-.713l-17.796 71.338c-1.349 3.348-4.767 8.37-12.471 6.464.271.395-19.78-4.937-19.78-4.937l-13.51 31.147 35.414 8.827c6.588 1.651 13.045 3.379 19.4 5.006l-11.262 45.213 27.182 6.781 11.153-44.733a1038.209 1038.209 0 0 0 21.687 5.627l-11.115 44.523 27.213 6.781 11.262-45.128c46.404 8.781 81.299 5.239 95.986-36.727 11.836-33.79-.589-53.281-25.004-65.991 17.78-4.098 31.174-15.792 34.747-39.949zm-62.177 87.179c-8.41 33.79-65.308 15.523-83.755 10.943l14.944-59.899c18.446 4.603 77.6 13.717 68.811 48.956zm8.417-87.667c-7.673 30.736-55.031 15.12-70.393 11.292l13.548-54.327c15.363 3.828 64.836 10.973 56.845 43.035z"[31m
              [36m/>[31m
            [36m</svg>[31m
            [0mCrypto AI Dashboard[0m
            [36m<span>[31m
              [0mv[0m
              [0m3.0[0m
            [36m</span>[31m
          [36m</h1>[31m
        [36m</div>[31m
        [36m<div>[31m
          [36m<button[31m
            [33maria-label[31m=[32m"crypto.portfolio"[31m
          [36m>[31m
            [36m<svg[31m
              [33mfill[31m=[32m"currentColor"[31m
              [33mheight[31m=[32m"1em"[31m
              [33mstroke[31m=[32m"currentColor"[31m
              [33mstroke-width[31m=[32m"0"[31m
              [33mviewBox[31m=[32m"0 0 512 512"[31m
              [33mwidth[31m=[32m"1em"[31m
              [33mxmlns[31m=[32m"http://www.w3.org/2000/svg"[31m
            [36m>[31m
              [36m<path[31m
                [33md[31m=[32m"M461.2 128H80c-8.84 0-16-7.16-16-16s7.16-16 16-16h384c8.84 0 16-7.16 16-16 0-26.51-21.49-48-48-48H64C28.65 32 0 60.65 0 96v320c0 35.35 28.65 64 64 64h397.2c28.02 0 50.8-21.53 50.8-48V176c0-26.47-22.78-48-50.8-48zM416 336c-17.67 0-32-14.33-32-32s14.33-32 32-32 32 14.33 32 32-14.33 32-32 32z"[31m
              [36m/>[31m
            [36m</svg>[31m
            [0m [0m
            [0mcrypto.portfolio[0m
            [0m ($[0m
            [0m1000[0m
            [0m)[0m
          [36m</button>[31m
          [36m<button[31m
            [33maria-label[31m=[32m"common.retry"[31m
          [36m>[31m
            [36m<svg[31m
              [33mclass[31m=[32m"spin"[31m
              [33mfill[31m=[32m"currentColor"[31m
              [33mheight[31m=[32m"1em"[31m
              [33mstroke[31m=[32m"currentColor"[31m
              [33mstroke-width[31m=[32m"0"[31m
              [33mviewBox[31m=[32m"0 0 512 512"[31m
              [33mwidth[31m=[32m"1em"[31m
              [33mxmlns[31m=[32m"http://www.w3.org/2000/svg"[31m
            [36m>[31m
              [36m<path[31m
                [33md[31m=[32m"M440.65 12.57l4 82.77A247.16 247.16 0 0 0 255.83 8C134.73 8 33.91 94.92 12.29 209.82A12 12 0 0 0 24.09 224h49.05a12 12 0 0 0 11.67-9.26 175.91 175.91 0 0 1 317-56.94l-101.46-4.86a12 12 0 0 0-12.57 12v47.41a12 12 0 0 0 12 12H500a12 12 0 0 0 12-12V12a12 12 0 0 0-12-12h-47.37a12 12 0 0 0-11.98 12.57zM255.83 432a175.61 175.61 0 0 1-146-77.8l101.8 4.87a12 12 0 0 0 12.57-12v-47.4a12 12 0 0 0-12-12H12a12 12 0 0 0-12 12V500a12 12 0 0 0 12 12h47.35a12 12 0 0 0 12-12.6l-4.15-82.57A247.17 247.17 0 0 0 255.83 504c121.11 0 221.93-86.92 243.55-201.82a12 12 0 0 0-11.8-14.18h-49.05a12 12 0 0 0-11.67 9.26A175.86 175.86 0 0 1 255.83 432z"[31m
              [36m/>[31m
            [36m</svg>[31m
            [0m [0m
          [36m</button>[31m
        [36m</div>[31m
      [36m</div>[31m
      [36m<div>[31m
        [36m<span>[31m
          [0m≡ƒôà Last Updated: [0m
          [36m<strong>[31m
            [0m2025-01-01[0m
          [36m</strong>[31m
        [36m</span>[31m
        [36m<span>[31m
          [0m≡ƒôè Strateji:[0m
          [0m [0m
          [36m<strong>[31m
            [0m50[0m
          [36m</strong>[31m
        [36m</span>[31m
      [36m</div>[31m
      [36m<div>[31m
        [36m<div[31m
          [33mclass[31m=[32m"spin"[31m
        [36m/>[31m
        [36m<p>[31m
          [0mcommon.loading[0m
        [36m</p>[31m
      [36m</div>[31m
    [36m</div>[31m
  [36m</div>[31m
[36m</body>[31m[39m
 [32mΓ£ô[39m src/__tests__/components/CryptoDashboard.test.jsx[2m > [22mCryptoDashboard Orchestrator[2m > [22mshould show error state[32m 11[2mms[22m[39m
 [32mΓ£ô[39m src/__tests__/components/CryptoDashboard.test.jsx[2m > [22mCryptoDashboard Orchestrator[2m > [22mshould render portfolio modal when showPortfolio is true[32m 18[2mms[22m[39m
 [32mΓ£ô[39m src/__tests__/components/ServerDiscovery.test.jsx[2m > [22mSearch / filter[2m > [22mshows empty state for no match[32m 149[2mms[22m[39m
 [32mΓ£ô[39m src/__tests__/components/CryptoDashboard.test.jsx[2m > [22mCryptoDashboard Orchestrator[2m > [22mshould render trade modal when tradeData is set[32m 37[2mms[22m[39m
 [32mΓ£ô[39m src/__tests__/components/VoiceControlBar.test.jsx[2m > [22mVoiceControlBar[2m > [22mcalls toggleMute when mute button is clicked[32m 254[2mms[22m[39m
 [32mΓ£ô[39m src/__tests__/components/VoiceControlBar.test.jsx[2m > [22mVoiceControlBar[2m > [22mcalls leaveVoiceChat when disconnect button is clicked[32m 100[2mms[22m[39m
 [32mΓ£ô[39m src/__tests__/components/InviteModal.test.jsx[2m > [22museInviteLogic[2m > [22mregenerateLink shows error toast on failure[32m 70[2mms[22m[39m
 [32mΓ£ô[39m src/__tests__/components/InviteModal.test.jsx[2m > [22museInviteLogic[2m > [22mhandles missing server gracefully[32m 18[2mms[22m[39m
 [32mΓ£ô[39m src/__tests__/components/InviteModal.test.jsx[2m > [22museInviteLogic[2m > [22msendInviteToFriend adds user to invitedUsers set[32m 72[2mms[22m[39m
 [32mΓ£ô[39m src/__tests__/components/PremiumModal.test.jsx[2m > [22mBilling cycle toggle[2m > [22mshows discount badge on yearly option[32m 29[2mms[22m[39m
 [32mΓ£ô[39m src/__tests__/components/PremiumModal.test.jsx[2m > [22mSubscribe flow[2m > [22mdoes not call subscribe for free tier[32m 28[2mms[22m[39m
 [32mΓ£ô[39m src/__tests__/components/PremiumModal.test.jsx[2m > [22mTier utility[2m > [22mgetTierColor returns correct colors (via rendering)[32m 25[2mms[22m[39m
 [32mΓ£ô[39m src/__tests__/i18n/i18n.test.js[2m > [22mLocale File Completeness[2m > [22mall locales should have the same top-level categories as English[33m 489[2mms[22m[39m
 [32mΓ£ô[39m src/__tests__/i18n/i18n.test.js[2m > [22mLocale File Completeness[2m > [22mEnglish locale should have at least 300 keys[32m 14[2mms[22m[39m
 [32mΓ£ô[39m src/__tests__/i18n/i18n.test.js[2m > [22mLocale File Completeness[2m > [22mall locales should have common section with required keys[32m 17[2mms[22m[39m
[90mstderr[2m | src/__tests__/a11y/accessibility.test.jsx[2m > [22m[2mAcce
ssibility: Core Components[2m > [22m[2mTypingIndicatorEnhanced has no critic
al a11y violations
[22m[39mreact-i18next:: useTranslation: You will need to pass in an i18next i
nstance by using initReactI18next { code: [32m'NO_I18NEXT_INSTANCE'[39m }

 [31m├ù[39m src/__tests__/components/criticalComponents.test.jsx[2m > [22mErrorBoundary[2m > [22mrenders children when no error[33m 555[2mms[22m[39m
[31m   ΓåÆ [vitest] No "withTranslation" export is defined on the "react-i18next" mock. Did you forget to return it from "vi.mock"?
If you need to partially mock a module, you can use "importOriginal" helper inside:
[39m
 [31m├ù[39m src/__tests__/components/criticalComponents.test.jsx[2m > [22mErrorBoundary[2m > [22mcatches rendering errors and shows fallback[32m 0[2mms[22m[39m
[31m   ΓåÆ [vitest] No "withTranslation" export is defined on the "react-i18next" mock. Did you forget to return it from "vi.mock"?
If you need to partially mock a module, you can use "importOriginal" helper inside:
[39m
 [32mΓ£ô[39m src/__tests__/components/ServerDiscovery.test.jsx[2m > [22mSearch / filter[2m > [22mfilters by category[32m 75[2mms[22m[39m
 [31m├ù[39m src/__tests__/a11y/accessibility.test.jsx[2m > [22mAccessibility: Core Components[2m > [22mMessageSkeleton has no critical a11y violations[32m 188[2mms[22m[39m
[31m   ΓåÆ expected [ Array(1) ] to deeply equal [][39m
 [32mΓ£ô[39m src/__tests__/a11y/extendedA11y.test.jsx[2m > [22mAccessibility - Critical Components[2m > [22mLoadingSpinner has no a11y violations[32m 272[2mms[22m[39m
 [32mΓ£ô[39m src/__tests__/components/VoiceControlBar.test.jsx[2m > [22mVoiceControlBar[2m > [22mrenders 6 control buttons[32m 117[2mms[22m[39m
 [31m├ù[39m src/__tests__/components/VoiceControlBar.test.jsx[2m > [22mVoiceControlBar[2m > [22mdisplays username[32m 42[2mms[22m[39m
[31m   ΓåÆ Unable to find an element with the text: TestUser. This could be because the text is broken up by multiple elements. In this case, you can provide a function for your text matcher to make your matcher more flexible.

Ignored nodes: comments, script, style
[36m<body>[31m
  [36m<div>[31m
    [36m<div[31m
      [33mstyle[31m=[32m"padding: 8px; background-color: rgb(11, 14, 27); border-top: 1px solid rgba(255, 255, 255, 0.06);"[31m
    [36m>[31m
      [36m<div[31m
        [33mstyle[31m=[32m"display: flex; align-items: center; gap: 8px; margin-bottom: 8px; padding: 0px 4px;"[31m
      [36m>[31m
        [36m<div[31m
          [33mstyle[31m=[32m"position: relative;"[31m
        [36m>[31m
          [36m<img[31m
            [33malt[31m=[32m"TestUser"[31m
            [33msrc[31m=[32m"/avatar.png"[31m
            [33mstyle[31m=[32m"width: 32px; height: 32px; border-radius: 50%; object-fit: cover;"[31m
          [36m/>[31m
          [36m<div[31m
            [33mstyle[31m=[32m"position: absolute; bottom: -2px; right: -2px; width: 16px; height: 16px; border-radius: 50%; background-color: rgb(35, 165, 89); border: 2px solid rgb(35, 36, 40); display: flex; align-items: center; justify-content: center; font-size: 8px;"[31m
          [36m>[31m
            [0m≡ƒÄñ[0m
          [36m</div>[31m
        [36m</div>[31m
        [36m<div[31m
          [33mstyle[31m=[32m"flex: 1 1 0%; overflow: hidden;"[31m
        [36m>[31m
          [36m<div[31m
            [33mstyle[31m=[32m"color: rgb(35, 165, 89); font-weight: bold; font-size: 0.8em;"[31m
          [36m>[31m
            [0mvoiceControl.connected[0m
          [36m</div>[31m
          [36m<div[31m
            [33mstyle[31m=[32m"font-size: 0.7em; color: rgb(181, 186, 193); white-space: nowrap; overflow: hidden; text-overflow: ellipsis;"[31m
          [36m>[31m
            [0mGeneral[0m
          [36m</div>[31m
        [36m</div>[31m
      [36m</div>[31m
      [36m<div[31m
        [33mstyle[31m=[32m"display: flex; justify-content: space-between; gap: 5px;"[31m
      [36m>[31m
        [36m<button[31m
          [33maria-label[31m=[32m"voiceControl.cameraOn"[31m
          [33maria-pressed[31m=[32m"false"[31m
          [33mstyle[31m=[32m"flex: 1 1 0%; background: rgb(17, 18, 20); border: medium; color: white; padding: 8px; border-radius: 4px; cursor: pointer; display: flex; align-items: center; justify-content: center; transition: all 0.2s;"[31m
          [33mtitle[31m=[32m"voiceControl.cameraOn"[31m
        [36m>[31m
          [36m<svg[31m
            [33mfill[31m=[32m"currentColor"[31m
            [33mheight[31m=[32m"16"[31m
            [33mstroke[31m=[32m"currentColor"[31m
            [33mstroke-width[31m=[32m"0"[31m
            [33mviewBox[31m=[32m"0 0 640 512"[31m
            [33mwidth[31m=[32m"16"[31m
            [33mxmlns[31m=[32m"http://www.w3.org/2000/svg"[31m
          [36m>[31m
            [36m<path[31m
              [33md[31m=[32m"M633.8 458.1l-55-42.5c15.4-1.4 29.2-13.7 29.2-31.1v-257c0-25.5-29.1-40.4-50.4-25.8L448 177.3v137.2l-32-24.7v-178c0-26.4-21.4-47.8-47.8-47.8H123.9L45.5 3.4C38.5-2 28.5-.8 23 6.2L3.4 31.4c-5.4 7-4.2 17 2.8 22.4L42.7 82 416 370.6l178.5 138c7 5.4 17 4.2 22.5-2.8l19.6-25.3c5.5-6.9 4.2-17-2.8-22.4zM32 400.2c0 26.4 21.4 47.8 47.8 47.8h288.4c11.2 0 21.4-4 29.6-10.5L32 154.7v245.5z"[31m
            [36m/>[31m
          [36m</svg>[31m
        [36m</button>[31m
        [36m<button[31m
          [33maria-label[31m=[32m"voiceControl.shareScreen"[31m
          [33maria-pressed[31m=[32m"false"[31m
          [33mstyle[31m=[32m"flex: 1 1 0%; background: rgb(17, 18, 20); border: medium; color: white; padding: 8px; border-radius: 4px; cursor: pointer; display: flex; align-items: center; justify-content: center; transition: all 0.2s;"[31m
          [33mtitle[31m=[32m"voiceControl.shareScreen"[31m
        [36m>[31m
          [36m<svg[31m
            [33mfill[31m=[32m"currentColor"[31m
            [33mheight[31m=[32m"16"[31m
            [33mstroke[31m=[32m"currentColor"[31m
            [33mstroke-width[31m=[32m"0"[31m
            [33mviewBox[31m=[32m"0 0 576 512"[31m
            [33mwidth[31m=[32m"16"[31m
            [33mxmlns[31m=[32m"http://www.w3.org/2000/svg"[31m
          [36m>[31m
            [36m<path[31m
              [33md[31m=[32m"M528 0H48C21.5 0 0 21.5 0 48v320c0 26.5 21.5 48 48 48h192l-16 48h-72c-13.3 0-24 10.7-24 24s10.7 24 24 24h272c13.3 0 24-10.7 24-24s-10.7-24-24-24h-72l-16-48h192c26.5 0 48-21.5 48-48V48c0-26.5-21.5-48-48-48zm-16 352H64V64h448v288z"[31m
            [36m/>[31m
          [36m</svg>[31m
        [36m</button>[31m
        [36m<button[31m
          [33maria-label[31m=[32m"voiceControl.mute"[31m
          [33maria-pressed[31m=[32m"false"[31m
          [33mstyle[31m=[32m"flex: 1 1 0%; background: rgb(17, 18, 20); border: medium; color: white; padding: 8px; border-radius: 4px; cursor: pointer; display: flex; align-items: center; justify-content: center; transition: all 0.2s;"[31m
          [33mtitle[31m=[32m"voiceControl.mute"[31m
        [36m>[31m
          [36m<svg[31m
            [33mfill[31m=[32m"currentColor"[31m
            [33mheight[31m=[32m"16"[31m
            [33mstroke[31m=[32m"currentColor"[31m
            [33mstroke-width[31m=[32m"0"[31m
            [33mviewBox[31m=[32m"0 0 352 512"[31m
            [33mwidth[31m=[32m"16"[31m
            [33mxmlns[31m=[32m"http://www.w3.org/2000/svg"[31m
          [36m>[31m
            [36m<path[31m
              [33md[31m=[32m"M176 352c53.02 0 96-42.98 96-96V96c0-53.02-42.98-96-96-96S80 42.98 80 96v160c0 53.02 42.98 96 96 96zm160-160h-16c-8.84 0-16 7.16-16 16v48c0 74.8-64.49 134.82-140.79 127.38C96.71 376.89 48 317.11 48 250.3V208c0-8.84-7.16-16-16-16H16c-8.84 0-16 7.16-16 16v40.16c0 89.64 63.97 169.55 152 181.69V464H96c-8.84 0-16 7.16-16 16v16c0 8.84 7.16 16 16 16h160c8.84 0 16-7.16 16-16v-16c0-8.84-7.16-16-16-16h-56v-33.77C285.71 418.47 352 344.9 352 256v-48c0-8.84-7.16-16-16-16z"[31m
            [36m/>[31m
          [36m</svg>[31m
        [36m</button>[31m
        [36m<button[31m
          [33maria-label[31m=[32m"voiceControl.deafen"[31m
          [33maria-pressed[31m=[32m"false"[31m
          [33mstyle[31m=[32m"flex: 1 1 0%; background: rgb(17, 18, 20); border: medium; color: white; padding: 8px; border-radius: 4px; cursor: pointer; display: flex; align-items: center; justify-content: center; transition: all 0.2s;"[31m
          [33mtitle[31m=[32m"voiceControl.deafen"[31m
        [36m>[31m
          [36m<svg[31m
            [33mfill[31m=[32m"currentColor"[31m
            [33mheight[31m=[32m"16"[31m
            [33mstroke[31m=[32m"currentColor"[31m
            [33mstroke-width[31m=[32m"0"[31m
            [33mviewBox[31m=[32m"0 0 512 512"[31m
            [33mwidth[31m=[32m"16"[31m
            [33mxmlns[31m=[32m"http://www.w3.org/2000/svg"[31m
          [36m>[31m
            [36m<path[31m
              [33md[31m=[32m"M256 32C114.52 32 0 146.496 0 288v48a32 32 0 0 0 17.689 28.622l14.383 7.191C34.083 431.903 83.421 480 144 480h24c13.255 0 24-10.745 24-24V280c0-13.255-10.745-24-24-24h-24c-31.342 0-59.671 12.879-80 33.627V288c0-105.869 86.131-192 192-192s192 86.131 192 192v1.627C427.671 268.879 399.342 256 368 256h-24c-13.255 0-24 10.745-24 24v176c0 13.255 10.745 24 24 24h24c60.579 0 109.917-48.098 111.928-108.187l14.382-7.191A32 32 0 0 0 512 336v-48c0-141.479-114.496-256-256-256z"[31m
            [36m/>[31m
          [36m</svg>[31m
        [36m</button>[31m
        [36m<button[31m
          [33maria-label[31m=[32m"voiceControl.settings"[31m
          [33mstyle[31m=[32m"flex: 1 1 0%; background: rgb(17, 18, 20); border: medium; color: white; padding: 8px; border-radius: 4px; cursor: pointer; display: flex; align-items: center; justify-content: center; transition: all 0.2s;"[31m
          [33mtitle[31m=[32m"voiceControl.settings"[31m
        [36m>[31m
          [36m<svg[31m
            [33mfill[31m=[32m"currentColor"[31m
            [33mheight[31m=[32m"16"[31m
            [33mstroke[31m=[32m"currentColor"[31m
            [33mstroke-width[31m=[32m"0"[31m
            [33mviewBox[31m=[32m"0 0 512 512"[31m
            [33mwidth[31m=[32m"16"[31m
            [33mxmlns[31m=[32m"http://www.w3.org/2000/svg"[31m
          [36m>[31m
            [36m<path[31m
              [33md[31m=[32m"M487.4 315.7l-42.6-24.6c4.3-23.2 4.3-47 0-70.2l42.6-24.6c4.9-2.8 7.1-8.6 5.5-14-11.1-35.6-30-67.8-54.7-94.6-3.8-4.1-10-5.1-14.8-2.3L380.8 110c-17.9-15.4-38.5-27.3-60.8-35.1V25.8c0-5.6-3.9-10.5-9.4-11.7-36.7-8.2-74.3-7.8-109.2 0-5.5 1.2-9.4 6.1-9.4 11.7V75c-22.2 7.9-42.8 19.8-60.8 35.1L88.7 85.5c-4.9-2.8-11-1.9-14.8 2.3-24.7 26.7-43.6 58.9-54.7 94.6-1.7 5.4.6 11.2 5.5 14L67.3 221c-4.3 23.2-4.3 47 0 70.2l-42.6 24.6c-4.9 2.8-7.1 8.6-5.5 14 11.1 35.6 30 67.8 54.7 94.6 3.8 4.1 10 5.1 14.8 2.3l42.6-24.6c17.9 15.4 38.5 27.3 60.8 35.1v49.2c0 5.6 3.9 10.5 9.4 11.7 36.7 8.2 74.3 7.8 109.2 0 5.5-1.2 9.4-6.1 9.4-11.7v-49.2c22.2-7.9 42.8-19.8 60.8-35.1l42.6 24.6c4.9 2.8 11 1.9 14.8-2.3 24.7-26.7 43.6-58.9 54.7-94.6 1.5-5.5-.7-11.3-5.6-14.1zM256 336c-44.1 0-80-35.9-80-80s35.9-80 80-80 80 35.9 80 80-35.9 80-80 80z"[31m
            [36m/>[31m
          [36m</svg>[31m
        [36m</button>[31m
        [36m<button[31m
          [33maria-label[31m=[32m"voiceControl.leave"[31m
          [33mstyle[31m=[32m"flex: 1 1 0%; background: rgb(218, 55, 60); border: medium; color: white; padding: 8px; border-radius: 4px; cursor: pointer; display: flex; align-items: center; justify-content: center; transition: all 0.2s;"[31m
          [33mtitle[31m=[32m"voiceControl.leave"[31m
        [36m>[31m
          [36m<svg[31m
            [33mfill[31m=[32m"currentColor"[31m
            [33mheight[31m=[32m"16"[31m
            [33mstroke[31m=[32m"currentColor"[31m
            [33mstroke-width[31m=[32m"0"[31m
            [33mviewBox[31m=[32m"0 0 640 512"[31m
            [33mwidth[31m=[32m"16"[31m
            [33mxmlns[31m=[32m"http://www.w3.org/2000/svg"[31m
          [36m>[31m
            [36m<path[31m
              [33md[31m=[32m"M268.2 381.4l-49.6-60.6c-6.8-8.3-18.2-11.1-28-6.9l-112 48c-10.7 4.6-16.5 16.1-13.9 27.5l24 104c2.5 10.8 12.1 18.6 23.4 18.6 100.7 0 193.7-32.4 269.7-86.9l-80-61.8c-10.9 6.5-22.1 12.7-33.6 18.1zm365.6 76.7L475.1 335.5C537.9 256.4 576 156.9 576 48c0-11.2-7.7-20.9-18.6-23.4l-104-24c-11.3-2.6-22.9 3.3-27.5 13.9l-48 112c-4.2 9.8-1.4 21.3 6.9 28l60.6 49.6c-12.2 26.1-27.9 50.3-46 72.8L45.5 3.4C38.5-2 28.5-.8 23 6.2L3.4 31.4c-5.4 7-4.2 17 2.8 22.4l588.4 454.7c7 5.4 17 4.2 22.5-2.8l19.6-25.3c5.4-6.8 4.1-16.9-2.9-22.3z"[31m
            [36m/>[31m
          [36m</svg>[31m
        [36m</button>[31m
      [36m</div>[31m
    [36m</div>[31m
  [36m</div>[31m
[36m</body>[31m[39m
[90mstderr[2m | src/__tests__/components/PremiumStoreModal.test.jsx[2m > [2
2m[2mPremiumStoreModal Orchestrator[2m > [22m[2mshould switch to store tab 
on click
[22m[39mAn update to PremiumStoreModal inside a test was not wrapped in act(.
..).

When testing, code that causes React state updates should be wrapped into act(.
..):

act(() => {
  /* fire events that update state */
});
/* assert on the output */

This ensures that you're testing the behavior the user would see in the browser
. Learn more at https://react.dev/link/wrap-tests-with-act
An update to PremiumStoreModal inside a test was not wrapped in act(...).

When testing, code that causes React state updates should be wrapped into act(.
..):

act(() => {
  /* fire events that update state */
});
/* assert on the output */

This ensures that you're testing the behavior the user would see in the browser
. Learn more at https://react.dev/link/wrap-tests-with-act
An update to PremiumStoreModal inside a test was not wrapped in act(...).

When testing, code that causes React state updates should be wrapped into act(.
..):

act(() => {
  /* fire events that update state */
});
/* assert on the output */

This ensures that you're testing the behavior the user would see in the browser
. Learn more at https://react.dev/link/wrap-tests-with-act
An update to PremiumStoreModal inside a test was not wrapped in act(...).

When testing, code that causes React state updates should be wrapped into act(.
..):

act(() => {
  /* fire events that update state */
});
/* assert on the output */

This ensures that you're testing the behavior the user would see in the browser
. Learn more at https://react.dev/link/wrap-tests-with-act

 [32mΓ£ô[39m src/__tests__/components/PremiumStoreModal.test.jsx[2m > [22mPremiumStoreModal Orchestrator[2m > [22mshould render premium tab by default[32m 154[2mms[22m[39m
 [31m├ù[39m src/__tests__/a11y/extendedA11y.test.jsx[2m > [22mAccessibility - Critical Components[2m > [22mErrorBoundary fallback has no a11y violations[33m 486[2mms[22m[39m
[31m   ΓåÆ [vitest] No "withTranslation" export is defined on the "react-i18next" mock. Did you forget to return it from "vi.mock"?
If you need to partially mock a module, you can use "importOriginal" helper inside:
[39m
 [32mΓ£ô[39m src/__tests__/a11y/extendedA11y.test.jsx[2m > [22mAccessibility - Critical Components[2m > [22mSuspenseWithBoundary has no a11y violations[32m 37[2mms[22m[39m
 [32mΓ£ô[39m src/__tests__/components/ServerDiscovery.test.jsx[2m > [22mSearch / filter[2m > [22m"all" category shows everything[32m 106[2mms[22m[39m
 [32mΓ£ô[39m src/__tests__/components/ServerDiscovery.test.jsx[2m > [22mJoin server flow[2m > [22mcalls onJoin when join button clicked[32m 62[2mms[22m[39m
 [32mΓ£ô[39m src/__tests__/a11y/accessibility.test.jsx[2m > [22mAccessibility: Core Components[2m > [22mTypingIndicatorEnhanced has no critical a11y violations[32m 66[2mms[22m[39m
 [32mΓ£ô[39m src/__tests__/a11y/accessibility.test.jsx[2m > [22mAccessibility: Core Components[2m > [22mRouteErrorBoundary has no critical a11y violations[32m 53[2mms[22m[39m
 [32mΓ£ô[39m src/__tests__/components/MessageInput.advanced.test.jsx[2m > [22mSlash commands[2m > [22mcalls onSlashCommand for /giphy[32m 272[2mms[22m[39m
[90mstderr[2m | src/__tests__/components/PremiumStoreModal.test.jsx[2m > [2
2m[2mPremiumStoreModal Orchestrator[2m > [22m[2mshould switch to boost tab 
on click
[22m[39mAn update to PremiumStoreModal inside a test was not wrapped in act(.
..).

When testing, code that causes React state updates should be wrapped into act(.
..):

act(() => {
  /* fire events that update state */
});
/* assert on the output */

This ensures that you're testing the behavior the user would see in the browser
. Learn more at https://react.dev/link/wrap-tests-with-act
An update to PremiumStoreModal inside a test was not wrapped in act(...).

When testing, code that causes React state updates should be wrapped into act(.
..):

act(() => {
  /* fire events that update state */
});
/* assert on the output */

This ensures that you're testing the behavior the user would see in the browser
. Learn more at https://react.dev/link/wrap-tests-with-act
An update to PremiumStoreModal inside a test was not wrapped in act(...).

When testing, code that causes React state updates should be wrapped into act(.
..):

act(() => {
  /* fire events that update state */
});
/* assert on the output */

This ensures that you're testing the behavior the user would see in the browser
. Learn more at https://react.dev/link/wrap-tests-with-act
An update to PremiumStoreModal inside a test was not wrapped in act(...).

When testing, code that causes React state updates should be wrapped into act(.
..):

act(() => {
  /* fire events that update state */
});
/* assert on the output */

This ensures that you're testing the behavior the user would see in the browser
. Learn more at https://react.dev/link/wrap-tests-with-act

[90mstderr[2m | src/__tests__/components/PremiumStoreModal.test.jsx[2m > [2
2m[2mPremiumStoreModal Orchestrator[2m > [22m[2mshould pass styles and hand
lePurchase to PremiumTab
[22m[39mAn update to PremiumStoreModal inside a test was not wrapped in act(.
..).

When testing, code that causes React state updates should be wrapped into act(.
..):

act(() => {
  /* fire events that update state */
});
/* assert on the output */

This ensures that you're testing the behavior the user would see in the browser
. Learn more at https://react.dev/link/wrap-tests-with-act
An update to PremiumStoreModal inside a test was not wrapped in act(...).

When testing, code that causes React state updates should be wrapped into act(.
..):

act(() => {
  /* fire events that update state */
});
/* assert on the output */

This ensures that you're testing the behavior the user would see in the browser
. Learn more at https://react.dev/link/wrap-tests-with-act
An update to PremiumStoreModal inside a test was not wrapped in act(...).

When testing, code that causes React state updates should be wrapped into act(.
..):

act(() => {
  /* fire events that update state */
});
/* assert on the output */

This ensures that you're testing the behavior the user would see in the browser
. Learn more at https://react.dev/link/wrap-tests-with-act
An update to PremiumStoreModal inside a test was not wrapped in act(...).

When testing, code that causes React state updates should be wrapped into act(.
..):

act(() => {
  /* fire events that update state */
});
/* assert on the output */

This ensures that you're testing the behavior the user would see in the browser
. Learn more at https://react.dev/link/wrap-tests-with-act

 [32mΓ£ô[39m src/__tests__/components/ServerDiscovery.test.jsx[2m > [22mJoin server flow[2m > [22mdisables join button after joining[32m 61[2mms[22m[39m
 [32mΓ£ô[39m src/__tests__/components/ServerDiscovery.test.jsx[2m > [22mJoin server flow[2m > [22mshows "Joined" after joining[32m 74[2mms[22m[39m
[90mstderr[2m | src/__tests__/components/PremiumStoreModal.test.jsx[2m > [2
2m[2mPremiumStoreModal Orchestrator[2m > [22m[2mshould call onClose when cl
ose button is clicked
[22m[39mAn update to PremiumStoreModal inside a test was not wrapped in act(.
..).

When testing, code that causes React state updates should be wrapped into act(.
..):

act(() => {
  /* fire events that update state */
});
/* assert on the output */

This ensures that you're testing the behavior the user would see in the browser
. Learn more at https://react.dev/link/wrap-tests-with-act
An update to PremiumStoreModal inside a test was not wrapped in act(...).

When testing, code that causes React state updates should be wrapped into act(.
..):

act(() => {
  /* fire events that update state */
});
/* assert on the output */

This ensures that you're testing the behavior the user would see in the browser
. Learn more at https://react.dev/link/wrap-tests-with-act
An update to PremiumStoreModal inside a test was not wrapped in act(...).

When testing, code that causes React state updates should be wrapped into act(.
..):

act(() => {
  /* fire events that update state */
});
/* assert on the output */

This ensures that you're testing the behavior the user would see in the browser
. Learn more at https://react.dev/link/wrap-tests-with-act
An update to PremiumStoreModal inside a test was not wrapped in act(...).

When testing, code that causes React state updates should be wrapped into act(.
..):

act(() => {
  /* fire events that update state */
});
/* assert on the output */

This ensures that you're testing the behavior the user would see in the browser
. Learn more at https://react.dev/link/wrap-tests-with-act

 [31m├ù[39m src/__tests__/components/PremiumStoreModal.test.jsx[2m > [22mPremiumStoreModal Orchestrator[2m > [22mshould switch to store tab on click[33m 337[2mms[22m[39m
[31m   ΓåÆ Unable to fire a "click" event - please provide a DOM element.[39m
 [31m├ù[39m src/__tests__/components/PremiumStoreModal.test.jsx[2m > [22mPremiumStoreModal Orchestrator[2m > [22mshould switch to boost tab on click[32m 70[2mms[22m[39m
[31m   ΓåÆ Unable to find an element with the text: /Server Boost/. This could be because the text is broken up by multiple elements. In this case, you can provide a function for your text matcher to make your matcher more flexible.

Ignored nodes: comments, script, style
[36m<body>[31m
  [36m<div>[31m
    [36m<div[31m
      [33mrole[31m=[32m"presentation"[31m
      [33mstyle[31m=[32m"position: fixed; top: 0px; left: 0px; right: 0px; bottom: 0px; background-color: rgba(0, 0, 0, 0.85); display: flex; align-items: center; justify-content: center; z-index: 10000; padding: 20px;"[31m
    [36m>[31m
      [36m<div[31m
        [33maria-label[31m=[32m"premium.premiumStore"[31m
        [33maria-modal[31m=[32m"true"[31m
        [33mrole[31m=[32m"dialog"[31m
        [33mstyle[31m=[32m"background-color: rgb(17, 18, 20); border-radius: 16px; width: 90%; max-width: 1200px; max-height: 90vh; display: flex; flex-direction: column; box-shadow: 0 20px 60px rgba(0, 0, 0, 0.5); overflow: hidden;"[31m
      [36m>[31m
        [36m<div[31m
          [33mstyle[31m=[32m"padding: 20px 24px; border-bottom: 1px solid rgba(255, 255, 255, 0.1); display: flex; justify-content: space-between; align-items: center;"[31m
        [36m>[31m
          [36m<div[31m
            [33mstyle[31m=[32m"display: flex; align-items: center;"[31m
          [36m>[31m
            [36m<svg[31m
              [33mfill[31m=[32m"currentColor"[31m
              [33mheight[31m=[32m"1em"[31m
              [33mstroke[31m=[32m"currentColor"[31m
              [33mstroke-width[31m=[32m"0"[31m
              [33mstyle[31m=[32m"color: rgb(240, 178, 50); margin-right: 10px;"[31m
              [33mviewBox[31m=[32m"0 0 640 512"[31m
              [33mwidth[31m=[32m"1em"[31m
              [33mxmlns[31m=[32m"http://www.w3.org/2000/svg"[31m
            [36m>[31m
              [36m<path[31m
                [33md[31m=[32m"M528 448H112c-8.8 0-16 7.2-16 16v32c0 8.8 7.2 16 16 16h416c8.8 0 16-7.2 16-16v-32c0-8.8-7.2-16-16-16zm64-320c-26.5 0-48 21.5-48 48 0 7.1 1.6 13.7 4.4 19.8L476 239.2c-15.4 9.2-35.3 4-44.2-11.6L350.3 85C361 76.2 368 63 368 48c0-26.5-21.5-48-48-48s-48 21.5-48 48c0 15 7 28.2 17.7 37l-81.5 142.6c-8.9 15.6-28.9 20.8-44.2 11.6l-72.3-43.4c2.7-6 4.4-12.7 4.4-19.8 0-26.5-21.5-48-48-48S0 149.5 0 176s21.5 48 48 48c2.6 0 5.2-.4 7.7-.8L128 416h384l72.3-192.8c2.5.4 5.1.8 7.7.8 26.5 0 48-21.5 48-48s-21.5-48-48-48z"[31m
              [36m/>[31m
            [36m</svg>[31m
            [36m<h2[31m
              [33mstyle[31m=[32m"margin: 0px; color: rgb(255, 255, 255); font-size: 24px; font-weight: bold;"[31m
            [36m>[31m
              [0mPremium Store[0m
            [36m</h2>[31m
          [36m</div>[31m
          [36m<div[31m
            [33mclass[31m=[32m"flex-align-12"[31m
          [36m>[31m
            [36m<div[31m
              [33mrole[31m=[32m"button"[31m
              [33mstyle[31m=[32m"background: linear-gradient(135deg, rgb(240, 178, 50) 0%, rgb(199, 145, 0) 100%); padding: 8px 16px; border-radius: 20px; display: flex; align-items: center; gap: 6px; cursor: pointer;"[31m
              [33mtabindex[31m=[32m"0"[31m
              [33mtitle[31m=[32m"premium.buyCoins"[31m
            [36m>[31m
              [36m<span[31m
                [33mclass[31m=[32m"fs-18"[31m
              [36m>[31m
                [0m≡ƒÆ░[0m
              [36m</span>[31m
              [36m<span[31m
                [33mstyle[31m=[32m"font-weight: bold; color: rgb(0, 0, 0); font-size: 14px;"[31m
              [36m>[31m
                [0m0[0m
              [36m</span>[31m
            [36m</div>[31m
            [36m<button[31m
              [33maria-label[31m=[32m"Close"[31m
              [33mstyle[31m=[32m"background: none; border: medium; color: rgb(181, 186, 193); font-size: 24px; cursor: pointer; padding: 8px; transition: color 0.2s;"[31m
            [36m>[31m
              [36m<svg[31m
                [33mfill[31m=[32m"currentColor"[31m
                [33mheight[31m=[32m"1em"[31m
                [33mstroke[31m=[32m"currentColor"[31m
                [33mstroke-width[31m=[32m"0"[31m
                [33mviewBox[31m=[32m"0 0 352 512"[31m
                [33mwidth[31m=[32m"1em"[31m
                [33mxmlns[31m=[32m"http://www.w3.org/2000/svg"[31m
              [36m>[31m
                [36m<path[31m
                  [33md[31m=[32m"M242.72 256l100.07-100.07c12.28-12.28 12.28-32.19 0-44.48l-22.24-22.24c-12.28-12.28-32.19-12.28-44.48 0L176 189.28 75.93 89.21c-12.28-12.28-32.19-12.28-44.48 0L9.21 111.45c-12.28 12.28-12.28 32.19 0 44.48L109.28 256 9.21 356.07c-12.28 12.28-12.28 32.19 0 44.48l22.24 22.24c12.28 12.28 32.2 12.28 44.48 0L176 322.72l100.07 100.07c12.28 12.28 32.2 12.28 44.48 0l22.24-22.24c12.28-12.28 12.28-32.19 0-44.48L242.72 256z"[31m
                [36m/>[31m
              [36m</svg>[31m
            [36m</button>[31m
          [36m</div>[31m
        [36m</div>[31m
        [36m<div[31m
          [33mstyle[31m=[32m"display: flex; padding: 0px 24px; border-bottom: 1px solid rgba(255, 255, 255, 0.1); gap: 8px;"[31m
        [36m>[31m
          [36m<button[31m
            [33maria-label[31m=[32m"premium.premium"[31m
            [33mstyle[31m=[32m"background: none; border-width: medium medium 2px; border-style: none none solid; border-color: currentcolor currentcolor rgb(88, 101, 242); border-image: none; color: rgb(255, 255, 255); padding: 12px 20px; cursor: pointer; font-size: 14px; font-weight: 600; display: flex; align-items: center; gap: 8px; transition: all 0.2s;"[31m
          [36m>[31m
            [36m<svg[31m
              [33mfill[31m=[32m"currentColor"[31m
              [33mheight[31m=[32m"1em"[31m
              [33mstroke[31m=[32m"currentColor"[31m
              [33mstroke-width[31m=[32m"0"[31m
              [33mviewBox[31m=[32m"0 0 640 512"[31m
              [33mwidth[31m=[32m"1em"[31m
              [33mxmlns[31m=[32m"http://www.w3.org/2000/svg"[31m
            [36m>[31m
              [36m<path[31m
                [33md[31m=[32m"M528 448H112c-8.8 0-16 7.2-16 16v32c0 8.8 7.2 16 16 16h416c8.8 0 16-7.2 16-16v-32c0-8.8-7.2-16-16-16zm64-320c-26.5 0-48 21.5-48 48 0 7.1 1.6 13.7 4.4 19.8L476 239.2c-15.4 9.2-35.3 4-44.2-11.6L350.3 85C361 76.2 368 63 368 48c0-26.5-21.5-48-48-48s-48 21.5-48 48c0 15 7 28.2 17.7 37l-81.5 142.6c-8.9 15.6-28.9 20.8-44.2 11.6l-72.3-43.4c2.7-6 4.4-12.7 4.4-19.8 0-26.5-21.5-48-48-48S0 149.5 0 176s21.5 48 48 48c2.6 0 5.2-.4 7.7-.8L128 416h384l72.3-192.8c2.5.4 5.1.8 7.7.8 26.5 0 48-21.5 48-48s-21.5-48-48-48z"[31m
              [36m/>[31m
            [36m</svg>[31m
            [0m [0m
            [0mpremium.premium[0m
          [36m</button>[31m
          [36m<button[31m
            [33maria-label[31m=[32m"premium.store"[31m
            [33mstyle[31m=[32m"background: none; border-width: medium medium 2px; border-style: none none solid; border-color: currentcolor currentcolor transparent; border-image: none; color: rgb(181, 186, 193); padding: 12px 20px; cursor: pointer; font-size: 14px; font-weight: 600; display: flex; align-items: center; gap: 8px; transition: all 0.2s;"[31m
          [36m>[31m
            [36m<svg[31m
              [33mfill[31m=[32m"currentColor"[31m
              [33mheight[31m=[32m"1em"[31m
              [33mstroke[31m=[32m"currentColor"[31m
              [33mstroke-width[31m=[32m"0"[31m
              [33mviewBox[31m=[32m"0 0 576 512"[31m
              [33mwidth[31m=[32m"1em"[31m
              [33mxmlns[31m=[32m"http://www.w3.org/2000/svg"[31m
            [36m>[31m
              [36m<path[31m
                [33md[31m=[32m"M528.12 301.319l47.273-208C578.806 78.301 567.391 64 551.99 64H159.208l-9.166-44.81C147.758 8.021 137.93 0 126.529 0H24C10.745 0 0 10.745 0 24v16c0 13.255 10.745 24 24 24h69.883l70.248 343.435C147.325 417.1 136 435.222 136 456c0 30.928 25.072 56 56 56s56-25.072 56-56c0-15.674-6.447-29.835-16.824-40h209.647C430.447 426.165 424 440.326 424 456c0 30.928 25.072 56 56 56s56-25.072 56-56c0-22.172-12.888-41.332-31.579-50.405l5.517-24.276c3.413-15.018-8.002-29.319-23.403-29.319H218.117l-6.545-32h293.145c11.206 0 20.92-7.754 23.403-18.681z"[31m
              [36m/>[31m
            [36m</svg>[31m
            [0m [0m
            [0mpremium.store[0m
          [36m</button>[31m
          [36m<button[31m
            [33maria-label[31m=[32m"premium.serverBoost"[31m
            [33mstyle[31m=[32m"background: none; border-width: medium medium 2px; border-style: none none solid; border-color: currentcolor currentcolor transparent; border-image: none; color: rgb(181, 186, 193); padding: 12px 20px; cursor: pointer; font-size: 14px; font-weight: 600; display: flex; align-items: center; gap: 8px; transition: all 0.2s;"[31m
          [36m>[31m
            [36m<svg[31m
              [33mfill[31m=[32m"currentColor"[31m
              [33mheight[31m=[32m"1em"[31m
              [33mstroke[31m=[32m"currentColor"[31m
              [33mstroke-width[31m=[32m"0"[31m
              [33mviewBox[31m=[32m"0 0 512 512"[31m
              [33mwidth[31m=[32m"1em"[31m
              [33mxmlns[31m=[32m"http://www.w3.org/2000/svg"[31m
            [36m>[31m
              [36m<path[31m
[90mstderr[2m | src/__tests__/components/criticalComponents.test.jsx[2m > [
22m[2mConfirmModal[2m > [22m[2mcalls onConfirm when confirm button clicked
[22m[39mConfirm action failed: TypeError: onClose is not a function
    at handleConfirm (C:/Users/Eastkhan/Software/JavaScript/PAWSCORD/frontend/s
rc/components/shared/ConfirmModal.js:68:13)
An update to ConfirmModal inside a test was not wrapped in act(...).

When testing, code that causes React state updates should be wrapped into act(.
..):

act(() => {
  /* fire events that update state */
});
/* assert on the output */

This ensures that you're testing the behavior the user would see in the browser
. Learn more at https://react.dev/link/wrap-tests-with-act
                [33md[31m=[32m"M505.12019,19.09375c-1.18945-5.53125-6.65819-11-12.207-12.1875C460.716,0,435.507,0,410.40747,0,307.17523,0,245.26909,55.20312,199.05238,128H94.83772c-16.34763.01562-35.55658,11.875-42.88664,26.48438L2.51562,253.29688A28.4,28.4,0,0,0,0,264a24.00867,24.00867,0,0,0,24.00582,24H127.81618l-22.47457,22.46875c-11.36521,11.36133-12.99607,32.25781,0,45.25L156.24582,406.625c11.15623,11.1875,32.15619,13.15625,45.27726,0l22.47457-22.46875V488a24.00867,24.00867,0,0,0,24.00581,24,28.55934,28.55934,0,0,0,10.707-2.51562l98.72834-49.39063c14.62888-7.29687,26.50776-26.5,26.50776-42.85937V312.79688c72.59753-46.3125,128.03493-108.40626,128.03493-211.09376C512.07526,76.5,512.07526,51.29688,505.12019,19.09375ZM384.04033,168A40,40,0,1,1,424.05,128,40.02322,40.02322,0,0,1,384.04033,168Z"[31m

              [36m/>[31m
            [36m</svg>[31m
            [0m [0m
            [0mpremium.serverBoost[0m
          [36m</button>[31m
        [36m</div>[31m
        [36m<div[31m
          [33mstyle[31m=[32m"flex: 1 1 0%; overflow-y: auto; padding: 24px;"[31m
        [36m>[31m
          [36m<div[31m
            [33mdata-has-purchase[31m=[32m"true"[31m
            [33mdata-has-styles[31m=[32m"true"[31m
            [33mdata-testid[31m=[32m"premium-tab"[31m
          [36m/>[31m
        [36m</div>[31m
      [36m</div>[31m
    [36m</div>[31m
  [36m</div>[31m
[36m</body>[31m[39m
 [32mΓ£ô[39m src/__tests__/components/PremiumStoreModal.test.jsx[2m > [22mPremiumStoreModal Orchestrator[2m > [22mshould pass styles and handlePurchase to PremiumTab[32m 24[2mms[22m[39m
 [32mΓ£ô[39m src/__tests__/components/criticalComponents.test.jsx[2m > [22mConfirmModal[2m > [22mrenders with title and message[32m 197[2mms[22m[39m
 [32mΓ£ô[39m src/__tests__/a11y/accessibility.test.jsx[2m > [22mAccessibility: Interactive Components[2m > [22mbuttons are keyboard accessible[32m 54[2mms[22m[39m
 [32mΓ£ô[39m src/__tests__/a11y/accessibility.test.jsx[2m > [22mAccessibility: Interactive Components[2m > [22mform elements have labels[32m 46[2mms[22m[39m
 [32mΓ£ô[39m src/__tests__/a11y/accessibility.test.jsx[2m > [22mAccessibility: Interactive Components[2m > [22mdialog pattern is accessible[32m 30[2mms[22m[39m
 [32mΓ£ô[39m src/__tests__/components/criticalComponents.test.jsx[2m > [22mConfirmModal[2m > [22mcalls onConfirm when confirm button clicked[32m 208[2mms[22m[39m
 [32mΓ£ô[39m src/__tests__/components/criticalComponents.test.jsx[2m > [22mConfirmModal[2m > [22mdoes not render when isOpen is false[32m 2[2mms[22m[39m
 [32mΓ£ô[39m src/__tests__/components/criticalComponents.test.jsx[2m > [22mConnectionStatusBanner[2m > [22mrenders without crashing[32m 38[2mms[22m[39m
 [32mΓ£ô[39m src/__tests__/components/criticalComponents.test.jsx[2m > [22mSuspenseWithBoundary[2m > [22mrenders children inside suspense boundary[32m 6[2mms[22m[39m
[90mstderr[2m | src/__tests__/components/PremiumStoreModal.test.jsx[2m > [2
2m[2mPremiumStoreModal Orchestrator[2m > [22m[2mshould render header with P
remium Magaza title
[22m[39mAn update to PremiumStoreModal inside a test was not wrapped in act(.
..).

When testing, code that causes React state updates should be wrapped into act(.
..):

act(() => {
  /* fire events that update state */
});
/* assert on the output */

This ensures that you're testing the behavior the user would see in the browser
. Learn more at https://react.dev/link/wrap-tests-with-act
An update to PremiumStoreModal inside a test was not wrapped in act(...).

When testing, code that causes React state updates should be wrapped into act(.
..):

act(() => {
  /* fire events that update state */
});
/* assert on the output */

This ensures that you're testing the behavior the user would see in the browser
. Learn more at https://react.dev/link/wrap-tests-with-act
An update to PremiumStoreModal inside a test was not wrapped in act(...).

When testing, code that causes React state updates should be wrapped into act(.
..):

act(() => {
  /* fire events that update state */
});
/* assert on the output */

This ensures that you're testing the behavior the user would see in the browser
. Learn more at https://react.dev/link/wrap-tests-with-act
An update to PremiumStoreModal inside a test was not wrapped in act(...).

When testing, code that causes React state updates should be wrapped into act(.
..):

act(() => {
  /* fire events that update state */
});
/* assert on the output */

This ensures that you're testing the behavior the user would see in the browser
. Learn more at https://react.dev/link/wrap-tests-with-act

 [32mΓ£ô[39m src/__tests__/components/MessageInput.advanced.test.jsx[2m > [22mSlash commands[2m > [22mdoes not call onSendMessage for slash commands[32m 183[2mms[22m[39m
[90mstderr[2m | src/__tests__/components/PremiumStoreModal.test.jsx[2m > [2
2m[2mPremiumStoreModal Orchestrator[2m > [22m[2mshould display coin balance
 from premiumStatus
[22m[39mAn update to PremiumStoreModal inside a test was not wrapped in act(.
..).

When testing, code that causes React state updates should be wrapped into act(.
..):

act(() => {
  /* fire events that update state */
});
/* assert on the output */

This ensures that you're testing the behavior the user would see in the browser
. Learn more at https://react.dev/link/wrap-tests-with-act
An update to PremiumStoreModal inside a test was not wrapped in act(...).

When testing, code that causes React state updates should be wrapped into act(.
..):

act(() => {
  /* fire events that update state */
});
/* assert on the output */

This ensures that you're testing the behavior the user would see in the browser
. Learn more at https://react.dev/link/wrap-tests-with-act
An update to PremiumStoreModal inside a test was not wrapped in act(...).

When testing, code that causes React state updates should be wrapped into act(.
..):

act(() => {
  /* fire events that update state */
});
/* assert on the output */

This ensures that you're testing the behavior the user would see in the browser
. Learn more at https://react.dev/link/wrap-tests-with-act
An update to PremiumStoreModal inside a test was not wrapped in act(...).

When testing, code that causes React state updates should be wrapped into act(.
..):

act(() => {
  /* fire events that update state */
});
/* assert on the output */

This ensures that you're testing the behavior the user would see in the browser
. Learn more at https://react.dev/link/wrap-tests-with-act

 [31m├ù[39m src/__tests__/a11y/accessibility.test.jsx[2m > [22mAccessibility: Interactive Components[2m > [22mnavigation landmark is accessible[32m 33[2mms[22m[39m
[31m   ΓåÆ expected [ { id: 'aria-allowed-attr', ΓÇª(6) } ] to deeply equal [][39m
 [32mΓ£ô[39m src/__tests__/a11y/accessibility.test.jsx[2m > [22mAccessibility: Interactive Components[2m > [22mmenu pattern is accessible[32m 28[2mms[22m[39m
 [32mΓ£ô[39m src/__tests__/a11y/accessibility.test.jsx[2m > [22mAccessibility: WCAG 2.1 Pattern Compliance[2m > [22mimages have alt text[32m 28[2mms[22m[39m
 [32mΓ£ô[39m src/__tests__/a11y/accessibility.test.jsx[2m > [22mAccessibility: WCAG 2.1 Pattern Compliance[2m > [22mlive regions announce changes[32m 30[2mms[22m[39m
 [32mΓ£ô[39m src/__tests__/a11y/accessibility.test.jsx[2m > [22mAccessibility: WCAG 2.1 Pattern Compliance[2m > [22mheading hierarchy is correct[32m 30[2mms[22m[39m
[90mstderr[2m | src/__tests__/components/PremiumStoreModal.test.jsx[2m > [2
2m[2mPremiumStoreModal Orchestrator[2m > [22m[2mshould fetch data on mount
[22m[39mAn update to PremiumStoreModal inside a test was not wrapped in act(.
..).

When testing, code that causes React state updates should be wrapped into act(.
..):

act(() => {
  /* fire events that update state */
});
/* assert on the output */

This ensures that you're testing the behavior the user would see in the browser
. Learn more at https://react.dev/link/wrap-tests-with-act
An update to PremiumStoreModal inside a test was not wrapped in act(...).

When testing, code that causes React state updates should be wrapped into act(.
..):

act(() => {
  /* fire events that update state */
});
/* assert on the output */

This ensures that you're testing the behavior the user would see in the browser
. Learn more at https://react.dev/link/wrap-tests-with-act
An update to PremiumStoreModal inside a test was not wrapped in act(...).

When testing, code that causes React state updates should be wrapped into act(.
..):

act(() => {
  /* fire events that update state */
});
/* assert on the output */

This ensures that you're testing the behavior the user would see in the browser
. Learn more at https://react.dev/link/wrap-tests-with-act
An update to PremiumStoreModal inside a test was not wrapped in act(...).

When testing, code that causes React state updates should be wrapped into act(.
..):

act(() => {
  /* fire events that update state */
});
/* assert on the output */

This ensures that you're testing the behavior the user would see in the browser
. Learn more at https://react.dev/link/wrap-tests-with-act

 [32mΓ£ô[39m src/__tests__/components/PremiumStoreModal.test.jsx[2m > [22mPremiumStoreModal Orchestrator[2m > [22mshould call onClose when close button is clicked[32m 33[2mms[22m[39m
 [31m├ù[39m src/__tests__/components/PremiumStoreModal.test.jsx[2m > [22mPremiumStoreModal Orchestrator[2m > [22mshould render header with Premium Magaza title[32m 67[2mms[22m[39m
[31m   ΓåÆ Unable to find an element with the text: Premium Magaza. This could be because the text is broken up by multiple elements. In this case, you can provide a function for your text matcher to make your matcher more flexible.

Ignored nodes: comments, script, style
[36m<body>[31m
  [36m<div>[31m
    [36m<div[31m
      [33mrole[31m=[32m"presentation"[31m
      [33mstyle[31m=[32m"position: fixed; top: 0px; left: 0px; right: 0px; bottom: 0px; background-color: rgba(0, 0, 0, 0.85); display: flex; align-items: center; justify-content: center; z-index: 10000; padding: 20px;"[31m
    [36m>[31m
      [36m<div[31m
        [33maria-label[31m=[32m"premium.premiumStore"[31m
        [33maria-modal[31m=[32m"true"[31m
        [33mrole[31m=[32m"dialog"[31m
        [33mstyle[31m=[32m"background-color: rgb(17, 18, 20); border-radius: 16px; width: 90%; max-width: 1200px; max-height: 90vh; display: flex; flex-direction: column; box-shadow: 0 20px 60px rgba(0, 0, 0, 0.5); overflow: hidden;"[31m
      [36m>[31m
        [36m<div[31m
          [33mstyle[31m=[32m"padding: 20px 24px; border-bottom: 1px solid rgba(255, 255, 255, 0.1); display: flex; justify-content: space-between; align-items: center;"[31m
        [36m>[31m
          [36m<div[31m
            [33mstyle[31m=[32m"display: flex; align-items: center;"[31m
          [36m>[31m
            [36m<svg[31m
              [33mfill[31m=[32m"currentColor"[31m
              [33mheight[31m=[32m"1em"[31m
              [33mstroke[31m=[32m"currentColor"[31m
              [33mstroke-width[31m=[32m"0"[31m
              [33mstyle[31m=[32m"color: rgb(240, 178, 50); margin-right: 10px;"[31m
              [33mviewBox[31m=[32m"0 0 640 512"[31m
              [33mwidth[31m=[32m"1em"[31m
              [33mxmlns[31m=[32m"http://www.w3.org/2000/svg"[31m
            [36m>[31m
              [36m<path[31m
                [33md[31m=[32m"M528 448H112c-8.8 0-16 7.2-16 16v32c0 8.8 7.2 16 16 16h416c8.8 0 16-7.2 16-16v-32c0-8.8-7.2-16-16-16zm64-320c-26.5 0-48 21.5-48 48 0 7.1 1.6 13.7 4.4 19.8L476 239.2c-15.4 9.2-35.3 4-44.2-11.6L350.3 85C361 76.2 368 63 368 48c0-26.5-21.5-48-48-48s-48 21.5-48 48c0 15 7 28.2 17.7 37l-81.5 142.6c-8.9 15.6-28.9 20.8-44.2 11.6l-72.3-43.4c2.7-6 4.4-12.7 4.4-19.8 0-26.5-21.5-48-48-48S0 149.5 0 176s21.5 48 48 48c2.6 0 5.2-.4 7.7-.8L128 416h384l72.3-192.8c2.5.4 5.1.8 7.7.8 26.5 0 48-21.5 48-48s-21.5-48-48-48z"[31m
              [36m/>[31m
            [36m</svg>[31m
            [36m<h2[31m
              [33mstyle[31m=[32m"margin: 0px; color: rgb(255, 255, 255); font-size: 24px; font-weight: bold;"[31m
            [36m>[31m
              [0mPremium Store[0m
            [36m</h2>[31m
          [36m</div>[31m
          [36m<div[31m
            [33mclass[31m=[32m"flex-align-12"[31m
          [36m>[31m
            [36m<div[31m
              [33mrole[31m=[32m"button"[31m
              [33mstyle[31m=[32m"background: linear-gradient(135deg, rgb(240, 178, 50) 0%, rgb(199, 145, 0) 100%); padding: 8px 16px; border-radius: 20px; display: flex; align-items: center; gap: 6px; cursor: pointer;"[31m
              [33mtabindex[31m=[32m"0"[31m
              [33mtitle[31m=[32m"premium.buyCoins"[31m
            [36m>[31m
              [36m<span[31m
                [33mclass[31m=[32m"fs-18"[31m
              [36m>[31m
                [0m≡ƒÆ░[0m
              [36m</span>[31m
              [36m<span[31m
                [33mstyle[31m=[32m"font-weight: bold; color: rgb(0, 0, 0); font-size: 14px;"[31m
              [36m>[31m
                [0m0[0m
              [36m</span>[31m
            [36m</div>[31m
            [36m<button[31m
              [33maria-label[31m=[32m"Close"[31m
              [33mstyle[31m=[32m"background: none; border: medium; color: rgb(181, 186, 193); font-size: 24px; cursor: pointer; padding: 8px; transition: color 0.2s;"[31m
            [36m>[31m
              [36m<svg[31m
                [33mfill[31m=[32m"currentColor"[31m
                [33mheight[31m=[32m"1em"[31m
                [33mstroke[31m=[32m"currentColor"[31m
                [33mstroke-width[31m=[32m"0"[31m
                [33mviewBox[31m=[32m"0 0 352 512"[31m
                [33mwidth[31m=[32m"1em"[31m
                [33mxmlns[31m=[32m"http://www.w3.org/2000/svg"[31m
              [36m>[31m
                [36m<path[31m
                  [33md[31m=[32m"M242.72 256l100.07-100.07c12.28-12.28 12.28-32.19 0-44.48l-22.24-22.24c-12.28-12.28-32.19-12.28-44.48 0L176 189.28 75.93 89.21c-12.28-12.28-32.19-12.28-44.48 0L9.21 111.45c-12.28 12.28-12.28 32.19 0 44.48L109.28 256 9.21 356.07c-12.28 12.28-12.28 32.19 0 44.48l22.24 22.24c12.28 12.28 32.2 12.28 44.48 0L176 322.72l100.07 100.07c12.28 12.28 32.2 12.28 44.48 0l22.24-22.24c12.28-12.28 12.28-32.19 0-44.48L242.72 256z"[31m
                [36m/>[31m
              [36m</svg>[31m
            [36m</button>[31m
          [36m</div>[31m
        [36m</div>[31m
        [36m<div[31m
          [33mstyle[31m=[32m"display: flex; padding: 0px 24px; border-bottom: 1px solid rgba(255, 255, 255, 0.1); gap: 8px;"[31m
        [36m>[31m
          [36m<button[31m
            [33maria-label[31m=[32m"premium.premium"[31m
            [33mstyle[31m=[32m"background: none; border-width: medium medium 2px; border-style: none none solid; border-color: currentcolor currentcolor rgb(88, 101, 242); border-image: none; color: rgb(255, 255, 255); padding: 12px 20px; cursor: pointer; font-size: 14px; font-weight: 600; display: flex; align-items: center; gap: 8px; transition: all 0.2s;"[31m
          [36m>[31m
            [36m<svg[31m
              [33mfill[31m=[32m"currentColor"[31m
              [33mheight[31m=[32m"1em"[31m
              [33mstroke[31m=[32m"currentColor"[31m
              [33mstroke-width[31m=[32m"0"[31m
              [33mviewBox[31m=[32m"0 0 640 512"[31m
              [33mwidth[31m=[32m"1em"[31m
              [33mxmlns[31m=[32m"http://www.w3.org/2000/svg"[31m
            [36m>[31m
              [36m<path[31m
                [33md[31m=[32m"M528 448H112c-8.8 0-16 7.2-16 16v32c0 8.8 7.2 16 16 16h416c8.8 0 16-7.2 16-16v-32c0-8.8-7.2-16-16-16zm64-320c-26.5 0-48 21.5-48 48 0 7.1 1.6 13.7 4.4 19.8L476 239.2c-15.4 9.2-35.3 4-44.2-11.6L350.3 85C361 76.2 368 63 368 48c0-26.5-21.5-48-48-48s-48 21.5-48 48c0 15 7 28.2 17.7 37l-81.5 142.6c-8.9 15.6-28.9 20.8-44.2 11.6l-72.3-43.4c2.7-6 4.4-12.7 4.4-19.8 0-26.5-21.5-48-48-48S0 149.5 0 176s21.5 48 48 48c2.6 0 5.2-.4 7.7-.8L128 416h384l72.3-192.8c2.5.4 5.1.8 7.7.8 26.5 0 48-21.5 48-48s-21.5-48-48-48z"[31m
              [36m/>[31m
            [36m</svg>[31m
            [0m [0m
            [0mpremium.premium[0m
          [36m</button>[31m
          [36m<button[31m
            [33maria-label[31m=[32m"premium.store"[31m
            [33mstyle[31m=[32m"background: none; border-width: medium medium 2px; border-style: none none solid; border-color: currentcolor currentcolor transparent; border-image: none; color: rgb(181, 186, 193); padding: 12px 20px; cursor: pointer; font-size: 14px; font-weight: 600; display: flex; align-items: center; gap: 8px; transition: all 0.2s;"[31m
          [36m>[31m
            [36m<svg[31m
              [33mfill[31m=[32m"currentColor"[31m
              [33mheight[31m=[32m"1em"[31m
              [33mstroke[31m=[32m"currentColor"[31m
              [33mstroke-width[31m=[32m"0"[31m
              [33mviewBox[31m=[32m"0 0 576 512"[31m
              [33mwidth[31m=[32m"1em"[31m
              [33mxmlns[31m=[32m"http://www.w3.org/2000/svg"[31m
            [36m>[31m
              [36m<path[31m
                [33md[31m=[32m"M528.12 301.319l47.273-208C578.806 78.301 567.391 64 551.99 64H159.208l-9.166-44.81C147.758 8.021 137.93 0 126.529 0H24C10.745 0 0 10.745 0 24v16c0 13.255 10.745 24 24 24h69.883l70.248 343.435C147.325 417.1 136 435.222 136 456c0 30.928 25.072 56 56 56s56-25.072 56-56c0-15.674-6.447-29.835-16.824-40h209.647C430.447 426.165 424 440.326 424 456c0 30.928 25.072 56 56 56s56-25.072 56-56c0-22.172-12.888-41.332-31.579-50.405l5.517-24.276c3.413-15.018-8.002-29.319-23.403-29.319H218.117l-6.545-32h293.145c11.206 0 20.92-7.754 23.403-18.681z"[31m
              [36m/>[31m
            [36m</svg>[31m
            [0m [0m
            [0mpremium.store[0m
          [36m</button>[31m
          [36m<button[31m
            [33maria-label[31m=[32m"premium.serverBoost"[31m
            [33mstyle[31m=[32m"background: none; border-width: medium medium 2px; border-style: none none solid; border-color: currentcolor currentcolor transparent; border-image: none; color: rgb(181, 186, 193); padding: 12px 20px; cursor: pointer; font-size: 14px; font-weight: 600; display: flex; align-items: center; gap: 8px; transition: all 0.2s;"[31m
          [36m>[31m
            [36m<svg[31m
              [33mfill[31m=[32m"currentColor"[31m
              [33mheight[31m=[32m"1em"[31m
              [33mstroke[31m=[32m"currentColor"[31m
              [33mstroke-width[31m=[32m"0"[31m
              [33mviewBox[31m=[32m"0 0 512 512"[31m
              [33mwidth[31m=[32m"1em"[31m
              [33mxmlns[31m=[32m"http://www.w3.org/2000/svg"[31m
            [36m>[31m
              [36m<path[31m
                [33md[31m=[32m"M505.12019,19.09375c-1.18945-5.53125-6.65819-11-12.207-12.1875C460.716,0,435.507,0,410.40747,0,307.17523,0,245.26909,55.20312,199.05238,128H94.83772c-16.34763.01562-35.55658,11.875-42.88664,26.48438L2.51562,253.29688A28.4,28.4,0,0,0,0,264a24.00867,24.00867,0,0,0,24.00582,24H127.81618l-22.47457,22.46875c-11.36521,11.36133-12.99607,32.25781,0,45.25L156.24582,406.625c11.15623,11.1875,32.15619,13.15625,45.27726,0l22.47457-22.46875V488a24.00867,24.00867,0,0,0,24.00581,24,28.55934,28.55934,0,0,0,10.707-2.51562l98.72834-49.39063c14.62888-7.29687,26.50776-26.5,26.50776-42.85937V312.79688c72.59753-46.3125,128.03493-108.40626,128.03493-211.09376C512.07526,76.5,512.07526,51.29688,505.12019,19.09375ZM384.04033,168A40,40,0,1,1,424.05,128,40.02322,40.02322,0,0,1,384.04033,168Z"[31m
              [36m/>[31m
            [36m</svg>[31m
            [0m [0m
            [0mpremium.serverBoost[0m
          [36m</button>[31m
        [36m</div>[31m
        [36m<div[31m
          [33mstyle[31m=[32m"flex: 1 1 0%; overflow-y: auto; padding: 24px;"[31m
        [36m>[31m
          [36m<div[31m
            [33mdata-has-purchase[31m=[32m"true"[31m
            [33mdata-has-styles[31m=[32m"true"[31m
            [33mdata-testid[31m=[32m"premium-tab"[31m
          [36m/>[31m
        [36m</div>[31m
      [36m</div>[31m
    [36m</div>[31m
  [36m</div>[31m
[36m</body>[31m[39m
 [32mΓ£ô[39m src/__tests__/components/PremiumStoreModal.test.jsx[2m > [22mPremiumStoreModal Orchestrator[2m > [22mshould display coin balance from premiumStatus[32m 20[2mms[22m[39m
 [32mΓ£ô[39m src/__tests__/components/PremiumStoreModal.test.jsx[2m > [22mPremiumStoreModal Orchestrator[2m > [22mshould fetch data on mount[32m 89[2mms[22m[39m
 [32mΓ£ô[39m src/__tests__/components/MessageInput.advanced.test.jsx[2m > [22mSlash commands[2m > [22mclears input after slash command[32m 150[2mms[22m[39m
[90mstdout[2m | src/__tests__/components/MessageDisplay.test.jsx
[22m[39m≡ƒº¬ Test setup complete!

[90mstdout[2m | src/__tests__/components/ServerPanel.test.jsx
[22m[39m≡ƒº¬ Test setup complete!

 [32mΓ£ô[39m src/__tests__/components/MessageInput.advanced.test.jsx[2m > [22mMentions autocomplete[2m > [22mshows mention list on @[32m 199[2mms[22m[39m
[90mstdout[2m | src/__tests__/components/ChatArea.test.jsx
[22m[39m≡ƒº¬ Test setup complete!

 [32mΓ£ô[39m src/__tests__/components/MessageInput.advanced.test.jsx[2m > [22mMentions autocomplete[2m > [22mfilters members by typed text[32m 103[2mms[22m[39m
 [32mΓ£ô[39m src/__tests__/components/MessageDisplay.test.jsx[2m > [22mMessageDisplay Component[2m > [22mBasic Rendering[2m > [22mshould return null for invalid msg[32m 16[2mms[22m[39m
 [32mΓ£ô[39m src/__tests__/components/MessageDisplay.test.jsx[2m > [22mMessageDisplay Component[2m > [22mBasic Rendering[2m > [22mshould render text message[32m 22[2mms[22m[39m
 [32mΓ£ô[39m src/__tests__/components/MessageDisplay.test.jsx[2m > [22mMessageDisplay Component[2m > [22mBasic Rendering[2m > [22mshould show edited badge[32m 5[2mms[22m[39m
 [32mΓ£ô[39m src/__tests__/components/MessageDisplay.test.jsx[2m > [22mMessageDisplay Component[2m > [22mBasic Rendering[2m > [22mshould show pinned badge[32m 4[2mms[22m[39m
 [32mΓ£ô[39m src/__tests__/components/MessageDisplay.test.jsx[2m > [22mMessageDisplay Component[2m > [22mBasic Rendering[2m > [22mshould show AI badge for AI messages[32m 4[2mms[22m[39m
 [32mΓ£ô[39m src/__tests__/components/MessageDisplay.test.jsx[2m > [22mMessageDisplay Component[2m > [22mMessage Types[2m > [22mshould render image message with preview[32m 5[2mms[22m[39m
 [32mΓ£ô[39m src/__tests__/components/MessageDisplay.test.jsx[2m > [22mMessageDisplay Component[2m > [22mMessage Types[2m > [22mshould call onImageClick when image is clicked[32m 8[2mms[22m[39m
 [32mΓ£ô[39m src/__tests__/components/MessageDisplay.test.jsx[2m > [22mMessageDisplay Component[2m > [22mMessage Types[2m > [22mshould render voice message[32m 4[2mms[22m[39m
 [32mΓ£ô[39m src/__tests__/components/MessageDisplay.test.jsx[2m > [22mMessageDisplay Component[2m > [22mMessage Types[2m > [22mshould render poll message[32m 4[2mms[22m[39m
 [32mΓ£ô[39m src/__tests__/components/MessageDisplay.test.jsx[2m > [22mMessageDisplay Component[2m > [22mMessage Types[2m > [22mshould render reply reference[32m 4[2mms[22m[39m
 [32mΓ£ô[39m src/__tests__/components/MessageDisplay.test.jsx[2m > [22mMessageDisplay Component[2m > [22mReactions[2m > [22mshould render reactions[32m 3[2mms[22m[39m
 [32mΓ£ô[39m src/__tests__/components/MessageDisplay.test.jsx[2m > [22mMessageDisplay Component[2m > [22mReactions[2m > [22mshould call onToggleReaction when reaction clicked[32m 3[2mms[22m[39m
 [32mΓ£ô[39m src/__tests__/components/MessageDisplay.test.jsx[2m > [22mMessageDisplay Component[2m > [22mHover Actions[2m > [22mshould show toolbar on hover[32m 5[2mms[22m[39m
 [32mΓ£ô[39m src/__tests__/components/MessageDisplay.test.jsx[2m > [22mMessageDisplay Component[2m > [22mHover Actions[2m > [22mshould hide toolbar on mouse leave[32m 6[2mms[22m[39m
 [32mΓ£ô[39m src/__tests__/components/MessageDisplay.test.jsx[2m > [22mMessageDisplay Component[2m > [22mHover Actions[2m > [22mshould show edit/delete for own messages[32m 4[2mms[22m[39m
 [32mΓ£ô[39m src/__tests__/components/ServerPanel.test.jsx[2m > [22mServerPanel Component[2m > [22mRendering[2m > [22mshould render the server panel[32m 41[2mms[22m[39m
 [32mΓ£ô[39m src/__tests__/components/ServerPanel.test.jsx[2m > [22mServerPanel Component[2m > [22mRendering[2m > [22mshould show server name in header[32m 7[2mms[22m[39m
 [32mΓ£ô[39m src/__tests__/components/ServerPanel.test.jsx[2m > [22mServerPanel Component[2m > [22mRendering[2m > [22mshould render all categories[32m 6[2mms[22m[39m
 [32mΓ£ô[39m src/__tests__/components/ServerPanel.test.jsx[2m > [22mServerPanel Component[2m > [22mRendering[2m > [22mshould render rooms within categories[32m 6[2mms[22m[39m
 [32mΓ£ô[39m src/__tests__/components/ServerPanel.test.jsx[2m > [22mServerPanel Component[2m > [22mRendering[2m > [22mshould show text channel icon (#)[32m 5[2mms[22m[39m
 [32mΓ£ô[39m src/__tests__/components/ServerPanel.test.jsx[2m > [22mServerPanel Component[2m > [22mRendering[2m > [22mshould show voice channel icon[32m 5[2mms[22m[39m
 [32mΓ£ô[39m src/__tests__/components/ServerPanel.test.jsx[2m > [22mServerPanel Component[2m > [22mRendering[2m > [22mshould show "no server" when server not found[32m 2[2mms[22m[39m
 [32mΓ£ô[39m src/__tests__/components/ServerPanel.test.jsx[2m > [22mServerPanel Component[2m > [22mOwner Controls[2m > [22mshould show settings button for server owner[32m 5[2mms[22m[39m
 [32mΓ£ô[39m src/__tests__/components/ServerPanel.test.jsx[2m > [22mServerPanel Component[2m > [22mOwner Controls[2m > [22mshould show add category button for server owner[32m 5[2mms[22m[39m
 [32mΓ£ô[39m src/__tests__/components/ServerPanel.test.jsx[2m > [22mServerPanel Component[2m > [22mOwner Controls[2m > [22mshould NOT show settings button for non-owner[32m 4[2mms[22m[39m
 [32mΓ£ô[39m src/__tests__/components/ServerPanel.test.jsx[2m > [22mServerPanel Component[2m > [22mOwner Controls[2m > [22mshould show settings button for admin even if not owner[32m 5[2mms[22m[39m
 [32mΓ£ô[39m src/__tests__/components/ServerPanel.test.jsx[2m > [22mServerPanel Component[2m > [22mCategory Collapsing[2m > [22mshould start with categories expanded[32m 5[2mms[22m[39m
 [32mΓ£ô[39m src/__tests__/components/MessageDisplay.test.jsx[2m > [22mMessageDisplay Component[2m > [22mHover Actions[2m > [22mshould NOT show edit/delete for other users messages[32m 4[2mms[22m[39m
 [32mΓ£ô[39m src/__tests__/components/MessageDisplay.test.jsx[2m > [22mMessageDisplay Component[2m > [22mHover Actions[2m > [22mshould show admin delete for admin[32m 4[2mms[22m[39m
 [32mΓ£ô[39m src/__tests__/components/MessageDisplay.test.jsx[2m > [22mMessageDisplay Component[2m > [22mContext Menu[2m > [22mshould show context menu on right-click[32m 6[2mms[22m[39m
 [32mΓ£ô[39m src/__tests__/components/MessageDisplay.test.jsx[2m > [22mMessageDisplay Component[2m > [22mContext Menu[2m > [22mshould call onSetReply from context menu[32m 5[2mms[22m[39m
 [32mΓ£ô[39m src/__tests__/components/MessageDisplay.test.jsx[2m > [22mMessageDisplay Component[2m > [22mSelection Mode[2m > [22mshould show checkbox in selection mode[32m 4[2mms[22m[39m
 [32mΓ£ô[39m src/__tests__/components/MessageDisplay.test.jsx[2m > [22mMessageDisplay Component[2m > [22mSelection Mode[2m > [22mshould call onToggleSelection on click in selection mode[32m 3[2mms[22m[39m
 [32mΓ£ô[39m src/__tests__/components/MessageDisplay.test.jsx[2m > [22mMessageDisplay Component[2m > [22mSelection Mode[2m > [22mshould NOT show toolbar in selection mode[32m 4[2mms[22m[39m
 [32mΓ£ô[39m src/__tests__/components/MessageDisplay.test.jsx[2m > [22mMessageDisplay Component[2m > [22mProfile Navigation[2m > [22mshould call onViewProfile when clicking author name[32m 3[2mms[22m[39m
 [32mΓ£ô[39m src/__tests__/components/MessageDisplay.test.jsx[2m > [22mMessageDisplay Component[2m > [22mProfile Navigation[2m > [22mshould call onViewProfile when clicking avatar[32m 3[2mms[22m[39m
 [32mΓ£ô[39m src/__tests__/components/ChatArea.test.jsx[2m > [22mChatArea Component[2m > [22mEmpty State[2m > [22mshould show "no chat selected" when activeChat is null[32m 32[2mms[22m[39m
 [32mΓ£ô[39m src/__tests__/components/ChatArea.test.jsx[2m > [22mChatArea Component[2m > [22mEmpty State[2m > [22mshould show empty message state when no messages[32m 14[2mms[22m[39m
 [32mΓ£ô[39m src/__tests__/components/ChatArea.test.jsx[2m > [22mChatArea Component[2m > [22mHeader[2m > [22mshould display chat title[32m 7[2mms[22m[39m
 [32mΓ£ô[39m src/__tests__/components/ChatArea.test.jsx[2m > [22mChatArea Component[2m > [22mHeader[2m > [22mshould render header action buttons[32m 5[2mms[22m[39m
 [32mΓ£ô[39m src/__tests__/components/ChatArea.test.jsx[2m > [22mChatArea Component[2m > [22mHeader[2m > [22mshould show disconnected banner when not connected[32m 5[2mms[22m[39m
 [32mΓ£ô[39m src/__tests__/components/ChatArea.test.jsx[2m > [22mChatArea Component[2m > [22mMessage Rendering[2m > [22mshould render all messages[32m 6[2mms[22m[39m
 [32mΓ£ô[39m src/__tests__/components/ChatArea.test.jsx[2m > [22mChatArea Component[2m > [22mMessage Rendering[2m > [22mshould display message content[32m 4[2mms[22m[39m
 [32mΓ£ô[39m src/__tests__/components/ChatArea.test.jsx[2m > [22mChatArea Component[2m > [22mMessage Rendering[2m > [22mshould display message author[32m 4[2mms[22m[39m
 [32mΓ£ô[39m src/__tests__/components/ChatArea.test.jsx[2m > [22mChatArea Component[2m > [22mLoading State[2m > [22mshould show loading skeleton when history is loading[32m 3[2mms[22m[39m
 [32mΓ£ô[39m src/__tests__/components/ChatArea.test.jsx[2m > [22mChatArea Component[2m > [22mLoading State[2m > [22mshould show "load more" indicator[32m 4[2mms[22m[39m
 [32mΓ£ô[39m src/__tests__/components/ChatArea.test.jsx[2m > [22mChatArea Component[2m > [22mTyping Indicator[2m > [22mshould show typing indicator when users are typing[32m 3[2mms[22m[39m
 [32mΓ£ô[39m src/__tests__/components/ChatArea.test.jsx[2m > [22mChatArea Component[2m > [22mTyping Indicator[2m > [22mshould NOT show typing indicator when no one is typing[32m 3[2mms[22m[39m
 [32mΓ£ô[39m src/__tests__/components/ChatArea.test.jsx[2m > [22mChatArea Component[2m > [22mScroll to Bottom[2m > [22mshould show scroll-to-bottom button when enabled[32m 3[2mms[22m[39m
 [32mΓ£ô[39m src/__tests__/components/ServerPanel.test.jsx[2m > [22mServerPanel Component[2m > [22mCategory Collapsing[2m > [22mshould collapse category on click[32m 11[2mms[22m[39m
 [32mΓ£ô[39m src/__tests__/components/ServerPanel.test.jsx[2m > [22mServerPanel Component[2m > [22mCategory Collapsing[2m > [22mshould expand category on second click[32m 9[2mms[22m[39m
 [32mΓ£ô[39m src/__tests__/components/ServerPanel.test.jsx[2m > [22mServerPanel Component[2m > [22mCategory Collapsing[2m > [22mshould start collapsed when initialCollapsed is provided[32m 4[2mms[22m[39m
 [32mΓ£ô[39m src/__tests__/components/ServerPanel.test.jsx[2m > [22mServerPanel Component[2m > [22mCategory Collapsing[2m > [22mshould toggle via keyboard (Enter)[32m 7[2mms[22m[39m
 [32mΓ£ô[39m src/__tests__/components/ServerPanel.test.jsx[2m > [22mServerPanel Component[2m > [22mRoom Selection[2m > [22mshould call onRoomSelect when text room is clicked[32m 6[2mms[22m[39m
 [32mΓ£ô[39m src/__tests__/components/ServerPanel.test.jsx[2m > [22mServerPanel Component[2m > [22mRoom Selection[2m > [22mshould call joinVoiceChat when voice join button is clicked[32m 5[2mms[22m[39m
 [32mΓ£ô[39m src/__tests__/components/ServerPanel.test.jsx[2m > [22mServerPanel Component[2m > [22mUnread Badges[2m > [22mshould show unread badge on room[32m 3[2mms[22m[39m
 [32mΓ£ô[39m src/__tests__/components/ServerPanel.test.jsx[2m > [22mServerPanel Component[2m > [22mUnread Badges[2m > [22mshould NOT show badge when no unread[32m 3[2mms[22m[39m
 [32mΓ£ô[39m src/__tests__/components/ServerPanel.test.jsx[2m > [22mServerPanel Component[2m > [22mHeader Actions[2m > [22mshould call handleCreateInvite[32m 4[2mms[22m[39m
 [32mΓ£ô[39m src/__tests__/components/ServerPanel.test.jsx[2m > [22mServerPanel Component[2m > [22mHeader Actions[2m > [22mshould call onOpenServerSettings[32m 8[2mms[22m[39m
 [32mΓ£ô[39m src/__tests__/components/ChatArea.test.jsx[2m > [22mChatArea Component[2m > [22mScroll to Bottom[2m > [22mshould call onScrollToBottom when button is clicked[32m 8[2mms[22m[39m
 [32mΓ£ô[39m src/__tests__/components/ChatArea.test.jsx[2m > [22mChatArea Component[2m > [22mScroll to Bottom[2m > [22mshould NOT show scroll-to-bottom button when at bottom[32m 3[2mms[22m[39m
 [32mΓ£ô[39m src/__tests__/components/ChatArea.test.jsx[2m > [22mChatArea Component[2m > [22mConnection Status[2m > [22mshould show connection warning when disconnected[32m 3[2mms[22m[39m
 [32mΓ£ô[39m src/__tests__/components/ChatArea.test.jsx[2m > [22mChatArea Component[2m > [22mConnection Status[2m > [22mshould NOT show connection warning when connected[32m 3[2mms[22m[39m
[90mstdout[2m | src/__tests__/components/EmojiPicker.test.jsx
[22m[39m≡ƒº¬ Test setup complete!

 [32mΓ£ô[39m src/__tests__/components/MessageInput.advanced.test.jsx[2m > [22mMentions autocomplete[2m > [22minserts @mention on selection[32m 167[2mms[22m[39m
 [32mΓ£ô[39m src/__tests__/components/MessageInput.advanced.test.jsx[2m > [22mMentions autocomplete[2m > [22mhides mention list after selection[32m 152[2mms[22m[39m
 [32mΓ£ô[39m src/__tests__/components/MessageInput.advanced.test.jsx[2m > [22mMentions autocomplete[2m > [22mdoes not show mention list when no @ is present[32m 4[2mms[22m[39m
 [32mΓ£ô[39m src/__tests__/components/MessageInput.advanced.test.jsx[2m > [22mMentions autocomplete[2m > [22mdisabled textarea prevents send[32m 4[2mms[22m[39m
[90mstdout[2m | src/__tests__/integration/messageFlow.test.jsx
[22m[39m≡ƒº¬ Test setup complete!

 [32mΓ£ô[39m src/__tests__/components/EmojiPicker.test.jsx[2m > [22mEmojiPicker Component[2m > [22mRendering[2m > [22mshould render the emoji picker[32m 32[2mms[22m[39m
 [32mΓ£ô[39m src/__tests__/components/EmojiPicker.test.jsx[2m > [22mEmojiPicker Component[2m > [22mRendering[2m > [22mshould render the search input[32m 6[2mms[22m[39m
 [32mΓ£ô[39m src/__tests__/components/EmojiPicker.test.jsx[2m > [22mEmojiPicker Component[2m > [22mRendering[2m > [22mshould render category tabs[32m 6[2mms[22m[39m
 [32mΓ£ô[39m src/__tests__/components/EmojiPicker.test.jsx[2m > [22mEmojiPicker Component[2m > [22mRendering[2m > [22mshould render emoji grid[32m 5[2mms[22m[39m
 [32mΓ£ô[39m src/__tests__/components/EmojiPicker.test.jsx[2m > [22mEmojiPicker Component[2m > [22mRendering[2m > [22mshould default to Faces category[32m 6[2mms[22m[39m
 [32mΓ£ô[39m src/__tests__/components/EmojiPicker.test.jsx[2m > [22mEmojiPicker Component[2m > [22mCategory Switching[2m > [22mshould switch to Kalpler category[32m 14[2mms[22m[39m
 [32mΓ£ô[39m src/__tests__/components/EmojiPicker.test.jsx[2m > [22mEmojiPicker Component[2m > [22mCategory Switching[2m > [22mshould switch to Hayvanlar category[32m 6[2mms[22m[39m
 [32mΓ£ô[39m src/__tests__/components/EmojiPicker.test.jsx[2m > [22mEmojiPicker Component[2m > [22mEmoji Selection[2m > [22mshould call onSelect when emoji is clicked[32m 10[2mms[22m[39m
 [32mΓ£ô[39m src/__tests__/components/EmojiPicker.test.jsx[2m > [22mEmojiPicker Component[2m > [22mEmoji Selection[2m > [22mshould call onSelect with the correct emoji[32m 5[2mms[22m[39m
 [32mΓ£ô[39m src/__tests__/components/EmojiPicker.test.jsx[2m > [22mEmojiPicker Component[2m > [22mSearch Functionality[2m > [22mshould filter emojis based on search term[32m 6[2mms[22m[39m
 [32mΓ£ô[39m src/__tests__/components/EmojiPicker.test.jsx[2m > [22mEmojiPicker Component[2m > [22mSearch Functionality[2m > [22mshould hide category tabs during search[32m 4[2mms[22m[39m
 [32mΓ£ô[39m src/__tests__/components/EmojiPicker.test.jsx[2m > [22mEmojiPicker Component[2m > [22mSearch Functionality[2m > [22mshould show empty state for no results[32m 6[2mms[22m[39m
 [32mΓ£ô[39m src/__tests__/components/EmojiPicker.test.jsx[2m > [22mEmojiPicker Component[2m > [22mContext Menu (Favorites)[2m > [22mshould show context menu on right-click[32m 6[2mms[22m[39m
 [32mΓ£ô[39m src/__tests__/components/EmojiPicker.test.jsx[2m > [22mEmojiPicker Component[2m > [22mContext Menu (Favorites)[2m > [22mshould show "Favorilere Ekle" option[32m 5[2mms[22m[39m
 [32mΓ£ô[39m src/__tests__/components/EmojiPicker.test.jsx[2m > [22mEmojiPicker Component[2m > [22mContext Menu (Favorites)[2m > [22mshould close context menu after toggling favorite[32m 7[2mms[22m[39m
 [32mΓ£ô[39m src/__tests__/integration/messageFlow.test.jsx[2m > [22mSend message flow[2m > [22mtypes and sends a message via Enter key[32m 43[2mms[22m[39m
 [32mΓ£ô[39m src/__tests__/integration/messageFlow.test.jsx[2m > [22mSend message flow[2m > [22mtypes and sends a message via Send button[32m 9[2mms[22m[39m
 [32mΓ£ô[39m src/__tests__/integration/messageFlow.test.jsx[2m > [22mSend message flow[2m > [22mclears input after sending[32m 5[2mms[22m[39m
 [32mΓ£ô[39m src/__tests__/integration/messageFlow.test.jsx[2m > [22mSend message flow[2m > [22mdoes not send empty message[32m 3[2mms[22m[39m
 [32mΓ£ô[39m src/__tests__/integration/messageFlow.test.jsx[2m > [22mSend message flow[2m > [22mdoes not send whitespace-only message[32m 3[2mms[22m[39m
 [32mΓ£ô[39m src/__tests__/integration/messageFlow.test.jsx[2m > [22mEdit message flow[2m > [22menters edit mode on click[32m 6[2mms[22m[39m
 [32mΓ£ô[39m src/__tests__/integration/messageFlow.test.jsx[2m > [22mEdit message flow[2m > [22msaves edited content[32m 11[2mms[22m[39m
 [32mΓ£ô[39m src/__tests__/integration/messageFlow.test.jsx[2m > [22mEdit message flow[2m > [22mcancels edit mode[32m 7[2mms[22m[39m
 [32mΓ£ô[39m src/__tests__/integration/messageFlow.test.jsx[2m > [22mDelete message flow[2m > [22mremoves message from list on delete[32m 5[2mms[22m[39m
 [32mΓ£ô[39m src/__tests__/integration/messageFlow.test.jsx[2m > [22mDelete message flow[2m > [22mother messages remain after deleting one[32m 4[2mms[22m[39m
[90mstdout[2m | src/__tests__/components/MessageInput.test.jsx
[22m[39m≡ƒº¬ Test setup complete!

 [32mΓ£ô[39m src/__tests__/integration/messageFlow.test.jsx[2m > [22mReply to message flow[2m > [22mshows reply bar when reply button clicked[32m 6[2mms[22m[39m
 [32mΓ£ô[39m src/__tests__/integration/messageFlow.test.jsx[2m > [22mReply to message flow[2m > [22msends message with reply reference[32m 8[2mms[22m[39m
 [32mΓ£ô[39m src/__tests__/integration/messageFlow.test.jsx[2m > [22mReply to message flow[2m > [22mclears reply bar after sending[32m 8[2mms[22m[39m
 [32mΓ£ô[39m src/__tests__/integration/messageFlow.test.jsx[2m > [22mReply to message flow[2m > [22mcan cancel reply[32m 7[2mms[22m[39m
 [32mΓ£ô[39m src/__tests__/integration/messageFlow.test.jsx[2m > [22mReaction flow[2m > [22madds reaction to message[32m 5[2mms[22m[39m
 [32mΓ£ô[39m src/__tests__/components/MessageInput.test.jsx[2m > [22mMessageInput Component[2m > [22mRendering[2m > [22mshould render the input container[32m 35[2mms[22m[39m
 [32mΓ£ô[39m src/__tests__/components/MessageInput.test.jsx[2m > [22mMessageInput Component[2m > [22mRendering[2m > [22mshould render textarea with default placeholder[32m 8[2mms[22m[39m
 [32mΓ£ô[39m src/__tests__/components/MessageInput.test.jsx[2m > [22mMessageInput Component[2m > [22mRendering[2m > [22mshould render textarea with custom placeholder[32m 4[2mms[22m[39m
 [32mΓ£ô[39m src/__tests__/components/MessageInput.test.jsx[2m > [22mMessageInput Component[2m > [22mRendering[2m > [22mshould render send and emoji buttons[32m 4[2mms[22m[39m
 [32mΓ£ô[39m src/__tests__/components/MessageInput.test.jsx[2m > [22mMessageInput Component[2m > [22mRendering[2m > [22mshould show disabled textarea when disabled prop is true[32m 4[2mms[22m[39m
 [32mΓ£ô[39m src/__tests__/components/MessageInput.test.jsx[2m > [22mMessageInput Component[2m > [22mTyping and Sending[2m > [22mshould update textarea value on typing[32m 10[2mms[22m[39m
 [32mΓ£ô[39m src/__tests__/components/MessageInput.test.jsx[2m > [22mMessageInput Component[2m > [22mTyping and Sending[2m > [22mshould call onSendMessage on send button click[32m 8[2mms[22m[39m
 [32mΓ£ô[39m src/__tests__/components/MessageInput.test.jsx[2m > [22mMessageInput Component[2m > [22mTyping and Sending[2m > [22mshould clear textarea after sending[32m 6[2mms[22m[39m
 [32mΓ£ô[39m src/__tests__/components/MessageInput.test.jsx[2m > [22mMessageInput Component[2m > [22mTyping and Sending[2m > [22mshould send on Enter key press[32m 6[2mms[22m[39m
 [32mΓ£ô[39m src/__tests__/components/MessageInput.test.jsx[2m > [22mMessageInput Component[2m > [22mTyping and Sending[2m > [22mshould NOT send on Shift+Enter (allows newline)[32m 5[2mms[22m[39m
 [32mΓ£ô[39m src/__tests__/components/MessageInput.test.jsx[2m > [22mMessageInput Component[2m > [22mTyping and Sending[2m > [22mshould NOT send empty messages[32m 3[2mms[22m[39m
 [32mΓ£ô[39m src/__tests__/components/MessageInput.test.jsx[2m > [22mMessageInput Component[2m > [22mTyping and Sending[2m > [22mshould NOT send whitespace-only messages[32m 4[2mms[22m[39m
 [32mΓ£ô[39m src/__tests__/components/MessageInput.test.jsx[2m > [22mMessageInput Component[2m > [22mEmoji Picker[2m > [22mshould toggle emoji picker on button click[32m 5[2mms[22m[39m
 [32mΓ£ô[39m src/__tests__/components/MessageInput.test.jsx[2m > [22mMessageInput Component[2m > [22mEmoji Picker[2m > [22mshould insert emoji into message and close picker[32m 5[2mms[22m[39m
 [32mΓ£ô[39m src/__tests__/components/MessageInput.test.jsx[2m > [22mMessageInput Component[2m > [22mEdit Mode[2m > [22mshould show edit preview when editingMessage is provided[32m 4[2mms[22m[39m
 [32mΓ£ô[39m src/__tests__/components/MessageInput.test.jsx[2m > [22mMessageInput Component[2m > [22mEdit Mode[2m > [22mshould pre-fill textarea with editing message content[32m 3[2mms[22m[39m
 [32mΓ£ô[39m src/__tests__/components/MessageInput.test.jsx[2m > [22mMessageInput Component[2m > [22mEdit Mode[2m > [22mshould call onCancelEdit on cancel button click[32m 3[2mms[22m[39m
 [32mΓ£ô[39m src/__tests__/components/MessageInput.test.jsx[2m > [22mMessageInput Component[2m > [22mEdit Mode[2m > [22mshould call onCancelEdit on Escape key[32m 3[2mms[22m[39m
 [32mΓ£ô[39m src/__tests__/components/MessageInput.test.jsx[2m > [22mMessageInput Component[2m > [22mReply Mode[2m > [22mshould show reply preview when replyingTo is provided[32m 8[2mms[22m[39m
 [32mΓ£ô[39m src/__tests__/components/MessageInput.test.jsx[2m > [22mMessageInput Component[2m > [22mReply Mode[2m > [22mshould call onCancelReply on cancel button click[32m 4[2mms[22m[39m
[90mstdout[2m | src/__tests__/hooks/comprehensiveHooks.test.js
[22m[39m≡ƒº¬ Test setup complete!

[90mstdout[2m | src/__tests__/voice/useRecording.test.js
[22m[39m≡ƒº¬ Test setup complete!

[90mstdout[2m | src/__tests__/services/websocket.test.js
[22m[39m≡ƒº¬ Test setup complete!

[90mstdout[2m | src/__tests__/hooks/useFocusTrap.test.js
[22m[39m≡ƒº¬ Test setup complete!

[90mstderr[2m | src/__tests__/voice/useRecording.test.js[2m > [22m[2museRe
cording[2m > [22m[2mshould start with recording off
[22m[39mreact-i18next:: useTranslation: You will need to pass in an i18next i
nstance by using initReactI18next { code: [32m'NO_I18NEXT_INSTANCE'[39m }

[90mstderr[2m | src/__tests__/voice/useRecording.test.js[2m > [22m[2museRe
cording[2m > [22m[2mshould not start recording when not in voice
[22m[39m[Recording] Cannot start - not in voice or already recording

 [32mΓ£ô[39m src/__tests__/services/websocket.test.js[2m > [22mWebSocketService exports[2m > [22mexports WS_STATES object[32m 25[2mms[22m[39m
 [32mΓ£ô[39m src/__tests__/services/websocket.test.js[2m > [22mWebSocketService exports[2m > [22mexports MESSAGE_TYPES[32m 1[2mms[22m[39m
 [32mΓ£ô[39m src/__tests__/services/websocket.test.js[2m > [22mWebSocketService exports[2m > [22mexports a singleton wsService[32m 1[2mms[22m[39m
 [32mΓ£ô[39m src/__tests__/services/websocket.test.js[2m > [22mconnect()[2m > [22mcreates a WebSocket and resolves on open[32m 2[2mms[22m[39m
 [32mΓ£ô[39m src/__tests__/services/websocket.test.js[2m > [22mconnect()[2m > [22mbuilds URL with token and channel[32m 1[2mms[22m[39m
 [32mΓ£ô[39m src/__tests__/services/websocket.test.js[2m > [22mconnect()[2m > [22mrejects when no auth token and not anonymous[32m 5[2mms[22m[39m
 [32mΓ£ô[39m src/__tests__/services/websocket.test.js[2m > [22mconnect()[2m > [22mreturns existing connection if already connected[32m 1[2mms[22m[39m
 [32mΓ£ô[39m src/__tests__/services/websocket.test.js[2m > [22msend()[2m > [22msends JSON message through connected socket[32m 1[2mms[22m[39m
 [32mΓ£ô[39m src/__tests__/services/websocket.test.js[2m > [22msend()[2m > [22madds timestamp and id to messages[32m 1[2mms[22m[39m
 [32mΓ£ô[39m src/__tests__/services/websocket.test.js[2m > [22msend()[2m > [22mqueues message when not connected[32m 1[2mms[22m[39m
 [32mΓ£ô[39m src/__tests__/services/websocket.test.js[2m > [22msend()[2m > [22mreturns true on successful send[32m 1[2mms[22m[39m
 [32mΓ£ô[39m src/__tests__/services/websocket.test.js[2m > [22mmessage handling[2m > [22mcalls channel handler on incoming message[32m 9[2mms[22m[39m
 [32mΓ£ô[39m src/__tests__/services/websocket.test.js[2m > [22mmessage handling[2m > [22mcalls global handler on any message[32m 1[2mms[22m[39m
 [32mΓ£ô[39m src/__tests__/services/websocket.test.js[2m > [22mmessage handling[2m > [22mreturns unsubscribe function from on()[32m 1[2mms[22m[39m
 [32mΓ£ô[39m src/__tests__/services/websocket.test.js[2m > [22mmessage handling[2m > [22mincrements messagesReceived stat[32m 1[2mms[22m[39m
 [32mΓ£ô[39m src/__tests__/services/websocket.test.js[2m > [22mdisconnect()[2m > [22mcloses the WebSocket[32m 1[2mms[22m[39m
 [32mΓ£ô[39m src/__tests__/services/websocket.test.js[2m > [22mdisconnect()[2m > [22mremoves connection from the map[32m 1[2mms[22m[39m
 [32mΓ£ô[39m src/__tests__/services/websocket.test.js[2m > [22mdisconnect()[2m > [22mclears message queue for channel[32m 0[2mms[22m[39m
 [32mΓ£ô[39m src/__tests__/services/websocket.test.js[2m > [22mconvenience methods[2m > [22mconnectToRoom builds correct channel[32m 1[2mms[22m[39m
 [32mΓ£ô[39m src/__tests__/services/websocket.test.js[2m > [22mconvenience methods[2m > [22msendChatMessage sends with correct type[32m 1[2mms[22m[39m
 [32mΓ£ô[39m src/__tests__/services/websocket.test.js[2m > [22mconvenience methods[2m > [22msendTyping sends typing indicator[32m 1[2mms[22m[39m
 [32mΓ£ô[39m src/__tests__/services/websocket.test.js[2m > [22mconvenience methods[2m > [22msendReaction sends emoji reaction[32m 1[2mms[22m[39m
 [32mΓ£ô[39m src/__tests__/services/websocket.test.js[2m > [22mgetStats()[2m > [22mreturns stats object with expected keys[32m 1[2mms[22m[39m
 [32mΓ£ô[39m src/__tests__/services/websocket.test.js[2m > [22mgetStats()[2m > [22mmessagesSent increments on send[32m 1[2mms[22m[39m
 [32mΓ£ô[39m src/__tests__/hooks/comprehensiveHooks.test.js[2m > [22museDebounce Hook[2m > [22mshould return initial value immediately[32m 33[2mms[22m[39m
 [32mΓ£ô[39m src/__tests__/hooks/comprehensiveHooks.test.js[2m > [22museDebounce Hook[2m > [22mshould debounce value changes[32m 4[2mms[22m[39m
 [32mΓ£ô[39m src/__tests__/hooks/comprehensiveHooks.test.js[2m > [22museLocalStorage Hook[2m > [22mshould return initial value when key not in storage[32m 21[2mms[22m[39m
 [32mΓ£ô[39m src/__tests__/hooks/comprehensiveHooks.test.js[2m > [22museLocalStorage Hook[2m > [22mshould persist value to localStorage[32m 3[2mms[22m[39m
 [32mΓ£ô[39m src/__tests__/hooks/comprehensiveHooks.test.js[2m > [22museMediaQuery Hook[2m > [22mshould return boolean for media query[32m 12[2mms[22m[39m
 [32mΓ£ô[39m src/__tests__/hooks/comprehensiveHooks.test.js[2m > [22museOnlineStatus Hook[2m > [22mshould return true when online[32m 7[2mms[22m[39m
 [32mΓ£ô[39m src/__tests__/hooks/comprehensiveHooks.test.js[2m > [22museKeyPress Hook[2m > [22mshould detect key press[32m 8[2mms[22m[39m
 [32mΓ£ô[39m src/__tests__/hooks/comprehensiveHooks.test.js[2m > [22museClickOutside Hook[2m > [22mshould call handler on outside click[32m 10[2mms[22m[39m
[90mstdout[2m | src/__tests__/components/UserProfilePanel.test.jsx
[22m[39m≡ƒº¬ Test setup complete!

[90mstdout[2m | src/__tests__/voice/useVoiceSettings.test.js
[22m[39m≡ƒº¬ Test setup complete!

 [32mΓ£ô[39m src/__tests__/hooks/useFocusTrap.test.js[2m > [22museFocusTrap[2m > [22mrenders trap container[32m 44[2mms[22m[39m
 [32mΓ£ô[39m src/__tests__/hooks/useFocusTrap.test.js[2m > [22museFocusTrap[2m > [22mcontains 3 focusable elements[32m 13[2mms[22m[39m
 [32mΓ£ô[39m src/__tests__/hooks/useFocusTrap.test.js[2m > [22museFocusTrap[2m > [22mwraps focus from last to first on Tab[32m 12[2mms[22m[39m
 [32mΓ£ô[39m src/__tests__/hooks/useFocusTrap.test.js[2m > [22museFocusTrap[2m > [22mwraps focus from first to last on Shift+Tab[32m 3[2mms[22m[39m
 [32mΓ£ô[39m src/__tests__/hooks/useFocusTrap.test.js[2m > [22museFocusTrap[2m > [22mcalls onEscape when Escape is pressed[32m 3[2mms[22m[39m
 [32mΓ£ô[39m src/__tests__/hooks/useFocusTrap.test.js[2m > [22museFocusTrap[2m > [22mdoes not call onEscape for other keys[32m 5[2mms[22m[39m
 [32mΓ£ô[39m src/__tests__/hooks/useFocusTrap.test.js[2m > [22museFocusTrap[2m > [22mdoes not trap when active=false[32m 7[2mms[22m[39m
 [32mΓ£ô[39m src/__tests__/hooks/useFocusTrap.test.js[2m > [22museFocusTrap[2m > [22mcleans up listner on unmount[32m 2[2mms[22m[39m
 [32mΓ£ô[39m src/__tests__/hooks/useFocusTrap.test.js[2m > [22museFocusTrap[2m > [22mhandles container with no focusable children[32m 2[2mms[22m[39m
 [32mΓ£ô[39m src/__tests__/hooks/useFocusTrap.test.js[2m > [22museFocusTrap[2m > [22mhandles disabled buttons correctly[32m 2[2mms[22m[39m
[90mstderr[2m | src/__tests__/voice/useRecording.test.js[2m > [22m[2museRe
cording[2m > [22m[2mshould stop recording and reset state
[22m[39m[Recording] Start error: TypeError: audioContext.createMediaStreamDes
tination is not a function
    at Object.startRecording (C:/Users/Eastkhan/Software/JavaScript/PAWSCORD/fr
ontend/src/VoiceContext/useRecording.js:65:46)
    at C:/Users/Eastkhan/Software/JavaScript/PAWSCORD/frontend/src/__tests__/vo
ice/useRecording.test.js:52:34
    at [90mC:\Users\Eastkhan\Software\JavaScript\PAWSCORD\frontend\[39mnode_m
odules\[4m@testing-library\react[24m\dist\act-compat.js:47:24
    at process.env.NODE_ENV.exports.act [90m(C:\Users\Eastkhan\Software\JavaSc
ript\PAWSCORD\frontend\[39mnode_modules\[4mreact[24m\cjs\react.development.j
s:814:22[90m)[39m
    at [90mC:\Users\Eastkhan\Software\JavaScript\PAWSCORD\frontend\[39mnode_m
odules\[4m@testing-library\react[24m\dist\act-compat.js:46:25
    at C:/Users/Eastkhan/Software/JavaScript/PAWSCORD/frontend/src/__tests__/vo
ice/useRecording.test.js:52:9
    at [90mfile:///C:/Users/Eastkhan/Software/JavaScript/PAWSCORD/frontend/[3
9mnode_modules/[4m@vitest/runner[24m/dist/index.js:145:11
    at [90mfile:///C:/Users/Eastkhan/Software/JavaScript/PAWSCORD/frontend/[3
9mnode_modules/[4m@vitest/runner[24m/dist/index.js:915:26
    at [90mfile:///C:/Users/Eastkhan/Software/JavaScript/PAWSCORD/frontend/[3
9mnode_modules/[4m@vitest/runner[24m/dist/index.js:1243:20
    at new Promise (<anonymous>)

 [32mΓ£ô[39m src/__tests__/voice/useRecording.test.js[2m > [22museRecording[2m > [22mshould start with recording off[32m 23[2mms[22m[39m
 [32mΓ£ô[39m src/__tests__/voice/useRecording.test.js[2m > [22museRecording[2m > [22mshould not start recording when not in voice[32m 2[2mms[22m[39m
 [32mΓ£ô[39m src/__tests__/voice/useRecording.test.js[2m > [22museRecording[2m > [22mshould stop recording and reset state[32m 83[2mms[22m[39m
 [32mΓ£ô[39m src/__tests__/voice/useRecording.test.js[2m > [22museRecording[2m > [22mshould not crash when stopping without recording[32m 4[2mms[22m[39m
 [32mΓ£ô[39m src/__tests__/voice/useRecording.test.js[2m > [22museRecording[2m > [22mshould export downloadRecording function[32m 2[2mms[22m[39m
[90mstdout[2m | src/__tests__/services/ApiService.test.js
[22m[39m≡ƒº¬ Test setup complete!

[90mstdout[2m | src/__tests__/hooks/useCustomHooksAdvanced.test.js
[22m[39m≡ƒº¬ Test setup complete!

[90mstderr[2m | src/__tests__/voice/useVoiceSettings.test.js[2m > [22m[2mu
seVoiceSettings[2m > [22m[2mshould return default noise gate threshold of -5
0
[22m[39mreact-i18next:: useTranslation: You will need to pass in an i18next i
nstance by using initReactI18next { code: [32m'NO_I18NEXT_INSTANCE'[39m }

 [32mΓ£ô[39m src/__tests__/services/ApiService.test.js[2m > [22mApiService[2m > [22mApiError[2m > [22mshould be importable[32m 30[2mms[22m[39m
 [32mΓ£ô[39m src/__tests__/services/ApiService.test.js[2m > [22mApiService[2m > [22mApiError[2m > [22mshould create error with all fields[32m 1[2mms[22m[39m
 [32mΓ£ô[39m src/__tests__/services/ApiService.test.js[2m > [22mApiService[2m > [22mApiError[2m > [22mshould be instanceof Error[32m 0[2mms[22m[39m
 [32mΓ£ô[39m src/__tests__/services/ApiService.test.js[2m > [22mApiService[2m > [22mApiError[2m > [22mshould serialize to JSON[32m 0[2mms[22m[39m
 [32mΓ£ô[39m src/__tests__/services/ApiService.test.js[2m > [22mApiService[2m > [22mModule Structure[2m > [22mshould export apiService object[32m 0[2mms[22m[39m
 [32mΓ£ô[39m src/__tests__/services/ApiService.test.js[2m > [22mApiService[2m > [22mFetch behavior[2m > [22mshould handle successful response[32m 1[2mms[22m[39m
 [32mΓ£ô[39m src/__tests__/services/ApiService.test.js[2m > [22mApiService[2m > [22mFetch behavior[2m > [22mshould handle 401 unauthorized[32m 0[2mms[22m[39m
 [32mΓ£ô[39m src/__tests__/services/ApiService.test.js[2m > [22mApiService[2m > [22mFetch behavior[2m > [22mshould handle network error[32m 1[2mms[22m[39m
 [32mΓ£ô[39m src/__tests__/services/ApiService.test.js[2m > [22mApiService[2m > [22mFetch behavior[2m > [22mshould handle 500 server error[32m 1[2mms[22m[39m
 [32mΓ£ô[39m src/__tests__/services/ApiService.test.js[2m > [22mApiService[2m > [22mRequest Queue behavior[2m > [22mshould process requests sequentially up to concurrency limit[32m 13[2mms[22m[39m
 [32mΓ£ô[39m src/__tests__/services/ApiService.test.js[2m > [22mApiService[2m > [22mSmart Cache behavior[2m > [22mshould cache and retrieve values[32m 0[2mms[22m[39m
 [32mΓ£ô[39m src/__tests__/services/ApiService.test.js[2m > [22mApiService[2m > [22mSmart Cache behavior[2m > [22mshould expire old entries[32m 0[2mms[22m[39m
 [32mΓ£ô[39m src/__tests__/services/ApiService.test.js[2m > [22mApiService[2m > [22mSmart Cache behavior[2m > [22mshould generate consistent cache keys[32m 0[2mms[22m[39m
 [32mΓ£ô[39m src/__tests__/voice/useVoiceSettings.test.js[2m > [22museVoiceSettings[2m > [22mshould return default noise gate threshold of -50[32m 25[2mms[22m[39m
 [32mΓ£ô[39m src/__tests__/voice/useVoiceSettings.test.js[2m > [22museVoiceSettings[2m > [22mshould return default VAD sensitivity of 45[32m 3[2mms[22m[39m
 [32mΓ£ô[39m src/__tests__/voice/useVoiceSettings.test.js[2m > [22museVoiceSettings[2m > [22mshould return default noise suppression enabled[32m 4[2mms[22m[39m
 [32mΓ£ô[39m src/__tests__/voice/useVoiceSettings.test.js[2m > [22museVoiceSettings[2m > [22mshould return default screen share quality 1080p[32m 2[2mms[22m[39m
 [32mΓ£ô[39m src/__tests__/voice/useVoiceSettings.test.js[2m > [22museVoiceSettings[2m > [22mshould return default screen FPS of 30[32m 3[2mms[22m[39m
 [32mΓ£ô[39m src/__tests__/voice/useVoiceSettings.test.js[2m > [22museVoiceSettings[2m > [22mshould return default PTT mode off[32m 2[2mms[22m[39m
 [32mΓ£ô[39m src/__tests__/voice/useVoiceSettings.test.js[2m > [22museVoiceSettings[2m > [22mshould return default PTT key as Space[32m 2[2mms[22m[39m
 [32mΓ£ô[39m src/__tests__/voice/useVoiceSettings.test.js[2m > [22museVoiceSettings[2m > [22mshould return default noise suppression level as medium[32m 2[2mms[22m[39m
 [32mΓ£ô[39m src/__tests__/voice/useVoiceSettings.test.js[2m > [22museVoiceSettings[2m > [22mupdateVadSensitivity[2m > [22mshould clamp to minimum 20[32m 6[2mms[22m[39m
 [32mΓ£ô[39m src/__tests__/voice/useVoiceSettings.test.js[2m > [22museVoiceSettings[2m > [22mupdateVadSensitivity[2m > [22mshould clamp to maximum 80[32m 3[2mms[22m[39m
 [32mΓ£ô[39m src/__tests__/voice/useVoiceSettings.test.js[2m > [22museVoiceSettings[2m > [22mupdateVadSensitivity[2m > [22mshould save to localStorage[32m 5[2mms[22m[39m
 [32mΓ£ô[39m src/__tests__/voice/useVoiceSettings.test.js[2m > [22museVoiceSettings[2m > [22mupdateNoiseGateThreshold[2m > [22mshould clamp to minimum -80[32m 1[2mms[22m[39m
 [32mΓ£ô[39m src/__tests__/voice/useVoiceSettings.test.js[2m > [22museVoiceSettings[2m > [22mupdateNoiseGateThreshold[2m > [22mshould clamp to maximum -20[32m 1[2mms[22m[39m
 [32mΓ£ô[39m src/__tests__/voice/useVoiceSettings.test.js[2m > [22museVoiceSettings[2m > [22mupdateScreenQuality[2m > [22mshould update screen quality[32m 1[2mms[22m[39m
 [32mΓ£ô[39m src/__tests__/voice/useVoiceSettings.test.js[2m > [22museVoiceSettings[2m > [22mupdateScreenFPS[2m > [22mshould update screen FPS[32m 1[2mms[22m[39m
 [32mΓ£ô[39m src/__tests__/voice/useVoiceSettings.test.js[2m > [22museVoiceSettings[2m > [22mtoggleNoiseGate[2m > [22mshould toggle noise gate on/off[32m 1[2mms[22m[39m
 [32mΓ£ô[39m src/__tests__/voice/useVoiceSettings.test.js[2m > [22museVoiceSettings[2m > [22mtoggleVisualizer[2m > [22mshould toggle visualizer[32m 1[2mms[22m[39m
 [32mΓ£ô[39m src/__tests__/voice/useVoiceSettings.test.js[2m > [22museVoiceSettings[2m > [22msetRemoteVolume[2m > [22mshould set volume for a user[32m 1[2mms[22m[39m
 [32mΓ£ô[39m src/__tests__/voice/useVoiceSettings.test.js[2m > [22museVoiceSettings[2m > [22msetRemoteVolume[2m > [22mshould clamp volume to 0-200 range[32m 1[2mms[22m[39m
 [32mΓ£ô[39m src/__tests__/voice/useVoiceSettings.test.js[2m > [22museVoiceSettings[2m > [22mupdateNoiseSuppressionLevel[2m > [22mshould accept valid levels[32m 1[2mms[22m[39m
 [32mΓ£ô[39m src/__tests__/voice/useVoiceSettings.test.js[2m > [22museVoiceSettings[2m > [22mupdateNoiseSuppressionLevel[2m > [22mshould default to high for invalid levels[32m 1[2mms[22m[39m
 [32mΓ£ô[39m src/__tests__/voice/useVoiceSettings.test.js[2m > [22museVoiceSettings[2m > [22mupdatePTTKey[2m > [22mshould update PTT key[32m 1[2mms[22m[39m
 [32mΓ£ô[39m src/__tests__/voice/useVoiceSettings.test.js[2m > [22museVoiceSettings[2m > [22mtoggleSystemAudio[2m > [22mshould toggle system audio[32m 1[2mms[22m[39m
[90mstderr[2m | src/__tests__/components/UserProfilePanel.test.jsx[2m > [22
m[2mUserProfilePanel Orchestrator[2m > [22m[2mshould render all sub-compone
nts
[22m[39mreact-i18next:: useTranslation: You will need to pass in an i18next i
nstance by using initReactI18next { code: [32m'NO_I18NEXT_INSTANCE'[39m }

[90mstderr[2m | src/__tests__/components/UserProfilePanel.test.jsx[2m > [22
m[2mUserProfilePanel Orchestrator[2m > [22m[2mshould return null if user is
 null
[22m[39m[UserProfilePanel] User prop is null/undefined

 [32mΓ£ô[39m src/__tests__/hooks/useCustomHooksAdvanced.test.js[2m > [22museToggle[2m > [22mshould default to false[32m 19[2mms[22m[39m
 [32mΓ£ô[39m src/__tests__/hooks/useCustomHooksAdvanced.test.js[2m > [22museToggle[2m > [22mshould accept initial value[32m 2[2mms[22m[39m
 [32mΓ£ô[39m src/__tests__/hooks/useCustomHooksAdvanced.test.js[2m > [22museToggle[2m > [22mshould toggle value[32m 3[2mms[22m[39m
 [32mΓ£ô[39m src/__tests__/hooks/useCustomHooksAdvanced.test.js[2m > [22museToggle[2m > [22mshould allow direct setValue[32m 2[2mms[22m[39m
 [32mΓ£ô[39m src/__tests__/hooks/useCustomHooksAdvanced.test.js[2m > [22museKeyPress[2m > [22mshould return false initially[32m 2[2mms[22m[39m
 [32mΓ£ô[39m src/__tests__/hooks/useCustomHooksAdvanced.test.js[2m > [22museKeyPress[2m > [22mshould return true when target key is pressed[32m 2[2mms[22m[39m
 [32mΓ£ô[39m src/__tests__/hooks/useCustomHooksAdvanced.test.js[2m > [22museKeyPress[2m > [22mshould return false when key is released[32m 2[2mms[22m[39m
 [32mΓ£ô[39m src/__tests__/hooks/useCustomHooksAdvanced.test.js[2m > [22museKeyPress[2m > [22mshould not react to other keys[32m 1[2mms[22m[39m
 [32mΓ£ô[39m src/__tests__/hooks/useCustomHooksAdvanced.test.js[2m > [22museKeyPress[2m > [22mshould cleanup listners on unmount[32m 4[2mms[22m[39m
 [32mΓ£ô[39m src/__tests__/hooks/useCustomHooksAdvanced.test.js[2m > [22musePrevious[2m > [22mshould return undefined on first render[32m 1[2mms[22m[39m
 [32mΓ£ô[39m src/__tests__/hooks/useCustomHooksAdvanced.test.js[2m > [22musePrevious[2m > [22mshould return previous value after rerender[32m 2[2mms[22m[39m
 [32mΓ£ô[39m src/__tests__/hooks/useCustomHooksAdvanced.test.js[2m > [22musePrevious[2m > [22mshould track numeric values[32m 2[2mms[22m[39m
 [32mΓ£ô[39m src/__tests__/hooks/useCustomHooksAdvanced.test.js[2m > [22museClickOutside[2m > [22mshould call callback when clicking outside element[32m 2[2mms[22m[39m
 [32mΓ£ô[39m src/__tests__/hooks/useCustomHooksAdvanced.test.js[2m > [22museClickOutside[2m > [22mshould NOT call callback when clicking inside element[32m 2[2mms[22m[39m
 [32mΓ£ô[39m src/__tests__/hooks/useCustomHooksAdvanced.test.js[2m > [22museClipboard[2m > [22mshould start with no copied text[32m 4[2mms[22m[39m
 [32mΓ£ô[39m src/__tests__/hooks/useCustomHooksAdvanced.test.js[2m > [22museClipboard[2m > [22mshould copy text and set copiedText[32m 4[2mms[22m[39m
 [32mΓ£ô[39m src/__tests__/hooks/useCustomHooksAdvanced.test.js[2m > [22museClipboard[2m > [22mshould clear copiedText after 2 seconds[32m 3[2mms[22m[39m
 [32mΓ£ô[39m src/__tests__/hooks/useCustomHooksAdvanced.test.js[2m > [22museInterval[2m > [22mshould call callback at specified interval[32m 1[2mms[22m[39m
 [32mΓ£ô[39m src/__tests__/hooks/useCustomHooksAdvanced.test.js[2m > [22museInterval[2m > [22mshould not call callback when delay is null[32m 2[2mms[22m[39m
 [32mΓ£ô[39m src/__tests__/hooks/useCustomHooksAdvanced.test.js[2m > [22museInterval[2m > [22mshould stop calling after unmount[32m 4[2mms[22m[39m
 [32mΓ£ô[39m src/__tests__/hooks/useCustomHooksAdvanced.test.js[2m > [22museTimeout[2m > [22mshould call callback after specified delay[32m 2[2mms[22m[39m
 [32mΓ£ô[39m src/__tests__/hooks/useCustomHooksAdvanced.test.js[2m > [22museTimeout[2m > [22mshould not call callback when delay is null[32m 5[2mms[22m[39m
 [32mΓ£ô[39m src/__tests__/hooks/useCustomHooksAdvanced.test.js[2m > [22museTimeout[2m > [22mshould only fire once[32m 2[2mms[22m[39m
 [32mΓ£ô[39m src/__tests__/hooks/useCustomHooksAdvanced.test.js[2m > [22museMountedState[2m > [22mshould return true when mounted[32m 1[2mms[22m[39m
 [32mΓ£ô[39m src/__tests__/hooks/useCustomHooksAdvanced.test.js[2m > [22museMountedState[2m > [22mshould return false after unmount[32m 1[2mms[22m[39m
 [32mΓ£ô[39m src/__tests__/hooks/useCustomHooksAdvanced.test.js[2m > [22museThrottle[2m > [22mshould return initial value immediately[32m 3[2mms[22m[39m
 [32mΓ£ô[39m src/__tests__/hooks/useCustomHooksAdvanced.test.js[2m > [22museThrottle[2m > [22mshould throttle value updates[32m 3[2mms[22m[39m
 [32mΓ£ô[39m src/__tests__/hooks/useCustomHooksAdvanced.test.js[2m > [22museWindowSize[2m > [22mshould return current window dimensions[32m 1[2mms[22m[39m
 [32mΓ£ô[39m src/__tests__/hooks/useCustomHooksAdvanced.test.js[2m > [22museWindowSize[2m > [22mshould update on window resize[32m 2[2mms[22m[39m
 [32mΓ£ô[39m src/__tests__/components/UserProfilePanel.test.jsx[2m > [22mUserProfilePanel Orchestrator[2m > [22mshould render all sub-components[32m 33[2mms[22m[39m
 [32mΓ£ô[39m src/__tests__/components/UserProfilePanel.test.jsx[2m > [22mUserProfilePanel Orchestrator[2m > [22mshould return null if user is null[32m 2[2mms[22m[39m
 [32mΓ£ô[39m src/__tests__/components/UserProfilePanel.test.jsx[2m > [22mUserProfilePanel Orchestrator[2m > [22mshould show profile tab by default[32m 4[2mms[22m[39m
 [32mΓ£ô[39m src/__tests__/components/UserProfilePanel.test.jsx[2m > [22mUserProfilePanel Orchestrator[2m > [22mshould switch tabs when sidebar button is clicked[32m 11[2mms[22m[39m
 [32mΓ£ô[39m src/__tests__/components/UserProfilePanel.test.jsx[2m > [22mUserProfilePanel Orchestrator[2m > [22mshould pass username to ProfileHeader[32m 4[2mms[22m[39m
 [32mΓ£ô[39m src/__tests__/components/UserProfilePanel.test.jsx[2m > [22mUserProfilePanel Orchestrator[2m > [22mshould call fetchDataForCategory on category change[32m 5[2mms[22m[39m
 [32mΓ£ô[39m src/__tests__/i18n/i18n.test.js[2m > [22mLocale File Completeness[2m > [22mno locale should have empty string values[33m 2059[2mms[22m[39m
[90mstdout[2m | src/__tests__/roomlist/useServerActions.test.js
[22m[39m≡ƒº¬ Test setup complete!

[90mstdout[2m | src/__tests__/hooks/useDraftMessages.test.js
[22m[39m≡ƒº¬ Test setup complete!

[90mstderr[2m | src/__tests__/roomlist/useServerActions.test.js[2m > [22m[
2museServerActions[2m > [22m[2mshould return correct initial state values
[22m[39mreact-i18next:: useTranslation: You will need to pass in an i18next i
nstance by using initReactI18next { code: [32m'NO_I18NEXT_INSTANCE'[39m }

 [32mΓ£ô[39m src/__tests__/hooks/useDraftMessages.test.js[2m > [22museDraftMessages[2m > [22mshould return empty draft for a room with no saved draft[32m 23[2mms[22m[39m
 [32mΓ£ô[39m src/__tests__/hooks/useDraftMessages.test.js[2m > [22museDraftMessages[2m > [22mshould load existing draft from localStorage[32m 7[2mms[22m[39m
 [32mΓ£ô[39m src/__tests__/hooks/useDraftMessages.test.js[2m > [22museDraftMessages[2m > [22mshould update draft when setDraft is called[32m 4[2mms[22m[39m
 [32mΓ£ô[39m src/__tests__/hooks/useDraftMessages.test.js[2m > [22museDraftMessages[2m > [22mshould auto-save draft to localStorage after 1 second[32m 10[2mms[22m[39m
 [32mΓ£ô[39m src/__tests__/hooks/useDraftMessages.test.js[2m > [22museDraftMessages[2m > [22mshould clear draft from state and localStorage[32m 9[2mms[22m[39m
 [32mΓ£ô[39m src/__tests__/hooks/useDraftMessages.test.js[2m > [22museDraftMessages[2m > [22mshould report hasDraft as false for whitespace-only draft[32m 2[2mms[22m[39m
 [32mΓ£ô[39m src/__tests__/hooks/useDraftMessages.test.js[2m > [22museDraftMessages[2m > [22mshould use conversation-based key for DMs[32m 2[2mms[22m[39m
 [32mΓ£ô[39m src/__tests__/hooks/useDraftMessages.test.js[2m > [22museDraftMessages[2m > [22mshould reload draft when roomId changes[32m 2[2mms[22m[39m
 [32mΓ£ô[39m src/__tests__/hooks/useDraftMessages.test.js[2m > [22museDraftMessages[2m > [22mshould handle corrupt JSON in localStorage gracefully[32m 1[2mms[22m[39m
 [32mΓ£ô[39m src/__tests__/hooks/useDraftMessages.test.js[2m > [22museDraftMessages[2m > [22mshould call removeItem when draft is cleared to empty[32m 2[2mms[22m[39m
 [32mΓ£ô[39m src/__tests__/roomlist/useServerActions.test.js[2m > [22museServerActions[2m > [22mshould return correct initial state values[32m 17[2mms[22m[39m
 [32mΓ£ô[39m src/__tests__/roomlist/useServerActions.test.js[2m > [22museServerActions[2m > [22mshould return all expected functions[32m 2[2mms[22m[39m
 [32mΓ£ô[39m src/__tests__/roomlist/useServerActions.test.js[2m > [22museServerActions[2m > [22mshould return all expected state setters[32m 2[2mms[22m[39m
 [32mΓ£ô[39m src/__tests__/roomlist/useServerActions.test.js[2m > [22museServerActions[2m > [22mshould update newServerName via setter[32m 3[2mms[22m[39m
 [32mΓ£ô[39m src/__tests__/roomlist/useServerActions.test.js[2m > [22museServerActions[2m > [22mshould call fetchWithAuth when handleCreateServer is invoked with a name[32m 14[2mms[22m[39m
 [32mΓ£ô[39m src/__tests__/roomlist/useServerActions.test.js[2m > [22museServerActions[2m > [22mshould not call fetchWithAuth when handleCreateServer is invoked with empty name[32m 2[2mms[22m[39m
 [32mΓ£ô[39m src/__tests__/roomlist/useServerActions.test.js[2m > [22museServerActions[2m > [22mshould call fetchWithAuth when handleJoinServer is invoked[32m 2[2mms[22m[39m
 [32mΓ£ô[39m src/__tests__/roomlist/useServerActions.test.js[2m > [22museServerActions[2m > [22mshould call fetchWithAuth when handleOpenDiscovery is invoked and update publicServers[32m 2[2mms[22m[39m
 [32mΓ£ô[39m src/__tests__/roomlist/useServerActions.test.js[2m > [22museServerActions[2m > [22mshould call onMoveServer when handleMoveServer is invoked[32m 1[2mms[22m[39m
 [32mΓ£ô[39m src/__tests__/roomlist/useServerActions.test.js[2m > [22museServerActions[2m > [22mshould call executeLeaveServer and update state on success[32m 2[2mms[22m[39m
[90mstdout[2m | src/__tests__/services/api.test.js
[22m[39m≡ƒº¬ Test setup complete!

[90mstdout[2m | src/__tests__/hooks/useModalA11y.test.js
[22m[39m≡ƒº¬ Test setup complete!

[90mstdout[2m | src/__tests__/hooks/useDebounce.test.js
[22m[39m≡ƒº¬ Test setup complete!

[90mstdout[2m | src/__tests__/auth/AuthContext.test.js
[22m[39m≡ƒº¬ Test setup complete!

 [32mΓ£ô[39m src/__tests__/services/api.test.js[2m > [22mapi.get[2m > [22msends GET with Content-Type header[32m 20[2mms[22m[39m
 [32mΓ£ô[39m src/__tests__/services/api.test.js[2m > [22mapi.get[2m > [22mreturns { data, status } on success[32m 1[2mms[22m[39m
 [32mΓ£ô[39m src/__tests__/services/api.test.js[2m > [22mapi.get[2m > [22mmerges custom headers[32m 1[2mms[22m[39m
 [32mΓ£ô[39m src/__tests__/services/api.test.js[2m > [22mapi.get[2m > [22mthrows on non-ok response with response data[32m 3[2mms[22m[39m
 [32mΓ£ô[39m src/__tests__/services/api.test.js[2m > [22mapi.get[2m > [22mattaches response.data and response.status to the error[32m 3[2mms[22m[39m
 [32mΓ£ô[39m src/__tests__/services/api.test.js[2m > [22mapi.get[2m > [22mfalls back to native fetch when "No refresh token available"[32m 1[2mms[22m[39m
 [32mΓ£ô[39m src/__tests__/services/api.test.js[2m > [22mapi.get[2m > [22mfallback fetch also throws on non-ok[32m 1[2mms[22m[39m
 [32mΓ£ô[39m src/__tests__/services/api.test.js[2m > [22mapi.get[2m > [22mpropagates non-auth errors directly[32m 1[2mms[22m[39m
 [32mΓ£ô[39m src/__tests__/services/api.test.js[2m > [22mapi.get[2m > [22muses default error message when error field is missing[32m 1[2mms[22m[39m
 [32mΓ£ô[39m src/__tests__/services/api.test.js[2m > [22mapi.post[2m > [22msends POST with JSON body[32m 1[2mms[22m[39m
 [32mΓ£ô[39m src/__tests__/services/api.test.js[2m > [22mapi.post[2m > [22mreturns data and status on success[32m 1[2mms[22m[39m
 [32mΓ£ô[39m src/__tests__/services/api.test.js[2m > [22mapi.post[2m > [22msets credentials to include[32m 0[2mms[22m[39m
 [32mΓ£ô[39m src/__tests__/services/api.test.js[2m > [22mapi.post[2m > [22mthrows with response data on non-ok[32m 0[2mms[22m[39m
 [32mΓ£ô[39m src/__tests__/services/api.test.js[2m > [22mapi.post[2m > [22mfalls back to native fetch on "No refresh token available"[32m 0[2mms[22m[39m
 [32mΓ£ô[39m src/__tests__/services/api.test.js[2m > [22mapi.post[2m > [22mfallback POST also sends json body[32m 0[2mms[22m[39m
 [32mΓ£ô[39m src/__tests__/services/api.test.js[2m > [22mapi.post[2m > [22maccepts custom headers overriding Content-Type[32m 0[2mms[22m[39m
 [32mΓ£ô[39m src/__tests__/services/api.test.js[2m > [22mapi.post[2m > [22mhandles network error on POST[32m 0[2mms[22m[39m
 [32mΓ£ô[39m src/__tests__/services/api.test.js[2m > [22mapi.post[2m > [22mhandles 500 server error[32m 0[2mms[22m[39m
 [32mΓ£ô[39m src/__tests__/services/api.test.js[2m > [22mapi.post[2m > [22mhandles 401 unauthorized on POST[32m 0[2mms[22m[39m
[90mstdout[2m | src/__tests__/hooks/useClickOutside.test.js
[22m[39m≡ƒº¬ Test setup complete!

[90mstdout[2m | src/__tests__/hooks/useResponsive.test.js
[22m[39m≡ƒº¬ Test setup complete!

 [32mΓ£ô[39m src/__tests__/hooks/useModalA11y.test.js[2m > [22museModalA11y[2m > [22mshould return modalRef, overlayProps, and dialogProps[32m 15[2mms[22m[39m
 [32mΓ£ô[39m src/__tests__/hooks/useModalA11y.test.js[2m > [22museModalA11y[2m > [22mshould include role=dialog and aria-modal=true in dialogProps[32m 2[2mms[22m[39m
 [32mΓ£ô[39m src/__tests__/hooks/useModalA11y.test.js[2m > [22museModalA11y[2m > [22mshould omit aria-label when label is empty[32m 2[2mms[22m[39m
 [32mΓ£ô[39m src/__tests__/hooks/useModalA11y.test.js[2m > [22museModalA11y[2m > [22mshould set role=presentation on overlayProps[32m 2[2mms[22m[39m
 [32mΓ£ô[39m src/__tests__/hooks/useModalA11y.test.js[2m > [22museModalA11y[2m > [22mshould call onClose when Escape key is pressed[32m 6[2mms[22m[39m
 [32mΓ£ô[39m src/__tests__/hooks/useModalA11y.test.js[2m > [22museModalA11y[2m > [22mshould call onClose when overlay itself is clicked (not children)[32m 3[2mms[22m[39m
 [32mΓ£ô[39m src/__tests__/hooks/useModalA11y.test.js[2m > [22museModalA11y[2m > [22mshould NOT call onClose when a child inside the overlay is clicked[32m 2[2mms[22m[39m
 [32mΓ£ô[39m src/__tests__/hooks/useModalA11y.test.js[2m > [22museModalA11y[2m > [22mshould stop propagation on dialogProps onClick[32m 7[2mms[22m[39m
 [32mΓ£ô[39m src/__tests__/hooks/useModalA11y.test.js[2m > [22museModalA11y[2m > [22mshould not call onClose on Escape when isOpen is false[32m 6[2mms[22m[39m
 [32mΓ£ô[39m src/__tests__/hooks/useModalA11y.test.js[2m > [22museModalA11y[2m > [22mshould provide a modalRef that is a React ref object[32m 4[2mms[22m[39m
[90mstderr[2m | src/__tests__/auth/AuthContext.test.js[2m > [22m[2mAuthCon
text[2m > [22m[2mInitial state[2m > [22m[2mshould be unauthenticated if s
tored token is expired
[22m[39mΓÜá∩╕Å [Auth] Token expired beyond grace period, attempting refresh..
.

[90mstderr[2m | src/__tests__/auth/AuthContext.test.js[2m > [22m[2mAuthCon
text[2m > [22m[2mInitial state[2m > [22m[2mshould be unauthenticated if s
tored token is expired
[22m[39mAn update to AuthProvider inside a test was not wrapped in act(...).

When testing, code that causes React state updates should be wrapped into act(.
..):

act(() => {
  /* fire events that update state */
});
/* assert on the output */

This ensures that you're testing the behavior the user would see in the browser
. Learn more at https://react.dev/link/wrap-tests-with-act
An update to AuthProvider inside a test was not wrapped in act(...).

When testing, code that causes React state updates should be wrapped into act(.
..):

act(() => {
  /* fire events that update state */
});
/* assert on the output */

This ensures that you're testing the behavior the user would see in the browser
. Learn more at https://react.dev/link/wrap-tests-with-act
An update to AuthProvider inside a test was not wrapped in act(...).

When testing, code that causes React state updates should be wrapped into act(.
..):

act(() => {
  /* fire events that update state */
});
/* assert on the output */

This ensures that you're testing the behavior the user would see in the browser
. Learn more at https://react.dev/link/wrap-tests-with-act

 [32mΓ£ô[39m src/__tests__/hooks/useDebounce.test.js[2m > [22museDebounce[2m > [22mshould return initial value immediately[32m 18[2mms[22m[39m
 [32mΓ£ô[39m src/__tests__/hooks/useDebounce.test.js[2m > [22museDebounce[2m > [22mshould debounce value changes[32m 4[2mms[22m[39m
 [32mΓ£ô[39m src/__tests__/hooks/useDebounce.test.js[2m > [22museDebounce[2m > [22mshould cancel previous timeout on rapid changes[32m 3[2mms[22m[39m
 [32mΓ£ô[39m src/__tests__/hooks/useDebounce.test.js[2m > [22museDebounce[2m > [22mshould use custom delay[32m 2[2mms[22m[39m
 [32mΓ£ô[39m src/__tests__/hooks/useDebounce.test.js[2m > [22museDebounce[2m > [22mshould default to 500ms delay when no delay is provided[32m 2[2mms[22m[39m
 [32mΓ£ô[39m src/__tests__/hooks/useDebounce.test.js[2m > [22museDebounce[2m > [22mshould work with number values[32m 3[2mms[22m[39m
 [32mΓ£ô[39m src/__tests__/hooks/useDebounce.test.js[2m > [22museDebounce[2m > [22mshould work with object values[32m 5[2mms[22m[39m
 [32mΓ£ô[39m src/__tests__/hooks/useDebounce.test.js[2m > [22museDebounce[2m > [22mshould not update value halfway through delay[32m 4[2mms[22m[39m
 [32mΓ£ô[39m src/__tests__/hooks/useDebounce.test.js[2m > [22museDebounce[2m > [22mshould handle falsy values correctly[32m 7[2mms[22m[39m
 [32mΓ£ô[39m src/__tests__/hooks/useDebounce.test.js[2m > [22museDebounce[2m > [22mshould clean up timeout on unmount without errors[32m 5[2mms[22m[39m
[90mstderr[2m | src/__tests__/auth/AuthContext.test.js[2m > [22m[2mAuthCon
text[2m > [22m[2mlogin[2m > [22m[2mshould call logout if jwtDecode throws
[22m[39mΓ¥î [Auth] Login failed: Error: Invalid token
    at C:/Users/Eastkhan/Software/JavaScript/PAWSCORD/frontend/src/__tests__/au
th/AuthContext.test.js:117:23
    at Mock [90m(file:///C:/Users/Eastkhan/Software/JavaScript/PAWSCORD/fronte
nd/[39mnode_modules/[4m@vitest/spy[24m/dist/index.js:285:34[90m)[39m
    at jwtDecode (C:/Users/Eastkhan/Software/JavaScript/PAWSCORD/frontend/src/_
_tests__/auth/AuthContext.test.js:10:29)
    at Object.login (C:/Users/Eastkhan/Software/JavaScript/PAWSCORD/frontend/sr
c/AuthContext.js:179:29)
    at C:/Users/Eastkhan/Software/JavaScript/PAWSCORD/frontend/src/__tests__/au
th/AuthContext.test.js:122:32
    at [90mC:\Users\Eastkhan\Software\JavaScript\PAWSCORD\frontend\[39mnode_m
odules\[4m@testing-library\react[24m\dist\act-compat.js:47:24
    at process.env.NODE_ENV.exports.act [90m(C:\Users\Eastkhan\Software\JavaSc
ript\PAWSCORD\frontend\[39mnode_modules\[4mreact[24m\cjs\react.development.j
s:814:22[90m)[39m
    at Proxy.<anonymous> [90m(C:\Users\Eastkhan\Software\JavaScript\PAWSCORD\f
rontend\[39mnode_modules\[4m@testing-library\react[24m\dist\act-compat.js:46
:25[90m)[39m
    at C:/Users/Eastkhan/Software/JavaScript/PAWSCORD/frontend/src/__tests__/au
th/AuthContext.test.js:121:13
    at [90mfile:///C:/Users/Eastkhan/Software/JavaScript/PAWSCORD/frontend/[3
9mnode_modules/[4m@vitest/runner[24m/dist/index.js:145:11

[90mstderr[2m | src/__tests__/auth/AuthContext.test.js[2m > [22m[2mAuthCon
text[2m > [22m[2mrefreshAccessToken[2m > [22m[2mshould logout if no refre
sh_token stored
[22m[39mΓÜá∩╕Å [Auth] Token refresh network error (staying logged in): Cannot
 read properties of undefined (reading 'username')

[90mstderr[2m | src/__tests__/auth/AuthContext.test.js[2m > [22m[2mAuthCon
text[2m > [22m[2mrefreshAccessToken[2m > [22m[2mshould logout on failed r
efresh response
[22m[39mΓ¥î [Auth] Refresh token expired/invalid, logging out

[90mstderr[2m | src/__tests__/auth/AuthContext.test.js[2m > [22m[2mAuthCon
text[2m > [22m[2mrefreshAccessToken[2m > [22m[2mshould logout on network 
error during refresh
[22m[39mΓÜá∩╕Å [Auth] Token refresh network error (staying logged in): Networ
k error

 [32mΓ£ô[39m src/__tests__/auth/AuthContext.test.js[2m > [22mAuthContext[2m > [22mInitial state[2m > [22mshould be unauthenticated when no stored token[32m 15[2mms[22m[39m
 [32mΓ£ô[39m src/__tests__/auth/AuthContext.test.js[2m > [22mAuthContext[2m > [22mInitial state[2m > [22mshould be authenticated if valid token in localStorage[32m 6[2mms[22m[39m
 [32mΓ£ô[39m src/__tests__/auth/AuthContext.test.js[2m > [22mAuthContext[2m > [22mInitial state[2m > [22mshould be unauthenticated if stored token is expired[32m 3[2mms[22m[39m
 [32mΓ£ô[39m src/__tests__/auth/AuthContext.test.js[2m > [22mAuthContext[2m > [22mlogin[2m > [22mshould store tokens and set user on login[32m 4[2mms[22m[39m
 [32mΓ£ô[39m src/__tests__/auth/AuthContext.test.js[2m > [22mAuthContext[2m > [22mlogin[2m > [22mshould decode JWT to extract username[32m 2[2mms[22m[39m
 [32mΓ£ô[39m src/__tests__/auth/AuthContext.test.js[2m > [22mAuthContext[2m > [22mlogin[2m > [22mshould call logout if jwtDecode throws[32m 11[2mms[22m[39m
 [32mΓ£ô[39m src/__tests__/auth/AuthContext.test.js[2m > [22mAuthContext[2m > [22mlogout[2m > [22mshould clear all auth state[32m 2[2mms[22m[39m
 [32mΓ£ô[39m src/__tests__/auth/AuthContext.test.js[2m > [22mAuthContext[2m > [22mrefreshAccessToken[2m > [22mshould refresh successfully with valid refresh token[32m 2[2mms[22m[39m
 [32mΓ£ô[39m src/__tests__/auth/AuthContext.test.js[2m > [22mAuthContext[2m > [22mrefreshAccessToken[2m > [22mshould logout if no refresh_token stored[32m 2[2mms[22m[39m
 [32mΓ£ô[39m src/__tests__/auth/AuthContext.test.js[2m > [22mAuthContext[2m > [22mrefreshAccessToken[2m > [22mshould logout on failed refresh response[32m 1[2mms[22m[39m
 [32mΓ£ô[39m src/__tests__/auth/AuthContext.test.js[2m > [22mAuthContext[2m > [22mrefreshAccessToken[2m > [22mshould logout on network error during refresh[32m 1[2mms[22m[39m
 [32mΓ£ô[39m src/__tests__/auth/AuthContext.test.js[2m > [22mAuthContext[2m > [22mContext value[2m > [22mshould expose all required auth methods and state[32m 1[2mms[22m[39m
 [32mΓ£ô[39m src/__tests__/hooks/useClickOutside.test.js[2m > [22museClickOutside[2m > [22mshould return a ref object[32m 15[2mms[22m[39m
 [32mΓ£ô[39m src/__tests__/hooks/useClickOutside.test.js[2m > [22museClickOutside[2m > [22mshould call callback when mousedown fires outside ref element[32m 4[2mms[22m[39m
 [32mΓ£ô[39m src/__tests__/hooks/useClickOutside.test.js[2m > [22museClickOutside[2m > [22mshould not call callback when mousedown fires inside ref element[32m 7[2mms[22m[39m
 [32mΓ£ô[39m src/__tests__/hooks/useClickOutside.test.js[2m > [22museClickOutside[2m > [22mshould not call callback when ref.current is null[32m 2[2mms[22m[39m
 [32mΓ£ô[39m src/__tests__/hooks/useClickOutside.test.js[2m > [22museClickOutside[2m > [22mshould remove event listner on unmount[32m 4[2mms[22m[39m
 [32mΓ£ô[39m src/__tests__/hooks/useClickOutside.test.js[2m > [22museClickOutside[2m > [22mshould use the latest callback after rerender[32m 2[2mms[22m[39m
 [32mΓ£ô[39m src/__tests__/hooks/useClickOutside.test.js[2m > [22museClickOutside[2m > [22mshould support multiple independent useClickOutside instances[32m 3[2mms[22m[39m
 [32mΓ£ô[39m src/__tests__/hooks/useClickOutside.test.js[2m > [22museClickOutside[2m > [22mshould not trigger when clicking directly on the ref element[32m 3[2mms[22m[39m
 [32mΓ£ô[39m src/__tests__/hooks/useClickOutside.test.js[2m > [22museClickOutside[2m > [22mshould listn specifically for mousedown events[32m 2[2mms[22m[39m
 [32mΓ£ô[39m src/__tests__/hooks/useClickOutside.test.js[2m > [22museClickOutside[2m > [22mshould work when ref is reassigned to a different element[32m 2[2mms[22m[39m
 [32mΓ£ô[39m src/__tests__/hooks/useResponsive.test.js[2m > [22museResponsive[2m > [22mshould return object with isMobile, isTablet, isDesktop, width, height, orientation[32m 17[2mms[22m[39m
 [32mΓ£ô[39m src/__tests__/hooks/useResponsive.test.js[2m > [22museResponsive[2m > [22mshould detect mobile viewport (width <= 768)[32m 3[2mms[22m[39m
 [32mΓ£ô[39m src/__tests__/hooks/useResponsive.test.js[2m > [22museResponsive[2m > [22mshould detect tablet viewport (769-1024)[32m 5[2mms[22m[39m
 [32mΓ£ô[39m src/__tests__/hooks/useResponsive.test.js[2m > [22museResponsive[2m > [22mshould detect desktop viewport (1025-1920)[32m 2[2mms[22m[39m
 [32mΓ£ô[39m src/__tests__/hooks/useResponsive.test.js[2m > [22museResponsive[2m > [22mshould detect ultrawide viewport (> 1920)[32m 4[2mms[22m[39m
 [32mΓ£ô[39m src/__tests__/hooks/useResponsive.test.js[2m > [22museResponsive[2m > [22mshould detect portrait orientation when height > width[32m 3[2mms[22m[39m
 [32mΓ£ô[39m src/__tests__/hooks/useResponsive.test.js[2m > [22museResponsive[2m > [22mshould detect landscape orientation when width > height[32m 4[2mms[22m[39m
 [32mΓ£ô[39m src/__tests__/hooks/useResponsive.test.js[2m > [22museResponsive[2m > [22mshould update dimensions after resize event (debounced)[32m 3[2mms[22m[39m
 [32mΓ£ô[39m src/__tests__/hooks/useResponsive.test.js[2m > [22museResponsive[2m > [22mshould provide isSmallScreen and isLargeScreen utilities[32m 3[2mms[22m[39m
 [32mΓ£ô[39m src/__tests__/hooks/useResponsive.test.js[2m > [22museResponsive[2m > [22mshould expose breakpoint values[32m 2[2mms[22m[39m
 [32mΓ£ô[39m src/__tests__/hooks/useResponsive.test.js[2m > [22museResponsive[2m > [22mshould clean up resize and orientationchange listners on unmount[32m 4[2mms[22m[39m
[90mstdout[2m | src/__tests__/hooks/useDragDrop.test.js
[22m[39m≡ƒº¬ Test setup complete!

 [32mΓ£ô[39m src/__tests__/hooks/useDragDrop.test.js[2m > [22museDragDrop[2m > [22mshould start with isDragging=false[32m 19[2mms[22m[39m
 [32mΓ£ô[39m src/__tests__/hooks/useDragDrop.test.js[2m > [22museDragDrop[2m > [22mshould return all drag handler functions[32m 4[2mms[22m[39m
 [32mΓ£ô[39m src/__tests__/hooks/useDragDrop.test.js[2m > [22museDragDrop[2m > [22mshould set isDragging to true on dragEnter[32m 6[2mms[22m[39m
 [32mΓ£ô[39m src/__tests__/hooks/useDragDrop.test.js[2m > [22museDragDrop[2m > [22mshould set isDragging to false when all dragLeave events fire[32m 2[2mms[22m[39m
 [32mΓ£ô[39m src/__tests__/hooks/useDragDrop.test.js[2m > [22museDragDrop[2m > [22mshould handle nested drag enter/leave via counter[32m 2[2mms[22m[39m
 [32mΓ£ô[39m src/__tests__/hooks/useDragDrop.test.js[2m > [22museDragDrop[2m > [22mshould call preventDefault and stopPropagation on dragOver[32m 3[2mms[22m[39m
 [32mΓ£ô[39m src/__tests__/hooks/useDragDrop.test.js[2m > [22museDragDrop[2m > [22mshould call onFilesDropped with dropped files[32m 6[2mms[22m[39m
 [32mΓ£ô[39m src/__tests__/hooks/useDragDrop.test.js[2m > [22museDragDrop[2m > [22mshould reset isDragging on drop even with no files[32m 2[2mms[22m[39m
 [32mΓ£ô[39m src/__tests__/hooks/useDragDrop.test.js[2m > [22museDragDrop[2m > [22mshould not crash when no onFilesDropped callback is provided[32m 2[2mms[22m[39m
 [32mΓ£ô[39m src/__tests__/hooks/useDragDrop.test.js[2m > [22museDragDrop[2m > [22mshould call preventDefault and stopPropagation on drop[32m 2[2mms[22m[39m
[90mstdout[2m | src/__tests__/hooks/useTheme.test.js
[22m[39m≡ƒº¬ Test setup complete!

[90mstdout[2m | src/__tests__/hooks/useKeyboardShortcuts.test.js
[22m[39m≡ƒº¬ Test setup complete!

 [32mΓ£ô[39m src/__tests__/hooks/useTheme.test.js[2m > [22museTheme[2m > [22mshould default to dark theme when no saved theme exists[32m 17[2mms[22m[39m
 [32mΓ£ô[39m src/__tests__/hooks/useTheme.test.js[2m > [22museTheme[2m > [22mshould read theme from localStorage if previously saved[32m 3[2mms[22m[39m
 [32mΓ£ô[39m src/__tests__/hooks/useTheme.test.js[2m > [22museTheme[2m > [22mshould toggle from dark to light[32m 3[2mms[22m[39m
 [32mΓ£ô[39m src/__tests__/hooks/useTheme.test.js[2m > [22museTheme[2m > [22mshould toggle from light to dark[32m 2[2mms[22m[39m
 [32mΓ£ô[39m src/__tests__/hooks/useTheme.test.js[2m > [22museTheme[2m > [22mshould save theme to localStorage when toggled[32m 1[2mms[22m[39m
 [32mΓ£ô[39m src/__tests__/hooks/useTheme.test.js[2m > [22museTheme[2m > [22mshould set data-theme attribute on document element[32m 2[2mms[22m[39m
 [32mΓ£ô[39m src/__tests__/hooks/useTheme.test.js[2m > [22museTheme[2m > [22mshould have isDark=true when theme is dark[32m 1[2mms[22m[39m
 [32mΓ£ô[39m src/__tests__/hooks/useTheme.test.js[2m > [22museTheme[2m > [22mshould return to original theme after double toggle[32m 2[2mms[22m[39m
 [32mΓ£ô[39m src/__tests__/hooks/useTheme.test.js[2m > [22museTheme[2m > [22mshould return a toggleTheme function[32m 2[2mms[22m[39m
 [32mΓ£ô[39m src/__tests__/hooks/useTheme.test.js[2m > [22museTheme[2m > [22mshould handle multiple rapid toggles[32m 3[2mms[22m[39m
 [32mΓ£ô[39m src/__tests__/hooks/useKeyboardShortcuts.test.js[2m > [22museKeyboardShortcuts[2m > [22mshould call onQuickSwitcher on Ctrl+K[32m 18[2mms[22m[39m
 [32mΓ£ô[39m src/__tests__/hooks/useKeyboardShortcuts.test.js[2m > [22museKeyboardShortcuts[2m > [22mshould call onSearch on Ctrl+F[32m 2[2mms[22m[39m
 [32mΓ£ô[39m src/__tests__/hooks/useKeyboardShortcuts.test.js[2m > [22museKeyboardShortcuts[2m > [22mshould call onEscape on Escape key[32m 2[2mms[22m[39m
 [32mΓ£ô[39m src/__tests__/hooks/useKeyboardShortcuts.test.js[2m > [22museKeyboardShortcuts[2m > [22mshould call onToggleMute on Ctrl+Shift+M[32m 2[2mms[22m[39m
 [32mΓ£ô[39m src/__tests__/hooks/useKeyboardShortcuts.test.js[2m > [22museKeyboardShortcuts[2m > [22mshould call onToggleSidebar on Ctrl+B[32m 2[2mms[22m[39m
 [32mΓ£ô[39m src/__tests__/hooks/useKeyboardShortcuts.test.js[2m > [22museKeyboardShortcuts[2m > [22mshould call onNavigateChannel(-1) on Alt+ArrowUp[32m 3[2mms[22m[39m
 [32mΓ£ô[39m src/__tests__/hooks/useKeyboardShortcuts.test.js[2m > [22museKeyboardShortcuts[2m > [22mshould call onNavigateChannel(1) on Alt+ArrowDown[32m 1[2mms[22m[39m
 [32mΓ£ô[39m src/__tests__/hooks/useKeyboardShortcuts.test.js[2m > [22museKeyboardShortcuts[2m > [22mshould call onSendMessage on Ctrl+Enter[32m 2[2mms[22m[39m
 [32mΓ£ô[39m src/__tests__/hooks/useKeyboardShortcuts.test.js[2m > [22museKeyboardShortcuts[2m > [22mshould not throw when handler is not provided[32m 4[2mms[22m[39m
 [32mΓ£ô[39m src/__tests__/hooks/useKeyboardShortcuts.test.js[2m > [22museKeyboardShortcuts[2m > [22mshould remove keydown listner on unmount[32m 2[2mms[22m[39m
 [32mΓ£ô[39m src/__tests__/hooks/useKeyboardShortcuts.test.js[2m > [22mSHORTCUTS[2m > [22mshould have QUICK_SWITCHER shortcut defined[32m 0[2mms[22m[39m
 [32mΓ£ô[39m src/__tests__/hooks/useKeyboardShortcuts.test.js[2m > [22mSHORTCUTS[2m > [22mshould have CLOSE shortcut with Esc key[32m 0[2mms[22m[39m
 [32mΓ£ô[39m src/__tests__/hooks/useKeyboardShortcuts.test.js[2m > [22mSHORTCUTS[2m > [22mshould have all expected shortcut entries[32m 1[2mms[22m[39m
 [32mΓ£ô[39m src/__tests__/hooks/useKeyboardShortcuts.test.js[2m > [22mgetShortcutKey[2m > [22mshould return Ctrl for Windows platform[32m 0[2mms[22m[39m
 [32mΓ£ô[39m src/__tests__/hooks/useKeyboardShortcuts.test.js[2m > [22mgetShortcutKey[2m > [22mshould return Γîÿ for Mac platform[32m 0[2mms[22m[39m
[90mstdout[2m | src/__tests__/hooks/useLocalStorage.test.js
[22m[39m≡ƒº¬ Test setup complete!

[90mstderr[2m | src/__tests__/hooks/useLocalStorage.test.js[2m > [22m[2mus
eLocalStorage[2m > [22m[2mshould return initialValue when localStorage has i
nvalid JSON
[22m[39mError loading localStorage key "corrupt-key": SyntaxError: Unexpected
 token 'o', "not-valid-json{{{" is not valid JSON
    at JSON.parse (<anonymous>)
    at C:/Users/Eastkhan/Software/JavaScript/PAWSCORD/frontend/src/hooks/useCus
tomHooks.ts:135:32
    at mountStateImpl [90m(C:\Users\Eastkhan\Software\JavaScript\PAWSCORD\fron
tend\[39mnode_modules\[4mreact-dom[24m\cjs\react-dom-client.development.js:8
268:24[90m)[39m
    at mountState [90m(C:\Users\Eastkhan\Software\JavaScript\PAWSCORD\frontend
\[39mnode_modules\[4mreact-dom[24m\cjs\react-dom-client.development.js:8289:
22[90m)[39m
    at Object.useState [90m(C:\Users\Eastkhan\Software\JavaScript\PAWSCORD\fro
ntend\[39mnode_modules\[4mreact-dom[24m\cjs\react-dom-client.development.js:
26243:18[90m)[39m
    at process.env.NODE_ENV.exports.useState [90m(C:\Users\Eastkhan\Software\J
avaScript\PAWSCORD\frontend\[39mnode_modules\[4mreact[24m\cjs\react.developm
ent.js:1263:34[90m)[39m
    at useLocalStorage (C:/Users/Eastkhan/Software/JavaScript/PAWSCORD/frontend
/src/hooks/useCustomHooks.ts:132:43)
    at C:/Users/Eastkhan/Software/JavaScript/PAWSCORD/frontend/src/__tests__/ho
oks/useLocalStorage.test.js:115:45
    at TestComponent [90m(C:\Users\Eastkhan\Software\JavaScript\PAWSCORD\front
end\[39mnode_modules\[4m@testing-library\react[24m\dist\pure.js:330:27[90m)
[39m
    at Object.react_stack_bottom_frame [90m(C:\Users\Eastkhan\Software\JavaScr
ipt\PAWSCORD\frontend\[39mnode_modules\[4mreact-dom[24m\cjs\react-dom-client
.development.js:25904:20[90m)[39m

 [32mΓ£ô[39m src/__tests__/hooks/useLocalStorage.test.js[2m > [22museLocalStorage[2m > [22mshould return initialValue when key is not in localStorage[32m 18[2mms[22m[39m
 [32mΓ£ô[39m src/__tests__/hooks/useLocalStorage.test.js[2m > [22museLocalStorage[2m > [22mshould read existing value from localStorage[32m 2[2mms[22m[39m
 [32mΓ£ô[39m src/__tests__/hooks/useLocalStorage.test.js[2m > [22museLocalStorage[2m > [22mshould update state and localStorage when setValue is called[32m 4[2mms[22m[39m
 [32mΓ£ô[39m src/__tests__/hooks/useLocalStorage.test.js[2m > [22museLocalStorage[2m > [22mshould support function updater for setValue[32m 3[2mms[22m[39m
 [32mΓ£ô[39m src/__tests__/hooks/useLocalStorage.test.js[2m > [22museLocalStorage[2m > [22mshould remove key from localStorage and reset to initialValue[32m 2[2mms[22m[39m
 [32mΓ£ô[39m src/__tests__/hooks/useLocalStorage.test.js[2m > [22museLocalStorage[2m > [22mshould handle object values correctly[32m 2[2mms[22m[39m
 [32mΓ£ô[39m src/__tests__/hooks/useLocalStorage.test.js[2m > [22museLocalStorage[2m > [22mshould handle array values correctly[32m 1[2mms[22m[39m
 [32mΓ£ô[39m src/__tests__/hooks/useLocalStorage.test.js[2m > [22museLocalStorage[2m > [22mshould return initialValue when localStorage has invalid JSON[32m 7[2mms[22m[39m
 [32mΓ£ô[39m src/__tests__/hooks/useLocalStorage.test.js[2m > [22museLocalStorage[2m > [22mshould handle boolean values[32m 2[2mms[22m[39m
 [32mΓ£ô[39m src/__tests__/hooks/useLocalStorage.test.js[2m > [22museLocalStorage[2m > [22mshould handle null as a stored value[32m 2[2mms[22m[39m
[90mstdout[2m | src/__tests__/hooks/useNetworkStatus.test.js
[22m[39m≡ƒº¬ Test setup complete!

 [32mΓ£ô[39m src/__tests__/hooks/useNetworkStatus.test.js[2m > [22museNetworkStatus[2m > [22mshould return isOnline as true when browser is online[32m 15[2mms[22m[39m
 [32mΓ£ô[39m src/__tests__/hooks/useNetworkStatus.test.js[2m > [22museNetworkStatus[2m > [22mshould return isOnline as false when browser is offline[32m 2[2mms[22m[39m
 [32mΓ£ô[39m src/__tests__/hooks/useNetworkStatus.test.js[2m > [22museNetworkStatus[2m > [22mshould update isOnline to false when offline event fires[32m 4[2mms[22m[39m
 [32mΓ£ô[39m src/__tests__/hooks/useNetworkStatus.test.js[2m > [22museNetworkStatus[2m > [22mshould update isOnline to true when online event fires[32m 4[2mms[22m[39m
 [32mΓ£ô[39m src/__tests__/hooks/useNetworkStatus.test.js[2m > [22museNetworkStatus[2m > [22mshould register online and offline event listners[32m 3[2mms[22m[39m
 [32mΓ£ô[39m src/__tests__/hooks/useNetworkStatus.test.js[2m > [22museNetworkStatus[2m > [22mshould remove event listners on unmount[32m 2[2mms[22m[39m
 [32mΓ£ô[39m src/__tests__/hooks/useNetworkStatus.test.js[2m > [22museNetworkStatus[2m > [22mshould return effectiveType as null when Network Information API is not available[32m 2[2mms[22m[39m
 [32mΓ£ô[39m src/__tests__/hooks/useNetworkStatus.test.js[2m > [22museNetworkStatus[2m > [22mshould return downlink as null without Network Information API[32m 2[2mms[22m[39m
 [32mΓ£ô[39m src/__tests__/hooks/useNetworkStatus.test.js[2m > [22museNetworkStatus[2m > [22mshould handle rapid online/offline toggling[32m 2[2mms[22m[39m
[90mstdout[2m | src/__tests__/hooks/useOnlineStatus.test.js
[22m[39m≡ƒº¬ Test setup complete!

[90mstdout[2m | src/__tests__/voice/useStatsMonitoring.test.js
[22m[39m≡ƒº¬ Test setup complete!

 [32mΓ£ô[39m src/__tests__/hooks/useOnlineStatus.test.js[2m > [22museNetworkStatus (standalone hook)[2m > [22mdefaults to online when navigator.onLine is true[32m 17[2mms[22m[39m
 [32mΓ£ô[39m src/__tests__/hooks/useOnlineStatus.test.js[2m > [22museNetworkStatus (standalone hook)[2m > [22mdefaults to offline when navigator.onLine is false[32m 2[2mms[22m[39m
 [32mΓ£ô[39m src/__tests__/hooks/useOnlineStatus.test.js[2m > [22museNetworkStatus (standalone hook)[2m > [22mtransitions to offline on "offline" event[32m 3[2mms[22m[39m
 [32mΓ£ô[39m src/__tests__/hooks/useOnlineStatus.test.js[2m > [22museNetworkStatus (standalone hook)[2m > [22mtransitions back to online on "online" event[32m 3[2mms[22m[39m
 [32mΓ£ô[39m src/__tests__/hooks/useOnlineStatus.test.js[2m > [22museNetworkStatus (standalone hook)[2m > [22msets wasOffline flag after reconnection[32m 2[2mms[22m[39m
 [32mΓ£ô[39m src/__tests__/hooks/useOnlineStatus.test.js[2m > [22museNetworkStatus (standalone hook)[2m > [22mwasOffline is false if never went offline[32m 1[2mms[22m[39m
 [32mΓ£ô[39m src/__tests__/hooks/useOnlineStatus.test.js[2m > [22museNetworkStatus (standalone hook)[2m > [22mcleans up event listners on unmount[32m 3[2mms[22m[39m
 [32mΓ£ô[39m src/__tests__/hooks/useOnlineStatus.test.js[2m > [22museNetworkStatus (standalone hook)[2m > [22mhandles rapid toggles[32m 2[2mms[22m[39m
 [32mΓ£ô[39m src/__tests__/hooks/useOnlineStatus.test.js[2m > [22museNetworkStatus (standalone hook)[2m > [22mmultiple instances share the same navigator.onLine[32m 2[2mms[22m[39m
 [32mΓ£ô[39m src/__tests__/hooks/useOnlineStatus.test.js[2m > [22museNetworkStatus (standalone hook)[2m > [22mreturns an object with isOnline and wasOffline keys[32m 1[2mms[22m[39m
 [32mΓ£ô[39m src/__tests__/voice/useStatsMonitoring.test.js[2m > [22museStatsMonitoring[2m > [22mshould start with empty connection stats[32m 16[2mms[22m[39m
 [32mΓ£ô[39m src/__tests__/voice/useStatsMonitoring.test.js[2m > [22museStatsMonitoring[2m > [22mshould expose start and stop functions[32m 2[2mms[22m[39m
 [32mΓ£ô[39m src/__tests__/voice/useStatsMonitoring.test.js[2m > [22museStatsMonitoring[2m > [22mshould start monitoring with peer connections[32m 5[2mms[22m[39m
 [32mΓ£ô[39m src/__tests__/voice/useStatsMonitoring.test.js[2m > [22museStatsMonitoring[2m > [22mshould clear stats when stopping[32m 2[2mms[22m[39m
 [32mΓ£ô[39m src/__tests__/voice/useStatsMonitoring.test.js[2m > [22museStatsMonitoring[2m > [22mshould not start monitoring twice[32m 2[2mms[22m[39m
[90mstdout[2m | src/__tests__/hooks/useRateLimit.test.js
[22m[39m≡ƒº¬ Test setup complete!

[90mstdout[2m | src/__tests__/stores/chatStore.test.js
[22m[39m≡ƒº¬ Test setup complete!

[90mstderr[2m | src/__tests__/hooks/useRateLimit.test.js[2m > [22m[2museRa
teLimit[2m > [22m[2mshould block requests exceeding limit
[22m[39mΓÜá∩╕Å Rate limit exceeded! 2 requests/1000ms

[90mstderr[2m | src/__tests__/hooks/useRateLimit.test.js[2m > [22m[2museRa
teLimit[2m > [22m[2mshould reset after time window
[22m[39mΓÜá∩╕Å Rate limit exceeded! 2 requests/1000ms

[90mstderr[2m | src/__tests__/hooks/useRateLimit.test.js[2m > [22m[2museRa
teLimit[2m > [22m[2mshould reset counters
[22m[39mΓÜá∩╕Å Rate limit exceeded! 2 requests/1000ms

 [32mΓ£ô[39m src/__tests__/hooks/useRateLimit.test.js[2m > [22museRateLimit[2m > [22mshould allow requests within limit[32m 17[2mms[22m[39m
 [32mΓ£ô[39m src/__tests__/hooks/useRateLimit.test.js[2m > [22museRateLimit[2m > [22mshould block requests exceeding limit[32m 3[2mms[22m[39m
 [32mΓ£ô[39m src/__tests__/hooks/useRateLimit.test.js[2m > [22museRateLimit[2m > [22mshould reset after time window[32m 3[2mms[22m[39m
 [32mΓ£ô[39m src/__tests__/hooks/useRateLimit.test.js[2m > [22museRateLimit[2m > [22mshould track remaining requests[32m 2[2mms[22m[39m
 [32mΓ£ô[39m src/__tests__/hooks/useRateLimit.test.js[2m > [22museRateLimit[2m > [22mshould reset counters[32m 3[2mms[22m[39m
[90mstderr[2m | src/__tests__/stores/chatStore.test.js[2m > [22m[2museChat
Store ΓÇô Comprehensive[2m > [22m[2maddMessage[2m > [22m[2mshould reject 
null / undefined / non-object
[22m[39m[Store] Invalid message rejected: [1mnull[22m
[Store] Invalid message rejected: [90mundefined[39m
[Store] Invalid message rejected: string

[90mstderr[2m | src/__tests__/stores/chatStore.test.js[2m > [22m[2museChat
Store ΓÇô Comprehensive[2m > [22m[2maddMessage[2m > [22m[2mshould reject 
message without id
[22m[39m[Store] Invalid message rejected: { content: [32m'no id'[39m }

 [32mΓ£ô[39m src/__tests__/stores/chatStore.test.js[2m > [22museChatStore ΓÇô Comprehensive[2m > [22mInitial State[2m > [22mshould initialise with empty messages[32m 2[2mms[22m[39m
 [32mΓ£ô[39m src/__tests__/stores/chatStore.test.js[2m > [22museChatStore ΓÇô Comprehensive[2m > [22mInitial State[2m > [22mshould initialise activeChat as welcome[32m 1[2mms[22m[39m
 [32mΓ£ô[39m src/__tests__/stores/chatStore.test.js[2m > [22museChatStore ΓÇô Comprehensive[2m > [22mInitial State[2m > [22mshould initialise unreadCounts as empty object[32m 0[2mms[22m[39m
 [32mΓ£ô[39m src/__tests__/stores/chatStore.test.js[2m > [22museChatStore ΓÇô Comprehensive[2m > [22mInitial State[2m > [22mshould initialise typingUsers as empty array[32m 0[2mms[22m[39m
 [32mΓ£ô[39m src/__tests__/stores/chatStore.test.js[2m > [22museChatStore ΓÇô Comprehensive[2m > [22mInitial State[2m > [22mshould initialise permissions with all false[32m 0[2mms[22m[39m
 [32mΓ£ô[39m src/__tests__/stores/chatStore.test.js[2m > [22museChatStore ΓÇô Comprehensive[2m > [22mInitial State[2m > [22mshould initialise connectionState as disconnected[32m 0[2mms[22m[39m
 [32mΓ£ô[39m src/__tests__/stores/chatStore.test.js[2m > [22museChatStore ΓÇô Comprehensive[2m > [22msetActiveChat[2m > [22mshould accept positional arguments (type, id, targetUser)[32m 2[2mms[22m[39m
 [32mΓ£ô[39m src/__tests__/stores/chatStore.test.js[2m > [22museChatStore ΓÇô Comprehensive[2m > [22msetActiveChat[2m > [22mshould accept object argument with slug fallback[32m 1[2mms[22m[39m
 [32mΓ£ô[39m src/__tests__/stores/chatStore.test.js[2m > [22museChatStore ΓÇô Comprehensive[2m > [22msetActiveChat[2m > [22mshould accept object argument with id[32m 1[2mms[22m[39m
 [32mΓ£ô[39m src/__tests__/stores/chatStore.test.js[2m > [22museChatStore ΓÇô Comprehensive[2m > [22msetActiveChat[2m > [22mshould default targetUser to null when not provided[32m 0[2mms[22m[39m
 [32mΓ£ô[39m src/__tests__/stores/chatStore.test.js[2m > [22museChatStore ΓÇô Comprehensive[2m > [22msetActiveChat[2m > [22mshould clear room unread count on switch[32m 0[2mms[22m[39m
 [32mΓ£ô[39m src/__tests__/stores/chatStore.test.js[2m > [22museChatStore ΓÇô Comprehensive[2m > [22msetActiveChat[2m > [22mshould clear DM unread count on switch[32m 0[2mms[22m[39m
 [32mΓ£ô[39m src/__tests__/stores/chatStore.test.js[2m > [22museChatStore ΓÇô Comprehensive[2m > [22maddMessage[2m > [22mshould add a valid message[32m 1[2mms[22m[39m
 [32mΓ£ô[39m src/__tests__/stores/chatStore.test.js[2m > [22museChatStore ΓÇô Comprehensive[2m > [22maddMessage[2m > [22mshould reject null / undefined / non-object[32m 1[2mms[22m[39m
 [32mΓ£ô[39m src/__tests__/stores/chatStore.test.js[2m > [22museChatStore ΓÇô Comprehensive[2m > [22maddMessage[2m > [22mshould reject message without id[32m 0[2mms[22m[39m
 [32mΓ£ô[39m src/__tests__/stores/chatStore.test.js[2m > [22museChatStore ΓÇô Comprehensive[2m > [22maddMessage[2m > [22mshould deduplicate by id[32m 0[2mms[22m[39m
 [32mΓ£ô[39m src/__tests__/stores/chatStore.test.js[2m > [22museChatStore ΓÇô Comprehensive[2m > [22maddMessage[2m > [22mshould replace optimistic message by temp_id[32m 0[2mms[22m[39m
 [32mΓ£ô[39m src/__tests__/stores/chatStore.test.js[2m > [22museChatStore ΓÇô Comprehensive[2m > [22maddMessage[2m > [22mshould add multiple distinct messages[32m 0[2mms[22m[39m
 [32mΓ£ô[39m src/__tests__/stores/chatStore.test.js[2m > [22museChatStore ΓÇô Comprehensive[2m > [22maddMessagesBatch[2m > [22mshould batch-add messages with dedup[32m 0[2mms[22m[39m
 [32mΓ£ô[39m src/__tests__/stores/chatStore.test.js[2m > [22museChatStore ΓÇô Comprehensive[2m > [22maddMessagesBatch[2m > [22mshould ignore empty array[32m 0[2mms[22m[39m
 [32mΓ£ô[39m src/__tests__/stores/chatStore.test.js[2m > [22museChatStore ΓÇô Comprehensive[2m > [22maddMessagesBatch[2m > [22mshould filter out invalid messages in batch[32m 0[2mms[22m[39m
 [32mΓ£ô[39m src/__tests__/stores/chatStore.test.js[2m > [22museChatStore ΓÇô Comprehensive[2m > [22mupdateMessage[2m > [22mshould merge partial updates into matching message[32m 0[2mms[22m[39m
 [32mΓ£ô[39m src/__tests__/stores/chatStore.test.js[2m > [22museChatStore ΓÇô Comprehensive[2m > [22mupdateMessage[2m > [22mshould not affect non-matching messages[32m 0[2mms[22m[39m
 [32mΓ£ô[39m src/__tests__/stores/chatStore.test.js[2m > [22museChatStore ΓÇô Comprehensive[2m > [22mremoveMessage[2m > [22mshould remove message by id[32m 0[2mms[22m[39m
 [32mΓ£ô[39m src/__tests__/stores/chatStore.test.js[2m > [22museChatStore ΓÇô Comprehensive[2m > [22mremoveMessage[2m > [22mshould be no-op if id not found[32m 0[2mms[22m[39m
 [32mΓ£ô[39m src/__tests__/stores/chatStore.test.js[2m > [22museChatStore ΓÇô Comprehensive[2m > [22msetMessages[2m > [22mshould replace messages with array[32m 0[2mms[22m[39m
 [32mΓ£ô[39m src/__tests__/stores/chatStore.test.js[2m > [22museChatStore ΓÇô Comprehensive[2m > [22msetMessages[2m > [22mshould accept function updater[32m 0[2mms[22m[39m
 [32mΓ£ô[39m src/__tests__/stores/chatStore.test.js[2m > [22museChatStore ΓÇô Comprehensive[2m > [22msetMessages[2m > [22mshould filter out invalid entries[32m 0[2mms[22m[39m
 [32mΓ£ô[39m src/__tests__/stores/chatStore.test.js[2m > [22museChatStore ΓÇô Comprehensive[2m > [22msetMessages[2m > [22mshould handle non-array gracefully[32m 0[2mms[22m[39m
 [32mΓ£ô[39m src/__tests__/stores/chatStore.test.js[2m > [22museChatStore ΓÇô Comprehensive[2m > [22mprependMessages[2m > [22mshould prepend older messages to front[32m 0[2mms[22m[39m
 [32mΓ£ô[39m src/__tests__/stores/chatStore.test.js[2m > [22museChatStore ΓÇô Comprehensive[2m > [22mprependMessages[2m > [22mshould deduplicate against existing[32m 0[2mms[22m[39m
 [32mΓ£ô[39m src/__tests__/stores/chatStore.test.js[2m > [22museChatStore ΓÇô Comprehensive[2m > [22mincrementUnread[2m > [22mshould create counter starting at 1[32m 0[2mms[22m[39m
 [32mΓ£ô[39m src/__tests__/stores/chatStore.test.js[2m > [22museChatStore ΓÇô Comprehensive[2m > [22mincrementUnread[2m > [22mshould increment existing counter[32m 0[2mms[22m[39m
 [32mΓ£ô[39m src/__tests__/stores/chatStore.test.js[2m > [22museChatStore ΓÇô Comprehensive[2m > [22mincrementUnread[2m > [22mshould persist to localStorage[32m 1[2mms[22m[39m
 [32mΓ£ô[39m src/__tests__/stores/chatStore.test.js[2m > [22museChatStore ΓÇô Comprehensive[2m > [22msetTypingUser[2m > [22mshould add typing user[32m 1[2mms[22m[39m
 [32mΓ£ô[39m src/__tests__/stores/chatStore.test.js[2m > [22museChatStore ΓÇô Comprehensive[2m > [22msetTypingUser[2m > [22mshould remove typing user[32m 1[2mms[22m[39m
 [32mΓ£ô[39m src/__tests__/stores/chatStore.test.js[2m > [22museChatStore ΓÇô Comprehensive[2m > [22msetTypingUser[2m > [22mshould not duplicate on repeated typing=true[32m 0[2mms[22m[39m
 [32mΓ£ô[39m src/__tests__/stores/chatStore.test.js[2m > [22museChatStore ΓÇô Comprehensive[2m > [22msetTypingUser[2m > [22mshould handle multiple users typing[32m 0[2mms[22m[39m
 [32mΓ£ô[39m src/__tests__/stores/chatStore.test.js[2m > [22museChatStore ΓÇô Comprehensive[2m > [22msetTypingUser[2m > [22mshould maintain other users when one stops[32m 0[2mms[22m[39m
 [32mΓ£ô[39m src/__tests__/stores/chatStore.test.js[2m > [22museChatStore ΓÇô Comprehensive[2m > [22msetConnectionState[2m > [22mshould update connectionState[32m 0[2mms[22m[39m
 [32mΓ£ô[39m src/__tests__/stores/chatStore.test.js[2m > [22museChatStore ΓÇô Comprehensive[2m > [22msetConnectionState[2m > [22mshould cycle through states[32m 0[2mms[22m[39m
 [32mΓ£ô[39m src/__tests__/stores/chatStore.test.js[2m > [22museChatStore ΓÇô Comprehensive[2m > [22mMisc setters[2m > [22msetOnlineUsers replaces list[32m 0[2mms[22m[39m
 [32mΓ£ô[39m src/__tests__/stores/chatStore.test.js[2m > [22museChatStore ΓÇô Comprehensive[2m > [22mMisc setters[2m > [22msetVoiceUsers sets map[32m 0[2mms[22m[39m
 [32mΓ£ô[39m src/__tests__/stores/chatStore.test.js[2m > [22museChatStore ΓÇô Comprehensive[2m > [22mMisc setters[2m > [22msetEncryptionKey stores key per chatId[32m 0[2mms[22m[39m
 [32mΓ£ô[39m src/__tests__/stores/chatStore.test.js[2m > [22museChatStore ΓÇô Comprehensive[2m > [22mMisc setters[2m > [22msetPermissions sets provided permissions[32m 0[2mms[22m[39m
 [32mΓ£ô[39m src/__tests__/stores/chatStore.test.js[2m > [22museChatStore ΓÇô Comprehensive[2m > [22mMisc setters[2m > [22msetPermissions resets to defaults on null[32m 0[2mms[22m[39m
 [32mΓ£ô[39m src/__tests__/stores/chatStore.test.js[2m > [22museChatStore ΓÇô Comprehensive[2m > [22mMisc setters[2m > [22mupdateUserStatus updates user status in onlineUsers[32m 0[2mms[22m[39m
[90mstdout[2m | src/__tests__/hooks/useWindowWidth.test.js
[22m[39m≡ƒº¬ Test setup complete!

[90mstdout[2m | src/__tests__/stores/storeIntegration.test.js
[22m[39m≡ƒº¬ Test setup complete!

 [32mΓ£ô[39m src/__tests__/hooks/useWindowWidth.test.js[2m > [22museWindowWidth[2m > [22mshould return current window width[32m 17[2mms[22m[39m
 [32mΓ£ô[39m src/__tests__/hooks/useWindowWidth.test.js[2m > [22museWindowWidth[2m > [22mshould detect mobile when width <= 768[32m 2[2mms[22m[39m
 [32mΓ£ô[39m src/__tests__/hooks/useWindowWidth.test.js[2m > [22museWindowWidth[2m > [22mshould detect non-mobile when width > 768[32m 2[2mms[22m[39m
 [32mΓ£ô[39m src/__tests__/hooks/useWindowWidth.test.js[2m > [22museWindowWidth[2m > [22mshould detect tablet when width <= 1024[32m 1[2mms[22m[39m
 [32mΓ£ô[39m src/__tests__/hooks/useWindowWidth.test.js[2m > [22museWindowWidth[2m > [22mshould detect non-tablet when width > 1024[32m 2[2mms[22m[39m
 [32mΓ£ô[39m src/__tests__/hooks/useWindowWidth.test.js[2m > [22museWindowWidth[2m > [22mshould update width when window resizes[32m 3[2mms[22m[39m
 [32mΓ£ô[39m src/__tests__/hooks/useWindowWidth.test.js[2m > [22museWindowWidth[2m > [22mshould remove resize listner on unmount[32m 2[2mms[22m[39m
 [32mΓ£ô[39m src/__tests__/hooks/useWindowWidth.test.js[2m > [22museWindowWidth[2m > [22mshould report isMobile=true at exactly 768px[32m 2[2mms[22m[39m
 [32mΓ£ô[39m src/__tests__/hooks/useWindowWidth.test.js[2m > [22museWindowWidth[2m > [22mshould report isMobile=false at 769px[32m 1[2mms[22m[39m
 [32mΓ£ô[39m src/__tests__/hooks/useWindowWidth.test.js[2m > [22museWindowWidth[2m > [22mshould handle multiple rapid resize events[32m 2[2mms[22m[39m
 [32mΓ£ô[39m src/__tests__/stores/storeIntegration.test.js[2m > [22mStore Integration[2m > [22mshould be importable without errors[32m 15[2mms[22m[39m
 [32mΓ£ô[39m src/__tests__/stores/storeIntegration.test.js[2m > [22mStore Integration[2m > [22mstore state should be serializable[32m 0[2mms[22m[39m
 [32mΓ£ô[39m src/__tests__/stores/storeIntegration.test.js[2m > [22mStore Selectors[2m > [22mselector functions should not throw[32m 0[2mms[22m[39m
[90mstdout[2m | src/__tests__/architecture/featureDirectories.test.js
[22m[39m≡ƒº¬ Test setup complete!

 [32mΓ£ô[39m src/__tests__/architecture/featureDirectories.test.js[2m > [22mComponent Feature Directory Structure[2m > [22mshould have all expected feature directories[32m 3[2mms[22m[39m
 [32mΓ£ô[39m src/__tests__/architecture/featureDirectories.test.js[2m > [22mComponent Feature Directory Structure[2m > [22mshould have barrel index.js in each feature directory[32m 2[2mms[22m[39m
 [32mΓ£ô[39m src/__tests__/architecture/featureDirectories.test.js[2m > [22mComponent Feature Directory Structure[2m > [22mshould have minimal flat files in components root[32m 5[2mms[22m[39m
 [32mΓ£ô[39m src/__tests__/architecture/featureDirectories.test.js[2m > [22mComponent Feature Directory Structure[2m > [22mshould have main barrel index.js with shared component exports[32m 0[2mms[22m[39m
 [32mΓ£ô[39m src/__tests__/architecture/featureDirectories.test.js[2m > [22mComponent Feature Directory Structure[2m > [22meach feature directory should contain at least 2 component files[32m 2[2mms[22m[39m
 [32mΓ£ô[39m src/__tests__/architecture/featureDirectories.test.js[2m > [22mImport Pattern Validation[2m > [22mcomponents/index.js should use feature directory paths[32m 6[2mms[22m[39m
[90mstdout[2m | src/__tests__/stores/useChatStore.advanced.test.js
[22m[39m≡ƒº¬ Test setup complete!

 [32mΓ£ô[39m src/__tests__/stores/useChatStore.advanced.test.js[2m > [22museChatStore ΓÇö Advanced[2m > [22maddMessagesBatch[2m > [22mshould add multiple messages at once[32m 2[2mms[22m[39m
 [32mΓ£ô[39m src/__tests__/stores/useChatStore.advanced.test.js[2m > [22museChatStore ΓÇö Advanced[2m > [22maddMessagesBatch[2m > [22mshould deduplicate against existing messages[32m 1[2mms[22m[39m
 [32mΓ£ô[39m src/__tests__/stores/useChatStore.advanced.test.js[2m > [22museChatStore ΓÇö Advanced[2m > [22maddMessagesBatch[2m > [22mshould handle empty array gracefully[32m 0[2mms[22m[39m
 [32mΓ£ô[39m src/__tests__/stores/useChatStore.advanced.test.js[2m > [22museChatStore ΓÇö Advanced[2m > [22maddMessagesBatch[2m > [22mshould filter out invalid messages in batch[32m 0[2mms[22m[39m
 [32mΓ£ô[39m src/__tests__/stores/useChatStore.advanced.test.js[2m > [22museChatStore ΓÇö Advanced[2m > [22maddMessagesBatch[2m > [22mshould not mutate state when all messages are duplicates[32m 0[2mms[22m[39m
 [32mΓ£ô[39m src/__tests__/stores/useChatStore.advanced.test.js[2m > [22museChatStore ΓÇö Advanced[2m > [22mprependMessages ΓÇö advanced[2m > [22mshould prepend maintaining order[32m 0[2mms[22m[39m
 [32mΓ£ô[39m src/__tests__/stores/useChatStore.advanced.test.js[2m > [22museChatStore ΓÇö Advanced[2m > [22mprependMessages ΓÇö advanced[2m > [22mshould deduplicate prepended messages[32m 0[2mms[22m[39m
 [32mΓ£ô[39m src/__tests__/stores/useChatStore.advanced.test.js[2m > [22museChatStore ΓÇö Advanced[2m > [22mremoveMessage[2m > [22mshould remove a message by id[32m 0[2mms[22m[39m
 [32mΓ£ô[39m src/__tests__/stores/useChatStore.advanced.test.js[2m > [22museChatStore ΓÇö Advanced[2m > [22mremoveMessage[2m > [22mshould not change state for non-existent id[32m 0[2mms[22m[39m
 [32mΓ£ô[39m src/__tests__/stores/useChatStore.advanced.test.js[2m > [22museChatStore ΓÇö Advanced[2m > [22msetConnectionState[2m > [22mshould update connection state to connected[32m 0[2mms[22m[39m
 [32mΓ£ô[39m src/__tests__/stores/useChatStore.advanced.test.js[2m > [22museChatStore ΓÇö Advanced[2m > [22msetConnectionState[2m > [22mshould update connection state to reconnecting[32m 0[2mms[22m[39m
 [32mΓ£ô[39m src/__tests__/stores/useChatStore.advanced.test.js[2m > [22museChatStore ΓÇö Advanced[2m > [22msetConnectionState[2m > [22mshould transition through multiple states[32m 0[2mms[22m[39m
 [32mΓ£ô[39m src/__tests__/stores/useChatStore.advanced.test.js[2m > [22museChatStore ΓÇö Advanced[2m > [22msetEncryptionKey ΓÇö advanced[2m > [22mshould store multiple encryption keys[32m 0[2mms[22m[39m
 [32mΓ£ô[39m src/__tests__/stores/useChatStore.advanced.test.js[2m > [22museChatStore ΓÇö Advanced[2m > [22msetEncryptionKey ΓÇö advanced[2m > [22mshould overwrite existing key for same chatId[32m 0[2mms[22m[39m
 [32mΓ£ô[39m src/__tests__/stores/useChatStore.advanced.test.js[2m > [22museChatStore ΓÇö Advanced[2m > [22msetSelectedMessages[2m > [22mshould set selected messages directly[32m 1[2mms[22m[39m
 [32mΓ£ô[39m src/__tests__/stores/useChatStore.advanced.test.js[2m > [22museChatStore ΓÇö Advanced[2m > [22msetSelectedMessages[2m > [22mshould accept function updater[32m 0[2mms[22m[39m
 [32mΓ£ô[39m src/__tests__/stores/useChatStore.advanced.test.js[2m > [22museChatStore ΓÇö Advanced[2m > [22mupdateUserStatus[2m > [22mshould update status for matching user by id[32m 0[2mms[22m[39m
 [32mΓ£ô[39m src/__tests__/stores/useChatStore.advanced.test.js[2m > [22museChatStore ΓÇö Advanced[2m > [22mupdateUserStatus[2m > [22mshould handle user_id field[32m 0[2mms[22m[39m
 [32mΓ£ô[39m src/__tests__/stores/useChatStore.advanced.test.js[2m > [22museChatStore ΓÇö Advanced[2m > [22msetTypingUser ΓÇö timestamp expiry[2m > [22mshould update timestamp for existing typing user[32m 0[2mms[22m[39m
 [32mΓ£ô[39m src/__tests__/stores/useChatStore.advanced.test.js[2m > [22museChatStore ΓÇö Advanced[2m > [22msetTypingUser ΓÇö timestamp expiry[2m > [22mshould track multiple typing users[32m 1[2mms[22m[39m
 [32mΓ£ô[39m src/__tests__/stores/useChatStore.advanced.test.js[2m > [22museChatStore ΓÇö Advanced[2m > [22msetTypingUser ΓÇö timestamp expiry[2m > [22mshould remove specific user from typing[32m 0[2mms[22m[39m
 [32mΓ£ô[39m src/__tests__/stores/useChatStore.advanced.test.js[2m > [22museChatStore ΓÇö Advanced[2m > [22mUnread counts ΓÇö advanced[2m > [22mshould track multiple room unreads independently[32m 2[2mms[22m[39m
 [32mΓ£ô[39m src/__tests__/stores/useChatStore.advanced.test.js[2m > [22museChatStore ΓÇö Advanced[2m > [22mUnread counts ΓÇö advanced[2m > [22mshould clear specific unread on setActiveChat[32m 1[2mms[22m[39m
 [32mΓ£ô[39m src/__tests__/stores/useChatStore.advanced.test.js[2m > [22museChatStore ΓÇö Advanced[2m > [22msetPermissions ΓÇö edge cases[2m > [22mshould set partial permissions object[32m 0[2mms[22m[39m
 [32mΓ£ô[39m src/__tests__/stores/useChatStore.advanced.test.js[2m > [22museChatStore ΓÇö Advanced[2m > [22msetMessages ΓÇö advanced[2m > [22mshould accept function that filters messages[32m 0[2mms[22m[39m
 [32mΓ£ô[39m src/__tests__/stores/useChatStore.advanced.test.js[2m > [22museChatStore ΓÇö Advanced[2m > [22msetMessages ΓÇö advanced[2m > [22mshould handle non-array input gracefully[32m 0[2mms[22m[39m
 [32mΓ£ô[39m src/__tests__/stores/useChatStore.advanced.test.js[2m > [22museChatStore ΓÇö Advanced[2m > [22msetMessages ΓÇö advanced[2m > [22mshould handle null input gracefully[32m 0[2mms[22m[39m
[90mstdout[2m | src/__tests__/stores/uiStore.test.js
[22m[39m≡ƒº¬ Test setup complete!

 [32mΓ£ô[39m src/__tests__/stores/uiStore.test.js[2m > [22museUIStore ΓÇô Comprehensive[2m > [22mInitial State[2m > [22mall predefined modals should default to false[32m 2[2mms[22m[39m
 [32mΓ£ô[39m src/__tests__/stores/uiStore.test.js[2m > [22museUIStore ΓÇô Comprehensive[2m > [22mInitial State[2m > [22mtheme should default to dark[32m 0[2mms[22m[39m
 [32mΓ£ô[39m src/__tests__/stores/uiStore.test.js[2m > [22museUIStore ΓÇô Comprehensive[2m > [22mInitial State[2m > [22maccentColor should default to Pawscord purple[32m 0[2mms[22m[39m
 [32mΓ£ô[39m src/__tests__/stores/uiStore.test.js[2m > [22museUIStore ΓÇô Comprehensive[2m > [22mInitial State[2m > [22msidebar should not be collapsed[32m 0[2mms[22m[39m
 [32mΓ£ô[39m src/__tests__/stores/uiStore.test.js[2m > [22museUIStore ΓÇô Comprehensive[2m > [22mInitial State[2m > [22mpanels should all be visible[32m 0[2mms[22m[39m
 [32mΓ£ô[39m src/__tests__/stores/uiStore.test.js[2m > [22museUIStore ΓÇô Comprehensive[2m > [22mInitial State[2m > [22mconnectionStatus should be disconnected[32m 0[2mms[22m[39m
 [32mΓ£ô[39m src/__tests__/stores/uiStore.test.js[2m > [22museUIStore ΓÇô Comprehensive[2m > [22mInitial State[2m > [22mloading and error should be off[32m 0[2mms[22m[39m
 [32mΓ£ô[39m src/__tests__/stores/uiStore.test.js[2m > [22museUIStore ΓÇô Comprehensive[2m > [22mInitial State[2m > [22mtoastNotifications should be empty[32m 1[2mms[22m[39m
 [32mΓ£ô[39m src/__tests__/stores/uiStore.test.js[2m > [22museUIStore ΓÇô Comprehensive[2m > [22mopenModal[2m > [22mshould open a modal flag to true[32m 0[2mms[22m[39m
 [32mΓ£ô[39m src/__tests__/stores/uiStore.test.js[2m > [22museUIStore ΓÇô Comprehensive[2m > [22mopenModal[2m > [22mshould store associated modal data[32m 0[2mms[22m[39m
 [32mΓ£ô[39m src/__tests__/stores/uiStore.test.js[2m > [22museUIStore ΓÇô Comprehensive[2m > [22mopenModal[2m > [22mshould create dynamic modal keys[32m 0[2mms[22m[39m
 [32mΓ£ô[39m src/__tests__/stores/uiStore.test.js[2m > [22museUIStore ΓÇô Comprehensive[2m > [22mopenModal[2m > [22mshould not overwrite other modals[32m 0[2mms[22m[39m
 [32mΓ£ô[39m src/__tests__/stores/uiStore.test.js[2m > [22museUIStore ΓÇô Comprehensive[2m > [22mcloseModal[2m > [22mshould set modal flag to false[32m 0[2mms[22m[39m
 [32mΓ£ô[39m src/__tests__/stores/uiStore.test.js[2m > [22museUIStore ΓÇô Comprehensive[2m > [22mcloseModal[2m > [22mshould clear modal data[32m 0[2mms[22m[39m
 [32mΓ£ô[39m src/__tests__/stores/uiStore.test.js[2m > [22museUIStore ΓÇô Comprehensive[2m > [22mcloseModal[2m > [22mshould be safe to call on already-closed modal[32m 0[2mms[22m[39m
 [32mΓ£ô[39m src/__tests__/stores/uiStore.test.js[2m > [22museUIStore ΓÇô Comprehensive[2m > [22mtoggleModal[2m > [22mshould toggle false ΓåÆ true[32m 0[2mms[22m[39m
 [32mΓ£ô[39m src/__tests__/stores/uiStore.test.js[2m > [22museUIStore ΓÇô Comprehensive[2m > [22mtoggleModal[2m > [22mshould toggle true ΓåÆ false[32m 0[2mms[22m[39m
 [32mΓ£ô[39m src/__tests__/stores/uiStore.test.js[2m > [22museUIStore ΓÇô Comprehensive[2m > [22mtoggleModal[2m > [22mshould toggle back and forth[32m 0[2mms[22m[39m
 [32mΓ£ô[39m src/__tests__/stores/uiStore.test.js[2m > [22museUIStore ΓÇô Comprehensive[2m > [22mcloseAllModals[2m > [22mshould close all open modals[32m 0[2mms[22m[39m
 [32mΓ£ô[39m src/__tests__/stores/uiStore.test.js[2m > [22museUIStore ΓÇô Comprehensive[2m > [22mcloseAllModals[2m > [22mshould clear all modal data[32m 0[2mms[22m[39m
 [32mΓ£ô[39m src/__tests__/stores/uiStore.test.js[2m > [22museUIStore ΓÇô Comprehensive[2m > [22mtogglePanel[2m > [22mshould toggle memberList off[32m 0[2mms[22m[39m
 [32mΓ£ô[39m src/__tests__/stores/uiStore.test.js[2m > [22museUIStore ΓÇô Comprehensive[2m > [22mtogglePanel[2m > [22mshould toggle back on[32m 0[2mms[22m[39m
 [32mΓ£ô[39m src/__tests__/stores/uiStore.test.js[2m > [22museUIStore ΓÇô Comprehensive[2m > [22mtogglePanel[2m > [22mshould not affect other panels[32m 0[2mms[22m[39m
 [32mΓ£ô[39m src/__tests__/stores/uiStore.test.js[2m > [22museUIStore ΓÇô Comprehensive[2m > [22mTheme & Accent[2m > [22msetTheme should update theme[32m 0[2mms[22m[39m
 [32mΓ£ô[39m src/__tests__/stores/uiStore.test.js[2m > [22museUIStore ΓÇô Comprehensive[2m > [22mTheme & Accent[2m > [22msetAccentColor should update accent[32m 0[2mms[22m[39m
 [32mΓ£ô[39m src/__tests__/stores/uiStore.test.js[2m > [22museUIStore ΓÇô Comprehensive[2m > [22mTheme & Accent[2m > [22msetTheme should accept any string[32m 0[2mms[22m[39m
 [32mΓ£ô[39m src/__tests__/stores/uiStore.test.js[2m > [22museUIStore ΓÇô Comprehensive[2m > [22mSidebar[2m > [22mtoggleSidebar should collapse sidebar[32m 0[2mms[22m[39m
 [32mΓ£ô[39m src/__tests__/stores/uiStore.test.js[2m > [22museUIStore ΓÇô Comprehensive[2m > [22mSidebar[2m > [22mtoggleSidebar should expand sidebar back[32m 0[2mms[22m[39m
 [32mΓ£ô[39m src/__tests__/stores/uiStore.test.js[2m > [22museUIStore ΓÇô Comprehensive[2m > [22mSidebar[2m > [22msetMobileSidebarOpen should control mobile sidebar[32m 0[2mms[22m[39m
 [32mΓ£ô[39m src/__tests__/stores/uiStore.test.js[2m > [22museUIStore ΓÇô Comprehensive[2m > [22mConnection Status[2m > [22msetConnectionStatus connected sets isConnected true[32m 0[2mms[22m[39m
 [32mΓ£ô[39m src/__tests__/stores/uiStore.test.js[2m > [22museUIStore ΓÇô Comprehensive[2m > [22mConnection Status[2m > [22msetConnectionStatus disconnected sets isConnected false[32m 0[2mms[22m[39m
 [32mΓ£ô[39m src/__tests__/stores/uiStore.test.js[2m > [22museUIStore ΓÇô Comprehensive[2m > [22mConnection Status[2m > [22msetIsConnected sets both connectionStatus and isConnected[32m 0[2mms[22m[39m
 [32mΓ£ô[39m src/__tests__/stores/uiStore.test.js[2m > [22museUIStore ΓÇô Comprehensive[2m > [22mConnection Status[2m > [22msetIsConnected(false) resets to disconnected[32m 0[2mms[22m[39m
 [32mΓ£ô[39m src/__tests__/stores/uiStore.test.js[2m > [22museUIStore ΓÇô Comprehensive[2m > [22mLoading & Error[2m > [22msetLoading should set isLoading[32m 0[2mms[22m[39m
 [32mΓ£ô[39m src/__tests__/stores/uiStore.test.js[2m > [22museUIStore ΓÇô Comprehensive[2m > [22mLoading & Error[2m > [22msetLoading accepts function updater[32m 0[2mms[22m[39m
 [32mΓ£ô[39m src/__tests__/stores/uiStore.test.js[2m > [22museUIStore ΓÇô Comprehensive[2m > [22mLoading & Error[2m > [22msetError should set globalError[32m 0[2mms[22m[39m
 [32mΓ£ô[39m src/__tests__/stores/uiStore.test.js[2m > [22museUIStore ΓÇô Comprehensive[2m > [22mLoading & Error[2m > [22mclearError should reset globalError to null[32m 0[2mms[22m[39m
 [32mΓ£ô[39m src/__tests__/stores/uiStore.test.js[2m > [22museUIStore ΓÇô Comprehensive[2m > [22mToast Notifications[2m > [22maddNotification should add to queue[32m 1[2mms[22m[39m
 [32mΓ£ô[39m src/__tests__/stores/uiStore.test.js[2m > [22museUIStore ΓÇô Comprehensive[2m > [22mToast Notifications[2m > [22maddNotification should assign an id[32m 0[2mms[22m[39m
 [32mΓ£ô[39m src/__tests__/stores/uiStore.test.js[2m > [22museUIStore ΓÇô Comprehensive[2m > [22mToast Notifications[2m > [22mremoveNotification should remove by id[32m 0[2mms[22m[39m
 [32mΓ£ô[39m src/__tests__/stores/uiStore.test.js[2m > [22museUIStore ΓÇô Comprehensive[2m > [22mToast Notifications[2m > [22mclearNotifications should empty queue[32m 0[2mms[22m[39m
 [32mΓ£ô[39m src/__tests__/stores/uiStore.test.js[2m > [22museUIStore ΓÇô Comprehensive[2m > [22mToast Notifications[2m > [22mmultiple notifications accumulate[32m 0[2mms[22m[39m
 [32mΓ£ô[39m src/__tests__/stores/uiStore.test.js[2m > [22museUIStore ΓÇô Comprehensive[2m > [22mContext Menu[2m > [22msetContextMenu should set menu data[32m 0[2mms[22m[39m
 [32mΓ£ô[39m src/__tests__/stores/uiStore.test.js[2m > [22museUIStore ΓÇô Comprehensive[2m > [22mContext Menu[2m > [22mclearContextMenu should reset to null[32m 0[2mms[22m[39m
 [32mΓ£ô[39m src/__tests__/stores/uiStore.test.js[2m > [22museUIStore ΓÇô Comprehensive[2m > [22mSearch Query[2m > [22msetSearchQuery should update searchQuery[32m 0[2mms[22m[39m
 [32mΓ£ô[39m src/__tests__/stores/uiStore.test.js[2m > [22museUIStore ΓÇô Comprehensive[2m > [22mSearch Query[2m > [22msetSearchQuery with function updater[32m 0[2mms[22m[39m
 [32mΓ£ô[39m src/__tests__/stores/uiStore.test.js[2m > [22museUIStore ΓÇô Comprehensive[2m > [22mDownload Progress[2m > [22msetDownloadProgress should update progress[32m 0[2mms[22m[39m
 [32mΓ£ô[39m src/__tests__/stores/uiStore.test.js[2m > [22museUIStore ΓÇô Comprehensive[2m > [22mDownload Progress[2m > [22msetIsDownloading should toggle downloadg state[32m 0[2mms[22m[39m
[90mstdout[2m | src/__tests__/stores/voiceStore.test.js
[22m[39m≡ƒº¬ Test setup complete!

[90mstdout[2m | src/__tests__/voice/voiceEffects.test.js
[22m[39m≡ƒº¬ Test setup complete!

 [32mΓ£ô[39m src/__tests__/stores/voiceStore.test.js[2m > [22museVoiceStore ΓÇô Comprehensive[2m > [22mInitial State[2m > [22mshould not be in voice chat[32m 1[2mms[22m[39m
 [32mΓ£ô[39m src/__tests__/stores/voiceStore.test.js[2m > [22museVoiceStore ΓÇô Comprehensive[2m > [22mInitial State[2m > [22mshould have null voice room and server[32m 0[2mms[22m[39m
 [32mΓ£ô[39m src/__tests__/stores/voiceStore.test.js[2m > [22museVoiceStore ΓÇô Comprehensive[2m > [22mInitial State[2m > [22mshould have all toggles off[32m 0[2mms[22m[39m
 [32mΓ£ô[39m src/__tests__/stores/voiceStore.test.js[2m > [22museVoiceStore ΓÇô Comprehensive[2m > [22mInitial State[2m > [22mshould have default input/output devices[32m 0[2mms[22m[39m
 [32mΓ£ô[39m src/__tests__/stores/voiceStore.test.js[2m > [22museVoiceStore ΓÇô Comprehensive[2m > [22mInitial State[2m > [22mshould have 100% volumes[32m 0[2mms[22m[39m
 [32mΓ£ô[39m src/__tests__/stores/voiceStore.test.js[2m > [22museVoiceStore ΓÇô Comprehensive[2m > [22mInitial State[2m > [22mshould have medium noise suppression[32m 0[2mms[22m[39m
 [32mΓ£ô[39m src/__tests__/stores/voiceStore.test.js[2m > [22museVoiceStore ΓÇô Comprehensive[2m > [22mInitial State[2m > [22mshould have echo cancellation and AGC on[32m 0[2mms[22m[39m
 [32mΓ£ô[39m src/__tests__/stores/voiceStore.test.js[2m > [22museVoiceStore ΓÇô Comprehensive[2m > [22mInitial State[2m > [22mshould have push-to-talk off with Space key[32m 0[2mms[22m[39m
 [32mΓ£ô[39m src/__tests__/stores/voiceStore.test.js[2m > [22museVoiceStore ΓÇô Comprehensive[2m > [22mInitial State[2m > [22mshould have good connection quality, 0 latency, 0 packet loss[32m 0[2mms[22m[39m
 [32mΓ£ô[39m src/__tests__/stores/voiceStore.test.js[2m > [22museVoiceStore ΓÇô Comprehensive[2m > [22mInitial State[2m > [22mshould have empty voiceUsers and speakingUsers[32m 1[2mms[22m[39m
 [32mΓ£ô[39m src/__tests__/stores/voiceStore.test.js[2m > [22museVoiceStore ΓÇô Comprehensive[2m > [22mjoinVoiceRoom[2m > [22mshould set isInVoiceChat true and store room/server[32m 0[2mms[22m[39m
 [32mΓ£ô[39m src/__tests__/stores/voiceStore.test.js[2m > [22museVoiceStore ΓÇô Comprehensive[2m > [22mjoinVoiceRoom[2m > [22mshould allow switching rooms[32m 0[2mms[22m[39m
 [32mΓ£ô[39m src/__tests__/stores/voiceStore.test.js[2m > [22museVoiceStore ΓÇô Comprehensive[2m > [22mleaveVoiceRoom[2m > [22mshould reset all voice-related state[32m 0[2mms[22m[39m
 [32mΓ£ô[39m src/__tests__/stores/voiceStore.test.js[2m > [22museVoiceStore ΓÇô Comprehensive[2m > [22mleaveVoiceRoom[2m > [22mshould not reset audio settings on leave[32m 0[2mms[22m[39m
 [32mΓ£ô[39m src/__tests__/stores/voiceStore.test.js[2m > [22museVoiceStore ΓÇô Comprehensive[2m > [22mtoggleMute[2m > [22mshould toggle muted state[32m 0[2mms[22m[39m
 [32mΓ£ô[39m src/__tests__/stores/voiceStore.test.js[2m > [22museVoiceStore ΓÇô Comprehensive[2m > [22mtoggleDeafen[2m > [22mshould toggle deafened state[32m 0[2mms[22m[39m
 [32mΓ£ô[39m src/__tests__/stores/voiceStore.test.js[2m > [22museVoiceStore ΓÇô Comprehensive[2m > [22mtoggleDeafen[2m > [22mshould also mute when deafening[32m 0[2mms[22m[39m
 [32mΓ£ô[39m src/__tests__/stores/voiceStore.test.js[2m > [22museVoiceStore ΓÇô Comprehensive[2m > [22mtoggleDeafen[2m > [22mshould keep muted state when un-deafening (muted was already true)[32m 0[2mms[22m[39m
 [32mΓ£ô[39m src/__tests__/stores/voiceStore.test.js[2m > [22museVoiceStore ΓÇô Comprehensive[2m > [22mtoggleDeafen[2m > [22mdeafen ΓåÆ un-deafen cycle[32m 0[2mms[22m[39m
 [32mΓ£ô[39m src/__tests__/stores/voiceStore.test.js[2m > [22museVoiceStore ΓÇô Comprehensive[2m > [22mtoggleCamera[2m > [22mshould toggle camera on/off[32m 0[2mms[22m[39m
 [32mΓ£ô[39m src/__tests__/stores/voiceStore.test.js[2m > [22museVoiceStore ΓÇô Comprehensive[2m > [22mtoggleScreenShare[2m > [22mshould toggle screen sharing[32m 0[2mms[22m[39m
 [32mΓ£ô[39m src/__tests__/stores/voiceStore.test.js[2m > [22museVoiceStore ΓÇô Comprehensive[2m > [22mVoice User Management[2m > [22maddVoiceUser should add user to map[32m 0[2mms[22m[39m
 [32mΓ£ô[39m src/__tests__/stores/voiceStore.test.js[2m > [22museVoiceStore ΓÇô Comprehensive[2m > [22mVoice User Management[2m > [22maddVoiceUser should overwrite existing entry[32m 0[2mms[22m[39m
 [32mΓ£ô[39m src/__tests__/stores/voiceStore.test.js[2m > [22museVoiceStore ΓÇô Comprehensive[2m > [22mVoice User Management[2m > [22mremoveVoiceUser should delete user from map[32m 0[2mms[22m[39m
 [32mΓ£ô[39m src/__tests__/stores/voiceStore.test.js[2m > [22museVoiceStore ΓÇô Comprehensive[2m > [22mVoice User Management[2m > [22mremoveVoiceUser for non-existent user is safe[32m 1[2mms[22m[39m
 [32mΓ£ô[39m src/__tests__/stores/voiceStore.test.js[2m > [22museVoiceStore ΓÇô Comprehensive[2m > [22mVoice User Management[2m > [22msetVoiceUsers should replace entire map[32m 0[2mms[22m[39m
 [32mΓ£ô[39m src/__tests__/stores/voiceStore.test.js[2m > [22museVoiceStore ΓÇô Comprehensive[2m > [22mSpeaking Users[2m > [22msetSpeaking(true) should add user to set[32m 0[2mms[22m[39m
 [32mΓ£ô[39m src/__tests__/stores/voiceStore.test.js[2m > [22museVoiceStore ΓÇô Comprehensive[2m > [22mSpeaking Users[2m > [22msetSpeaking(false) should remove user from set[32m 0[2mms[22m[39m
 [32mΓ£ô[39m src/__tests__/stores/voiceStore.test.js[2m > [22museVoiceStore ΓÇô Comprehensive[2m > [22mSpeaking Users[2m > [22mmultiple users can speak simultaneously[32m 0[2mms[22m[39m
 [32mΓ£ô[39m src/__tests__/stores/voiceStore.test.js[2m > [22museVoiceStore ΓÇô Comprehensive[2m > [22mSpeaking Users[2m > [22msetSpeaking(true) on already-speaking user is idempotent[32m 0[2mms[22m[39m
 [32mΓ£ô[39m src/__tests__/stores/voiceStore.test.js[2m > [22museVoiceStore ΓÇô Comprehensive[2m > [22mDevice Settings[2m > [22msetInputDevice[32m 0[2mms[22m[39m
 [32mΓ£ô[39m src/__tests__/stores/voiceStore.test.js[2m > [22museVoiceStore ΓÇô Comprehensive[2m > [22mDevice Settings[2m > [22msetOutputDevice[32m 0[2mms[22m[39m
 [32mΓ£ô[39m src/__tests__/stores/voiceStore.test.js[2m > [22museVoiceStore ΓÇô Comprehensive[2m > [22mDevice Settings[2m > [22msetInputVolume with boundary values[32m 0[2mms[22m[39m
 [32mΓ£ô[39m src/__tests__/stores/voiceStore.test.js[2m > [22museVoiceStore ΓÇô Comprehensive[2m > [22mDevice Settings[2m > [22msetOutputVolume[32m 0[2mms[22m[39m
 [32mΓ£ô[39m src/__tests__/stores/voiceStore.test.js[2m > [22museVoiceStore ΓÇô Comprehensive[2m > [22mAdvanced Audio Settings[2m > [22msetNoiseSuppression cycles through levels[32m 0[2mms[22m[39m
 [32mΓ£ô[39m src/__tests__/stores/voiceStore.test.js[2m > [22museVoiceStore ΓÇô Comprehensive[2m > [22mAdvanced Audio Settings[2m > [22msetEchoCancellation[32m 0[2mms[22m[39m
 [32mΓ£ô[39m src/__tests__/stores/voiceStore.test.js[2m > [22museVoiceStore ΓÇô Comprehensive[2m > [22mAdvanced Audio Settings[2m > [22msetAutoGainControl[32m 0[2mms[22m[39m
 [32mΓ£ô[39m src/__tests__/stores/voiceStore.test.js[2m > [22museVoiceStore ΓÇô Comprehensive[2m > [22mAdvanced Audio Settings[2m > [22msetPushToTalk[32m 0[2mms[22m[39m
 [32mΓ£ô[39m src/__tests__/stores/voiceStore.test.js[2m > [22museVoiceStore ΓÇô Comprehensive[2m > [22mAdvanced Audio Settings[2m > [22msetPushToTalkKey[32m 0[2mms[22m[39m
 [32mΓ£ô[39m src/__tests__/stores/voiceStore.test.js[2m > [22museVoiceStore ΓÇô Comprehensive[2m > [22mConnection Stats[2m > [22msetConnectionQuality[32m 0[2mms[22m[39m
 [32mΓ£ô[39m src/__tests__/stores/voiceStore.test.js[2m > [22museVoiceStore ΓÇô Comprehensive[2m > [22mConnection Stats[2m > [22msetLatency[32m 0[2mms[22m[39m
 [32mΓ£ô[39m src/__tests__/stores/voiceStore.test.js[2m > [22museVoiceStore ΓÇô Comprehensive[2m > [22mConnection Stats[2m > [22msetPacketLoss[32m 0[2mms[22m[39m
 [32mΓ£ô[39m src/__tests__/stores/voiceStore.test.js[2m > [22museVoiceStore ΓÇô Comprehensive[2m > [22mConnection Stats[2m > [22mstats update independently[32m 0[2mms[22m[39m
 [32mΓ£ô[39m src/__tests__/stores/voiceStore.test.js[2m > [22museVoiceStore ΓÇô Comprehensive[2m > [22mFull Session Flow[2m > [22mjoin ΓåÆ configure ΓåÆ add users ΓåÆ mute ΓåÆ leave ΓåÆ clean state[32m 0[2mms[22m[39m
 [32mΓ£ô[39m src/__tests__/voice/voiceEffects.test.js[2m > [22mVoice Effects[2m > [22mshould create robot effect[32m 4[2mms[22m[39m
 [32mΓ£ô[39m src/__tests__/voice/voiceEffects.test.js[2m > [22mVoice Effects[2m > [22mshould create echo effect[32m 2[2mms[22m[39m
 [32mΓ£ô[39m src/__tests__/voice/voiceEffects.test.js[2m > [22mVoice Effects[2m > [22mshould create deep voice effect[32m 1[2mms[22m[39m
 [32mΓ£ô[39m src/__tests__/voice/voiceEffects.test.js[2m > [22mVoice Effects[2m > [22mshould create high voice effect[32m 1[2mms[22m[39m
 [32mΓ£ô[39m src/__tests__/voice/voiceEffects.test.js[2m > [22mVoice Effects[2m > [22mshould create radio effect[32m 1[2mms[22m[39m
 [32mΓ£ô[39m src/__tests__/voice/voiceEffects.test.js[2m > [22mVoice Effects[2m > [22mshould create reverb effect[32m 7[2mms[22m[39m
 [32mΓ£ô[39m src/__tests__/voice/voiceEffects.test.js[2m > [22mVoice Effects[2m > [22mshould handle unknown effect type with passthrough[32m 1[2mms[22m[39m
 [32mΓ£ô[39m src/__tests__/voice/voiceEffects.test.js[2m > [22mVoice Effects[2m > [22mshould normalize intensity to 0-1 range[32m 1[2mms[22m[39m
 [32mΓ£ô[39m src/__tests__/voice/voiceEffects.test.js[2m > [22mVoice Effects[2m > [22mshould work with zero intensity[32m 1[2mms[22m[39m
[90mstdout[2m | src/__tests__/stores/useChatStore.test.js
[22m[39m≡ƒº¬ Test setup complete!

[90mstdout[2m | src/__tests__/config/api.test.js
[22m[39m≡ƒº¬ Test setup complete!

[90mstdout[2m | src/__tests__/utils/apiEndpoints.test.js
[22m[39m≡ƒº¬ Test setup complete!

[90mstderr[2m | src/__tests__/stores/useChatStore.test.js[2m > [22m[2museC
hatStore[2m > [22m[2maddMessage[2m > [22m[2mshould reject message without
 id
[22m[39m[Store] Invalid message rejected: { content: [32m'No ID'[39m }

[90mstderr[2m | src/__tests__/stores/useChatStore.test.js[2m > [22m[2museC
hatStore[2m > [22m[2maddMessage[2m > [22m[2mshould reject null message
[22m[39m[Store] Invalid message rejected: [1mnull[22m

[90mstderr[2m | src/__tests__/stores/useChatStore.test.js[2m > [22m[2museC
hatStore[2m > [22m[2maddMessage[2m > [22m[2mshould reject undefined messa
ge
[22m[39m[Store] Invalid message rejected: [90mundefined[39m

 [32mΓ£ô[39m src/__tests__/config/api.test.js[2m > [22mAPI Configuration[2m > [22mURL Constants[2m > [22mAPI_URL_BASE_STRING should be base URL from apiEndpoints[32m 1[2mms[22m[39m
 [32mΓ£ô[39m src/__tests__/config/api.test.js[2m > [22mAPI Configuration[2m > [22mURL Constants[2m > [22mAPI_BASE_URL should append /api to base[32m 0[2mms[22m[39m
 [32mΓ£ô[39m src/__tests__/config/api.test.js[2m > [22mAPI Configuration[2m > [22mURL Constants[2m > [22mABSOLUTE_HOST_URL should equal base string[32m 0[2mms[22m[39m
 [32mΓ£ô[39m src/__tests__/config/api.test.js[2m > [22mAPI Configuration[2m > [22mURL Constants[2m > [22mLOGIN_URL ends with /auth/login/[32m 0[2mms[22m[39m
 [32mΓ£ô[39m src/__tests__/config/api.test.js[2m > [22mAPI Configuration[2m > [22mURL Constants[2m > [22mREGISTER_URL ends with /auth/register/[32m 0[2mms[22m[39m
 [32mΓ£ô[39m src/__tests__/config/api.test.js[2m > [22mAPI Configuration[2m > [22mURL Constants[2m > [22mUPLOAD_FILE_URL ends with /messages/upload_file/[32m 0[2mms[22m[39m
 [32mΓ£ô[39m src/__tests__/config/api.test.js[2m > [22mAPI Configuration[2m > [22mURL Constants[2m > [22mMESSAGE_HISTORY_ROOM_URL ends with /messages/history/room/[32m 0[2mms[22m[39m
 [32mΓ£ô[39m src/__tests__/config/api.test.js[2m > [22mAPI Configuration[2m > [22mURL Constants[2m > [22mMESSAGE_HISTORY_DM_URL ends with /messages/history/dm/[32m 0[2mms[22m[39m
 [32mΓ£ô[39m src/__tests__/config/api.test.js[2m > [22mAPI Configuration[2m > [22mURL Constants[2m > [22mROOM_LIST_URL ends with /rooms/list_with_categories/[32m 0[2mms[22m[39m
 [32mΓ£ô[39m src/__tests__/config/api.test.js[2m > [22mAPI Configuration[2m > [22mURL Constants[2m > [22mCONVERSATION_LIST_URL ends with /conversations/[32m 0[2mms[22m[39m
 [32mΓ£ô[39m src/__tests__/config/api.test.js[2m > [22mAPI Configuration[2m > [22mProtocol Detection[2m > [22mWS_PROTOCOL should be ws for http base URL[32m 0[2mms[22m[39m
 [32mΓ£ô[39m src/__tests__/config/api.test.js[2m > [22mAPI Configuration[2m > [22mProtocol Detection[2m > [22mAPI_HOST should strip protocol from base URL[32m 0[2mms[22m[39m
 [32mΓ£ô[39m src/__tests__/config/api.test.js[2m > [22mAPI Configuration[2m > [22mConstants[2m > [22mDRAFT_STORAGE_KEY should be a non-empty string[32m 0[2mms[22m[39m
 [32mΓ£ô[39m src/__tests__/config/api.test.js[2m > [22mAPI Configuration[2m > [22mgetTemporaryId[2m > [22mshould return a string[32m 0[2mms[22m[39m
 [32mΓ£ô[39m src/__tests__/config/api.test.js[2m > [22mAPI Configuration[2m > [22mgetTemporaryId[2m > [22mshould return unique values on successive calls[32m 0[2mms[22m[39m
 [32mΓ£ô[39m src/__tests__/config/api.test.js[2m > [22mAPI Configuration[2m > [22mgetTemporaryId[2m > [22mshould contain timestamp prefix and random suffix[32m 0[2mms[22m[39m
 [32mΓ£ô[39m src/__tests__/config/api.test.js[2m > [22mAPI Configuration[2m > [22mcalculateFileHash[2m > [22mshould return a hash string for a file[32m 5[2mms[22m[39m
 [32mΓ£ô[39m src/__tests__/config/api.test.js[2m > [22mAPI Configuration[2m > [22mcalculateFileHash[2m > [22mshould handle large files in chunks[32m 7[2mms[22m[39m
 [32mΓ£ô[39m src/__tests__/utils/apiEndpoints.test.js[2m > [22mapiEndpoints[2m > [22mAPI_BASE equals the env var value[32m 3[2mms[22m[39m
 [32mΓ£ô[39m src/__tests__/utils/apiEndpoints.test.js[2m > [22mapiEndpoints[2m > [22mAPI_BASE_URL appends /api[32m 1[2mms[22m[39m
 [32mΓ£ô[39m src/__tests__/utils/apiEndpoints.test.js[2m > [22mapiEndpoints[2m > [22mgetApiBase returns same value as API_BASE[32m 1[2mms[22m[39m
 [32mΓ£ô[39m src/__tests__/utils/apiEndpoints.test.js[2m > [22mapiEndpoints[2m > [22mAUTH.LOGIN ends with /auth/login/[32m 1[2mms[22m[39m
 [32mΓ£ô[39m src/__tests__/utils/apiEndpoints.test.js[2m > [22mapiEndpoints[2m > [22mAUTH.REGISTER ends with /auth/register/[32m 1[2mms[22m[39m
 [32mΓ£ô[39m src/__tests__/utils/apiEndpoints.test.js[2m > [22mapiEndpoints[2m > [22mAUTH.REFRESH ends with /auth/token/refresh/[32m 1[2mms[22m[39m
 [32mΓ£ô[39m src/__tests__/utils/apiEndpoints.test.js[2m > [22mapiEndpoints[2m > [22mUSER.PROFILE returns URL with userId[32m 1[2mms[22m[39m
 [32mΓ£ô[39m src/__tests__/utils/apiEndpoints.test.js[2m > [22mapiEndpoints[2m > [22mSERVERS.DETAIL returns URL with server id[32m 1[2mms[22m[39m
 [32mΓ£ô[39m src/__tests__/utils/apiEndpoints.test.js[2m > [22mapiEndpoints[2m > [22mSERVERS.JOIN returns URL with server id[32m 1[2mms[22m[39m
 [32mΓ£ô[39m src/__tests__/utils/apiEndpoints.test.js[2m > [22mapiEndpoints[2m > [22mMESSAGES.SEND returns URL with room id[32m 1[2mms[22m[39m
 [32mΓ£ô[39m src/__tests__/utils/apiEndpoints.test.js[2m > [22mapiEndpoints[2m > [22mMESSAGES.EDIT returns URL with message id[32m 0[2mms[22m[39m
 [32mΓ£ô[39m src/__tests__/utils/apiEndpoints.test.js[2m > [22mapiEndpoints[2m > [22mgetEndpoint replaces :key placeholders[32m 0[2mms[22m[39m
 [32mΓ£ô[39m src/__tests__/utils/apiEndpoints.test.js[2m > [22mapiEndpoints[2m > [22mgetEndpoint with no params returns path unchanged[32m 0[2mms[22m[39m
 [32mΓ£ô[39m src/__tests__/utils/apiEndpoints.test.js[2m > [22mapiEndpoints[2m > [22mENDPOINTS has AUTH section[32m 0[2mms[22m[39m
 [32mΓ£ô[39m src/__tests__/utils/apiEndpoints.test.js[2m > [22mapiEndpoints[2m > [22mENDPOINTS has SERVERS section with LIST[32m 0[2mms[22m[39m
 [32mΓ£ô[39m src/__tests__/utils/apiEndpoints.test.js[2m > [22mapiEndpoints[2m > [22mENDPOINTS has MESSAGES section with TRANSLATE[32m 0[2mms[22m[39m
 [32mΓ£ô[39m src/__tests__/stores/useChatStore.test.js[2m > [22museChatStore[2m > [22mInitial State[2m > [22mshould have empty messages array[32m 2[2mms[22m[39m
 [32mΓ£ô[39m src/__tests__/stores/useChatStore.test.js[2m > [22museChatStore[2m > [22mInitial State[2m > [22mshould have welcome activeChat[32m 1[2mms[22m[39m
 [32mΓ£ô[39m src/__tests__/stores/useChatStore.test.js[2m > [22museChatStore[2m > [22mInitial State[2m > [22mshould have empty unreadCounts, typingUsers, onlineUsers[32m 0[2mms[22m[39m
 [32mΓ£ô[39m src/__tests__/stores/useChatStore.test.js[2m > [22museChatStore[2m > [22mInitial State[2m > [22mshould have default permissions (all false)[32m 0[2mms[22m[39m
 [32mΓ£ô[39m src/__tests__/stores/useChatStore.test.js[2m > [22museChatStore[2m > [22msetActiveChat[2m > [22mshould set activeChat with positional args[32m 2[2mms[22m[39m
 [32mΓ£ô[39m src/__tests__/stores/useChatStore.test.js[2m > [22museChatStore[2m > [22msetActiveChat[2m > [22mshould set activeChat for DM with targetUser[32m 1[2mms[22m[39m
 [32mΓ£ô[39m src/__tests__/stores/useChatStore.test.js[2m > [22museChatStore[2m > [22msetActiveChat[2m > [22mshould set activeChat with object arg[32m 0[2mms[22m[39m
 [32mΓ£ô[39m src/__tests__/stores/useChatStore.test.js[2m > [22museChatStore[2m > [22msetActiveChat[2m > [22mshould default targetUser to null[32m 0[2mms[22m[39m
 [32mΓ£ô[39m src/__tests__/stores/useChatStore.test.js[2m > [22museChatStore[2m > [22msetActiveChat[2m > [22mshould clear unread count for room key on switch[32m 0[2mms[22m[39m
 [32mΓ£ô[39m src/__tests__/stores/useChatStore.test.js[2m > [22museChatStore[2m > [22msetActiveChat[2m > [22mshould clear unread count for dm key on switch[32m 0[2mms[22m[39m
 [32mΓ£ô[39m src/__tests__/stores/useChatStore.test.js[2m > [22museChatStore[2m > [22maddMessage[2m > [22mshould append a valid message[32m 1[2mms[22m[39m
 [32mΓ£ô[39m src/__tests__/stores/useChatStore.test.js[2m > [22museChatStore[2m > [22maddMessage[2m > [22mshould reject message without id[32m 1[2mms[22m[39m
 [32mΓ£ô[39m src/__tests__/stores/useChatStore.test.js[2m > [22museChatStore[2m > [22maddMessage[2m > [22mshould reject null message[32m 0[2mms[22m[39m
 [32mΓ£ô[39m src/__tests__/stores/useChatStore.test.js[2m > [22museChatStore[2m > [22maddMessage[2m > [22mshould reject undefined message[32m 0[2mms[22m[39m
 [32mΓ£ô[39m src/__tests__/stores/useChatStore.test.js[2m > [22museChatStore[2m > [22maddMessage[2m > [22mshould deduplicate by id[32m 0[2mms[22m[39m
 [32mΓ£ô[39m src/__tests__/stores/useChatStore.test.js[2m > [22museChatStore[2m > [22maddMessage[2m > [22mshould update existing message matching temp_id[32m 0[2mms[22m[39m
 [32mΓ£ô[39m src/__tests__/stores/useChatStore.test.js[2m > [22museChatStore[2m > [22mupdateMessage[2m > [22mshould merge partial updates into matching message[32m 0[2mms[22m[39m
 [32mΓ£ô[39m src/__tests__/stores/useChatStore.test.js[2m > [22museChatStore[2m > [22mupdateMessage[2m > [22mshould not modify non-matching messages[32m 0[2mms[22m[39m
 [32mΓ£ô[39m src/__tests__/stores/useChatStore.test.js[2m > [22museChatStore[2m > [22msetMessages[2m > [22mshould replace all messages with array[32m 0[2mms[22m[39m
 [32mΓ£ô[39m src/__tests__/stores/useChatStore.test.js[2m > [22museChatStore[2m > [22msetMessages[2m > [22mshould accept function updater[32m 0[2mms[22m[39m
 [32mΓ£ô[39m src/__tests__/stores/useChatStore.test.js[2m > [22museChatStore[2m > [22msetMessages[2m > [22mshould filter out invalid entries (no id)[32m 0[2mms[22m[39m
 [32mΓ£ô[39m src/__tests__/stores/useChatStore.test.js[2m > [22museChatStore[2m > [22mprependMessages[2m > [22mshould prepend old messages to beginning[32m 0[2mms[22m[39m
 [32mΓ£ô[39m src/__tests__/stores/useChatStore.test.js[2m > [22museChatStore[2m > [22mincrementUnread[2m > [22mshould increment counter for new key[32m 1[2mms[22m[39m
 [32mΓ£ô[39m src/__tests__/stores/useChatStore.test.js[2m > [22museChatStore[2m > [22mincrementUnread[2m > [22mshould increment existing counter[32m 0[2mms[22m[39m
 [32mΓ£ô[39m src/__tests__/stores/useChatStore.test.js[2m > [22museChatStore[2m > [22msetTypingUser[2m > [22mshould add username when typing=true[32m 1[2mms[22m[39m
 [32mΓ£ô[39m src/__tests__/stores/useChatStore.test.js[2m > [22museChatStore[2m > [22msetTypingUser[2m > [22mshould remove username when typing=false[32m 0[2mms[22m[39m
 [32mΓ£ô[39m src/__tests__/stores/useChatStore.test.js[2m > [22museChatStore[2m > [22msetTypingUser[2m > [22mshould not add duplicate username[32m 0[2mms[22m[39m
 [32mΓ£ô[39m src/__tests__/stores/useChatStore.test.js[2m > [22museChatStore[2m > [22mOther setters[2m > [22msetOnlineUsers replaces online list[32m 0[2mms[22m[39m
 [32mΓ£ô[39m src/__tests__/stores/useChatStore.test.js[2m > [22museChatStore[2m > [22mOther setters[2m > [22msetVoiceUsers replaces voice map[32m 0[2mms[22m[39m
 [32mΓ£ô[39m src/__tests__/stores/useChatStore.test.js[2m > [22museChatStore[2m > [22mOther setters[2m > [22msetEncryptionKey stores key per chatId[32m 0[2mms[22m[39m
 [32mΓ£ô[39m src/__tests__/stores/useChatStore.test.js[2m > [22museChatStore[2m > [22mOther setters[2m > [22msetPermissions sets provided permissions[32m 0[2mms[22m[39m
 [32mΓ£ô[39m src/__tests__/stores/useChatStore.test.js[2m > [22museChatStore[2m > [22mOther setters[2m > [22msetPermissions resets to defaults on null[32m 0[2mms[22m[39m
[90mstdout[2m | src/__tests__/stores/useUserStore.test.js
[22m[39m≡ƒº¬ Test setup complete!

[90mstdout[2m | src/__tests__/stores/messageStore.test.js
[22m[39m≡ƒº¬ Test setup complete!

[90mstdout[2m | src/__tests__/utils/performanceMonitoring.test.js
[22m[39m≡ƒº¬ Test setup complete!

 [32mΓ£ô[39m src/__tests__/stores/messageStore.test.js[2m > [22mMessage Store[2m > [22mInitial State[2m > [22mshould have empty messages object[32m 2[2mms[22m[39m
 [32mΓ£ô[39m src/__tests__/stores/messageStore.test.js[2m > [22mMessage Store[2m > [22mInitial State[2m > [22mshould have empty typing users[32m 0[2mms[22m[39m
 [32mΓ£ô[39m src/__tests__/stores/messageStore.test.js[2m > [22mMessage Store[2m > [22mInitial State[2m > [22mshould have hasMore as true[32m 0[2mms[22m[39m
 [32mΓ£ô[39m src/__tests__/stores/messageStore.test.js[2m > [22mMessage Store[2m > [22mFetch Messages[2m > [22mshould fetch messages for a channel[32m 1[2mms[22m[39m
 [32mΓ£ô[39m src/__tests__/stores/messageStore.test.js[2m > [22mMessage Store[2m > [22mFetch Messages[2m > [22mshould handle pagination[32m 0[2mms[22m[39m
 [32mΓ£ô[39m src/__tests__/stores/messageStore.test.js[2m > [22mMessage Store[2m > [22mFetch Messages[2m > [22mshould set hasMore to false when no more messages[32m 0[2mms[22m[39m
 [32mΓ£ô[39m src/__tests__/stores/messageStore.test.js[2m > [22mMessage Store[2m > [22mSend Message[2m > [22mshould send a text message[32m 0[2mms[22m[39m
 [32mΓ£ô[39m src/__tests__/stores/messageStore.test.js[2m > [22mMessage Store[2m > [22mSend Message[2m > [22mshould send message with attachments[32m 2[2mms[22m[39m
 [32mΓ£ô[39m src/__tests__/stores/messageStore.test.js[2m > [22mMessage Store[2m > [22mEdit Message[2m > [22mshould edit an existing message[32m 0[2mms[22m[39m
 [32mΓ£ô[39m src/__tests__/stores/messageStore.test.js[2m > [22mMessage Store[2m > [22mDelete Message[2m > [22mshould delete a message[32m 0[2mms[22m[39m
 [32mΓ£ô[39m src/__tests__/stores/messageStore.test.js[2m > [22mMessage Store[2m > [22mReactions[2m > [22mshould add a reaction to message[32m 0[2mms[22m[39m
 [32mΓ£ô[39m src/__tests__/stores/messageStore.test.js[2m > [22mMessage Store[2m > [22mReactions[2m > [22mshould remove a reaction from message[32m 0[2mms[22m[39m
 [32mΓ£ô[39m src/__tests__/stores/messageStore.test.js[2m > [22mMessage Store[2m > [22mReal-time Updates[2m > [22mshould add incoming message from WebSocket[32m 0[2mms[22m[39m
 [32mΓ£ô[39m src/__tests__/stores/messageStore.test.js[2m > [22mMessage Store[2m > [22mTyping Indicators[2m > [22mshould track typing users[32m 1[2mms[22m[39m
 [32mΓ£ô[39m src/__tests__/stores/messageStore.test.js[2m > [22mMessage Store[2m > [22mPin/Unpin Messages[2m > [22mshould pin a message[32m 0[2mms[22m[39m
 [32mΓ£ô[39m src/__tests__/stores/messageStore.test.js[2m > [22mMessage Store[2m > [22mPin/Unpin Messages[2m > [22mshould unpin a message[32m 0[2mms[22m[39m
 [32mΓ£ô[39m src/__tests__/stores/messageStore.test.js[2m > [22mMessage Store[2m > [22mSearch Messages[2m > [22mshould search messages with query[32m 0[2mms[22m[39m
 [32mΓ£ô[39m src/__tests__/stores/messageStore.test.js[2m > [22mMessage Store[2m > [22mClear Messages[2m > [22mshould clear messages for a channel[32m 0[2mms[22m[39m
 [32mΓ£ô[39m src/__tests__/stores/useUserStore.test.js[2m > [22museUserStore[2m > [22mInitial State[2m > [22mshould not be authenticated initially[32m 1[2mms[22m[39m
 [32mΓ£ô[39m src/__tests__/stores/useUserStore.test.js[2m > [22museUserStore[2m > [22mInitial State[2m > [22mshould have null currentUser[32m 0[2mms[22m[39m
 [32mΓ£ô[39m src/__tests__/stores/useUserStore.test.js[2m > [22museUserStore[2m > [22mInitial State[2m > [22mshould have null tokens[32m 0[2mms[22m[39m
 [32mΓ£ô[39m src/__tests__/stores/useUserStore.test.js[2m > [22museUserStore[2m > [22mInitial State[2m > [22mshould have empty friends list[32m 1[2mms[22m[39m
 [32mΓ£ô[39m src/__tests__/stores/useUserStore.test.js[2m > [22museUserStore[2m > [22mInitial State[2m > [22mshould have default preferences[32m 0[2mms[22m[39m
 [32mΓ£ô[39m src/__tests__/stores/useUserStore.test.js[2m > [22museUserStore[2m > [22msetUser[2m > [22mshould set current user and authenticate[32m 0[2mms[22m[39m
 [32mΓ£ô[39m src/__tests__/stores/useUserStore.test.js[2m > [22museUserStore[2m > [22msetUser[2m > [22mshould set isAuthenticated false when user is null[32m 0[2mms[22m[39m
 [32mΓ£ô[39m src/__tests__/stores/useUserStore.test.js[2m > [22museUserStore[2m > [22msetTokens[2m > [22mshould set access and refresh tokens[32m 0[2mms[22m[39m
 [32mΓ£ô[39m src/__tests__/stores/useUserStore.test.js[2m > [22museUserStore[2m > [22mclearAuth[2m > [22mshould clear all auth state[32m 0[2mms[22m[39m
 [32mΓ£ô[39m src/__tests__/stores/useUserStore.test.js[2m > [22museUserStore[2m > [22mclearAuth[2m > [22mshould reset profile to defaults[32m 0[2mms[22m[39m
 [32mΓ£ô[39m src/__tests__/stores/useUserStore.test.js[2m > [22museUserStore[2m > [22msetProfile[2m > [22mshould merge profile data[32m 0[2mms[22m[39m
 [32mΓ£ô[39m src/__tests__/stores/useUserStore.test.js[2m > [22museUserStore[2m > [22msetStatus[2m > [22mshould update user status[32m 0[2mms[22m[39m
 [32mΓ£ô[39m src/__tests__/stores/useUserStore.test.js[2m > [22museUserStore[2m > [22msetStatusMessage[2m > [22mshould update status message[32m 0[2mms[22m[39m
 [32mΓ£ô[39m src/__tests__/stores/useUserStore.test.js[2m > [22museUserStore[2m > [22mFriends management[2m > [22msetFriends should replace list[32m 1[2mms[22m[39m
 [32mΓ£ô[39m src/__tests__/stores/useUserStore.test.js[2m > [22museUserStore[2m > [22mFriends management[2m > [22maddFriend should append to list[32m 0[2mms[22m[39m
 [32mΓ£ô[39m src/__tests__/stores/useUserStore.test.js[2m > [22museUserStore[2m > [22mFriends management[2m > [22mremoveFriend should filter by id[32m 0[2mms[22m[39m
 [32mΓ£ô[39m src/__tests__/stores/useUserStore.test.js[2m > [22museUserStore[2m > [22mFriends management[2m > [22msetIncomingRequests should update[32m 0[2mms[22m[39m
 [32mΓ£ô[39m src/__tests__/stores/useUserStore.test.js[2m > [22museUserStore[2m > [22mFriends management[2m > [22msetOutgoingRequests should update[32m 0[2mms[22m[39m
 [32mΓ£ô[39m src/__tests__/stores/useUserStore.test.js[2m > [22museUserStore[2m > [22mBlock management[2m > [22mblockUser should add userId[32m 0[2mms[22m[39m
 [32mΓ£ô[39m src/__tests__/stores/useUserStore.test.js[2m > [22museUserStore[2m > [22mBlock management[2m > [22munblockUser should remove userId[32m 0[2mms[22m[39m
 [32mΓ£ô[39m src/__tests__/stores/useUserStore.test.js[2m > [22museUserStore[2m > [22mupdatePreferences[2m > [22mshould merge partial preferences[32m 0[2mms[22m[39m
 [32mΓ£ô[39m src/__tests__/stores/useUserStore.test.js[2m > [22museUserStore[2m > [22mupdatePreferences[2m > [22mshould update multiple prefs at once[32m 0[2mms[22m[39m
 [32mΓ£ô[39m src/__tests__/utils/performanceMonitoring.test.js[2m > [22mPerformance Monitoring[2m > [22mshould export initPerformanceMonitoring function[32m 7[2mms[22m[39m
 [32mΓ£ô[39m src/__tests__/utils/performanceMonitoring.test.js[2m > [22mPerformance Monitoring[2m > [22mshould export trackRender function[32m 0[2mms[22m[39m
 [32mΓ£ô[39m src/__tests__/utils/performanceMonitoring.test.js[2m > [22mPerformance Monitoring[2m > [22mshould export trackRouteChange function[32m 0[2mms[22m[39m
 [32mΓ£ô[39m src/__tests__/utils/performanceMonitoring.test.js[2m > [22mPerformance Monitoring[2m > [22mshould register PerformanceObservers on init[32m 1[2mms[22m[39m
 [32mΓ£ô[39m src/__tests__/utils/performanceMonitoring.test.js[2m > [22mPerformance Monitoring[2m > [22mtrackRender should report slow renders (>16ms)[32m 0[2mms[22m[39m
 [32mΓ£ô[39m src/__tests__/utils/performanceMonitoring.test.js[2m > [22mPerformance Monitoring[2m > [22mtrackRouteChange should not throw[32m 1[2mms[22m[39m
 [32mΓ£ô[39m src/__tests__/utils/performanceMonitoring.test.js[2m > [22mPerformance Monitoring - Metric Types[2m > [22mshould handle Web Vital metric types[32m 0[2mms[22m[39m
 [32mΓ£ô[39m src/__tests__/utils/performanceMonitoring.test.js[2m > [22mPerformance Monitoring - Metric Types[2m > [22mshould have sendBeacon available[32m 0[2mms[22m[39m
[90mstdout[2m | src/__tests__/stores/useUIStore.advanced.test.js
[22m[39m≡ƒº¬ Test setup complete!

 [32mΓ£ô[39m src/__tests__/stores/useUIStore.advanced.test.js[2m > [22museUIStore ΓÇö Advanced[2m > [22mLoading state[2m > [22msetLoading should set loading to true[32m 2[2mms[22m[39m
 [32mΓ£ô[39m src/__tests__/stores/useUIStore.advanced.test.js[2m > [22museUIStore ΓÇö Advanced[2m > [22mLoading state[2m > [22msetLoading should accept function updater[32m 0[2mms[22m[39m
 [32mΓ£ô[39m src/__tests__/stores/useUIStore.advanced.test.js[2m > [22museUIStore ΓÇö Advanced[2m > [22mError state[2m > [22msetError should set global error message[32m 0[2mms[22m[39m
 [32mΓ£ô[39m src/__tests__/stores/useUIStore.advanced.test.js[2m > [22museUIStore ΓÇö Advanced[2m > [22mError state[2m > [22mclearError should clear global error[32m 0[2mms[22m[39m
 [32mΓ£ô[39m src/__tests__/stores/useUIStore.advanced.test.js[2m > [22museUIStore ΓÇö Advanced[2m > [22mError state[2m > [22msetError with null should clear the error[32m 0[2mms[22m[39m
 [32mΓ£ô[39m src/__tests__/stores/useUIStore.advanced.test.js[2m > [22museUIStore ΓÇö Advanced[2m > [22mSidebar[2m > [22mtoggleSidebar should toggle collapsed state[32m 0[2mms[22m[39m
 [32mΓ£ô[39m src/__tests__/stores/useUIStore.advanced.test.js[2m > [22museUIStore ΓÇö Advanced[2m > [22mSidebar[2m > [22msetMobileSidebarOpen should control mobile sidebar[32m 0[2mms[22m[39m
 [32mΓ£ô[39m src/__tests__/stores/useUIStore.advanced.test.js[2m > [22museUIStore ΓÇö Advanced[2m > [22mContext menu[2m > [22msetContextMenu should store menu data[32m 1[2mms[22m[39m
 [32mΓ£ô[39m src/__tests__/stores/useUIStore.advanced.test.js[2m > [22museUIStore ΓÇö Advanced[2m > [22mContext menu[2m > [22mclearContextMenu should set to null[32m 0[2mms[22m[39m
 [32mΓ£ô[39m src/__tests__/stores/useUIStore.advanced.test.js[2m > [22museUIStore ΓÇö Advanced[2m > [22mToast notifications ΓÇö lifecycle[2m > [22mshould add multiple notifications[32m 1[2mms[22m[39m
 [32mΓ£ô[39m src/__tests__/stores/useUIStore.advanced.test.js[2m > [22museUIStore ΓÇö Advanced[2m > [22mToast notifications ΓÇö lifecycle[2m > [22meach notification should include an id and message[32m 1[2mms[22m[39m
 [32mΓ£ô[39m src/__tests__/stores/useUIStore.advanced.test.js[2m > [22museUIStore ΓÇö Advanced[2m > [22mToast notifications ΓÇö lifecycle[2m > [22mremoveNotification should remove toast by id[32m 0[2mms[22m[39m
 [32mΓ£ô[39m src/__tests__/stores/useUIStore.advanced.test.js[2m > [22museUIStore ΓÇö Advanced[2m > [22mToast notifications ΓÇö lifecycle[2m > [22mclearNotifications should empty the queue[32m 0[2mms[22m[39m
 [32mΓ£ô[39m src/__tests__/stores/useUIStore.advanced.test.js[2m > [22museUIStore ΓÇö Advanced[2m > [22mSearch query[2m > [22msetSearchQuery should update search text[32m 0[2mms[22m[39m
 [32mΓ£ô[39m src/__tests__/stores/useUIStore.advanced.test.js[2m > [22museUIStore ΓÇö Advanced[2m > [22mSearch query[2m > [22msetSearchQuery should accept function updater[32m 0[2mms[22m[39m
 [32mΓ£ô[39m src/__tests__/stores/useUIStore.advanced.test.js[2m > [22museUIStore ΓÇö Advanced[2m > [22mSearch query[2m > [22mshould clear search query[32m 0[2mms[22m[39m
 [32mΓ£ô[39m src/__tests__/stores/useUIStore.advanced.test.js[2m > [22museUIStore ΓÇö Advanced[2m > [22mDownload progress[2m > [22mshould track download progress[32m 0[2mms[22m[39m
 [32mΓ£ô[39m src/__tests__/stores/useUIStore.advanced.test.js[2m > [22museUIStore ΓÇö Advanced[2m > [22mDownload progress[2m > [22mshould track downloadg state[32m 0[2mms[22m[39m
 [32mΓ£ô[39m src/__tests__/stores/useUIStore.advanced.test.js[2m > [22museUIStore ΓÇö Advanced[2m > [22mDownload progress[2m > [22mshould handle full download lifecycle[32m 0[2mms[22m[39m
 [32mΓ£ô[39m src/__tests__/stores/useUIStore.advanced.test.js[2m > [22museUIStore ΓÇö Advanced[2m > [22mModal with data ΓÇö advanced[2m > [22mopenModal with user data should store it in modalData[32m 0[2mms[22m[39m
 [32mΓ£ô[39m src/__tests__/stores/useUIStore.advanced.test.js[2m > [22museUIStore ΓÇö Advanced[2m > [22mModal with data ΓÇö advanced[2m > [22mgetModalData should return stored data[32m 0[2mms[22m[39m
 [32mΓ£ô[39m src/__tests__/stores/useUIStore.advanced.test.js[2m > [22museUIStore ΓÇö Advanced[2m > [22mModal with data ΓÇö advanced[2m > [22mgetModalData should return undefined for unopened modal[32m 0[2mms[22m[39m
 [32mΓ£ô[39m src/__tests__/stores/useUIStore.advanced.test.js[2m > [22museUIStore ΓÇö Advanced[2m > [22mConnection status[2m > [22msetConnectionStatus to connected should also set isConnected[32m 0[2mms[22m[39m
 [32mΓ£ô[39m src/__tests__/stores/useUIStore.advanced.test.js[2m > [22museUIStore ΓÇö Advanced[2m > [22mConnection status[2m > [22msetConnectionStatus to disconnected should clear isConnected[32m 0[2mms[22m[39m
 [32mΓ£ô[39m src/__tests__/stores/useUIStore.advanced.test.js[2m > [22museUIStore ΓÇö Advanced[2m > [22mConnection status[2m > [22msetIsConnected with function updater should toggle[32m 0[2mms[22m[39m
 [32mΓ£ô[39m src/__tests__/stores/useUIStore.advanced.test.js[2m > [22museUIStore ΓÇö Advanced[2m > [22mPanel toggles[2m > [22mshould toggle multiple panels independently[32m 0[2mms[22m[39m
 [32mΓ£ô[39m src/__tests__/stores/useUIStore.advanced.test.js[2m > [22museUIStore ΓÇö Advanced[2m > [22mPanel toggles[2m > [22mdouble toggle should restore original state[32m 0[2mms[22m[39m
[90mstdout[2m | src/__tests__/stores/useVoiceStore.advanced.test.js
[22m[39m≡ƒº¬ Test setup complete!

[90mstdout[2m | src/__tests__/stores/useVoiceStore.test.js
[22m[39m≡ƒº¬ Test setup complete!

 [32mΓ£ô[39m src/__tests__/stores/useVoiceStore.advanced.test.js[2m > [22museVoiceStore ΓÇö Advanced[2m > [22mDeafen-Mute interaction[2m > [22mdeafening should also mute[32m 2[2mms[22m[39m
 [32mΓ£ô[39m src/__tests__/stores/useVoiceStore.advanced.test.js[2m > [22museVoiceStore ΓÇö Advanced[2m > [22mDeafen-Mute interaction[2m > [22mun-deafening should keep mute state unchanged (muted stays muted)[32m 0[2mms[22m[39m
 [32mΓ£ô[39m src/__tests__/stores/useVoiceStore.advanced.test.js[2m > [22museVoiceStore ΓÇö Advanced[2m > [22mDeafen-Mute interaction[2m > [22mmuting while already muted should unmute[32m 0[2mms[22m[39m
 [32mΓ£ô[39m src/__tests__/stores/useVoiceStore.advanced.test.js[2m > [22museVoiceStore ΓÇö Advanced[2m > [22maddVoiceUser[2m > [22mshould add a single voice user[32m 0[2mms[22m[39m
 [32mΓ£ô[39m src/__tests__/stores/useVoiceStore.advanced.test.js[2m > [22museVoiceStore ΓÇö Advanced[2m > [22maddVoiceUser[2m > [22mshould add multiple voice users[32m 1[2mms[22m[39m
 [32mΓ£ô[39m src/__tests__/stores/useVoiceStore.advanced.test.js[2m > [22museVoiceStore ΓÇö Advanced[2m > [22maddVoiceUser[2m > [22mshould overwrite existing user data[32m 0[2mms[22m[39m
 [32mΓ£ô[39m src/__tests__/stores/useVoiceStore.advanced.test.js[2m > [22museVoiceStore ΓÇö Advanced[2m > [22mremoveVoiceUser[2m > [22mshould remove a voice user by id[32m 0[2mms[22m[39m
 [32mΓ£ô[39m src/__tests__/stores/useVoiceStore.advanced.test.js[2m > [22museVoiceStore ΓÇö Advanced[2m > [22mremoveVoiceUser[2m > [22mshould handle removing non-existent user gracefully[32m 0[2mms[22m[39m
 [32mΓ£ô[39m src/__tests__/stores/useVoiceStore.advanced.test.js[2m > [22museVoiceStore ΓÇö Advanced[2m > [22msetSpeaking[2m > [22mshould add user to speaking set[32m 0[2mms[22m[39m
 [32mΓ£ô[39m src/__tests__/stores/useVoiceStore.advanced.test.js[2m > [22museVoiceStore ΓÇö Advanced[2m > [22msetSpeaking[2m > [22mshould remove user from speaking set[32m 0[2mms[22m[39m
 [32mΓ£ô[39m src/__tests__/stores/useVoiceStore.advanced.test.js[2m > [22museVoiceStore ΓÇö Advanced[2m > [22msetSpeaking[2m > [22mshould track multiple speaking users[32m 0[2mms[22m[39m
 [32mΓ£ô[39m src/__tests__/stores/useVoiceStore.advanced.test.js[2m > [22museVoiceStore ΓÇö Advanced[2m > [22msetSpeaking[2m > [22mshould not duplicate user in speaking set[32m 0[2mms[22m[39m
 [32mΓ£ô[39m src/__tests__/stores/useVoiceStore.advanced.test.js[2m > [22museVoiceStore ΓÇö Advanced[2m > [22mleaveVoiceRoom ΓÇö cleanup[2m > [22mshould clear all voice users on leave[32m 1[2mms[22m[39m
 [32mΓ£ô[39m src/__tests__/stores/useVoiceStore.advanced.test.js[2m > [22museVoiceStore ΓÇö Advanced[2m > [22mleaveVoiceRoom ΓÇö cleanup[2m > [22mshould preserve audio settings after leaving[32m 0[2mms[22m[39m
 [32mΓ£ô[39m src/__tests__/stores/useVoiceStore.advanced.test.js[2m > [22museVoiceStore ΓÇö Advanced[2m > [22mCamera and screen share[2m > [22mshould allow camera and screen share simultaneously[32m 0[2mms[22m[39m
 [32mΓ£ô[39m src/__tests__/stores/useVoiceStore.advanced.test.js[2m > [22museVoiceStore ΓÇö Advanced[2m > [22mCamera and screen share[2m > [22mcamera toggle should be independent of screen share[32m 0[2mms[22m[39m
 [32mΓ£ô[39m src/__tests__/stores/useVoiceStore.advanced.test.js[2m > [22museVoiceStore ΓÇö Advanced[2m > [22mConnection quality stats[2m > [22mshould update all stats together[32m 0[2mms[22m[39m
 [32mΓ£ô[39m src/__tests__/stores/useVoiceStore.advanced.test.js[2m > [22museVoiceStore ΓÇö Advanced[2m > [22mConnection quality stats[2m > [22mshould accept zero values[32m 0[2mms[22m[39m
 [32mΓ£ô[39m src/__tests__/stores/useVoiceStore.advanced.test.js[2m > [22museVoiceStore ΓÇö Advanced[2m > [22mFull voice lifecycle[2m > [22mshould handle join ΓåÆ configure ΓåÆ add users ΓåÆ speak ΓåÆ leave[32m 0[2mms[22m[39m
 [32mΓ£ô[39m src/__tests__/stores/useVoiceStore.test.js[2m > [22museVoiceStore[2m > [22mInitial State[2m > [22mshould not be in voice chat[32m 2[2mms[22m[39m
 [32mΓ£ô[39m src/__tests__/stores/useVoiceStore.test.js[2m > [22museVoiceStore[2m > [22mInitial State[2m > [22mshould have no current voice room[32m 1[2mms[22m[39m
 [32mΓ£ô[39m src/__tests__/stores/useVoiceStore.test.js[2m > [22museVoiceStore[2m > [22mInitial State[2m > [22mshould not be muted or deafened[32m 0[2mms[22m[39m
 [32mΓ£ô[39m src/__tests__/stores/useVoiceStore.test.js[2m > [22museVoiceStore[2m > [22mInitial State[2m > [22mshould have default audio settings[32m 0[2mms[22m[39m
 [32mΓ£ô[39m src/__tests__/stores/useVoiceStore.test.js[2m > [22museVoiceStore[2m > [22mInitial State[2m > [22mshould have good connection quality[32m 0[2mms[22m[39m
 [32mΓ£ô[39m src/__tests__/stores/useVoiceStore.test.js[2m > [22museVoiceStore[2m > [22mjoinVoiceRoom[2m > [22mshould join voice room[32m 0[2mms[22m[39m
 [32mΓ£ô[39m src/__tests__/stores/useVoiceStore.test.js[2m > [22museVoiceStore[2m > [22mleaveVoiceRoom[2m > [22mshould leave voice room and clear state[32m 0[2mms[22m[39m
 [32mΓ£ô[39m src/__tests__/stores/useVoiceStore.test.js[2m > [22museVoiceStore[2m > [22mAudio controls[2m > [22mtoggleMute should toggle muted state[32m 0[2mms[22m[39m
 [32mΓ£ô[39m src/__tests__/stores/useVoiceStore.test.js[2m > [22museVoiceStore[2m > [22mAudio controls[2m > [22mtoggleDeafen should toggle deafened state[32m 0[2mms[22m[39m
 [32mΓ£ô[39m src/__tests__/stores/useVoiceStore.test.js[2m > [22museVoiceStore[2m > [22mAudio controls[2m > [22mtoggleCamera should toggle camera state[32m 0[2mms[22m[39m
 [32mΓ£ô[39m src/__tests__/stores/useVoiceStore.test.js[2m > [22museVoiceStore[2m > [22mAudio controls[2m > [22mtoggleScreenShare should toggle screen sharing[32m 0[2mms[22m[39m
 [32mΓ£ô[39m src/__tests__/stores/useVoiceStore.test.js[2m > [22museVoiceStore[2m > [22mDevice settings[2m > [22msetInputDevice should update[32m 0[2mms[22m[39m
 [32mΓ£ô[39m src/__tests__/stores/useVoiceStore.test.js[2m > [22museVoiceStore[2m > [22mDevice settings[2m > [22msetOutputDevice should update[32m 0[2mms[22m[39m
 [32mΓ£ô[39m src/__tests__/stores/useVoiceStore.test.js[2m > [22museVoiceStore[2m > [22mDevice settings[2m > [22msetInputVolume should update[32m 0[2mms[22m[39m
 [32mΓ£ô[39m src/__tests__/stores/useVoiceStore.test.js[2m > [22museVoiceStore[2m > [22mDevice settings[2m > [22msetOutputVolume should update[32m 0[2mms[22m[39m
 [32mΓ£ô[39m src/__tests__/stores/useVoiceStore.test.js[2m > [22museVoiceStore[2m > [22mAdvanced settings[2m > [22msetNoiseSuppression should update level[32m 0[2mms[22m[39m
 [32mΓ£ô[39m src/__tests__/stores/useVoiceStore.test.js[2m > [22museVoiceStore[2m > [22mAdvanced settings[2m > [22msetEchoCancellation should toggle[32m 0[2mms[22m[39m
 [32mΓ£ô[39m src/__tests__/stores/useVoiceStore.test.js[2m > [22museVoiceStore[2m > [22mAdvanced settings[2m > [22msetAutoGainControl should toggle[32m 0[2mms[22m[39m
 [32mΓ£ô[39m src/__tests__/stores/useVoiceStore.test.js[2m > [22museVoiceStore[2m > [22mAdvanced settings[2m > [22msetPushToTalk should toggle[32m 0[2mms[22m[39m
 [32mΓ£ô[39m src/__tests__/stores/useVoiceStore.test.js[2m > [22museVoiceStore[2m > [22mAdvanced settings[2m > [22msetPushToTalkKey should update[32m 0[2mms[22m[39m
 [32mΓ£ô[39m src/__tests__/stores/useVoiceStore.test.js[2m > [22museVoiceStore[2m > [22mVoice users[2m > [22msetVoiceUsers should update user map[32m 1[2mms[22m[39m
 [32mΓ£ô[39m src/__tests__/stores/useVoiceStore.test.js[2m > [22museVoiceStore[2m > [22mConnection stats[2m > [22msetConnectionQuality should update[32m 0[2mms[22m[39m
 [32mΓ£ô[39m src/__tests__/stores/useVoiceStore.test.js[2m > [22museVoiceStore[2m > [22mConnection stats[2m > [22msetLatency should update[32m 0[2mms[22m[39m
 [32mΓ£ô[39m src/__tests__/stores/useVoiceStore.test.js[2m > [22museVoiceStore[2m > [22mConnection stats[2m > [22msetPacketLoss should update[32m 0[2mms[22m[39m
[90mstdout[2m | src/__tests__/stores/serverStore.test.js
[22m[39m≡ƒº¬ Test setup complete!

[90mstdout[2m | src/__tests__/stores/useUIStore.test.js
[22m[39m≡ƒº¬ Test setup complete!

[90mstdout[2m | src/__tests__/utils/validators.test.js
[22m[39m≡ƒº¬ Test setup complete!

[90mstdout[2m | src/__tests__/utils/security.test.js
[22m[39m≡ƒº¬ Test setup complete!

[90mstdout[2m | src/__tests__/stores/serverStore.advanced2.test.js
[22m[39m≡ƒº¬ Test setup complete!

 [32mΓ£ô[39m src/__tests__/stores/serverStore.test.js[2m > [22mServer Store[2m > [22mInitial State[2m > [22mshould have empty servers array initially[32m 2[2mms[22m[39m
 [32mΓ£ô[39m src/__tests__/stores/serverStore.test.js[2m > [22mServer Store[2m > [22mInitial State[2m > [22mshould have no current server selected[32m 0[2mms[22m[39m
 [32mΓ£ô[39m src/__tests__/stores/serverStore.test.js[2m > [22mServer Store[2m > [22mInitial State[2m > [22mshould have no current channel selected[32m 0[2mms[22m[39m
 [32mΓ£ô[39m src/__tests__/stores/serverStore.test.js[2m > [22mServer Store[2m > [22mFetch Servers[2m > [22mshould fetch and set servers[32m 2[2mms[22m[39m
 [32mΓ£ô[39m src/__tests__/stores/serverStore.test.js[2m > [22mServer Store[2m > [22mFetch Servers[2m > [22mshould handle fetch error[32m 0[2mms[22m[39m
 [32mΓ£ô[39m src/__tests__/stores/serverStore.test.js[2m > [22mServer Store[2m > [22mServer Selection[2m > [22mshould select a server[32m 1[2mms[22m[39m
 [32mΓ£ô[39m src/__tests__/stores/serverStore.test.js[2m > [22mServer Store[2m > [22mServer Selection[2m > [22mshould auto-select first channel when server selected[32m 0[2mms[22m[39m
 [32mΓ£ô[39m src/__tests__/stores/serverStore.test.js[2m > [22mServer Store[2m > [22mChannel Selection[2m > [22mshould select a channel[32m 0[2mms[22m[39m
 [32mΓ£ô[39m src/__tests__/stores/serverStore.test.js[2m > [22mServer Store[2m > [22mCreate Server[2m > [22mshould create a new server[32m 1[2mms[22m[39m
 [32mΓ£ô[39m src/__tests__/stores/serverStore.test.js[2m > [22mServer Store[2m > [22mDelete Server[2m > [22mshould delete a server[32m 0[2mms[22m[39m
 [32mΓ£ô[39m src/__tests__/stores/serverStore.test.js[2m > [22mServer Store[2m > [22mDelete Server[2m > [22mshould clear current server if deleted[32m 0[2mms[22m[39m
 [32mΓ£ô[39m src/__tests__/stores/serverStore.test.js[2m > [22mServer Store[2m > [22mJoin/Leave Server[2m > [22mshould join a server via invite[32m 0[2mms[22m[39m
 [32mΓ£ô[39m src/__tests__/stores/serverStore.test.js[2m > [22mServer Store[2m > [22mJoin/Leave Server[2m > [22mshould leave a server[32m 0[2mms[22m[39m
 [32mΓ£ô[39m src/__tests__/stores/serverStore.test.js[2m > [22mServer Store[2m > [22mChannel Management[2m > [22mshould create a new channel[32m 0[2mms[22m[39m
 [32mΓ£ô[39m src/__tests__/stores/serverStore.test.js[2m > [22mServer Store[2m > [22mChannel Management[2m > [22mshould delete a channel[32m 0[2mms[22m[39m
 [32mΓ£ô[39m src/__tests__/stores/serverStore.test.js[2m > [22mServer Store[2m > [22mUpdate Server[2m > [22mshould update server details[32m 0[2mms[22m[39m
[90mstdout[2m | src/__tests__/utils/dateUtils.test.js
[22m[39m≡ƒº¬ Test setup complete!

 [32mΓ£ô[39m src/__tests__/stores/useUIStore.test.js[2m > [22museUIStore[2m > [22mopenModal[2m > [22mshould open a modal[32m 1[2mms[22m[39m
 [32mΓ£ô[39m src/__tests__/stores/useUIStore.test.js[2m > [22museUIStore[2m > [22mopenModal[2m > [22mshould store modal data when provided[32m 1[2mms[22m[39m
 [32mΓ£ô[39m src/__tests__/stores/useUIStore.test.js[2m > [22museUIStore[2m > [22mopenModal[2m > [22mshould handle dynamic modal keys[32m 0[2mms[22m[39m
 [32mΓ£ô[39m src/__tests__/stores/useUIStore.test.js[2m > [22museUIStore[2m > [22mcloseModal[2m > [22mshould close an opened modal[32m 0[2mms[22m[39m
 [32mΓ£ô[39m src/__tests__/stores/useUIStore.test.js[2m > [22museUIStore[2m > [22mcloseModal[2m > [22mshould clear modal data on close[32m 0[2mms[22m[39m
 [32mΓ£ô[39m src/__tests__/stores/useUIStore.test.js[2m > [22museUIStore[2m > [22mtoggleModal[2m > [22mshould toggle modal off when on[32m 0[2mms[22m[39m
 [32mΓ£ô[39m src/__tests__/stores/useUIStore.test.js[2m > [22museUIStore[2m > [22mtoggleModal[2m > [22mshould toggle modal on when off[32m 0[2mms[22m[39m
 [32mΓ£ô[39m src/__tests__/stores/useUIStore.test.js[2m > [22museUIStore[2m > [22mcloseAllModals[2m > [22mshould close all open modals[32m 0[2mms[22m[39m
 [32mΓ£ô[39m src/__tests__/stores/useUIStore.test.js[2m > [22museUIStore[2m > [22mcloseAllModals[2m > [22mshould clear all modal data[32m 0[2mms[22m[39m
 [32mΓ£ô[39m src/__tests__/stores/useUIStore.test.js[2m > [22museUIStore[2m > [22mpredefined modals[2m > [22mshould have key modals defined with default false[32m 0[2mms[22m[39m
 [32mΓ£ô[39m src/__tests__/stores/useUIStore.test.js[2m > [22museUIStore selectors[2m > [22museIsModalOpen returns false for closed modal[32m 0[2mms[22m[39m
 [32mΓ£ô[39m src/__tests__/stores/useUIStore.test.js[2m > [22museUIStore selectors[2m > [22museIsModalOpen returns true after openModal[32m 0[2mms[22m[39m
 [32mΓ£ô[39m src/__tests__/stores/useUIStore.test.js[2m > [22museUIStore selectors[2m > [22museTheme returns default dark theme[32m 0[2mms[22m[39m
 [32mΓ£ô[39m src/__tests__/stores/useUIStore.test.js[2m > [22museUIStore selectors[2m > [22msetTheme updates theme[32m 0[2mms[22m[39m
 [32mΓ£ô[39m src/__tests__/stores/useUIStore.test.js[2m > [22museUIStore selectors[2m > [22museAccentColor returns default Discord purple[32m 0[2mms[22m[39m
 [32mΓ£ô[39m src/__tests__/stores/useUIStore.test.js[2m > [22museUIStore selectors[2m > [22msetAccentColor updates accent[32m 0[2mms[22m[39m
 [32mΓ£ô[39m src/__tests__/stores/useUIStore.test.js[2m > [22museUIStore selectors[2m > [22museConnectionStatus starts as disconnected[32m 0[2mms[22m[39m
 [32mΓ£ô[39m src/__tests__/stores/useUIStore.test.js[2m > [22museUIStore selectors[2m > [22msetConnectionStatus updates status and isConnected[32m 0[2mms[22m[39m
 [32mΓ£ô[39m src/__tests__/stores/useUIStore.test.js[2m > [22museUIStore selectors[2m > [22musePanelVisible returns true for default panels[32m 0[2mms[22m[39m
 [32mΓ£ô[39m src/__tests__/stores/useUIStore.test.js[2m > [22museUIStore selectors[2m > [22mtogglePanel flips panel visibility[32m 0[2mms[22m[39m
 [32mΓ£ô[39m src/__tests__/stores/useUIStore.test.js[2m > [22museUIStore selectors[2m > [22mtoast notifications can be added and removed[32m 1[2mms[22m[39m
 [32mΓ£ô[39m src/__tests__/stores/useUIStore.test.js[2m > [22museUIStore selectors[2m > [22mclearNotifications empties the queue[32m 0[2mms[22m[39m
 [32mΓ£ô[39m src/__tests__/utils/validators.test.js[2m > [22misValidEmail[2m > [22maccepts standard email[32m 1[2mms[22m[39m
 [32mΓ£ô[39m src/__tests__/utils/validators.test.js[2m > [22misValidEmail[2m > [22maccepts email with subdomain[32m 0[2mms[22m[39m
 [32mΓ£ô[39m src/__tests__/utils/validators.test.js[2m > [22misValidEmail[2m > [22maccepts email with plus tag[32m 0[2mms[22m[39m
 [32mΓ£ô[39m src/__tests__/utils/validators.test.js[2m > [22misValidEmail[2m > [22mrejects email without @[32m 0[2mms[22m[39m
 [32mΓ£ô[39m src/__tests__/utils/validators.test.js[2m > [22misValidEmail[2m > [22mrejects email without domain[32m 0[2mms[22m[39m
 [32mΓ£ô[39m src/__tests__/utils/validators.test.js[2m > [22misValidEmail[2m > [22mrejects email with spaces[32m 0[2mms[22m[39m
 [32mΓ£ô[39m src/__tests__/utils/validators.test.js[2m > [22misValidEmail[2m > [22mrejects empty string[32m 0[2mms[22m[39m
 [32mΓ£ô[39m src/__tests__/utils/validators.test.js[2m > [22misValidUsername[2m > [22maccepts alphanumeric usernames[32m 0[2mms[22m[39m
 [32mΓ£ô[39m src/__tests__/utils/validators.test.js[2m > [22misValidUsername[2m > [22maccepts underscores[32m 0[2mms[22m[39m
 [32mΓ£ô[39m src/__tests__/utils/validators.test.js[2m > [22misValidUsername[2m > [22maccepts exactly 3 chars[32m 0[2mms[22m[39m
 [32mΓ£ô[39m src/__tests__/utils/validators.test.js[2m > [22misValidUsername[2m > [22maccepts exactly 20 chars[32m 0[2mms[22m[39m
 [32mΓ£ô[39m src/__tests__/utils/validators.test.js[2m > [22misValidUsername[2m > [22mrejects 2-char username (too short)[32m 0[2mms[22m[39m
 [32mΓ£ô[39m src/__tests__/utils/validators.test.js[2m > [22misValidUsername[2m > [22mrejects 21-char username (too long)[32m 0[2mms[22m[39m
 [32mΓ£ô[39m src/__tests__/utils/validators.test.js[2m > [22misValidUsername[2m > [22mrejects spaces[32m 0[2mms[22m[39m
 [32mΓ£ô[39m src/__tests__/utils/validators.test.js[2m > [22misValidUsername[2m > [22mrejects special characters[32m 0[2mms[22m[39m
 [32mΓ£ô[39m src/__tests__/utils/validators.test.js[2m > [22misValidUsername[2m > [22mrejects empty string[32m 0[2mms[22m[39m
 [32mΓ£ô[39m src/__tests__/utils/validators.test.js[2m > [22misValidURL[2m > [22maccepts https URL[32m 0[2mms[22m[39m
 [32mΓ£ô[39m src/__tests__/utils/validators.test.js[2m > [22misValidURL[2m > [22maccepts http URL[32m 0[2mms[22m[39m
 [32mΓ£ô[39m src/__tests__/utils/validators.test.js[2m > [22misValidURL[2m > [22mrejects ftp URL[32m 0[2mms[22m[39m
 [32mΓ£ô[39m src/__tests__/utils/validators.test.js[2m > [22misValidURL[2m > [22mrejects javascript: URL[32m 0[2mms[22m[39m
 [32mΓ£ô[39m src/__tests__/utils/validators.test.js[2m > [22misValidURL[2m > [22mrejects plain text[32m 0[2mms[22m[39m
 [32mΓ£ô[39m src/__tests__/utils/validators.test.js[2m > [22misValidURL[2m > [22mrejects empty string[32m 0[2mms[22m[39m
 [32mΓ£ô[39m src/__tests__/utils/validators.test.js[2m > [22mcheckPasswordStrength[2m > [22mreturns weak for empty password[32m 0[2mms[22m[39m
 [32mΓ£ô[39m src/__tests__/utils/validators.test.js[2m > [22mcheckPasswordStrength[2m > [22mreturns weak for null[32m 0[2mms[22m[39m
 [32mΓ£ô[39m src/__tests__/utils/validators.test.js[2m > [22mcheckPasswordStrength[2m > [22mreturns weak for short simple password[32m 0[2mms[22m[39m
 [32mΓ£ô[39m src/__tests__/utils/validators.test.js[2m > [22mcheckPasswordStrength[2m > [22mreturns medium for decent password[32m 0[2mms[22m[39m
 [32mΓ£ô[39m src/__tests__/utils/validators.test.js[2m > [22mcheckPasswordStrength[2m > [22mreturns strong for complex password[32m 0[2mms[22m[39m
 [32mΓ£ô[39m src/__tests__/utils/validators.test.js[2m > [22mcheckPasswordStrength[2m > [22mscore increases with length[32m 0[2mms[22m[39m
 [32mΓ£ô[39m src/__tests__/utils/validators.test.js[2m > [22mcheckPasswordStrength[2m > [22mscore increases with character variety[32m 0[2mms[22m[39m
 [32mΓ£ô[39m src/__tests__/utils/validators.test.js[2m > [22misValidFileType[2m > [22maccepts jpeg by default[32m 0[2mms[22m[39m
 [32mΓ£ô[39m src/__tests__/utils/validators.test.js[2m > [22misValidFileType[2m > [22maccepts png by default[32m 0[2mms[22m[39m
 [32mΓ£ô[39m src/__tests__/utils/validators.test.js[2m > [22misValidFileType[2m > [22mrejects exe files[32m 0[2mms[22m[39m
 [32mΓ£ô[39m src/__tests__/utils/validators.test.js[2m > [22misValidFileType[2m > [22maccepts custom types[32m 0[2mms[22m[39m
 [32mΓ£ô[39m src/__tests__/utils/validators.test.js[2m > [22misValidFileSize[2m > [22maccepts file under limit[32m 0[2mms[22m[39m
 [32mΓ£ô[39m src/__tests__/utils/validators.test.js[2m > [22misValidFileSize[2m > [22mrejects file over limit[32m 0[2mms[22m[39m
 [32mΓ£ô[39m src/__tests__/utils/validators.test.js[2m > [22misValidFileSize[2m > [22maccepts custom max size[32m 0[2mms[22m[39m
 [32mΓ£ô[39m src/__tests__/utils/validators.test.js[2m > [22msanitizeInput[2m > [22mtrims whitespace[32m 0[2mms[22m[39m
 [32mΓ£ô[39m src/__tests__/utils/validators.test.js[2m > [22msanitizeInput[2m > [22mremoves < and > characters[32m 0[2mms[22m[39m
 [32mΓ£ô[39m src/__tests__/utils/validators.test.js[2m > [22msanitizeInput[2m > [22mtruncates to 1000 characters[32m 0[2mms[22m[39m
 [32mΓ£ô[39m src/__tests__/utils/validators.test.js[2m > [22msanitizeInput[2m > [22mreturns empty string for null[32m 0[2mms[22m[39m
 [32mΓ£ô[39m src/__tests__/utils/validators.test.js[2m > [22msanitizeInput[2m > [22mreturns empty string for undefined[32m 0[2mms[22m[39m
 [32mΓ£ô[39m src/__tests__/utils/validators.test.js[2m > [22msanitizeInput[2m > [22mreturns empty string for empty input[32m 0[2mms[22m[39m
 [32mΓ£ô[39m src/__tests__/utils/dateUtils.test.js[2m > [22mformatDate[2m > [22mformats 2026-01-05 correctly[32m 1[2mms[22m[39m
 [32mΓ£ô[39m src/__tests__/utils/dateUtils.test.js[2m > [22mformatDate[2m > [22mzero-pads single digit months[32m 0[2mms[22m[39m
 [32mΓ£ô[39m src/__tests__/utils/dateUtils.test.js[2m > [22mformatDate[2m > [22mreturns empty string for invalid date[32m 0[2mms[22m[39m
 [32mΓ£ô[39m src/__tests__/utils/dateUtils.test.js[2m > [22mformatDate[2m > [22mreturns empty string for non-Date input[32m 0[2mms[22m[39m
 [32mΓ£ô[39m src/__tests__/utils/dateUtils.test.js[2m > [22mformatTime[2m > [22mformats midnight as 00:00[32m 0[2mms[22m[39m
 [32mΓ£ô[39m src/__tests__/utils/dateUtils.test.js[2m > [22mformatTime[2m > [22mformats 13:05[32m 0[2mms[22m[39m
 [32mΓ£ô[39m src/__tests__/utils/dateUtils.test.js[2m > [22mformatTime[2m > [22mreturns empty string for invalid date[32m 0[2mms[22m[39m
 [32mΓ£ô[39m src/__tests__/utils/dateUtils.test.js[2m > [22mrelativeTime[2m > [22mreturns seconds for <1 minute[32m 2[2mms[22m[39m
 [32mΓ£ô[39m src/__tests__/utils/dateUtils.test.js[2m > [22mrelativeTime[2m > [22mreturns minutes for <1 hour[32m 0[2mms[22m[39m
 [32mΓ£ô[39m src/__tests__/utils/dateUtils.test.js[2m > [22mrelativeTime[2m > [22mreturns hours for <1 day[32m 0[2mms[22m[39m
 [32mΓ£ô[39m src/__tests__/utils/dateUtils.test.js[2m > [22mrelativeTime[2m > [22mreturns days for >=1 day[32m 0[2mms[22m[39m
 [32mΓ£ô[39m src/__tests__/utils/dateUtils.test.js[2m > [22mrelativeTime[2m > [22mreturns "just now" for future timestamps[32m 0[2mms[22m[39m
 [32mΓ£ô[39m src/__tests__/utils/dateUtils.test.js[2m > [22mparseISO[2m > [22mparses valid ISO-8601 string[32m 0[2mms[22m[39m
 [32mΓ£ô[39m src/__tests__/utils/dateUtils.test.js[2m > [22mparseISO[2m > [22mreturns null for invalid string[32m 0[2mms[22m[39m
 [32mΓ£ô[39m src/__tests__/utils/dateUtils.test.js[2m > [22misToday[2m > [22mreturns true for today[32m 0[2mms[22m[39m
 [32mΓ£ô[39m src/__tests__/utils/dateUtils.test.js[2m > [22misToday[2m > [22mreturns false for yesterday[32m 0[2mms[22m[39m
 [32mΓ£ô[39m src/__tests__/utils/security.test.js[2m > [22msanitizeHTML[2m > [22mreturns empty string for null[32m 1[2mms[22m[39m
 [32mΓ£ô[39m src/__tests__/utils/security.test.js[2m > [22msanitizeHTML[2m > [22mreturns empty string for undefined[32m 0[2mms[22m[39m
 [32mΓ£ô[39m src/__tests__/utils/security.test.js[2m > [22msanitizeHTML[2m > [22mreturns empty string for empty string[32m 0[2mms[22m[39m
 [32mΓ£ô[39m src/__tests__/utils/security.test.js[2m > [22msanitizeHTML[2m > [22mstrips script tags[32m 1[2mms[22m[39m
 [32mΓ£ô[39m src/__tests__/utils/security.test.js[2m > [22msanitizeHTML[2m > [22mpreserves allowed tags like <b>[32m 0[2mms[22m[39m
 [32mΓ£ô[39m src/__tests__/utils/security.test.js[2m > [22msanitizeMessage[2m > [22mreturns empty string for null[32m 0[2mms[22m[39m
 [32mΓ£ô[39m src/__tests__/utils/security.test.js[2m > [22msanitizeMessage[2m > [22mstrips script tags[32m 0[2mms[22m[39m
 [32mΓ£ô[39m src/__tests__/utils/security.test.js[2m > [22msanitizeMessage[2m > [22mremoves inline event handlers (double quotes)[32m 0[2mms[22m[39m
 [32mΓ£ô[39m src/__tests__/utils/security.test.js[2m > [22msanitizeMessage[2m > [22mremoves inline event handlers (single quotes)[32m 0[2mms[22m[39m
 [32mΓ£ô[39m src/__tests__/utils/security.test.js[2m > [22msanitizeUserInput[2m > [22mreturns empty string for null[32m 0[2mms[22m[39m
 [32mΓ£ô[39m src/__tests__/utils/security.test.js[2m > [22msanitizeUserInput[2m > [22mreturns empty string for non-string[32m 0[2mms[22m[39m
 [32mΓ£ô[39m src/__tests__/utils/security.test.js[2m > [22msanitizeUserInput[2m > [22mstrips all HTML tags[32m 0[2mms[22m[39m
 [32mΓ£ô[39m src/__tests__/utils/security.test.js[2m > [22msanitizeMarkdown[2m > [22mstrips script tags from markdown[32m 0[2mms[22m[39m
 [32mΓ£ô[39m src/__tests__/utils/security.test.js[2m > [22msanitizeMarkdown[2m > [22mpreserves content in markdown[32m 0[2mms[22m[39m
 [32mΓ£ô[39m src/__tests__/utils/security.test.js[2m > [22misTokenExpired[2m > [22mreturns true for null token[32m 0[2mms[22m[39m
 [32mΓ£ô[39m src/__tests__/utils/security.test.js[2m > [22misTokenExpired[2m > [22mreturns true for empty token[32m 0[2mms[22m[39m
 [32mΓ£ô[39m src/__tests__/utils/security.test.js[2m > [22misTokenExpired[2m > [22mreturns true for expired token[32m 0[2mms[22m[39m
 [32mΓ£ô[39m src/__tests__/utils/security.test.js[2m > [22misTokenExpired[2m > [22mreturns false for valid token[32m 0[2mms[22m[39m
 [32mΓ£ô[39m src/__tests__/utils/security.test.js[2m > [22misTokenExpired[2m > [22mreturns true for malformed token[32m 0[2mms[22m[39m
 [32mΓ£ô[39m src/__tests__/utils/security.test.js[2m > [22mcheckRateLimit[2m > [22mallows first attempt[32m 1[2mms[22m[39m
 [32mΓ£ô[39m src/__tests__/utils/security.test.js[2m > [22mcheckRateLimit[2m > [22mallows up to maxAttempts[32m 0[2mms[22m[39m
 [32mΓ£ô[39m src/__tests__/utils/security.test.js[2m > [22mgetCSRFToken[2m > [22mextracts token from cookie[32m 0[2mms[22m[39m
 [32mΓ£ô[39m src/__tests__/utils/security.test.js[2m > [22mgetCSRFToken[2m > [22mreturns empty string when no csrf cookie[32m 0[2mms[22m[39m
 [32mΓ£ô[39m src/__tests__/stores/serverStore.advanced2.test.js[2m > [22museServerStore ΓÇö Extended[2m > [22mServer CRUD extras[2m > [22maddServer appends multiple servers in sequence[32m 2[2mms[22m[39m
 [32mΓ£ô[39m src/__tests__/stores/serverStore.advanced2.test.js[2m > [22museServerStore ΓÇö Extended[2m > [22mServer CRUD extras[2m > [22mremoveServer does nothing for non-existent id[32m 0[2mms[22m[39m
 [32mΓ£ô[39m src/__tests__/stores/serverStore.advanced2.test.js[2m > [22museServerStore ΓÇö Extended[2m > [22mServer CRUD extras[2m > [22mupdateServer does not affect non-matching servers[32m 0[2mms[22m[39m
 [32mΓ£ô[39m src/__tests__/stores/serverStore.advanced2.test.js[2m > [22museServerStore ΓÇö Extended[2m > [22mServer CRUD extras[2m > [22mupdateServer does not mutate selectedServer when ids differ[32m 0[2mms[22m[39m
 [32mΓ£ô[39m src/__tests__/stores/serverStore.advanced2.test.js[2m > [22museServerStore ΓÇö Extended[2m > [22mMember management[2m > [22msetMembers replaces members list[32m 0[2mms[22m[39m
 [32mΓ£ô[39m src/__tests__/stores/serverStore.advanced2.test.js[2m > [22museServerStore ΓÇö Extended[2m > [22mMember management[2m > [22maddMember appends to members[32m 0[2mms[22m[39m
 [32mΓ£ô[39m src/__tests__/stores/serverStore.advanced2.test.js[2m > [22museServerStore ΓÇö Extended[2m > [22mMember management[2m > [22mremoveMember by user.id[32m 0[2mms[22m[39m
 [32mΓ£ô[39m src/__tests__/stores/serverStore.advanced2.test.js[2m > [22museServerStore ΓÇö Extended[2m > [22mMember management[2m > [22mremoveMember by member id (fallback)[32m 0[2mms[22m[39m
 [32mΓ£ô[39m src/__tests__/stores/serverStore.advanced2.test.js[2m > [22museServerStore ΓÇö Extended[2m > [22mMember management[2m > [22mupdateMember merges updates for matching member by user.id[32m 0[2mms[22m[39m
 [32mΓ£ô[39m src/__tests__/stores/serverStore.advanced2.test.js[2m > [22museServerStore ΓÇö Extended[2m > [22mRole updates[2m > [22msetRoles replaces roles[32m 0[2mms[22m[39m
 [32mΓ£ô[39m src/__tests__/stores/serverStore.advanced2.test.js[2m > [22museServerStore ΓÇö Extended[2m > [22mRole updates[2m > [22msetRoles with empty array clears roles[32m 0[2mms[22m[39m
 [32mΓ£ô[39m src/__tests__/stores/serverStore.advanced2.test.js[2m > [22museServerStore ΓÇö Extended[2m > [22mComputed getters[2m > [22mgetChannelById returns matching channel[32m 0[2mms[22m[39m
 [32mΓ£ô[39m src/__tests__/stores/serverStore.advanced2.test.js[2m > [22museServerStore ΓÇö Extended[2m > [22mComputed getters[2m > [22mgetChannelById returns undefined for non-existent id[32m 0[2mms[22m[39m
 [32mΓ£ô[39m src/__tests__/stores/serverStore.advanced2.test.js[2m > [22museServerStore ΓÇö Extended[2m > [22mComputed getters[2m > [22mgetMemberByUserId returns matching member[32m 0[2mms[22m[39m
 [32mΓ£ô[39m src/__tests__/stores/serverStore.advanced2.test.js[2m > [22museServerStore ΓÇö Extended[2m > [22mComputed getters[2m > [22mgetTextChannels returns text and typeless channels[32m 0[2mms[22m[39m
 [32mΓ£ô[39m src/__tests__/stores/serverStore.advanced2.test.js[2m > [22museServerStore ΓÇö Extended[2m > [22mComputed getters[2m > [22mgetVoiceChannels returns only voice channels[32m 0[2mms[22m[39m
 [32mΓ£ô[39m src/__tests__/stores/serverStore.advanced2.test.js[2m > [22museServerStore ΓÇö Extended[2m > [22mComputed getters[2m > [22mgetCategoryChannels returns only category channels[32m 0[2mms[22m[39m
 [32mΓ£ô[39m src/__tests__/stores/serverStore.advanced2.test.js[2m > [22museServerStore ΓÇö Extended[2m > [22mSettings & reset[2m > [22msetServerSettings stores settings object[32m 0[2mms[22m[39m
 [32mΓ£ô[39m src/__tests__/stores/serverStore.advanced2.test.js[2m > [22museServerStore ΓÇö Extended[2m > [22mSettings & reset[2m > [22mreset clears all state[32m 0[2mms[22m[39m
[90mstdout[2m | src/__tests__/stores/useServerStore.test.js
[22m[39m≡ƒº¬ Test setup complete!

 [32mΓ£ô[39m src/__tests__/stores/useServerStore.test.js[2m > [22museServerStore[2m > [22msetServers[2m > [22mshould set server list[32m 2[2mms[22m[39m
 [32mΓ£ô[39m src/__tests__/stores/useServerStore.test.js[2m > [22museServerStore[2m > [22maddServer[2m > [22mshould add a server[32m 1[2mms[22m[39m
 [32mΓ£ô[39m src/__tests__/stores/useServerStore.test.js[2m > [22museServerStore[2m > [22maddServer[2m > [22mshould track joined IDs[32m 0[2mms[22m[39m
 [32mΓ£ô[39m src/__tests__/stores/useServerStore.test.js[2m > [22museServerStore[2m > [22mremoveServer[2m > [22mshould remove a server by id[32m 0[2mms[22m[39m
 [32mΓ£ô[39m src/__tests__/stores/useServerStore.test.js[2m > [22museServerStore[2m > [22mremoveServer[2m > [22mshould clear selected server if removed[32m 0[2mms[22m[39m
 [32mΓ£ô[39m src/__tests__/stores/useServerStore.test.js[2m > [22museServerStore[2m > [22mupdateServer[2m > [22mshould update server properties[32m 0[2mms[22m[39m
 [32mΓ£ô[39m src/__tests__/stores/useServerStore.test.js[2m > [22museServerStore[2m > [22mupdateServer[2m > [22mshould update selected server if matching[32m 0[2mms[22m[39m
 [32mΓ£ô[39m src/__tests__/stores/useServerStore.test.js[2m > [22museServerStore[2m > [22mselectServer[2m > [22mshould set selected server and clear channels/members[32m 1[2mms[22m[39m
[90mstdout[2m | src/__tests__/voice/constants.test.js
[22m[39m≡ƒº¬ Test setup complete!

[90mstdout[2m | src/__tests__/utils/formatters.test.js
[22m[39m≡ƒº¬ Test setup complete!

 [32mΓ£ô[39m src/__tests__/voice/constants.test.js[2m > [22mVoiceContext Constants[2m > [22mDEFAULT_ICE_SERVERS[2m > [22mshould have STUN servers[32m 1[2mms[22m[39m
 [32mΓ£ô[39m src/__tests__/voice/constants.test.js[2m > [22mVoiceContext Constants[2m > [22mDEFAULT_ICE_SERVERS[2m > [22mshould have fallback TURN servers[32m 0[2mms[22m[39m
 [32mΓ£ô[39m src/__tests__/voice/constants.test.js[2m > [22mVoiceContext Constants[2m > [22mDEFAULT_ICE_SERVERS[2m > [22mTURN servers should have credentials[32m 0[2mms[22m[39m
 [32mΓ£ô[39m src/__tests__/voice/constants.test.js[2m > [22mVoiceContext Constants[2m > [22mDEFAULT_ICE_SERVERS[2m > [22mshould include Google STUN servers[32m 0[2mms[22m[39m
 [32mΓ£ô[39m src/__tests__/voice/constants.test.js[2m > [22mVoiceContext Constants[2m > [22mDEFAULT_ICE_SERVERS[2m > [22mshould include Cloudflare STUN[32m 0[2mms[22m[39m
 [32mΓ£ô[39m src/__tests__/voice/constants.test.js[2m > [22mVoiceContext Constants[2m > [22mRTC_CONFIGURATION[2m > [22mshould have correct bundle policy[32m 0[2mms[22m[39m
 [32mΓ£ô[39m src/__tests__/voice/constants.test.js[2m > [22mVoiceContext Constants[2m > [22mRTC_CONFIGURATION[2m > [22mshould have correct rtcp mux policy[32m 0[2mms[22m[39m
 [32mΓ£ô[39m src/__tests__/voice/constants.test.js[2m > [22mVoiceContext Constants[2m > [22mRTC_CONFIGURATION[2m > [22mshould have ice candidate pool size of 10[32m 0[2mms[22m[39m
 [32mΓ£ô[39m src/__tests__/voice/constants.test.js[2m > [22mVoiceContext Constants[2m > [22mRTC_CONFIGURATION[2m > [22mshould have transport policy set to all[32m 0[2mms[22m[39m
 [32mΓ£ô[39m src/__tests__/voice/constants.test.js[2m > [22mVoiceContext Constants[2m > [22mRTC_CONFIGURATION[2m > [22mshould use DEFAULT_ICE_SERVERS[32m 0[2mms[22m[39m
 [32mΓ£ô[39m src/__tests__/voice/constants.test.js[2m > [22mVoiceContext Constants[2m > [22msetRtcIceServers[2m > [22mshould update RTC_CONFIGURATION iceServers[32m 1[2mms[22m[39m
 [32mΓ£ô[39m src/__tests__/voice/constants.test.js[2m > [22mVoiceContext Constants[2m > [22msetRtcIceServers[2m > [22mshould preserve other config properties[32m 0[2mms[22m[39m
 [32mΓ£ô[39m src/__tests__/utils/formatters.test.js[2m > [22mformatRelativeTime (logic)[2m > [22mreturns seconds for very recent timestamps[32m 1[2mms[22m[39m
 [32mΓ£ô[39m src/__tests__/utils/formatters.test.js[2m > [22mformatRelativeTime (logic)[2m > [22mreturns minutes for 120-second diff[32m 0[2mms[22m[39m
 [32mΓ£ô[39m src/__tests__/utils/formatters.test.js[2m > [22mformatRelativeTime (logic)[2m > [22mreturns hours for 7200-second diff[32m 0[2mms[22m[39m
 [32mΓ£ô[39m src/__tests__/utils/formatters.test.js[2m > [22mformatRelativeTime (logic)[2m > [22mreturns days for 86400-second diff[32m 0[2mms[22m[39m
 [32mΓ£ô[39m src/__tests__/utils/formatters.test.js[2m > [22mformatRelativeTime (logic)[2m > [22mreturns weeks for 7-day diff[32m 0[2mms[22m[39m
 [32mΓ£ô[39m src/__tests__/utils/formatters.test.js[2m > [22mformatRelativeTime (logic)[2m > [22mreturns months for 30-day diff[32m 0[2mms[22m[39m
 [32mΓ£ô[39m src/__tests__/utils/formatters.test.js[2m > [22mformatRelativeTime (logic)[2m > [22mreturns years for 365-day diff[32m 0[2mms[22m[39m
 [32mΓ£ô[39m src/__tests__/utils/formatters.test.js[2m > [22mformatRelativeTime (logic)[2m > [22mreturns 0 seconds for zero diff[32m 0[2mms[22m[39m
 [32mΓ£ô[39m src/__tests__/utils/formatters.test.js[2m > [22mformatRelativeTime (logic)[2m > [22mhandles negative diff (past timestamps)[32m 0[2mms[22m[39m
 [32mΓ£ô[39m src/__tests__/utils/formatters.test.js[2m > [22mformatBytes[2m > [22mreturns "0 Bytes" for 0[32m 0[2mms[22m[39m
 [32mΓ£ô[39m src/__tests__/utils/formatters.test.js[2m > [22mformatBytes[2m > [22mformats bytes under 1024[32m 0[2mms[22m[39m
 [32mΓ£ô[39m src/__tests__/utils/formatters.test.js[2m > [22mformatBytes[2m > [22mformats kilobytes[32m 0[2mms[22m[39m
 [32mΓ£ô[39m src/__tests__/utils/formatters.test.js[2m > [22mformatBytes[2m > [22mformats megabytes[32m 0[2mms[22m[39m
 [32mΓ£ô[39m src/__tests__/utils/formatters.test.js[2m > [22mformatBytes[2m > [22mformats gigabytes[32m 0[2mms[22m[39m
 [32mΓ£ô[39m src/__tests__/utils/formatters.test.js[2m > [22mformatBytes[2m > [22mrespects decimal places[32m 0[2mms[22m[39m
 [32mΓ£ô[39m src/__tests__/utils/formatters.test.js[2m > [22mformatBytes[2m > [22mtreats negative decimals as 0[32m 0[2mms[22m[39m
 [32mΓ£ô[39m src/__tests__/utils/formatters.test.js[2m > [22mnumber formatting (Intl)[2m > [22mformats number with default locale[32m 0[2mms[22m[39m
 [32mΓ£ô[39m src/__tests__/utils/formatters.test.js[2m > [22mnumber formatting (Intl)[2m > [22mformats compact notation[32m 0[2mms[22m[39m
 [32mΓ£ô[39m src/__tests__/utils/formatters.test.js[2m > [22mnumber formatting (Intl)[2m > [22mformats currency[32m 1[2mms[22m[39m
 [32mΓ£ô[39m src/__tests__/utils/formatters.test.js[2m > [22mnumber formatting (Intl)[2m > [22mformats percentage[32m 0[2mms[22m[39m
 [32mΓ£ô[39m src/__tests__/utils/formatters.test.js[2m > [22mformatDuration[2m > [22mreturns "0s" for zero[32m 0[2mms[22m[39m
 [32mΓ£ô[39m src/__tests__/utils/formatters.test.js[2m > [22mformatDuration[2m > [22mformats seconds only[32m 0[2mms[22m[39m
 [32mΓ£ô[39m src/__tests__/utils/formatters.test.js[2m > [22mformatDuration[2m > [22mformats minutes and seconds[32m 0[2mms[22m[39m
 [32mΓ£ô[39m src/__tests__/utils/formatters.test.js[2m > [22mformatDuration[2m > [22mformats hours, minutes, seconds[32m 0[2mms[22m[39m
 [32mΓ£ô[39m src/__tests__/utils/formatters.test.js[2m > [22mformatDuration[2m > [22mhandles exact hours[32m 0[2mms[22m[39m
 [32mΓ£ô[39m src/__tests__/utils/formatters.test.js[2m > [22mformatDuration[2m > [22mreturns "0s" for negative values[32m 0[2mms[22m[39m
[90mstdout[2m | src/__tests__/stores/authStore.test.js
[22m[39m≡ƒº¬ Test setup complete!

 [32mΓ£ô[39m src/__tests__/stores/authStore.test.js[2m > [22mAuth Store[2m > [22mInitial State[2m > [22mshould have null user initially[32m 1[2mms[22m[39m
 [32mΓ£ô[39m src/__tests__/stores/authStore.test.js[2m > [22mAuth Store[2m > [22mInitial State[2m > [22mshould have null token initially[32m 0[2mms[22m[39m
 [32mΓ£ô[39m src/__tests__/stores/authStore.test.js[2m > [22mAuth Store[2m > [22mInitial State[2m > [22mshould not be authenticated initially[32m 1[2mms[22m[39m
 [32mΓ£ô[39m src/__tests__/stores/authStore.test.js[2m > [22mAuth Store[2m > [22mLogin[2m > [22mshould call login with credentials[32m 1[2mms[22m[39m
 [32mΓ£ô[39m src/__tests__/stores/authStore.test.js[2m > [22mAuth Store[2m > [22mLogin[2m > [22mshould handle login success[32m 0[2mms[22m[39m
 [32mΓ£ô[39m src/__tests__/stores/authStore.test.js[2m > [22mAuth Store[2m > [22mLogin[2m > [22mshould handle login failure[32m 0[2mms[22m[39m
 [32mΓ£ô[39m src/__tests__/stores/authStore.test.js[2m > [22mAuth Store[2m > [22mLogout[2m > [22mshould clear user data on logout[32m 0[2mms[22m[39m
 [32mΓ£ô[39m src/__tests__/stores/authStore.test.js[2m > [22mAuth Store[2m > [22mRegister[2m > [22mshould call register with user data[32m 0[2mms[22m[39m
 [32mΓ£ô[39m src/__tests__/stores/authStore.test.js[2m > [22mAuth Store[2m > [22mProfile Update[2m > [22mshould update user profile[32m 0[2mms[22m[39m
 [32mΓ£ô[39m src/__tests__/stores/authStore.test.js[2m > [22mAuth Store[2m > [22mError Handling[2m > [22mshould clear errors[32m 0[2mms[22m[39m
[90mstdout[2m | src/stores/__tests__/multiStore.integration.test.ts
[22m[39m≡ƒº¬ Test setup complete!

[90mstdout[2m | src/__tests__/voice/audioProcessing.test.js
[22m[39m≡ƒº¬ Test setup complete!

 [32mΓ£ô[39m src/__tests__/voice/audioProcessing.test.js[2m > [22mAudio Processing[2m > [22mapplyNoiseSuppression[2m > [22mshould return original stream if no audio tracks[32m 1[2mms[22m[39m
 [32mΓ£ô[39m src/__tests__/voice/audioProcessing.test.js[2m > [22mAudio Processing[2m > [22mapplyNoiseSuppression[2m > [22mshould apply constraints to audio track when supported[32m 1[2mms[22m[39m
 [32mΓ£ô[39m src/__tests__/voice/audioProcessing.test.js[2m > [22mAudio Processing[2m > [22mapplyNoiseSuppression[2m > [22mshould fallback to basic constraints on error[32m 0[2mms[22m[39m
 [32mΓ£ô[39m src/__tests__/voice/audioProcessing.test.js[2m > [22mAudio Processing[2m > [22mapplyNoiseSuppression[2m > [22mshould return original stream if track has no applyConstraints[32m 0[2mms[22m[39m
 [32mΓ£ô[39m src/stores/__tests__/multiStore.integration.test.ts[2m > [22mmulti-store integration[2m > [22mkeeps user, server, chat, and UI state coherent during room join flow[32m 5[2mms[22m[39m

[31mΓÄ»ΓÄ»ΓÄ»ΓÄ»ΓÄ»ΓÄ»[39m[1m[41m Failed Tests 50 [49m[22m[31mΓÄ»ΓÄ»ΓÄ»Γ
Ä»ΓÄ»ΓÄ»ΓÄ»[39m

[41m[1m FAIL [22m[49m src/__tests__/a11y/accessibility.test.jsx[2m > [22m
Accessibility: Core Components[2m > [22mMessageSkeleton has no critical a11y 
violations
[31m[1mAssertionError[22m: expected [ Array(1) ] to deeply equal [][39m

[32m- Expected[39m
[31m+ Received[39m

[32m- [][39m
[31m+ [[39m
[31m+   {[39m
[31m+     "description": "Ensure ARIA attributes are not prohibited for an ele
ment's role",[39m
[31m+     "help": "Elements must only use permitted ARIA attributes",[39m
[31m+     "helpUrl": "https://dequeuniversity.com/rules/axe/4.11/aria-prohibit
ed-attr?application=axeAPI",[39m
[31m+     "id": "aria-prohibited-attr",[39m
[31m+     "impact": "serious",[39m
[31m+     "nodes": [[39m
[31m+       {[39m
[31m+         "all": [],[39m
[31m+         "any": [],[39m
[31m+         "failureSummary": "Fix all of the following:[39m
[31m+   aria-label attribute cannot be used on a div with no valid role attrib
ute.",[39m
[31m+         "html": "<div style=\"padding-top: 16px;\" aria-label=\"Loading 
messages...\" aria-busy=\"true\">",[39m
[31m+         "impact": "serious",[39m
[31m+         "none": [[39m
[31m+           CheckResult {[39m
[31m+             "data": {[39m
[31m+               "messageKey": "noRoleSingular",[39m
[31m+               "nodeName": "div",[39m
[31m+               "prohibited": [[39m
[31m+                 "aria-label",[39m
[31m+               ],[39m
[31m+               "role": null,[39m
[31m+             },[39m
[31m+             "id": "aria-prohibited-attr",[39m
[31m+             "impact": "serious",[39m
[31m+             "message": "aria-label attribute cannot be used on a div wit
h no valid role attribute.",[39m
[31m+             "relatedNodes": [],[39m
[31m+           },[39m
[31m+         ],[39m
[31m+         "target": [[39m
[31m+           "div[aria-label=\"Loading messages...\"]",[39m
[31m+         ],[39m
[31m+       },[39m
[31m+     ],[39m
[31m+     "tags": [[39m
[31m+       "cat.aria",[39m
[31m+       "wcag2a",[39m
[31m+       "wcag412",[39m
[31m+       "EN-301-549",[39m
[31m+       "EN-9.4.1.2",[39m
[31m+       "RGAAv4",[39m
[31m+       "RGAA-7.1.1",[39m
[31m+     ],[39m
[31m+   },[39m
[31m+ ][39m

[36m [2mΓ¥»[22m src/__tests__/a11y/accessibility.test.jsx:[2m94:26[22m[39
m
    [90m 92| [39m            (v) [33m=>[39m v[33m.[39mimpact [33m===[39
m [32m'critical'[39m [33m||[39m v[33m.[39mimpact [33m===[39m [32m'seri
ous'[39m
    [90m 93| [39m        )[33m;[39m
    [90m 94| [39m        [34mexpect[39m(critical)[33m.[39m[34mtoEqual[3
9m([])[33m;[39m
    [90m   | [39m                         [31m^[39m
    [90m 95| [39m    })[33m;[39m
    [90m 96| [39m

[31m[2mΓÄ»ΓÄ»ΓÄ»ΓÄ»ΓÄ»ΓÄ»ΓÄ»ΓÄ»ΓÄ»ΓÄ»ΓÄ»ΓÄ»ΓÄ»ΓÄ»ΓÄ»ΓÄ»ΓÄ»ΓÄ»ΓÄ»ΓÄ»ΓÄ»ΓÄ»ΓÄ»[
1/50]ΓÄ»[22m[39m

[41m[1m FAIL [22m[49m src/__tests__/a11y/accessibility.test.jsx[2m > [22m
Accessibility: Interactive Components[2m > [22mnavigation landmark is accessi
ble
[31m[1mAssertionError[22m: expected [ { id: 'aria-allowed-attr', ΓÇª(6) } ] 
to deeply equal [][39m

[32m- Expected[39m
[31m+ Received[39m

[32m- [][39m
[31m+ [[39m
[31m+   {[39m
[31m+     "description": "Ensure an element's role supports its ARIA attribute
s",[39m
[31m+     "help": "Elements must only use supported ARIA attributes",[39m
[31m+     "helpUrl": "https://dequeuniversity.com/rules/axe/4.11/aria-allowed-
attr?application=axeAPI",[39m
[31m+     "id": "aria-allowed-attr",[39m
[31m+     "impact": "critical",[39m
[31m+     "nodes": [[39m
[31m+       {[39m
[31m+         "all": [[39m
[31m+           CheckResult {[39m
[31m+             "data": [[39m
[31m+               "aria-selected=\"true\"",[39m
[31m+             ],[39m
[31m+             "id": "aria-allowed-attr",[39m
[31m+             "impact": "critical",[39m
[31m+             "message": "ARIA attribute is not allowed: aria-selected=\"t
rue\"",[39m
[31m+             "relatedNodes": [],[39m
[31m+           },[39m
[31m+         ],[39m
[31m+         "any": [],[39m
[31m+         "failureSummary": "Fix all of the following:[39m
[31m+   ARIA attribute is not allowed: aria-selected=\"true\"",[39m
[31m+         "html": "<button aria-label=\"Home\" aria-selected=\"true\">Home
</button>",[39m
[31m+         "impact": "critical",[39m
[31m+         "none": [],[39m
[31m+         "target": [[39m
[31m+           "button[aria-label=\"Home\"]",[39m
[31m+         ],[39m
[31m+       },[39m
[31m+       {[39m
[31m+         "all": [[39m
[31m+           CheckResult {[39m
[31m+             "data": [[39m
[31m+               "aria-selected=\"false\"",[39m
[31m+             ],[39m
[31m+             "id": "aria-allowed-attr",[39m
[31m+             "impact": "critical",[39m
[31m+             "message": "ARIA attribute is not allowed: aria-selected=\"f
alse\"",[39m
[31m+             "relatedNodes": [],[39m
[31m+           },[39m
[31m+         ],[39m
[31m+         "any": [],[39m
[31m+         "failureSummary": "Fix all of the following:[39m
[31m+   ARIA attribute is not allowed: aria-selected=\"false\"",[39m
[31m+         "html": "<button aria-label=\"Server A\" aria-selected=\"false\"
>A</button>",[39m
[31m+         "impact": "critical",[39m
[31m+         "none": [],[39m
[31m+         "target": [[39m
[31m+           "button[aria-label=\"Server A\"]",[39m
[31m+         ],[39m
[31m+       },[39m
[31m+     ],[39m
[31m+     "tags": [[39m
[31m+       "cat.aria",[39m
[31m+       "wcag2a",[39m
[31m+       "wcag412",[39m
[31m+       "EN-301-549",[39m
[31m+       "EN-9.4.1.2",[39m
[31m+       "RGAAv4",[39m
[31m+       "RGAA-7.1.1",[39m
[31m+     ],[39m
[31m+   },[39m
[31m+ ][39m

[36m [2mΓ¥»[22m src/__tests__/a11y/accessibility.test.jsx:[2m190:26[22m[3
9m
    [90m188| [39m            (v) [33m=>[39m v[33m.[39mimpact [33m===[39
m [32m'critical'[39m [33m||[39m v[33m.[39mimpact [33m===[39m [32m'seri
ous'[39m
    [90m189| [39m        )[33m;[39m
    [90m190| [39m        [34mexpect[39m(critical)[33m.[39m[34mtoEqual[3
9m([])[33m;[39m
    [90m   | [39m                         [31m^[39m
    [90m191| [39m    })[33m;[39m
    [90m192| [39m

[31m[2mΓÄ»ΓÄ»ΓÄ»ΓÄ»ΓÄ»ΓÄ»ΓÄ»ΓÄ»ΓÄ»ΓÄ»ΓÄ»ΓÄ»ΓÄ»ΓÄ»ΓÄ»ΓÄ»ΓÄ»ΓÄ»ΓÄ»ΓÄ»ΓÄ»ΓÄ»ΓÄ»[
2/50]ΓÄ»[22m[39m

[41m[1m FAIL [22m[49m src/__tests__/a11y/extendedA11y.test.jsx[2m > [22mA
ccessibility - Critical Components[2m > [22mErrorBoundary fallback has no a11
y violations
[31m[1mError[22m: [vitest] No "withTranslation" export is defined on the "re
act-i18next" mock. Did you forget to return it from "vi.mock"?
If you need to partially mock a module, you can use "importOriginal" helper ins
ide:
[39m
vi.mock(import("react-i18next"), async (importOriginal) => {
  const actual = await importOriginal()
  return {
    ...actual,
    // your mocked methods
  }
})

[36m [2mΓ¥»[22m src/components/ErrorBoundary/ErrorBoundary.jsx:[2m201:16[2
2m[39m
    [90m199| [39m[33mErrorBoundary[39m[33m.[39mpropTypes [33m=[39m {}[
33m;[39m
    [90m200| [39m
    [90m201| [39m[35mexport[39m [35mdefault[39m [34mwithTranslation[39m
()([33mErrorBoundary[39m)[33m;[39m
    [90m   | [39m               [31m^[39m
    [90m202| [39m
[90m [2mΓ¥»[22m src/__tests__/a11y/extendedA11y.test.jsx:[2m47:13[22m[39m

[31m[2mΓÄ»ΓÄ»ΓÄ»ΓÄ»ΓÄ»ΓÄ»ΓÄ»ΓÄ»ΓÄ»ΓÄ»ΓÄ»ΓÄ»ΓÄ»ΓÄ»ΓÄ»ΓÄ»ΓÄ»ΓÄ»ΓÄ»ΓÄ»ΓÄ»ΓÄ»ΓÄ»[
3/50]ΓÄ»[22m[39m

[41m[1m FAIL [22m[49m src/__tests__/components/AppModals.test.jsx[2m > [2
2mAppModals Orchestrator[2m > [22mshould render all 5 sub-components
[31m[1mTestingLibraryElementError[22m: Unable to find an element by: [data-t
estid="app-modals-core"]

Ignored nodes: comments, script, style
[36m<body>[31m
  [36m<div />[31m
[36m</body>[31m[39m
[90m [2mΓ¥»[22m Object.getElementError node_modules/@testing-library/dom/dis
t/config.js:[2m37:19[22m[39m
[90m [2mΓ¥»[22m node_modules/@testing-library/dom/dist/query-helpers.js:[2m
76:38[22m[39m
[90m [2mΓ¥»[22m node_modules/@testing-library/dom/dist/query-helpers.js:[2m
52:17[22m[39m
[90m [2mΓ¥»[22m node_modules/@testing-library/dom/dist/query-helpers.js:[2m
95:19[22m[39m
[36m [2mΓ¥»[22m src/__tests__/components/AppModals.test.jsx:[2m105:16[22m
[39m
    [90m103| [39m        [35mconst[39m { getByTestId } [33m=[39m [34mren
der[39m([33m<[39m[33mAppModals[39m [33m{[39m[33m...[39mbaseProps[33m}
[39m [33m/[39m[33m>[39m)[33m;[39m
    [90m104| [39m
    [90m105| [39m        [34mexpect[39m([34mgetByTestId[39m([32m'app-mod
als-core'[39m))[33m.[39m[34mtoBeTruthy[39m()[33m;[39m
    [90m   | [39m               [31m^[39m
    [90m106| [39m        [34mexpect[39m([34mgetByTestId[39m([32m'app-mod
als-batch1to8'[39m))[33m.[39m[34mtoBeTruthy[39m()[33m;[39m
    [90m107| [39m        [34mexpect[39m([34mgetByTestId[39m([32m'app-mod
als-batch10'[39m))[33m.[39m[34mtoBeTruthy[39m()[33m;[39m

[31m[2mΓÄ»ΓÄ»ΓÄ»ΓÄ»ΓÄ»ΓÄ»ΓÄ»ΓÄ»ΓÄ»ΓÄ»ΓÄ»ΓÄ»ΓÄ»ΓÄ»ΓÄ»ΓÄ»ΓÄ»ΓÄ»ΓÄ»ΓÄ»ΓÄ»ΓÄ»ΓÄ»[
4/50]ΓÄ»[22m[39m

[41m[1m FAIL [22m[49m src/__tests__/components/AppModals.test.jsx[2m > [2
2mAppModals Orchestrator[2m > [22mshould pass all props plus store values to 
each sub-component
[31m[1mTestingLibraryElementError[22m: Unable to find an element by: [data-t
estid="app-modals-core"]

Ignored nodes: comments, script, style
[36m<body>[31m
  [36m<div />[31m
[36m</body>[31m[39m
[90m [2mΓ¥»[22m Object.getElementError node_modules/@testing-library/dom/dis
t/config.js:[2m37:19[22m[39m
[90m [2mΓ¥»[22m node_modules/@testing-library/dom/dist/query-helpers.js:[2m
76:38[22m[39m
[90m [2mΓ¥»[22m node_modules/@testing-library/dom/dist/query-helpers.js:[2m
52:17[22m[39m
[90m [2mΓ¥»[22m node_modules/@testing-library/dom/dist/query-helpers.js:[2m
95:19[22m[39m
[36m [2mΓ¥»[22m src/__tests__/components/AppModals.test.jsx:[2m115:38[22m
[39m
    [90m113| [39m        [35mconst[39m { getByTestId } [33m=[39m [34mren
der[39m([33m<[39m[33mAppModals[39m [33m{[39m[33m...[39mbaseProps[33m}
[39m [33m/[39m[33m>[39m)[33m;[39m
    [90m114| [39m
    [90m115| [39m        const coreProps = JSON.parse(getByTestId('app-modals
-core').geΓÇª
    [90m   | [39m                                     [31m^[39m
    [90m116| [39m
    [90m117| [39m        [90m// Should include original props[39m

[31m[2mΓÄ»ΓÄ»ΓÄ»ΓÄ»ΓÄ»ΓÄ»ΓÄ»ΓÄ»ΓÄ»ΓÄ»ΓÄ»ΓÄ»ΓÄ»ΓÄ»ΓÄ»ΓÄ»ΓÄ»ΓÄ»ΓÄ»ΓÄ»ΓÄ»ΓÄ»ΓÄ»[
5/50]ΓÄ»[22m[39m

[41m[1m FAIL [22m[49m src/__tests__/components/AppModals.test.jsx[2m > [2
2mAppModals Orchestrator[2m > [22mshould pass identical props to all sub-comp
onents
[31m[1mTestingLibraryElementError[22m: Unable to find an element by: [data-t
estid="app-modals-core"]

Ignored nodes: comments, script, style
[36m<body>[31m
  [36m<div />[31m
[36m</body>[31m[39m
[90m [2mΓ¥»[22m Object.getElementError node_modules/@testing-library/dom/dis
t/config.js:[2m37:19[22m[39m
[90m [2mΓ¥»[22m node_modules/@testing-library/dom/dist/query-helpers.js:[2m
76:38[22m[39m
[90m [2mΓ¥»[22m node_modules/@testing-library/dom/dist/query-helpers.js:[2m
52:17[22m[39m
[90m [2mΓ¥»[22m node_modules/@testing-library/dom/dist/query-helpers.js:[2m
95:19[22m[39m
[36m [2mΓ¥»[22m src/__tests__/components/AppModals.test.jsx:[2m132:38[22m
[39m
    [90m130| [39m        [35mconst[39m { getByTestId } [33m=[39m [34mren
der[39m([33m<[39m[33mAppModals[39m [33m{[39m[33m...[39mbaseProps[33m}
[39m [33m/[39m[33m>[39m)[33m;[39m
    [90m131| [39m
    [90m132| [39m        const coreProps = JSON.parse(getByTestId('app-modals
-core').geΓÇª
    [90m   | [39m                                     [31m^[39m
    [90m133| [39m        [35mconst[39m batch1Props [33m=[39m [33mJSON[3
9m[33m.[39m[34mparse[39m(
    [90m134| [39m            getByTestId('app-modals-batch1to8').getAttribute
('data-proΓÇª

[31m[2mΓÄ»ΓÄ»ΓÄ»ΓÄ»ΓÄ»ΓÄ»ΓÄ»ΓÄ»ΓÄ»ΓÄ»ΓÄ»ΓÄ»ΓÄ»ΓÄ»ΓÄ»ΓÄ»ΓÄ»ΓÄ»ΓÄ»ΓÄ»ΓÄ»ΓÄ»ΓÄ»[
6/50]ΓÄ»[22m[39m

[41m[1m FAIL [22m[49m src/__tests__/components/AppModals.test.jsx[2m > [2
2mAppModals Orchestrator[2m > [22mshould not contain any direct modal renderi
ng
[31m[1mAssertionError[22m: expected +0 to be 5 // Object.is equality[39m

[32m- Expected[39m
[31m+ Received[39m

[32m- 5[39m
[31m+ 0[39m

[36m [2mΓ¥»[22m src/__tests__/components/AppModals.test.jsx:[2m158:29[22m
[39m
    [90m156| [39m        // The orchestrator should only render the 5 sub-com
ponents (fΓÇª
    [90m157| [39m        [35mconst[39m divs [33m=[39m container[33m.[39
m[34mquerySelectorAll[39m([32m'[data-testid]'[39m)[33m;[39m
    [90m158| [39m        [34mexpect[39m(divs[33m.[39mlength)[33m.[39m[
34mtoBe[39m([34m5[39m)[33m;[39m
    [90m   | [39m                            [31m^[39m
    [90m159| [39m    })[33m;[39m
    [90m160| [39m

[31m[2mΓÄ»ΓÄ»ΓÄ»ΓÄ»ΓÄ»ΓÄ»ΓÄ»ΓÄ»ΓÄ»ΓÄ»ΓÄ»ΓÄ»ΓÄ»ΓÄ»ΓÄ»ΓÄ»ΓÄ»ΓÄ»ΓÄ»ΓÄ»ΓÄ»ΓÄ»ΓÄ»[
7/50]ΓÄ»[22m[39m

[41m[1m FAIL [22m[49m src/__tests__/components/AppModals.test.jsx[2m > [2
2mAppModals Orchestrator[2m > [22mshould pass voice state props
[31m[1mTestingLibraryElementError[22m: Unable to find an element by: [data-t
estid="app-modals-core"]

Ignored nodes: comments, script, style
[36m<body>[31m
  [36m<div />[31m
[36m</body>[31m[39m
[90m [2mΓ¥»[22m Object.getElementError node_modules/@testing-library/dom/dis
t/config.js:[2m37:19[22m[39m
[90m [2mΓ¥»[22m node_modules/@testing-library/dom/dist/query-helpers.js:[2m
76:38[22m[39m
[90m [2mΓ¥»[22m node_modules/@testing-library/dom/dist/query-helpers.js:[2m
52:17[22m[39m
[90m [2mΓ¥»[22m node_modules/@testing-library/dom/dist/query-helpers.js:[2m
95:19[22m[39m
[36m [2mΓ¥»[22m src/__tests__/components/AppModals.test.jsx:[2m164:38[22m
[39m
    [90m162| [39m        [35mconst[39m { getByTestId } [33m=[39m [34mren
der[39m([33m<[39m[33mAppModals[39m [33m{[39m[33m...[39mbaseProps[33m}
[39m [33m/[39m[33m>[39m)[33m;[39m
    [90m163| [39m
    [90m164| [39m        const coreProps = JSON.parse(getByTestId('app-modals
-core').geΓÇª
    [90m   | [39m                                     [31m^[39m
    [90m165| [39m        [34mexpect[39m(coreProps)[33m.[39m[34mtoContain
[39m([32m'isMuted'[39m)[33m;[39m
    [90m166| [39m        [34mexpect[39m(coreProps)[33m.[39m[34mtoContain
[39m([32m'isDeafened'[39m)[33m;[39m

[31m[2mΓÄ»ΓÄ»ΓÄ»ΓÄ»ΓÄ»ΓÄ»ΓÄ»ΓÄ»ΓÄ»ΓÄ»ΓÄ»ΓÄ»ΓÄ»ΓÄ»ΓÄ»ΓÄ»ΓÄ»ΓÄ»ΓÄ»ΓÄ»ΓÄ»ΓÄ»ΓÄ»[
8/50]ΓÄ»[22m[39m

[41m[1m FAIL [22m[49m src/__tests__/components/ChannelSettingsModal.test.js
x[2m > [22mGeneralTab[2m > [22mshows private label when isPrivate is true
[31m[1mTestingLibraryElementError[22m: Unable to find an element with the te
xt: /├ûzel Kanal/i. This could be because the text is broken up by multiple ele
ments. In this case, you can provide a function for your text matcher to make y
our matcher more flexible.

Ignored nodes: comments, script, style
[36m<body>[31m
  [36m<div>[31m
    [36m<div>[31m
      [36m<label>[31m
        [0mchannel_name[0m
      [36m</label>[31m
      [36m<input[31m
        [33mvalue[31m=[32m"general"[31m
      [36m/>[31m
    [36m</div>[31m
    [36m<div>[31m
      [36m<label>[31m
        [36m<input[31m
          [33maria-label[31m=[32m"checkbox"[31m
          [33mchecked[31m=[32m""[31m
          [33mtype[31m=[32m"checkbox"[31m
        [36m/>[31m
        [36m<span[31m
          [33mdata-testid[31m=[32m"icon-lock"[31m
        [36m>[31m
          [0m≡ƒöÆ[0m
        [36m</span>[31m
        [36m<span>[31m
          [0mui.ozel_channel_izinli_roller[0m
        [36m</span>[31m
      [36m</label>[31m
    [36m</div>[31m
    [36m<div>[31m
      [36m<p[31m
        [33mstyle[31m=[32m"font-size: 0.9em; color: rgb(204, 204, 204);"[31
m
      [36m>[31m
        [0mwho_can_access[0m
      [36m</p>[31m
      [36m<div[31m
        [33mrole[31m=[32m"button"[31m
        [33mtabindex[31m=[32m"0"[31m
      [36m>[31m
        [36m<div[31m
          [33mclass[31m=[32m"flex-align-8"[31m
        [36m>[31m
          [36m<div[31m
            [33mstyle[31m=[32m"width: 12px; height: 12px; border-radius: 50%
; background-color: rgb(255, 0, 0);"[31m
          [36m/>[31m
          [36m<span>[31m
            [0mAdmin[0m
          [36m</span>[31m
        [36m</div>[31m
        [36m<input[31m
          [33maria-label[31m=[32m"checkbox"[31m
          [33mreadonly[31m=[32m""[31m
          [33mtype[31m=[32m"checkbox"[31m
        [36m/>[31m
      [36m</div>[31m
    [36m</div>[31m
    [36m<div>[31m
      [36m<label>[31m
        [36m<input[31m
          [33maria-label[31m=[32m"checkbox"[31m
          [33mtype[31m=[32m"checkbox"[31m
        [36m/>[31m
        [36m<span[31m
          [33mdata-testid[31m=[32m"icon-warn"[31m
        [36m>[31m
          [0mΓÜá[0m
        [36m</span>[31m
        [36m<span>[31m
          [0m≡ƒö₧_nsfw_18_content[0m
        [36m</span>[31m
      [36m</label>[31m
      [36m<p[31m
        [33mclass[31m=[32m"hintMuted"[31m
      [36m>[31m
        [0mAdult content warning will be shown.[0m
      [36m</p>[31m
    [36m</div>[31m
    [36m<div>[31m
      [36m<label>[31m
        [36m<input[31m
          [33maria-label[31m=[32m"checkbox"[31m
          [33mtype[31m=[32m"checkbox"[31m
        [36m/>[31m
        [36m<span[31m
          [33mdata-testid[31m=[32m"icon-lock"[31m
        [36m>[31m
          [0m≡ƒöÆ[0m
        [36m</span>[31m
        [36m<span>[31m
          [0m≡ƒöÆ_channel_kilitli[0m
        [36m</span>[31m
      [36m</label>[31m
      [36m<p[31m
        [33mclass[31m=[32m"hintMuted"[31m
      [36m>[31m
        [0mNo one can send messages (temporary lock).[0m
      [36m</p>[31m
    [36m</div>[31m
    [36m<div>[31m
      [36m<label>[31m
        [36m<input[31m
          [33maria-label[31m=[32m"checkbox"[31m
          [33mtype[31m=[32m"checkbox"[31m
        [36m/>[31m
        [36m<span[31m
          [33mdata-testid[31m=[32m"icon-broadcast"[31m
        [36m>[31m
          [0m≡ƒôó[0m
        [36m</span>[31m
        [36m<span>[31m
          [0m≡ƒôó_duyuru_channel─▒_sadece_admin_yazar[0m
        [36m</span>[31m
      [36m</label>[31m
      [36m<p[31m
        [33mclass[31m=[32m"hintMuted"[31m
      [36m>[31m
        [0mHercut okuyabilir, sadece adminler yazabilir.[0m
      [36m</p>[31m
    [36m</div>[31m
    [36m<div>[31m
      [36m<button[31m
        [33maria-label[31m=[32m"Delete channel"[31m
      [36m>[31m
        [36m<span[31m
          [33mdata-testid[31m=[32m"icon-trash"[31m
        [36m>[31m
          [0m≡ƒùæ[0m
        [36m</span>[31m
        [0mdelete_channel[0m
      [36m</button>[31m
      [36m<button[31m
        [33maria-label[31m=[32m"Save channel settings"[31m
      [36m>[31m
        [36m<span[31m
          [33mdata-testid[31m=[32m"icon-save"[31m
        [36m>[31m
          [0m≡ƒÆ╛[0m
        [36m</span>[31m
        [0msave[0m
      [36m</button>[31m
    [36m</div>[31m
  [36m</div>[31m
[36m</body>[31m[39m
[90m [2mΓ¥»[22m Object.getElementError node_modules/@testing-library/dom/dis
t/config.js:[2m37:19[22m[39m
[90m [2mΓ¥»[22m node_modules/@testing-library/dom/dist/query-helpers.js:[2m
76:38[22m[39m
[90m [2mΓ¥»[22m node_modules/@testing-library/dom/dist/query-helpers.js:[2m
52:17[22m[39m
[90m [2mΓ¥»[22m node_modules/@testing-library/dom/dist/query-helpers.js:[2m
95:19[22m[39m
[36m [2mΓ¥»[22m src/__tests__/components/ChannelSettingsModal.test.jsx:[2m8
1:23[22m[39m
    [90m 79| [39m    [34mit[39m([32m'shows private label when isPrivate is
 true'[39m[33m,[39m () [33m=>[39m {
    [90m 80| [39m        [34mrender[39m([33m<[39m[33mGeneralTab[39m [3
3m{[39m[33m...[39mdefaultProps[33m}[39m [33misPrivate[39m[33m=[39m[33
m{[39m[35mtrue[39m[33m}[39m [33m/[39m[33m>[39m)[33m;[39m
    [90m 81| [39m        [34mexpect[39m(screen[33m.[39m[34mgetByText[39
m([36m/├ûzel Kanal/i[39m))[33m.[39m[34mtoBeDefined[39m()[33m;[39m
    [90m   | [39m                      [31m^[39m
    [90m 82| [39m    })[33m;[39m
    [90m 83| [39m

[31m[2mΓÄ»ΓÄ»ΓÄ»ΓÄ»ΓÄ»ΓÄ»ΓÄ»ΓÄ»ΓÄ»ΓÄ»ΓÄ»ΓÄ»ΓÄ»ΓÄ»ΓÄ»ΓÄ»ΓÄ»ΓÄ»ΓÄ»ΓÄ»ΓÄ»ΓÄ»ΓÄ»[
9/50]ΓÄ»[22m[39m

[41m[1m FAIL [22m[49m src/__tests__/components/ChannelSettingsModal.test.js
x[2m > [22mGeneralTab[2m > [22mrenders locked toggle
[31m[1mTestingLibraryElementError[22m: Unable to find an element with the te
xt: /Kanal Kilitli/i. This could be because the text is broken up by multiple e
lements. In this case, you can provide a function for your text matcher to make
 your matcher more flexible.

Ignored nodes: comments, script, style
[36m<body>[31m
  [36m<div>[31m
    [36m<div>[31m
      [36m<label>[31m
        [0mchannel_name[0m
      [36m</label>[31m
      [36m<input[31m
        [33mvalue[31m=[32m"general"[31m
      [36m/>[31m
    [36m</div>[31m
    [36m<div>[31m
      [36m<label>[31m
        [36m<input[31m
          [33maria-label[31m=[32m"checkbox"[31m
          [33mtype[31m=[32m"checkbox"[31m
        [36m/>[31m
        [36m<span[31m
          [33mdata-testid[31m=[32m"icon-globe"[31m
        [36m>[31m
          [0m≡ƒîì[0m
        [36m</span>[31m
        [36m<span>[31m
          [0m≡ƒîì Public Channel[0m
        [36m</span>[31m
      [36m</label>[31m
    [36m</div>[31m
    [36m<div>[31m
      [36m<label>[31m
        [36m<input[31m
          [33maria-label[31m=[32m"checkbox"[31m
          [33mtype[31m=[32m"checkbox"[31m
        [36m/>[31m
        [36m<span[31m
          [33mdata-testid[31m=[32m"icon-warn"[31m
        [36m>[31m
          [0mΓÜá[0m
        [36m</span>[31m
        [36m<span>[31m
          [0m≡ƒö₧_nsfw_18_content[0m
        [36m</span>[31m
      [36m</label>[31m
      [36m<p[31m
        [33mclass[31m=[32m"hintMuted"[31m
      [36m>[31m
        [0mAdult content warning will be shown.[0m
      [36m</p>[31m
    [36m</div>[31m
    [36m<div>[31m
      [36m<label>[31m
        [36m<input[31m
          [33maria-label[31m=[32m"checkbox"[31m
          [33mtype[31m=[32m"checkbox"[31m
        [36m/>[31m
        [36m<span[31m
          [33mdata-testid[31m=[32m"icon-lock"[31m
        [36m>[31m
          [0m≡ƒöÆ[0m
        [36m</span>[31m
        [36m<span>[31m
          [0m≡ƒöÆ_channel_kilitli[0m
        [36m</span>[31m
      [36m</label>[31m
      [36m<p[31m
        [33mclass[31m=[32m"hintMuted"[31m
      [36m>[31m
        [0mNo one can send messages (temporary lock).[0m
      [36m</p>[31m
    [36m</div>[31m
    [36m<div>[31m
      [36m<label>[31m
        [36m<input[31m
          [33maria-label[31m=[32m"checkbox"[31m
          [33mtype[31m=[32m"checkbox"[31m
        [36m/>[31m
        [36m<span[31m
          [33mdata-testid[31m=[32m"icon-broadcast"[31m
        [36m>[31m
          [0m≡ƒôó[0m
        [36m</span>[31m
        [36m<span>[31m
          [0m≡ƒôó_duyuru_channel─▒_sadece_admin_yazar[0m
        [36m</span>[31m
      [36m</label>[31m
      [36m<p[31m
        [33mclass[31m=[32m"hintMuted"[31m
      [36m>[31m
        [0mHercut okuyabilir, sadece adminler yazabilir.[0m
      [36m</p>[31m
    [36m</div>[31m
    [36m<div>[31m
      [36m<button[31m
        [33maria-label[31m=[32m"Delete channel"[31m
      [36m>[31m
        [36m<span[31m
          [33mdata-testid[31m=[32m"icon-trash"[31m
        [36m>[31m
          [0m≡ƒùæ[0m
        [36m</span>[31m
        [0mdelete_channel[0m
      [36m</button>[31m
      [36m<button[31m
        [33maria-label[31m=[32m"Save channel settings"[31m
      [36m>[31m
        [36m<span[31m
          [33mdata-testid[31m=[32m"icon-save"[31m
        [36m>[31m
          [0m≡ƒÆ╛[0m
        [36m</span>[31m
        [0msave[0m
      [36m</button>[31m
    [36m</div>[31m
  [36m</div>[31m
[36m</body>[31m[39m
[90m [2mΓ¥»[22m Object.getElementError node_modules/@testing-library/dom/dis
t/config.js:[2m37:19[22m[39m
[90m [2mΓ¥»[22m node_modules/@testing-library/dom/dist/query-helpers.js:[2m
76:38[22m[39m
[90m [2mΓ¥»[22m node_modules/@testing-library/dom/dist/query-helpers.js:[2m
52:17[22m[39m
[90m [2mΓ¥»[22m node_modules/@testing-library/dom/dist/query-helpers.js:[2m
95:19[22m[39m
[36m [2mΓ¥»[22m src/__tests__/components/ChannelSettingsModal.test.jsx:[2m1
02:23[22m[39m
    [90m100| [39m    [34mit[39m([32m'renders locked toggle'[39m[33m,[39
m () [33m=>[39m {
    [90m101| [39m        [34mrender[39m([33m<[39m[33mGeneralTab[39m [3
3m{[39m[33m...[39mdefaultProps[33m}[39m [33m/[39m[33m>[39m)[33m;[39m
    [90m102| [39m        [34mexpect[39m(screen[33m.[39m[34mgetByText[39
m([36m/Kanal Kilitli/i[39m))[33m.[39m[34mtoBeDefined[39m()[33m;[39m
    [90m   | [39m                      [31m^[39m
    [90m103| [39m    })[33m;[39m
    [90m104| [39m

[31m[2mΓÄ»ΓÄ»ΓÄ»ΓÄ»ΓÄ»ΓÄ»ΓÄ»ΓÄ»ΓÄ»ΓÄ»ΓÄ»ΓÄ»ΓÄ»ΓÄ»ΓÄ»ΓÄ»ΓÄ»ΓÄ»ΓÄ»ΓÄ»ΓÄ»ΓÄ»[10/
50]ΓÄ»[22m[39m

[41m[1m FAIL [22m[49m src/__tests__/components/ChannelSettingsModal.test.js
x[2m > [22mGeneralTab[2m > [22mrenders read-only toggle
[31m[1mTestingLibraryElementError[22m: Unable to find an element with the te
xt: /Announcement Channel/i. This could be because the text is broken up by mul
tiple elements. In this case, you can provide a function for your text matcher 
to make your matcher more flexible.

Ignored nodes: comments, script, style
[36m<body>[31m
  [36m<div>[31m
    [36m<div>[31m
      [36m<label>[31m
        [0mchannel_name[0m
      [36m</label>[31m
      [36m<input[31m
        [33mvalue[31m=[32m"general"[31m
      [36m/>[31m
    [36m</div>[31m
    [36m<div>[31m
      [36m<label>[31m
        [36m<input[31m
          [33maria-label[31m=[32m"checkbox"[31m
          [33mtype[31m=[32m"checkbox"[31m
        [36m/>[31m
        [36m<span[31m
          [33mdata-testid[31m=[32m"icon-globe"[31m
        [36m>[31m
          [0m≡ƒîì[0m
        [36m</span>[31m
        [36m<span>[31m
          [0m≡ƒîì Public Channel[0m
        [36m</span>[31m
      [36m</label>[31m
    [36m</div>[31m
    [36m<div>[31m
      [36m<label>[31m
        [36m<input[31m
          [33maria-label[31m=[32m"checkbox"[31m
          [33mtype[31m=[32m"checkbox"[31m
        [36m/>[31m
        [36m<span[31m
          [33mdata-testid[31m=[32m"icon-warn"[31m
        [36m>[31m
          [0mΓÜá[0m
        [36m</span>[31m
        [36m<span>[31m
          [0m≡ƒö₧_nsfw_18_content[0m
        [36m</span>[31m
      [36m</label>[31m
      [36m<p[31m
        [33mclass[31m=[32m"hintMuted"[31m
      [36m>[31m
        [0mAdult content warning will be shown.[0m
      [36m</p>[31m
    [36m</div>[31m
    [36m<div>[31m
      [36m<label>[31m
        [36m<input[31m
          [33maria-label[31m=[32m"checkbox"[31m
          [33mtype[31m=[32m"checkbox"[31m
        [36m/>[31m
        [36m<span[31m
          [33mdata-testid[31m=[32m"icon-lock"[31m
        [36m>[31m
          [0m≡ƒöÆ[0m
        [36m</span>[31m
        [36m<span>[31m
          [0m≡ƒöÆ_channel_kilitli[0m
        [36m</span>[31m
      [36m</label>[31m
      [36m<p[31m
        [33mclass[31m=[32m"hintMuted"[31m
      [36m>[31m
        [0mNo one can send messages (temporary lock).[0m
      [36m</p>[31m
    [36m</div>[31m
    [36m<div>[31m
      [36m<label>[31m
        [36m<input[31m
          [33maria-label[31m=[32m"checkbox"[31m
          [33mtype[31m=[32m"checkbox"[31m
        [36m/>[31m
        [36m<span[31m
          [33mdata-testid[31m=[32m"icon-broadcast"[31m
        [36m>[31m
          [0m≡ƒôó[0m
        [36m</span>[31m
        [36m<span>[31m
          [0m≡ƒôó_duyuru_channel─▒_sadece_admin_yazar[0m
        [36m</span>[31m
      [36m</label>[31m
      [36m<p[31m
        [33mclass[31m=[32m"hintMuted"[31m
      [36m>[31m
        [0mHercut okuyabilir, sadece adminler yazabilir.[0m
      [36m</p>[31m
    [36m</div>[31m
    [36m<div>[31m
      [36m<button[31m
        [33maria-label[31m=[32m"Delete channel"[31m
      [36m>[31m
        [36m<span[31m
          [33mdata-testid[31m=[32m"icon-trash"[31m
        [36m>[31m
          [0m≡ƒùæ[0m
        [36m</span>[31m
        [0mdelete_channel[0m
      [36m</button>[31m
      [36m<button[31m
        [33maria-label[31m=[32m"Save channel settings"[31m
      [36m>[31m
        [36m<span[31m
          [33mdata-testid[31m=[32m"icon-save"[31m
        [36m>[31m
          [0m≡ƒÆ╛[0m
        [36m</span>[31m
        [0msave[0m
      [36m</button>[31m
    [36m</div>[31m
  [36m</div>[31m
[36m</body>[31m[39m
[90m [2mΓ¥»[22m Object.getElementError node_modules/@testing-library/dom/dis
t/config.js:[2m37:19[22m[39m
[90m [2mΓ¥»[22m node_modules/@testing-library/dom/dist/query-helpers.js:[2m
76:38[22m[39m
[90m [2mΓ¥»[22m node_modules/@testing-library/dom/dist/query-helpers.js:[2m
52:17[22m[39m
[90m [2mΓ¥»[22m node_modules/@testing-library/dom/dist/query-helpers.js:[2m
95:19[22m[39m
[36m [2mΓ¥»[22m src/__tests__/components/ChannelSettingsModal.test.jsx:[2m1
07:23[22m[39m
    [90m105| [39m    [34mit[39m([32m'renders read-only toggle'[39m[33m,
[39m () [33m=>[39m {
    [90m106| [39m        [34mrender[39m([33m<[39m[33mGeneralTab[39m [3
3m{[39m[33m...[39mdefaultProps[33m}[39m [33m/[39m[33m>[39m)[33m;[39m
    [90m107| [39m        expect(screen.getByText(/Announcement Channel/i)).to
BeDefined(ΓÇª
    [90m   | [39m                      [31m^[39m
    [90m108| [39m    })[33m;[39m
    [90m109| [39m

[31m[2mΓÄ»ΓÄ»ΓÄ»ΓÄ»ΓÄ»ΓÄ»ΓÄ»ΓÄ»ΓÄ»ΓÄ»ΓÄ»ΓÄ»ΓÄ»ΓÄ»ΓÄ»ΓÄ»ΓÄ»ΓÄ»ΓÄ»ΓÄ»ΓÄ»ΓÄ»[11/
50]ΓÄ»[22m[39m

[41m[1m FAIL [22m[49m src/__tests__/components/ChannelSettingsModal.test.js
x[2m > [22mGeneralTab[2m > [22mcalls handleSave on save button click
[31m[1mTestingLibraryElementError[22m: Unable to find an element with the te
xt: /Kaydet/i. This could be because the text is broken up by multiple elements
. In this case, you can provide a function for your text matcher to make your m
atcher more flexible.

Ignored nodes: comments, script, style
[36m<body>[31m
  [36m<div>[31m
    [36m<div>[31m
      [36m<label>[31m
        [0mchannel_name[0m
      [36m</label>[31m
      [36m<input[31m
        [33mvalue[31m=[32m"general"[31m
      [36m/>[31m
    [36m</div>[31m
    [36m<div>[31m
      [36m<label>[31m
        [36m<input[31m
          [33maria-label[31m=[32m"checkbox"[31m
          [33mtype[31m=[32m"checkbox"[31m
        [36m/>[31m
        [36m<span[31m
          [33mdata-testid[31m=[32m"icon-globe"[31m
        [36m>[31m
          [0m≡ƒîì[0m
        [36m</span>[31m
        [36m<span>[31m
          [0m≡ƒîì Public Channel[0m
        [36m</span>[31m
      [36m</label>[31m
    [36m</div>[31m
    [36m<div>[31m
      [36m<label>[31m
        [36m<input[31m
          [33maria-label[31m=[32m"checkbox"[31m
          [33mtype[31m=[32m"checkbox"[31m
        [36m/>[31m
        [36m<span[31m
          [33mdata-testid[31m=[32m"icon-warn"[31m
        [36m>[31m
          [0mΓÜá[0m
        [36m</span>[31m
        [36m<span>[31m
          [0m≡ƒö₧_nsfw_18_content[0m
        [36m</span>[31m
      [36m</label>[31m
      [36m<p[31m
        [33mclass[31m=[32m"hintMuted"[31m
      [36m>[31m
        [0mAdult content warning will be shown.[0m
      [36m</p>[31m
    [36m</div>[31m
    [36m<div>[31m
      [36m<label>[31m
        [36m<input[31m
          [33maria-label[31m=[32m"checkbox"[31m
          [33mtype[31m=[32m"checkbox"[31m
        [36m/>[31m
        [36m<span[31m
          [33mdata-testid[31m=[32m"icon-lock"[31m
        [36m>[31m
          [0m≡ƒöÆ[0m
        [36m</span>[31m
        [36m<span>[31m
          [0m≡ƒöÆ_channel_kilitli[0m
        [36m</span>[31m
      [36m</label>[31m
      [36m<p[31m
        [33mclass[31m=[32m"hintMuted"[31m
      [36m>[31m
        [0mNo one can send messages (temporary lock).[0m
      [36m</p>[31m
    [36m</div>[31m
    [36m<div>[31m
      [36m<label>[31m
        [36m<input[31m
          [33maria-label[31m=[32m"checkbox"[31m
          [33mtype[31m=[32m"checkbox"[31m
        [36m/>[31m
        [36m<span[31m
          [33mdata-testid[31m=[32m"icon-broadcast"[31m
        [36m>[31m
          [0m≡ƒôó[0m
        [36m</span>[31m
        [36m<span>[31m
          [0m≡ƒôó_duyuru_channel─▒_sadece_admin_yazar[0m
        [36m</span>[31m
      [36m</label>[31m
      [36m<p[31m
        [33mclass[31m=[32m"hintMuted"[31m
      [36m>[31m
        [0mHercut okuyabilir, sadece adminler yazabilir.[0m
      [36m</p>[31m
    [36m</div>[31m
    [36m<div>[31m
      [36m<button[31m
        [33maria-label[31m=[32m"Delete channel"[31m
      [36m>[31m
        [36m<span[31m
          [33mdata-testid[31m=[32m"icon-trash"[31m
        [36m>[31m
          [0m≡ƒùæ[0m
        [36m</span>[31m
        [0mdelete_channel[0m
      [36m</button>[31m
      [36m<button[31m
        [33maria-label[31m=[32m"Save channel settings"[31m
      [36m>[31m
        [36m<span[31m
          [33mdata-testid[31m=[32m"icon-save"[31m
        [36m>[31m
          [0m≡ƒÆ╛[0m
        [36m</span>[31m
        [0msave[0m
      [36m</button>[31m
    [36m</div>[31m
  [36m</div>[31m
[36m</body>[31m[39m
[90m [2mΓ¥»[22m Object.getElementError node_modules/@testing-library/dom/dis
t/config.js:[2m37:19[22m[39m
[90m [2mΓ¥»[22m node_modules/@testing-library/dom/dist/query-helpers.js:[2m
76:38[22m[39m
[90m [2mΓ¥»[22m node_modules/@testing-library/dom/dist/query-helpers.js:[2m
52:17[22m[39m
[90m [2mΓ¥»[22m node_modules/@testing-library/dom/dist/query-helpers.js:[2m
95:19[22m[39m
[36m [2mΓ¥»[22m src/__tests__/components/ChannelSettingsModal.test.jsx:[2m1
23:32[22m[39m
    [90m121| [39m    [34mit[39m([32m'calls handleSave on save button click
'[39m[33m,[39m () [33m=>[39m {
    [90m122| [39m        [34mrender[39m([33m<[39m[33mGeneralTab[39m [3
3m{[39m[33m...[39mdefaultProps[33m}[39m [33m/[39m[33m>[39m)[33m;[39m
    [90m123| [39m        [35mconst[39m saveBtn [33m=[39m screen[33m.[39
m[34mgetByText[39m([36m/Kaydet/i[39m)[33m;[39m
    [90m   | [39m                               [31m^[39m
    [90m124| [39m        fireEvent[33m.[39m[34mclick[39m(saveBtn)[33m;[
39m
    [90m125| [39m        [34mexpect[39m(defaultProps[33m.[39mhandleSave)
[33m.[39m[34mtoHaveBeenCalled[39m()[33m;[39m

[31m[2mΓÄ»ΓÄ»ΓÄ»ΓÄ»ΓÄ»ΓÄ»ΓÄ»ΓÄ»ΓÄ»ΓÄ»ΓÄ»ΓÄ»ΓÄ»ΓÄ»ΓÄ»ΓÄ»ΓÄ»ΓÄ»ΓÄ»ΓÄ»ΓÄ»ΓÄ»[12/
50]ΓÄ»[22m[39m

[41m[1m FAIL [22m[49m src/__tests__/components/ChannelSettingsModal.test.js
x[2m > [22mGeneralTab[2m > [22mcalls handleDelete on delete button click
[31m[1mTestingLibraryElementError[22m: Unable to find an element with the te
xt: /Kanal─▒ Sil/i. This could be because the text is broken up by multiple ele
ments. In this case, you can provide a function for your text matcher to make y
our matcher more flexible.

Ignored nodes: comments, script, style
[36m<body>[31m
  [36m<div>[31m
    [36m<div>[31m
      [36m<label>[31m
        [0mchannel_name[0m
      [36m</label>[31m
      [36m<input[31m
        [33mvalue[31m=[32m"general"[31m
      [36m/>[31m
    [36m</div>[31m
    [36m<div>[31m
      [36m<label>[31m
        [36m<input[31m
          [33maria-label[31m=[32m"checkbox"[31m
          [33mtype[31m=[32m"checkbox"[31m
        [36m/>[31m
        [36m<span[31m
          [33mdata-testid[31m=[32m"icon-globe"[31m
        [36m>[31m
          [0m≡ƒîì[0m
        [36m</span>[31m
        [36m<span>[31m
          [0m≡ƒîì Public Channel[0m
        [36m</span>[31m
      [36m</label>[31m
    [36m</div>[31m
    [36m<div>[31m
      [36m<label>[31m
        [36m<input[31m
          [33maria-label[31m=[32m"checkbox"[31m
          [33mtype[31m=[32m"checkbox"[31m
        [36m/>[31m
        [36m<span[31m
          [33mdata-testid[31m=[32m"icon-warn"[31m
        [36m>[31m
          [0mΓÜá[0m
        [36m</span>[31m
        [36m<span>[31m
          [0m≡ƒö₧_nsfw_18_content[0m
        [36m</span>[31m
      [36m</label>[31m
      [36m<p[31m
        [33mclass[31m=[32m"hintMuted"[31m
      [36m>[31m
        [0mAdult content warning will be shown.[0m
      [36m</p>[31m
    [36m</div>[31m
    [36m<div>[31m
      [36m<label>[31m
        [36m<input[31m
          [33maria-label[31m=[32m"checkbox"[31m
          [33mtype[31m=[32m"checkbox"[31m
        [36m/>[31m
        [36m<span[31m
          [33mdata-testid[31m=[32m"icon-lock"[31m
        [36m>[31m
          [0m≡ƒöÆ[0m
        [36m</span>[31m
        [36m<span>[31m
          [0m≡ƒöÆ_channel_kilitli[0m
        [36m</span>[31m
      [36m</label>[31m
      [36m<p[31m
        [33mclass[31m=[32m"hintMuted"[31m
      [36m>[31m
        [0mNo one can send messages (temporary lock).[0m
      [36m</p>[31m
    [36m</div>[31m
    [36m<div>[31m
      [36m<label>[31m
        [36m<input[31m
          [33maria-label[31m=[32m"checkbox"[31m
          [33mtype[31m=[32m"checkbox"[31m
        [36m/>[31m
        [36m<span[31m
          [33mdata-testid[31m=[32m"icon-broadcast"[31m
        [36m>[31m
          [0m≡ƒôó[0m
        [36m</span>[31m
        [36m<span>[31m
          [0m≡ƒôó_duyuru_channel─▒_sadece_admin_yazar[0m
        [36m</span>[31m
      [36m</label>[31m
      [36m<p[31m
        [33mclass[31m=[32m"hintMuted"[31m
      [36m>[31m
        [0mHercut okuyabilir, sadece adminler yazabilir.[0m
      [36m</p>[31m
    [36m</div>[31m
    [36m<div>[31m
      [36m<button[31m
        [33maria-label[31m=[32m"Delete channel"[31m
      [36m>[31m
        [36m<span[31m
          [33mdata-testid[31m=[32m"icon-trash"[31m
        [36m>[31m
          [0m≡ƒùæ[0m
        [36m</span>[31m
        [0mdelete_channel[0m
      [36m</button>[31m
      [36m<button[31m
        [33maria-label[31m=[32m"Save channel settings"[31m
      [36m>[31m
        [36m<span[31m
          [33mdata-testid[31m=[32m"icon-save"[31m
        [36m>[31m
          [0m≡ƒÆ╛[0m
        [36m</span>[31m
        [0msave[0m
      [36m</button>[31m
    [36m</div>[31m
  [36m</div>[31m
[36m</body>[31m[39m
[90m [2mΓ¥»[22m Object.getElementError node_modules/@testing-library/dom/dis
t/config.js:[2m37:19[22m[39m
[90m [2mΓ¥»[22m node_modules/@testing-library/dom/dist/query-helpers.js:[2m
76:38[22m[39m
[90m [2mΓ¥»[22m node_modules/@testing-library/dom/dist/query-helpers.js:[2m
52:17[22m[39m
[90m [2mΓ¥»[22m node_modules/@testing-library/dom/dist/query-helpers.js:[2m
95:19[22m[39m
[36m [2mΓ¥»[22m src/__tests__/components/ChannelSettingsModal.test.jsx:[2m1
30:34[22m[39m
    [90m128| [39m    [34mit[39m([32m'calls handleDelete on delete button c
lick'[39m[33m,[39m () [33m=>[39m {
    [90m129| [39m        [34mrender[39m([33m<[39m[33mGeneralTab[39m [3
3m{[39m[33m...[39mdefaultProps[33m}[39m [33m/[39m[33m>[39m)[33m;[39m
    [90m130| [39m        [35mconst[39m deleteBtn [33m=[39m screen[33m.[
39m[34mgetByText[39m([36m/Kanal─▒ Sil/i[39m)[33m;[39m
    [90m   | [39m                                 [31m^[39m
    [90m131| [39m        fireEvent[33m.[39m[34mclick[39m(deleteBtn)[33m;
[39m
    [90m132| [39m        [34mexpect[39m(defaultProps[33m.[39mhandleDelete
)[33m.[39m[34mtoHaveBeenCalled[39m()[33m;[39m

[31m[2mΓÄ»ΓÄ»ΓÄ»ΓÄ»ΓÄ»ΓÄ»ΓÄ»ΓÄ»ΓÄ»ΓÄ»ΓÄ»ΓÄ»ΓÄ»ΓÄ»ΓÄ»ΓÄ»ΓÄ»ΓÄ»ΓÄ»ΓÄ»ΓÄ»ΓÄ»[13/
50]ΓÄ»[22m[39m

[41m[1m FAIL [22m[49m src/__tests__/components/ChannelSettingsModal.test.js
x[2m > [22mPermissionsTab[2m > [22mcalls removePermission when remove butto
n clicked
[31m[1mTestingLibraryElementError[22m: Unable to find an element with the te
xt: /Kald─▒r/i. This could be because the text is broken up by multiple element
s. In this case, you can provide a function for your text matcher to make your 
matcher more flexible.

Ignored nodes: comments, script, style
[36m<body>[31m
  [36m<div>[31m
    [36m<div>[31m
      [36m<h4[31m
        [33mclass[31m=[32m"headingWhite"[31m
      [36m>[31m
        [36m<span[31m
          [33mdata-testid[31m=[32m"icon-shield"[31m
        [36m>[31m
          [0m≡ƒ¢í[0m
        [36m</span>[31m
        [0m Channel Permissions[0m
      [36m</h4>[31m
      [36m<button[31m
        [33maria-label[31m=[32m"Add permission"[31m
      [36m>[31m
        [36m<span[31m
          [33mdata-testid[31m=[32m"icon-plus"[31m
        [36m>[31m
          [0mΓ₧ò[0m
        [36m</span>[31m
        [0m [0m
        [0mAdd Permission[0m
      [36m</button>[31m
    [36m</div>[31m
    [36m<div>[31m
      [36m<h5[31m
        [33mclass[31m=[32m"sectionTitle"[31m
      [36m>[31m
        [0mrole_permissions[0m
      [36m</h5>[31m
      [36m<div>[31m
        [36m<div[31m
          [33mclass[31m=[32m"flexAlignGap10"[31m
        [36m>[31m
          [36m<div[31m
            [33mstyle[31m=[32m"width: 12px; height: 12px; border-radius: 50%
; background-color: rgb(0, 255, 0);"[31m
          [36m/>[31m
          [36m<span[31m
            [33mclass[31m=[32m"bold"[31m
          [36m>[31m
            [0mModerator[0m
          [36m</span>[31m
        [36m</div>[31m
        [36m<div[31m
          [33mclass[31m=[32m"permissionMeta"[31m
        [36m>[31m
          [0m≡ƒæü View [0m
          [0mΓ£Å∩╕Å Mesaj [0m
        [36m</div>[31m
        [36m<button>[31m
          [0mremove[0m
        [36m</button>[31m
      [36m</div>[31m
    [36m</div>[31m
    [36m<div>[31m
      [36m<h5[31m
        [33mclass[31m=[32m"sectionTitle"[31m
      [36m>[31m
        [0muser_permissions[0m
      [36m</h5>[31m
      [36m<div>[31m
        [36m<div[31m
          [33mclass[31m=[32m"flexAlignGap10"[31m
        [36m>[31m
          [36m<img[31m
            [33malt[31m=[32m"testUser"[31m
            [33mclass[31m=[32m"avatar24"[31m
            [33msrc[31m=[32m"/default-avatar.png"[31m
          [36m/>[31m
          [36m<span>[31m
            [0mtestUser[0m
          [36m</span>[31m
        [36m</div>[31m
        [36m<div[31m
          [33mclass[31m=[32m"permissionMeta"[31m
        [36m>[31m
          [0m≡ƒæü View [0m
          [0m≡ƒÄñ Connect [0m
        [36m</div>[31m
        [36m<button>[31m
          [0mremove[0m
        [36m</button>[31m
      [36m</div>[31m
    [36m</div>[31m
  [36m</div>[31m
[36m</body>[31m[39m
[90m [2mΓ¥»[22m Object.getElementError node_modules/@testing-library/dom/dis
t/config.js:[2m37:19[22m[39m
[90m [2mΓ¥»[22m node_modules/@testing-library/dom/dist/query-helpers.js:[2m
76:38[22m[39m
[90m [2mΓ¥»[22m node_modules/@testing-library/dom/dist/query-helpers.js:[2m
109:15[22m[39m
[36m [2mΓ¥»[22m src/__tests__/components/ChannelSettingsModal.test.jsx:[2m1
94:35[22m[39m
    [90m192| [39m    [34mit[39m([32m'calls removePermission when remove bu
tton clicked'[39m[33m,[39m () [33m=>[39m {
    [90m193| [39m        [34mrender[39m([33m<[39m[33mPermissionsTab[39m
 [33m{[39m[33m...[39mdefaultPerms[33m}[39m [33m/[39m[33m>[39m)[33m;
[39m
    [90m194| [39m        [35mconst[39m removeBtns [33m=[39m screen[33m.
[39m[34mgetAllByText[39m([36m/Kald─▒r/i[39m)[33m;[39m
    [90m   | [39m                                  [31m^[39m
    [90m195| [39m        fireEvent[33m.[39m[34mclick[39m(removeBtns[[34m
0[39m])[33m;[39m
    [90m196| [39m        [34mexpect[39m(defaultPerms[33m.[39mremovePermis
sion)[33m.[39m[34mtoHaveBeenCalledWith[39m([34m1[39m)[33m;[39m

[31m[2mΓÄ»ΓÄ»ΓÄ»ΓÄ»ΓÄ»ΓÄ»ΓÄ»ΓÄ»ΓÄ»ΓÄ»ΓÄ»ΓÄ»ΓÄ»ΓÄ»ΓÄ»ΓÄ»ΓÄ»ΓÄ»ΓÄ»ΓÄ»ΓÄ»ΓÄ»[14/
50]ΓÄ»[22m[39m

[41m[1m FAIL [22m[49m src/__tests__/components/ChannelSettingsModal.test.js
x[2m > [22mPermissionsTab[2m > [22mshows "add permission" button
[31m[1mTestingLibraryElementError[22m: Unable to find an element with the te
xt: /─░zin Ekle/i. This could be because the text is broken up by multiple elem
ents. In this case, you can provide a function for your text matcher to make yo
ur matcher more flexible.

Ignored nodes: comments, script, style
[36m<body>[31m
  [36m<div>[31m
    [36m<div>[31m
      [36m<h4[31m
        [33mclass[31m=[32m"headingWhite"[31m
      [36m>[31m
        [36m<span[31m
          [33mdata-testid[31m=[32m"icon-shield"[31m
        [36m>[31m
          [0m≡ƒ¢í[0m
        [36m</span>[31m
        [0m Channel Permissions[0m
      [36m</h4>[31m
      [36m<button[31m
        [33maria-label[31m=[32m"Add permission"[31m
      [36m>[31m
        [36m<span[31m
          [33mdata-testid[31m=[32m"icon-plus"[31m
        [36m>[31m
          [0mΓ₧ò[0m
        [36m</span>[31m
        [0m [0m
        [0mAdd Permission[0m
      [36m</button>[31m
    [36m</div>[31m
    [36m<div>[31m
      [36m<h5[31m
        [33mclass[31m=[32m"sectionTitle"[31m
      [36m>[31m
        [0mrole_permissions[0m
      [36m</h5>[31m
      [36m<div>[31m
        [36m<div[31m
          [33mclass[31m=[32m"flexAlignGap10"[31m
        [36m>[31m
          [36m<div[31m
            [33mstyle[31m=[32m"width: 12px; height: 12px; border-radius: 50%
; background-color: rgb(0, 255, 0);"[31m
          [36m/>[31m
          [36m<span[31m
            [33mclass[31m=[32m"bold"[31m
          [36m>[31m
            [0mModerator[0m
          [36m</span>[31m
        [36m</div>[31m
        [36m<div[31m
          [33mclass[31m=[32m"permissionMeta"[31m
        [36m>[31m
          [0m≡ƒæü View [0m
          [0mΓ£Å∩╕Å Mesaj [0m
        [36m</div>[31m
        [36m<button>[31m
          [0mremove[0m
        [36m</button>[31m
      [36m</div>[31m
    [36m</div>[31m
    [36m<div>[31m
      [36m<h5[31m
        [33mclass[31m=[32m"sectionTitle"[31m
      [36m>[31m
        [0muser_permissions[0m
      [36m</h5>[31m
      [36m<div>[31m
        [36m<div[31m
          [33mclass[31m=[32m"flexAlignGap10"[31m
        [36m>[31m
          [36m<img[31m
            [33malt[31m=[32m"testUser"[31m
            [33mclass[31m=[32m"avatar24"[31m
            [33msrc[31m=[32m"/default-avatar.png"[31m
          [36m/>[31m
          [36m<span>[31m
            [0mtestUser[0m
          [36m</span>[31m
        [36m</div>[31m
        [36m<div[31m
          [33mclass[31m=[32m"permissionMeta"[31m
        [36m>[31m
          [0m≡ƒæü View [0m
          [0m≡ƒÄñ Connect [0m
        [36m</div>[31m
        [36m<button>[31m
          [0mremove[0m
        [36m</button>[31m
      [36m</div>[31m
    [36m</div>[31m
  [36m</div>[31m
[36m</body>[31m[39m
[90m [2mΓ¥»[22m Object.getElementError node_modules/@testing-library/dom/dis
t/config.js:[2m37:19[22m[39m
[90m [2mΓ¥»[22m node_modules/@testing-library/dom/dist/query-helpers.js:[2m
76:38[22m[39m
[90m [2mΓ¥»[22m node_modules/@testing-library/dom/dist/query-helpers.js:[2m
52:17[22m[39m
[90m [2mΓ¥»[22m node_modules/@testing-library/dom/dist/query-helpers.js:[2m
95:19[22m[39m
[36m [2mΓ¥»[22m src/__tests__/components/ChannelSettingsModal.test.jsx:[2m2
01:23[22m[39m
    [90m199| [39m    [34mit[39m([32m'shows "add permission" button'[39m[
33m,[39m () [33m=>[39m {
    [90m200| [39m        [34mrender[39m([33m<[39m[33mPermissionsTab[39m
 [33m{[39m[33m...[39mdefaultPerms[33m}[39m [33m/[39m[33m>[39m)[33m;
[39m
    [90m201| [39m        [34mexpect[39m(screen[33m.[39m[34mgetByText[39
m([36m/─░zin Ekle/i[39m))[33m.[39m[34mtoBeDefined[39m()[33m;[39m
    [90m   | [39m                      [31m^[39m
    [90m202| [39m    })[33m;[39m
    [90m203| [39m

[31m[2mΓÄ»ΓÄ»ΓÄ»ΓÄ»ΓÄ»ΓÄ»ΓÄ»ΓÄ»ΓÄ»ΓÄ»ΓÄ»ΓÄ»ΓÄ»ΓÄ»ΓÄ»ΓÄ»ΓÄ»ΓÄ»ΓÄ»ΓÄ»ΓÄ»ΓÄ»[15/
50]ΓÄ»[22m[39m

[41m[1m FAIL [22m[49m src/__tests__/components/ChannelSettingsModal.test.js
x[2m > [22mPermissionsTab[2m > [22mcalls setShowAddPermission on "add" clic
k
[31m[1mTestingLibraryElementError[22m: Unable to find an element with the te
xt: /─░zin Ekle/i. This could be because the text is broken up by multiple elem
ents. In this case, you can provide a function for your text matcher to make yo
ur matcher more flexible.

Ignored nodes: comments, script, style
[36m<body>[31m
  [36m<div>[31m
    [36m<div>[31m
      [36m<h4[31m
        [33mclass[31m=[32m"headingWhite"[31m
      [36m>[31m
        [36m<span[31m
          [33mdata-testid[31m=[32m"icon-shield"[31m
        [36m>[31m
          [0m≡ƒ¢í[0m
        [36m</span>[31m
        [0m Channel Permissions[0m
      [36m</h4>[31m
      [36m<button[31m
        [33maria-label[31m=[32m"Add permission"[31m
      [36m>[31m
        [36m<span[31m
          [33mdata-testid[31m=[32m"icon-plus"[31m
        [36m>[31m
          [0mΓ₧ò[0m
        [36m</span>[31m
        [0m [0m
        [0mAdd Permission[0m
      [36m</button>[31m
    [36m</div>[31m
    [36m<div>[31m
      [36m<h5[31m
        [33mclass[31m=[32m"sectionTitle"[31m
      [36m>[31m
        [0mrole_permissions[0m
      [36m</h5>[31m
      [36m<div>[31m
        [36m<div[31m
          [33mclass[31m=[32m"flexAlignGap10"[31m
        [36m>[31m
          [36m<div[31m
            [33mstyle[31m=[32m"width: 12px; height: 12px; border-radius: 50%
; background-color: rgb(0, 255, 0);"[31m
          [36m/>[31m
          [36m<span[31m
            [33mclass[31m=[32m"bold"[31m
          [36m>[31m
            [0mModerator[0m
          [36m</span>[31m
        [36m</div>[31m
        [36m<div[31m
          [33mclass[31m=[32m"permissionMeta"[31m
        [36m>[31m
          [0m≡ƒæü View [0m
          [0mΓ£Å∩╕Å Mesaj [0m
        [36m</div>[31m
        [36m<button>[31m
          [0mremove[0m
        [36m</button>[31m
      [36m</div>[31m
    [36m</div>[31m
    [36m<div>[31m
      [36m<h5[31m
        [33mclass[31m=[32m"sectionTitle"[31m
      [36m>[31m
        [0muser_permissions[0m
      [36m</h5>[31m
      [36m<div>[31m
        [36m<div[31m
          [33mclass[31m=[32m"flexAlignGap10"[31m
        [36m>[31m
          [36m<img[31m
            [33malt[31m=[32m"testUser"[31m
            [33mclass[31m=[32m"avatar24"[31m
            [33msrc[31m=[32m"/default-avatar.png"[31m
          [36m/>[31m
          [36m<span>[31m
            [0mtestUser[0m
          [36m</span>[31m
        [36m</div>[31m
        [36m<div[31m
          [33mclass[31m=[32m"permissionMeta"[31m
        [36m>[31m
          [0m≡ƒæü View [0m
          [0m≡ƒÄñ Connect [0m
        [36m</div>[31m
        [36m<button>[31m
          [0mremove[0m
        [36m</button>[31m
      [36m</div>[31m
    [36m</div>[31m
  [36m</div>[31m
[36m</body>[31m[39m
[90m [2mΓ¥»[22m Object.getElementError node_modules/@testing-library/dom/dis
t/config.js:[2m37:19[22m[39m
[90m [2mΓ¥»[22m node_modules/@testing-library/dom/dist/query-helpers.js:[2m
76:38[22m[39m
[90m [2mΓ¥»[22m node_modules/@testing-library/dom/dist/query-helpers.js:[2m
52:17[22m[39m
[90m [2mΓ¥»[22m node_modules/@testing-library/dom/dist/query-helpers.js:[2m
95:19[22m[39m
[36m [2mΓ¥»[22m src/__tests__/components/ChannelSettingsModal.test.jsx:[2m2
06:32[22m[39m
    [90m204| [39m    [34mit[39m([32m'calls setShowAddPermission on "add" c
lick'[39m[33m,[39m () [33m=>[39m {
    [90m205| [39m        [34mrender[39m([33m<[39m[33mPermissionsTab[39m
 [33m{[39m[33m...[39mdefaultPerms[33m}[39m [33m/[39m[33m>[39m)[33m;
[39m
    [90m206| [39m        fireEvent[33m.[39m[34mclick[39m(screen[33m.[39
m[34mgetByText[39m([36m/─░zin Ekle/i[39m))[33m;[39m
    [90m   | [39m                               [31m^[39m
    [90m207| [39m        expect(defaultPerms.setShowAddPermission).toHaveBeen
CalledWithΓÇª
    [90m208| [39m    })[33m;[39m

[31m[2mΓÄ»ΓÄ»ΓÄ»ΓÄ»ΓÄ»ΓÄ»ΓÄ»ΓÄ»ΓÄ»ΓÄ»ΓÄ»ΓÄ»ΓÄ»ΓÄ»ΓÄ»ΓÄ»ΓÄ»ΓÄ»ΓÄ»ΓÄ»ΓÄ»ΓÄ»[16/
50]ΓÄ»[22m[39m

[41m[1m FAIL [22m[49m src/__tests__/components/ChannelSettingsModal.test.js
x[2m > [22mPermissionsTab[2m > [22mshows empty state when no permissions
[31m[1mTestingLibraryElementError[22m: Unable to find an element with the te
xt: /Not yet ├╢zel izin tan─▒mlanmam─▒┼ƒ/i. This could be because the text is b
roken up by multiple elements. In this case, you can provide a function for you
r text matcher to make your matcher more flexible.

Ignored nodes: comments, script, style
[36m<body>[31m
  [36m<div>[31m
    [36m<div>[31m
      [36m<h4[31m
        [33mclass[31m=[32m"headingWhite"[31m
      [36m>[31m
        [36m<span[31m
          [33mdata-testid[31m=[32m"icon-shield"[31m
        [36m>[31m
          [0m≡ƒ¢í[0m
        [36m</span>[31m
        [0m Channel Permissions[0m
      [36m</h4>[31m
      [36m<button[31m
        [33maria-label[31m=[32m"Add permission"[31m
      [36m>[31m
        [36m<span[31m
          [33mdata-testid[31m=[32m"icon-plus"[31m
        [36m>[31m
          [0mΓ₧ò[0m
        [36m</span>[31m
        [0m [0m
        [0mAdd Permission[0m
      [36m</button>[31m
    [36m</div>[31m
    [36m<div[31m
      [33mclass[31m=[32m"emptyState"[31m
    [36m>[31m
      [36m<span[31m
        [33mdata-testid[31m=[32m"icon-lock"[31m
      [36m>[31m
        [0m≡ƒöÆ[0m
      [36m</span>[31m
      [36m<p>[31m
        [0mno_custom_permissions_defined_yet[0m
      [36m</p>[31m
      [36m<p[31m
        [33mstyle[31m=[32m"font-size: 0.85em;"[31m
      [36m>[31m
        [0myou_can_define_custom_permissions_for_specific_roles_or_user[0m
      [36m</p>[31m
    [36m</div>[31m
  [36m</div>[31m
[36m</body>[31m[39m
[90m [2mΓ¥»[22m Object.getElementError node_modules/@testing-library/dom/dis
t/config.js:[2m37:19[22m[39m
[90m [2mΓ¥»[22m node_modules/@testing-library/dom/dist/query-helpers.js:[2m
76:38[22m[39m
[90m [2mΓ¥»[22m node_modules/@testing-library/dom/dist/query-helpers.js:[2m
52:17[22m[39m
[90m [2mΓ¥»[22m node_modules/@testing-library/dom/dist/query-helpers.js:[2m
95:19[22m[39m
[36m [2mΓ¥»[22m src/__tests__/components/ChannelSettingsModal.test.jsx:[2m2
16:23[22m[39m
    [90m214| [39m        }[33m;[39m
    [90m215| [39m        [34mrender[39m([33m<[39m[33mPermissionsTab[39m
 [33m{[39m[33m...[39memptyPerms[33m}[39m [33m/[39m[33m>[39m)[33m;[3
9m
    [90m216| [39m        expect(screen.getByText(/Not yet ├╢zel izin tan─▒mla
nmam─▒┼ƒ/i)).tΓÇª
    [90m   | [39m                      [31m^[39m
    [90m217| [39m    })[33m;[39m
    [90m218| [39m})[33m;[39m

[31m[2mΓÄ»ΓÄ»ΓÄ»ΓÄ»ΓÄ»ΓÄ»ΓÄ»ΓÄ»ΓÄ»ΓÄ»ΓÄ»ΓÄ»ΓÄ»ΓÄ»ΓÄ»ΓÄ»ΓÄ»ΓÄ»ΓÄ»ΓÄ»ΓÄ»ΓÄ»[17/
50]ΓÄ»[22m[39m

[41m[1m FAIL [22m[49m src/__tests__/components/criticalComponents.test.jsx
[2m > [22mErrorBoundary[2m > [22mrenders children when no error
[41m[1m FAIL [22m[49m src/__tests__/components/criticalComponents.test.jsx
[2m > [22mErrorBoundary[2m > [22mcatches rendering errors and shows fallback
[31m[1mError[22m: [vitest] No "withTranslation" export is defined on the "re
act-i18next" mock. Did you forget to return it from "vi.mock"?
If you need to partially mock a module, you can use "importOriginal" helper ins
ide:
[39m
vi.mock(import("react-i18next"), async (importOriginal) => {
  const actual = await importOriginal()
  return {
    ...actual,
    // your mocked methods
  }
})

[36m [2mΓ¥»[22m src/components/ErrorBoundary/ErrorBoundary.jsx:[2m201:16[2
2m[39m
    [90m199| [39m[33mErrorBoundary[39m[33m.[39mpropTypes [33m=[39m {}[
33m;[39m
    [90m200| [39m
    [90m201| [39m[35mexport[39m [35mdefault[39m [34mwithTranslation[39m
()([33mErrorBoundary[39m)[33m;[39m
    [90m   | [39m               [31m^[39m
    [90m202| [39m
[90m [2mΓ¥»[22m src/__tests__/components/criticalComponents.test.jsx:[2m61:
13[22m[39m

[31m[2mΓÄ»ΓÄ»ΓÄ»ΓÄ»ΓÄ»ΓÄ»ΓÄ»ΓÄ»ΓÄ»ΓÄ»ΓÄ»ΓÄ»ΓÄ»ΓÄ»ΓÄ»ΓÄ»ΓÄ»ΓÄ»ΓÄ»ΓÄ»ΓÄ»ΓÄ»[18/
50]ΓÄ»[22m[39m

[41m[1m FAIL [22m[49m src/__tests__/components/CryptoDashboard.test.jsx[2m
 > [22mCryptoDashboard Orchestrator[2m > [22mshould show loading state
[31m[1mTestingLibraryElementError[22m[39m: Unable to find an element with t
he text: /Kripto Verforward/. This could be because the text is broken up by mu
ltiple elements. In this case, you can provide a function for your text matcher
 to make your matcher more flexible.

Ignored nodes: comments, script, style
[36m<body>[39m
  [36m<div>[39m
    [36m<div[39m
      [33mstyle[39m=[32m"padding-top: 20px;"[39m
    [36m>[39m
      [36m<div>[39m
        [36m<div>[39m
          [36m<a[39m
            [33mhref[39m=[32m"/"[39m
          [36m>[39m
            [36m<svg[39m
              [33mfill[39m=[32m"currentColor"[39m
              [33mheight[39m=[32m"1em"[39m
              [33mstroke[39m=[32m"currentColor"[39m
              [33mstroke-width[39m=[32m"0"[39m
              [33mviewBox[39m=[32m"0 0 448 512"[39m
              [33mwidth[39m=[32m"1em"[39m
              [33mxmlns[39m=[32m"http://www.w3.org/2000/svg"[39m
            [36m>[39m
              [36m<path[39m
                [33md[39m=[32m"M257.5 445.1l-22.2 22.2c-9.4 9.4-24.6 9.4-33.
9 0L7 273c-9.4-9.4-9.4-24.6 0-33.9L201.4 44.7c9.4-9.4 24.6-9.4 33.9 0l22.2 22.2
c9.5 9.5 9.3 25-.4 34.3L136.6 216H424c13.3 0 24 10.7 24 24v32c0 13.3-10.7 24-24
 24H136.6l120.5 114.8c9.8 9.3 10 24.8.4 34.3z"[39m
              [36m/>[39m
            [36m</svg>[39m
            [0m [0m
            [0mcommon.back[0m
          [36m</a>[39m
          [36m<h1>[39m
            [36m<svg[39m
              [33mfill[39m=[32m"currentColor"[39m
              [33mheight[39m=[32m"1em"[39m
              [33mstroke[39m=[32m"currentColor"[39m
              [33mstroke-width[39m=[32m"0"[39m
              [33mviewBox[39m=[32m"0 0 512 512"[39m
              [33mwidth[39m=[32m"1em"[39m
              [33mxmlns[39m=[32m"http://www.w3.org/2000/svg"[39m
            [36m>[39m
              [36m<path[39m
                [33md[39m=[32m"M504 256c0 136.967-111.033 248-248 248S8 392.
967 8 256 119.033 8 256 8s248 111.033 248 248zm-141.651-35.33c4.937-32.999-20.1
91-50.739-54.55-62.573l11.146-44.702-27.213-6.781-10.851 43.524c-7.154-1.783-14
.502-3.464-21.803-5.13l10.929-43.81-27.198-6.781-11.153 44.686c-5.922-1.349-11.
735-2.682-17.377-4.084l.031-.14-37.53-9.37-7.239 29.062s20.191 4.627 19.765 4.9
13c11.022 2.751 13.014 10.044 12.68 15.825l-12.696 50.925c.76.194 1.744.473 2.8
29.907-.907-.225-1.876-.473-2.876-.713l-17.796 71.338c-1.349 3.348-4.767 8.37-1
2.471 6.464.271.395-19.78-4.937-19.78-4.937l-13.51 31.147 35.414 8.827c6.588 1.
651 13.045 3.379 19.4 5.006l-11.262 45.213 27.182 6.781 11.153-44.733a1038.209 
1038.209 0 0 0 21.687 5.627l-11.115 44.523 27.213 6.781 11.262-45.128c46.404 8.
781 81.299 5.239 95.986-36.727 11.836-33.79-.589-53.281-25.004-65.991 17.78-4.0
98 31.174-15.792 34.747-39.949zm-62.177 87.179c-8.41 33.79-65.308 15.523-83.755
 10.943l14.944-59.899c18.446 4.603 77.6 13.717 68.811 48.956zm8.417-87.667c-7.6
73 30.736-55.031 15.12-70.393 11.292l13.548-54.327c15.363 3.828 64.836 10.973 5
6.845 43.035z"[39m
              [36m/>[39m
            [36m</svg>[39m
            [0mCrypto AI Dashboard[0m
            [36m<span>[39m
              [0mv[0m
              [0m3.0[0m
            [36m</span>[39m
          [36m</h1>[39m
        [36m</div>[39m
        [36m<div>[39m
          [36m<button[39m
            [33maria-label[39m=[32m"crypto.portfolio"[39m
          [36m>[39m
            [36m<svg[39m
              [33mfill[39m=[32m"currentColor"[39m
              [33mheight[39m=[32m"1em"[39m
              [33mstroke[39m=[32m"currentColor"[39m
              [33mstroke-width[39m=[32m"0"[39m
              [33mviewBox[39m=[32m"0 0 512 512"[39m
              [33mwidth[39m=[32m"1em"[39m
              [33mxmlns[39m=[32m"http://www.w3.org/2000/svg"[39m
            [36m>[39m
              [36m<path[39m
                [33md[39m=[32m"M461.2 128H80c-8.84 0-16-7.16-16-16s7.16-16 1
6-16h384c8.84 0 16-7.16 16-16 0-26.51-21.49-48-48-48H64C28.65 32 0 60.65 0 96v3
20c0 35.35 28.65 64 64 64h397.2c28.02 0 50.8-21.53 50.8-48V176c0-26.47-22.78-48
-50.8-48zM416 336c-17.67 0-32-14.33-32-32s14.33-32 32-32 32 14.33 32 32-14.33 3
2-32 32z"[39m
              [36m/>[39m
            [36m</svg>[39m
            [0m [0m
            [0mcrypto.portfolio[0m
            [0m ($[0m
            [0m1000[0m
            [0m)[0m
          [36m</button>[39m
          [36m<button[39m
            [33maria-label[39m=[32m"common.retry"[39m
          [36m>[39m
            [36m<svg[39m
              [33mclass[39m=[32m"spin"[39m
              [33mfill[39m=[32m"currentColor"[39m
              [33mheight[39m=[32m"1em"[39m
              [33mstroke[39m=[32m"currentColor"[39m
              [33mstroke-width[39m=[32m"0"[39m
              [33mviewBox[39m=[32m"0 0 512 512"[39m
              [33mwidth[39m=[32m"1em"[39m
              [33mxmlns[39m=[32m"http://www.w3.org/2000/svg"[39m
            [36m>[39m
              [36m<path[39m
                [33md[39m=[32m"M440.65 12.57l4 82.77A247.16 247.16 0 0 0 255
.83 8C134.73 8 33.91 94.92 12.29 209.82A12 12 0 0 0 24.09 224h49.05a12 12 0 0 0
 11.67-9.26 175.91 175.91 0 0 1 317-56.94l-101.46-4.86a12 12 0 0 0-12.57 12v47.
41a12 12 0 0 0 12 12H500a12 12 0 0 0 12-12V12a12 12 0 0 0-12-12h-47.37a12 12 0 
0 0-11.98 12.57zM255.83 432a175.61 175.61 0 0 1-146-77.8l101.8 4.87a12 12 0 0 0
 12.57-12v-47.4a12 12 0 0 0-12-12H12a12 12 0 0 0-12 12V500a12 12 0 0 0 12 12h47
.35a12 12 0 0 0 12-12.6l-4.15-82.57A247.17 247.17 0 0 0 255.83 504c121.11 0 221
.93-86.92 243.55-201.82a12 12 0 0 0-11.8-14.18h-49.05a12 12 0 0 0-11.67 9.26A17
5.86 175.86 0 0 1 255.83 432z"[39m
              [36m/>[39m
            [36m</svg>[39m
            [0m [0m
          [36m</button>[39m
        [36m</div>[39m
      [36m</div>[39m
      [36m<div>[39m
        [36m<span>[39m
          [0m≡ƒôà Last Updated: [0m
          [36m<strong>[39m
            [0m2025-01-01[0m
          [36m</strong>[39m
        [36m</span>[39m
        [36m<span>[39m
          [0m≡ƒôè Strateji:[0m
          [0m [0m
          [36m<strong>[39m
            [0m50[0m
          [36m</strong>[39m
        [36m</span>[39m
      [36m</div>[39m
      [36m<div>[39m
        [36m<div[39m
          [33mclass[39m=[32m"spin"[39m
        [36m/>[39m
        [36m<p>[39m
          [0mcommon.loading[0m
        [36m</p>[39m
      [36m</div>[39m
    [36m</div>[39m
  [36m</div>[39m
[36m</body>[39m
[90m [2mΓ¥»[22m Object.getElementError node_modules/@testing-library/dom/dis
t/config.js:[2m37:19[22m[39m
[90m [2mΓ¥»[22m node_modules/@testing-library/dom/dist/query-helpers.js:[2m
76:38[22m[39m
[90m [2mΓ¥»[22m node_modules/@testing-library/dom/dist/query-helpers.js:[2m
52:17[22m[39m
[90m [2mΓ¥»[22m node_modules/@testing-library/dom/dist/query-helpers.js:[2m
95:19[22m[39m
[36m [2mΓ¥»[22m src/__tests__/components/CryptoDashboard.test.jsx:[2m168:23
[22m[39m
    [90m166| [39m    [34mit[39m([32m'should show loading state'[39m[33m,
[39m () [33m=>[39m {
    [90m167| [39m        [34mrenderDashboard[39m({ loading[33m:[39m [35m
true[39m[33m,[39m data[33m:[39m [35mnull[39m })[33m;[39m
    [90m168| [39m        [34mexpect[39m(screen[33m.[39m[34mgetByText[39
m([36m/Kripto Verforward/[39m))[33m.[39m[34mtoBeDefined[39m()[33m;[39m
    [90m   | [39m                      [31m^[39m
    [90m169| [39m    })[33m;[39m
    [90m170| [39m

[31m[2mΓÄ»ΓÄ»ΓÄ»ΓÄ»ΓÄ»ΓÄ»ΓÄ»ΓÄ»ΓÄ»ΓÄ»ΓÄ»ΓÄ»ΓÄ»ΓÄ»ΓÄ»ΓÄ»ΓÄ»ΓÄ»ΓÄ»ΓÄ»ΓÄ»ΓÄ»[19/
50]ΓÄ»[22m[39m

[41m[1m FAIL [22m[49m src/__tests__/components/HomePanel.test.jsx[2m > [2
2mHomePanel[2m > [22mrenders Home header
[31m[1mTestingLibraryElementError[22m[39m: Unable to find an element with t
he text: Home. This could be because the text is broken up by multiple elements
. In this case, you can provide a function for your text matcher to make your m
atcher more flexible.

Ignored nodes: comments, script, style
[36m<body>[39m
  [36m<div>[39m
    [36m<div[39m
      [33mstyle[39m=[32m"flex: 1 1 0%; overflow-y: auto; overflow-x: hidden;
 min-height: 0; padding-bottom: 8px;"[39m
    [36m>[39m
      [36m<div[39m
        [33mstyle[39m=[32m"padding: 0px 16px; height: 52px; font-size: 15px;
 font-weight: 700; color: rgb(242, 243, 245); border-bottom: 1px solid rgba(255
, 255, 255, 0.05); margin-bottom: 8px; display: flex; align-items: center; back
ground: rgba(255, 255, 255, 0.025);"[39m
      [36m>[39m
        [0mAna Sayfa[0m
      [36m</div>[39m
      [36m<div[39m
        [33mstyle[39m=[32m"padding: 0px 8px; display: flex; flex-direction: 
column; gap: 2px;"[39m
      [36m>[39m
        [36m<div[39m
          [33maria-label[39m=[32m"PawPaw AI channel"[39m
          [33mrole[39m=[32m"button"[39m
          [33mstyle[39m=[32m"display: flex; justify-content: space-between; 
align-items: center; padding: 7px 10px; cursor: pointer; color: rgb(128, 132, 1
42); border-radius: 8px; transition: background-color 0.12s ease, color 0.12s e
ase; font-size: 14.5px; font-weight: 500; margin: 1px 8px 0px;"[39m
          [33mtabindex[39m=[32m"0"[39m
        [36m>[39m
          [36m<div[39m
            [33mstyle[39m=[32m"display: flex; align-items: center; flex: 1 1
 0%; min-width: 0;"[39m
          [36m>[39m
            [36m<svg[39m
              [33mfill[39m=[32m"currentColor"[39m
              [33mheight[39m=[32m"1em"[39m
              [33mstroke[39m=[32m"currentColor"[39m
              [33mstroke-width[39m=[32m"0"[39m
              [33mstyle[39m=[32m"color: rgb(90, 95, 105); margin-right: 7px;
 font-size: 14px; flex-shrink: 0;"[39m
              [33mviewBox[39m=[32m"0 0 640 512"[39m
              [33mwidth[39m=[32m"1em"[39m
              [33mxmlns[39m=[32m"http://www.w3.org/2000/svg"[39m
            [36m>[39m
              [36m<path[39m
                [33md[39m=[32m"M32,224H64V416H32A31.96166,31.96166,0,0,1,0,3
84V256A31.96166,31.96166,0,0,1,32,224Zm512-48V448a64.06328,64.06328,0,0,1-64,64
H160a64.06328,64.06328,0,0,1-64-64V176a79.974,79.974,0,0,1,80-80H288V32a32,32,0
,0,1,64,0V96H464A79.974,79.974,0,0,1,544,176ZM264,256a40,40,0,1,0-40,40A39.997,
39.997,0,0,0,264,256Zm-8,128H192v32h64Zm96,0H288v32h64ZM456,256a40,40,0,1,0-40,
40A39.997,39.997,0,0,0,456,256Zm-8,128H384v32h64ZM640,256V384a31.96166,31.96166
,0,0,1-32,32H576V224h32A31.96166,31.96166,0,0,1,640,256Z"[39m
              [36m/>[39m
            [36m</svg>[39m
            [36m<span[39m
              [33mstyle[39m=[32m"white-space: nowrap; overflow: hidden; text
-overflow: ellipsis; flex: 1 1 0%;"[39m
            [36m>[39m
              [0mPawPaw AI[0m
            [36m</span>[39m
          [36m</div>[39m
        [36m</div>[39m
        [36m<div[39m
          [33maria-label[39m=[32m"Signal Bot channel"[39m
          [33mrole[39m=[32m"button"[39m
          [33mstyle[39m=[32m"display: flex; justify-content: space-between; 
align-items: center; padding: 7px 10px; cursor: pointer; color: rgb(128, 132, 1
42); border-radius: 8px; transition: background-color 0.12s ease, color 0.12s e
ase; font-size: 14.5px; font-weight: 500; margin: 1px 8px 0px;"[39m
          [33mtabindex[39m=[32m"0"[39m
        [36m>[39m
          [36m<div[39m
            [33mstyle[39m=[32m"display: flex; align-items: center; flex: 1 1
 0%; min-width: 0;"[39m
          [36m>[39m
            [36m<svg[39m
              [33mfill[39m=[32m"currentColor"[39m
              [33mheight[39m=[32m"1em"[39m
              [33mstroke[39m=[32m"currentColor"[39m
              [33mstroke-width[39m=[32m"0"[39m
              [33mstyle[39m=[32m"color: rgb(90, 95, 105); margin-right: 7px;
 font-size: 14px; flex-shrink: 0;"[39m
              [33mviewBox[39m=[32m"0 0 512 512"[39m
              [33mwidth[39m=[32m"1em"[39m
              [33mxmlns[39m=[32m"http://www.w3.org/2000/svg"[39m
            [36m>[39m
              [36m<path[39m
                [33md[39m=[32m"M496 384H64V80c0-8.84-7.16-16-16-16H16C7.16 6
4 0 71.16 0 80v336c0 17.67 14.33 32 32 32h464c8.84 0 16-7.16 16-16v-32c0-8.84-7
.16-16-16-16zM464 96H345.94c-21.38 0-32.09 25.85-16.97 40.97l32.4 32.4L288 242.
75l-73.37-73.37c-12.5-12.5-32.76-12.5-45.25 0l-68.69 68.69c-6.25 6.25-6.25 16.3
8 0 22.63l22.62 22.62c6.25 6.25 16.38 6.25 22.63 0L192 237.25l73.37 73.37c12.5 
12.5 32.76 12.5 45.25 0l96-96 32.4 32.4c15.12 15.12 40.97 4.41 40.97-16.97V112c
.01-8.84-7.15-16-15.99-16z"[39m
              [36m/>[39m
            [36m</svg>[39m
            [36m<span[39m
              [33mstyle[39m=[32m"white-space: nowrap; overflow: hidden; text
-overflow: ellipsis; flex: 1 1 0%;"[39m
            [36m>[39m
              [0mSinyal Bot[0m
            [36m</span>[39m
          [36m</div>[39m
        [36m</div>[39m
      [36m</div>[39m
      [36m<div[39m
        [33mstyle[39m=[32m"padding: 0px 8px; margin-top: 4px;"[39m
      [36m>[39m
        [36m<div[39m
          [33mstyle[39m=[32m"display: flex; justify-content: space-between; 
align-items: center; padding: 18px 4px 6px 8px; color: rgb(128, 132, 142); font
-size: 10.5px; font-weight: 700; text-transform: uppercase; letter-spacing: 1px
;"[39m
        [36m>[39m
          [36m<span>[39m
            [0mDO─₧RUDAN MESAJLAR[0m
          [36m</span>[39m
          [36m<button[39m
            [33maria-label[39m=[32m"Arkada┼ƒ ekle"[39m
            [33mstyle[39m=[32m"background: rgba(255, 255, 255, 0.06); border
: 1px solid rgba(255, 255, 255, 0.07); color: rgb(181, 186, 193); cursor: point
er; font-size: 11.5px; font-weight: 600; padding: 3px 8px; border-radius: 6px; 
transition: background 0.15s ease, color 0.15s ease; display: flex; align-items
: center; gap: 4px; flex-shrink: 0;"[39m
          [36m>[39m
            [36m<svg[39m
              [33mfill[39m=[32m"currentColor"[39m
              [33mheight[39m=[32m"1em"[39m
              [33mstroke[39m=[32m"currentColor"[39m
              [33mstroke-width[39m=[32m"0"[39m
              [33mviewBox[39m=[32m"0 0 640 512"[39m
              [33mwidth[39m=[32m"1em"[39m
              [33mxmlns[39m=[32m"http://www.w3.org/2000/svg"[39m
            [36m>[39m
              [36m<path[39m
                [33md[39m=[32m"M192 256c61.9 0 112-50.1 112-112S253.9 32 192
 32 80 82.1 80 144s50.1 112 112 112zm76.8 32h-8.3c-20.8 10-43.9 16-68.5 16s-47.
6-6-68.5-16h-8.3C51.6 288 0 339.6 0 403.2V432c0 26.5 21.5 48 48 48h288c26.5 0 4
8-21.5 48-48v-28.8c0-63.6-51.6-115.2-115.2-115.2zM480 256c53 0 96-43 96-96s-43-
96-96-96-96 43-96 96 43 96 96 96zm48 32h-3.8c-13.9 4.8-28.6 8-44.2 8s-30.3-3.2-
44.2-8H432c-20.4 0-39.2 5.9-55.7 15.4 24.4 26.3 39.7 61.2 39.7 99.8v38.4c0 2.2-
.5 4.3-.6 6.4H592c26.5 0 48-21.5 48-48 0-61.9-50.1-112-112-112z"[39m
              [36m/>[39m
            [36m</svg>[39m
            [0m [0m
            [0mEkle[0m
          [36m</button>[39m
        [36m</div>[39m
        [36m<div[39m
          [33mrole[39m=[32m"button"[39m
          [33mstyle[39m=[32m"display: flex; align-items: center; min-width: 
0; padding: 8px 10px; border-radius: 8px; cursor: pointer; color: rgb(128, 132,
 142); margin-bottom: 1px; transition: background-color 0.12s ease, color 0.12s
 ease; font-size: 14.5px; font-weight: 500; background-color: transparent; posi
tion: relative;"[39m
          [33mtabindex[39m=[32m"0"[39m
        [36m>[39m
          [36m<div[39m
            [33mstyle[39m=[32m"position: relative; margin-right: 10px; flex-
shrink: 0;"[39m
          [36m>[39m
            [36m<div[39m
              [33maria-label[39m=[32m"lazy image"[39m
              [33mclass[39m=[32m""[39m
              [33mstyle[39m=[32m"position: relative; overflow: hidden; width
: 32px; height: 32px; border-radius: 50%; background-color: rgb(26, 28, 31); ma
rgin-right: 10px; flex-shrink: 0; box-shadow: 0 1px 6px rgba(0,0,0,0.35);"[39m
            [36m>[39m
              [36m<div[39m
                [33mstyle[39m=[32m"position: absolute; top: 0px; left: 0px; 
right: 0px; bottom: 0px; background-color: rgb(17, 18, 20); background-size: co
ver; filter: blur(10px); transform: scale(1.1); transition: opacity 0.3s ease-i
n-out; opacity: 1;"[39m
              [36m/>[39m
              [36m<img[39m
                [33malt[39m=[32m"FriendUser"[39m
                [33mloading[39m=[32m"lazy"[39m
                [33msrc[39m=[32m"data:image/svg+xml,%3Csvg xmlns=\"http://ww
w.w3.org/2000/svg\" viewBox=\"0 0 100 100\"%3E%3Crect fill=\"%232b2d31\" width=
\"100\" height=\"100\"/%3E%3C/svg%3E"[39m
                [33mstyle[39m=[32m"width: 100%; height: 100%; object-fit: co
ver; transition: opacity 0.3s ease-in-out; opacity: 0;"[39m
              [36m/>[39m
            [36m</div>[39m
            [36m<div[39m
              [33mstyle[39m=[32m"position: absolute; bottom: -2px; right: -2
px; width: 12px; height: 12px; border-radius: 50%; background-color: rgb(128, 1
32, 142); border: 2px solid rgb(14, 18, 34);"[39m
            [36m/>[39m
          [36m</div>[39m
          [36m<div[39m
            [33mstyle[39m=[32m"flex: 1 1 0%; display: flex; flex-direction: 
column; min-width: 0; overflow: hidden; gap: 2px;"[39m
          [36m>[39m
            [36m<span[39m
              [33mstyle[39m=[32m"color: rgb(242, 243, 245); font-weight: 600
; font-size: 13px; white-space: nowrap; overflow: hidden; text-overflow: ellips
is; line-height: 1.3;"[39m
            [36m>[39m
              [0mFriendUser[0m
            [36m</span>[39m
          [36m</div>[39m
        [36m</div>[39m
      [36m</div>[39m
    [36m</div>[39m
  [36m</div>[39m
[36m</body>[39m
[90m [2mΓ¥»[22m Object.getElementError node_modules/@testing-library/dom/dis
t/config.js:[2m37:19[22m[39m
[90m [2mΓ¥»[22m node_modules/@testing-library/dom/dist/query-helpers.js:[2m
76:38[22m[39m
[90m [2mΓ¥»[22m node_modules/@testing-library/dom/dist/query-helpers.js:[2m
52:17[22m[39m
[90m [2mΓ¥»[22m node_modules/@testing-library/dom/dist/query-helpers.js:[2m
95:19[22m[39m
[36m [2mΓ¥»[22m src/__tests__/components/HomePanel.test.jsx:[2m44:23[22m[
39m
    [90m 42| [39m    [34mit[39m([32m'renders Home header'[39m[33m,[39m 
() [33m=>[39m {
    [90m 43| [39m        [34mrender[39m([33m<[39m[33mHomePanel[39m [33
m{[39m[33m...[39mdefaultProps[33m}[39m [33m/[39m[33m>[39m)[33m;[39m
    [90m 44| [39m        [34mexpect[39m(screen[33m.[39m[34mgetByText[39
m([32m'Home'[39m))[33m.[39m[34mtoBeInTheDocument[39m()[33m;[39m
    [90m   | [39m                      [31m^[39m
    [90m 45| [39m    })[33m;[39m
    [90m 46| [39m

[31m[2mΓÄ»ΓÄ»ΓÄ»ΓÄ»ΓÄ»ΓÄ»ΓÄ»ΓÄ»ΓÄ»ΓÄ»ΓÄ»ΓÄ»ΓÄ»ΓÄ»ΓÄ»ΓÄ»ΓÄ»ΓÄ»ΓÄ»ΓÄ»ΓÄ»ΓÄ»[20/
50]ΓÄ»[22m[39m

[41m[1m FAIL [22m[49m src/__tests__/components/HomePanel.test.jsx[2m > [2
2mHomePanel[2m > [22mrenders DIRECT MESSAGES section
[31m[1mTestingLibraryElementError[22m[39m: Unable to find an element with t
he text: /direct messages/i. This could be because the text is broken up by mul
tiple elements. In this case, you can provide a function for your text matcher 
to make your matcher more flexible.

Ignored nodes: comments, script, style
[36m<body>[39m
  [36m<div>[39m
    [36m<div[39m
      [33mstyle[39m=[32m"flex: 1 1 0%; overflow-y: auto; overflow-x: hidden;
 min-height: 0; padding-bottom: 8px;"[39m
    [36m>[39m
      [36m<div[39m
        [33mstyle[39m=[32m"padding: 0px 16px; height: 52px; font-size: 15px;
 font-weight: 700; color: rgb(242, 243, 245); border-bottom: 1px solid rgba(255
, 255, 255, 0.05); margin-bottom: 8px; display: flex; align-items: center; back
ground: rgba(255, 255, 255, 0.025);"[39m
      [36m>[39m
        [0mAna Sayfa[0m
      [36m</div>[39m
      [36m<div[39m
        [33mstyle[39m=[32m"padding: 0px 8px; display: flex; flex-direction: 
column; gap: 2px;"[39m
      [36m>[39m
        [36m<div[39m
          [33maria-label[39m=[32m"PawPaw AI channel"[39m
          [33mrole[39m=[32m"button"[39m
          [33mstyle[39m=[32m"display: flex; justify-content: space-between; 
align-items: center; padding: 7px 10px; cursor: pointer; color: rgb(128, 132, 1
42); border-radius: 8px; transition: background-color 0.12s ease, color 0.12s e
ase; font-size: 14.5px; font-weight: 500; margin: 1px 8px 0px;"[39m
          [33mtabindex[39m=[32m"0"[39m
        [36m>[39m
          [36m<div[39m
            [33mstyle[39m=[32m"display: flex; align-items: center; flex: 1 1
 0%; min-width: 0;"[39m
          [36m>[39m
            [36m<svg[39m
              [33mfill[39m=[32m"currentColor"[39m
              [33mheight[39m=[32m"1em"[39m
              [33mstroke[39m=[32m"currentColor"[39m
              [33mstroke-width[39m=[32m"0"[39m
              [33mstyle[39m=[32m"color: rgb(90, 95, 105); margin-right: 7px;
 font-size: 14px; flex-shrink: 0;"[39m
              [33mviewBox[39m=[32m"0 0 640 512"[39m
              [33mwidth[39m=[32m"1em"[39m
              [33mxmlns[39m=[32m"http://www.w3.org/2000/svg"[39m
            [36m>[39m
              [36m<path[39m
                [33md[39m=[32m"M32,224H64V416H32A31.96166,31.96166,0,0,1,0,3
84V256A31.96166,31.96166,0,0,1,32,224Zm512-48V448a64.06328,64.06328,0,0,1-64,64
H160a64.06328,64.06328,0,0,1-64-64V176a79.974,79.974,0,0,1,80-80H288V32a32,32,0
,0,1,64,0V96H464A79.974,79.974,0,0,1,544,176ZM264,256a40,40,0,1,0-40,40A39.997,
39.997,0,0,0,264,256Zm-8,128H192v32h64Zm96,0H288v32h64ZM456,256a40,40,0,1,0-40,
40A39.997,39.997,0,0,0,456,256Zm-8,128H384v32h64ZM640,256V384a31.96166,31.96166
,0,0,1-32,32H576V224h32A31.96166,31.96166,0,0,1,640,256Z"[39m
              [36m/>[39m
            [36m</svg>[39m
            [36m<span[39m
              [33mstyle[39m=[32m"white-space: nowrap; overflow: hidden; text
-overflow: ellipsis; flex: 1 1 0%;"[39m
            [36m>[39m
              [0mPawPaw AI[0m
            [36m</span>[39m
          [36m</div>[39m
        [36m</div>[39m
        [36m<div[39m
          [33maria-label[39m=[32m"Signal Bot channel"[39m
          [33mrole[39m=[32m"button"[39m
          [33mstyle[39m=[32m"display: flex; justify-content: space-between; 
align-items: center; padding: 7px 10px; cursor: pointer; color: rgb(128, 132, 1
42); border-radius: 8px; transition: background-color 0.12s ease, color 0.12s e
ase; font-size: 14.5px; font-weight: 500; margin: 1px 8px 0px;"[39m
          [33mtabindex[39m=[32m"0"[39m
        [36m>[39m
          [36m<div[39m
            [33mstyle[39m=[32m"display: flex; align-items: center; flex: 1 1
 0%; min-width: 0;"[39m
          [36m>[39m
            [36m<svg[39m
              [33mfill[39m=[32m"currentColor"[39m
              [33mheight[39m=[32m"1em"[39m
              [33mstroke[39m=[32m"currentColor"[39m
              [33mstroke-width[39m=[32m"0"[39m
              [33mstyle[39m=[32m"color: rgb(90, 95, 105); margin-right: 7px;
 font-size: 14px; flex-shrink: 0;"[39m
              [33mviewBox[39m=[32m"0 0 512 512"[39m
              [33mwidth[39m=[32m"1em"[39m
              [33mxmlns[39m=[32m"http://www.w3.org/2000/svg"[39m
            [36m>[39m
              [36m<path[39m
                [33md[39m=[32m"M496 384H64V80c0-8.84-7.16-16-16-16H16C7.16 6
4 0 71.16 0 80v336c0 17.67 14.33 32 32 32h464c8.84 0 16-7.16 16-16v-32c0-8.84-7
.16-16-16-16zM464 96H345.94c-21.38 0-32.09 25.85-16.97 40.97l32.4 32.4L288 242.
75l-73.37-73.37c-12.5-12.5-32.76-12.5-45.25 0l-68.69 68.69c-6.25 6.25-6.25 16.3
8 0 22.63l22.62 22.62c6.25 6.25 16.38 6.25 22.63 0L192 237.25l73.37 73.37c12.5 
12.5 32.76 12.5 45.25 0l96-96 32.4 32.4c15.12 15.12 40.97 4.41 40.97-16.97V112c
.01-8.84-7.15-16-15.99-16z"[39m
              [36m/>[39m
            [36m</svg>[39m
            [36m<span[39m
              [33mstyle[39m=[32m"white-space: nowrap; overflow: hidden; text
-overflow: ellipsis; flex: 1 1 0%;"[39m
            [36m>[39m
              [0mSinyal Bot[0m
            [36m</span>[39m
          [36m</div>[39m
        [36m</div>[39m
      [36m</div>[39m
      [36m<div[39m
        [33mstyle[39m=[32m"padding: 0px 8px; margin-top: 4px;"[39m
      [36m>[39m
        [36m<div[39m
          [33mstyle[39m=[32m"display: flex; justify-content: space-between; 
align-items: center; padding: 18px 4px 6px 8px; color: rgb(128, 132, 142); font
-size: 10.5px; font-weight: 700; text-transform: uppercase; letter-spacing: 1px
;"[39m
        [36m>[39m
          [36m<span>[39m
            [0mDO─₧RUDAN MESAJLAR[0m
          [36m</span>[39m
          [36m<button[39m
            [33maria-label[39m=[32m"Arkada┼ƒ ekle"[39m
            [33mstyle[39m=[32m"background: rgba(255, 255, 255, 0.06); border
: 1px solid rgba(255, 255, 255, 0.07); color: rgb(181, 186, 193); cursor: point
er; font-size: 11.5px; font-weight: 600; padding: 3px 8px; border-radius: 6px; 
transition: background 0.15s ease, color 0.15s ease; display: flex; align-items
: center; gap: 4px; flex-shrink: 0;"[39m
          [36m>[39m
            [36m<svg[39m
              [33mfill[39m=[32m"currentColor"[39m
              [33mheight[39m=[32m"1em"[39m
              [33mstroke[39m=[32m"currentColor"[39m
              [33mstroke-width[39m=[32m"0"[39m
              [33mviewBox[39m=[32m"0 0 640 512"[39m
              [33mwidth[39m=[32m"1em"[39m
              [33mxmlns[39m=[32m"http://www.w3.org/2000/svg"[39m
            [36m>[39m
              [36m<path[39m
                [33md[39m=[32m"M192 256c61.9 0 112-50.1 112-112S253.9 32 192
 32 80 82.1 80 144s50.1 112 112 112zm76.8 32h-8.3c-20.8 10-43.9 16-68.5 16s-47.
6-6-68.5-16h-8.3C51.6 288 0 339.6 0 403.2V432c0 26.5 21.5 48 48 48h288c26.5 0 4
8-21.5 48-48v-28.8c0-63.6-51.6-115.2-115.2-115.2zM480 256c53 0 96-43 96-96s-43-
96-96-96-96 43-96 96 43 96 96 96zm48 32h-3.8c-13.9 4.8-28.6 8-44.2 8s-30.3-3.2-
44.2-8H432c-20.4 0-39.2 5.9-55.7 15.4 24.4 26.3 39.7 61.2 39.7 99.8v38.4c0 2.2-
.5 4.3-.6 6.4H592c26.5 0 48-21.5 48-48 0-61.9-50.1-112-112-112z"[39m
              [36m/>[39m
            [36m</svg>[39m
            [0m [0m
            [0mEkle[0m
          [36m</button>[39m
        [36m</div>[39m
        [36m<div[39m
          [33mrole[39m=[32m"button"[39m
          [33mstyle[39m=[32m"display: flex; align-items: center; min-width: 
0; padding: 8px 10px; border-radius: 8px; cursor: pointer; color: rgb(128, 132,
 142); margin-bottom: 1px; transition: background-color 0.12s ease, color 0.12s
 ease; font-size: 14.5px; font-weight: 500; background-color: transparent; posi
tion: relative;"[39m
          [33mtabindex[39m=[32m"0"[39m
        [36m>[39m
          [36m<div[39m
            [33mstyle[39m=[32m"position: relative; margin-right: 10px; flex-
shrink: 0;"[39m
          [36m>[39m
            [36m<div[39m
              [33maria-label[39m=[32m"lazy image"[39m
              [33mclass[39m=[32m""[39m
              [33mstyle[39m=[32m"position: relative; overflow: hidden; width
: 32px; height: 32px; border-radius: 50%; background-color: rgb(26, 28, 31); ma
rgin-right: 10px; flex-shrink: 0; box-shadow: 0 1px 6px rgba(0,0,0,0.35);"[39m
            [36m>[39m
              [36m<div[39m
                [33mstyle[39m=[32m"position: absolute; top: 0px; left: 0px; 
right: 0px; bottom: 0px; background-color: rgb(17, 18, 20); background-size: co
ver; filter: blur(10px); transform: scale(1.1); transition: opacity 0.3s ease-i
n-out; opacity: 1;"[39m
              [36m/>[39m
              [36m<img[39m
                [33malt[39m=[32m"FriendUser"[39m
                [33mloading[39m=[32m"lazy"[39m
                [33msrc[39m=[32m"data:image/svg+xml,%3Csvg xmlns=\"http://ww
w.w3.org/2000/svg\" viewBox=\"0 0 100 100\"%3E%3Crect fill=\"%232b2d31\" width=
\"100\" height=\"100\"/%3E%3C/svg%3E"[39m
                [33mstyle[39m=[32m"width: 100%; height: 100%; object-fit: co
ver; transition: opacity 0.3s ease-in-out; opacity: 0;"[39m
              [36m/>[39m
            [36m</div>[39m
            [36m<div[39m
              [33mstyle[39m=[32m"position: absolute; bottom: -2px; right: -2
px; width: 12px; height: 12px; border-radius: 50%; background-color: rgb(128, 1
32, 142); border: 2px solid rgb(14, 18, 34);"[39m
            [36m/>[39m
          [36m</div>[39m
          [36m<div[39m
            [33mstyle[39m=[32m"flex: 1 1 0%; display: flex; flex-direction: 
column; min-width: 0; overflow: hidden; gap: 2px;"[39m
          [36m>[39m
            [36m<span[39m
              [33mstyle[39m=[32m"color: rgb(242, 243, 245); font-weight: 600
; font-size: 13px; white-space: nowrap; overflow: hidden; text-overflow: ellips
is; line-height: 1.3;"[39m
            [36m>[39m
              [0mFriendUser[0m
            [36m</span>[39m
          [36m</div>[39m
        [36m</div>[39m
      [36m</div>[39m
    [36m</div>[39m
  [36m</div>[39m
[36m</body>[39m
[90m [2mΓ¥»[22m Object.getElementError node_modules/@testing-library/dom/dis
t/config.js:[2m37:19[22m[39m
[90m [2mΓ¥»[22m node_modules/@testing-library/dom/dist/query-helpers.js:[2m
76:38[22m[39m
[90m [2mΓ¥»[22m node_modules/@testing-library/dom/dist/query-helpers.js:[2m
52:17[22m[39m
[90m [2mΓ¥»[22m node_modules/@testing-library/dom/dist/query-helpers.js:[2m
95:19[22m[39m
[36m [2mΓ¥»[22m src/__tests__/components/HomePanel.test.jsx:[2m54:23[22m[
39m
    [90m 52| [39m    [34mit[39m([32m'renders DIRECT MESSAGES section'[39m
[33m,[39m () [33m=>[39m {
    [90m 53| [39m        [34mrender[39m([33m<[39m[33mHomePanel[39m [33
m{[39m[33m...[39mdefaultProps[33m}[39m [33m/[39m[33m>[39m)[33m;[39m
    [90m 54| [39m        expect(screen.getByText(/direct messages/i)).toBeInT
heDocumentΓÇª
    [90m   | [39m                      [31m^[39m
    [90m 55| [39m    })[33m;[39m
    [90m 56| [39m

[31m[2mΓÄ»ΓÄ»ΓÄ»ΓÄ»ΓÄ»ΓÄ»ΓÄ»ΓÄ»ΓÄ»ΓÄ»ΓÄ»ΓÄ»ΓÄ»ΓÄ»ΓÄ»ΓÄ»ΓÄ»ΓÄ»ΓÄ»ΓÄ»ΓÄ»ΓÄ»[21/
50]ΓÄ»[22m[39m

[41m[1m FAIL [22m[49m src/__tests__/components/HomePanel.test.jsx[2m > [2
2mHomePanel[2m > [22mshows Join Server button when no servers
[31m[1mTestingLibraryElementError[22m[39m: Unable to find an element with t
he text: /join server/i. This could be because the text is broken up by multipl
e elements. In this case, you can provide a function for your text matcher to m
ake your matcher more flexible.

Ignored nodes: comments, script, style
[36m<body>[39m
  [36m<div>[39m
    [36m<div[39m
      [33mstyle[39m=[32m"flex: 1 1 0%; overflow-y: auto; overflow-x: hidden;
 min-height: 0; padding-bottom: 8px;"[39m
    [36m>[39m
      [36m<div[39m
        [33mstyle[39m=[32m"padding: 0px 16px; height: 52px; font-size: 15px;
 font-weight: 700; color: rgb(242, 243, 245); border-bottom: 1px solid rgba(255
, 255, 255, 0.05); margin-bottom: 8px; display: flex; align-items: center; back
ground: rgba(255, 255, 255, 0.025);"[39m
      [36m>[39m
        [0mAna Sayfa[0m
      [36m</div>[39m
      [36m<div[39m
        [33mstyle[39m=[32m"padding: 0px 8px 8px;"[39m
      [36m>[39m
        [36m<button[39m
          [33maria-label[39m=[32m"Sunucu Ke┼ƒfet"[39m
          [33mstyle[39m=[32m"width: 100%; display: flex; align-items: center
; justify-content: center; gap: 8px; padding: 10px 12px; border-radius: 10px; b
order: 1px solid rgba(88, 101, 242, 0.3); background: rgba(88, 101, 242, 0.15);
 color: rgb(215, 219, 255); cursor: pointer; font-size: 13px; font-weight: 600;
"[39m
        [36m>[39m
          [36m<svg[39m
            [33mfill[39m=[32m"currentColor"[39m
            [33mheight[39m=[32m"16"[39m
            [33mstroke[39m=[32m"currentColor"[39m
            [33mstroke-width[39m=[32m"0"[39m
            [33mviewBox[39m=[32m"0 0 496 512"[39m
            [33mwidth[39m=[32m"16"[39m
            [33mxmlns[39m=[32m"http://www.w3.org/2000/svg"[39m
          [36m>[39m
            [36m<path[39m
              [33md[39m=[32m"M225.38 233.37c-12.5 12.5-12.5 32.76 0 45.25 12
.49 12.5 32.76 12.5 45.25 0 12.5-12.5 12.5-32.76 0-45.25-12.5-12.49-32.76-12.49
-45.25 0zM248 8C111.03 8 0 119.03 0 256s111.03 248 248 248 248-111.03 248-248S3
84.97 8 248 8zm126.14 148.05L308.17 300.4a31.938 31.938 0 0 1-15.77 15.77l-144.
34 65.97c-16.65 7.61-33.81-9.55-26.2-26.2l65.98-144.35a31.938 31.938 0 0 1 15.7
7-15.77l144.34-65.97c16.65-7.6 33.8 9.55 26.19 26.2z"[39m
            [36m/>[39m
          [36m</svg>[39m
          [0mSunucu Ke┼ƒfet[0m
        [36m</button>[39m
      [36m</div>[39m
      [36m<div[39m
        [33mstyle[39m=[32m"padding: 0px 8px; display: flex; flex-direction: 
column; gap: 2px;"[39m
      [36m>[39m
        [36m<div[39m
          [33maria-label[39m=[32m"PawPaw AI channel"[39m
          [33mrole[39m=[32m"button"[39m
          [33mstyle[39m=[32m"display: flex; justify-content: space-between; 
align-items: center; padding: 7px 10px; cursor: pointer; color: rgb(128, 132, 1
42); border-radius: 8px; transition: background-color 0.12s ease, color 0.12s e
ase; font-size: 14.5px; font-weight: 500; margin: 1px 8px 0px;"[39m
          [33mtabindex[39m=[32m"0"[39m
        [36m>[39m
          [36m<div[39m
            [33mstyle[39m=[32m"display: flex; align-items: center; flex: 1 1
 0%; min-width: 0;"[39m
          [36m>[39m
            [36m<svg[39m
              [33mfill[39m=[32m"currentColor"[39m
              [33mheight[39m=[32m"1em"[39m
              [33mstroke[39m=[32m"currentColor"[39m
              [33mstroke-width[39m=[32m"0"[39m
              [33mstyle[39m=[32m"color: rgb(90, 95, 105); margin-right: 7px;
 font-size: 14px; flex-shrink: 0;"[39m
              [33mviewBox[39m=[32m"0 0 640 512"[39m
              [33mwidth[39m=[32m"1em"[39m
              [33mxmlns[39m=[32m"http://www.w3.org/2000/svg"[39m
            [36m>[39m
              [36m<path[39m
                [33md[39m=[32m"M32,224H64V416H32A31.96166,31.96166,0,0,1,0,3
84V256A31.96166,31.96166,0,0,1,32,224Zm512-48V448a64.06328,64.06328,0,0,1-64,64
H160a64.06328,64.06328,0,0,1-64-64V176a79.974,79.974,0,0,1,80-80H288V32a32,32,0
,0,1,64,0V96H464A79.974,79.974,0,0,1,544,176ZM264,256a40,40,0,1,0-40,40A39.997,
39.997,0,0,0,264,256Zm-8,128H192v32h64Zm96,0H288v32h64ZM456,256a40,40,0,1,0-40,
40A39.997,39.997,0,0,0,456,256Zm-8,128H384v32h64ZM640,256V384a31.96166,31.96166
,0,0,1-32,32H576V224h32A31.96166,31.96166,0,0,1,640,256Z"[39m
              [36m/>[39m
            [36m</svg>[39m
            [36m<span[39m
              [33mstyle[39m=[32m"white-space: nowrap; overflow: hidden; text
-overflow: ellipsis; flex: 1 1 0%;"[39m
            [36m>[39m
              [0mPawPaw AI[0m
            [36m</span>[39m
          [36m</div>[39m
        [36m</div>[39m
        [36m<div[39m
          [33maria-label[39m=[32m"Signal Bot channel"[39m
          [33mrole[39m=[32m"button"[39m
          [33mstyle[39m=[32m"display: flex; justify-content: space-between; 
align-items: center; padding: 7px 10px; cursor: pointer; color: rgb(128, 132, 1
42); border-radius: 8px; transition: background-color 0.12s ease, color 0.12s e
ase; font-size: 14.5px; font-weight: 500; margin: 1px 8px 0px;"[39m
          [33mtabindex[39m=[32m"0"[39m
        [36m>[39m
          [36m<div[39m
            [33mstyle[39m=[32m"display: flex; align-items: center; flex: 1 1
 0%; min-width: 0;"[39m
          [36m>[39m
            [36m<svg[39m
              [33mfill[39m=[32m"currentColor"[39m
              [33mheight[39m=[32m"1em"[39m
              [33mstroke[39m=[32m"currentColor"[39m
              [33mstroke-width[39m=[32m"0"[39m
              [33mstyle[39m=[32m"color: rgb(90, 95, 105); margin-right: 7px;
 font-size: 14px; flex-shrink: 0;"[39m
              [33mviewBox[39m=[32m"0 0 512 512"[39m
              [33mwidth[39m=[32m"1em"[39m
              [33mxmlns[39m=[32m"http://www.w3.org/2000/svg"[39m
            [36m>[39m
              [36m<path[39m
                [33md[39m=[32m"M496 384H64V80c0-8.84-7.16-16-16-16H16C7.16 6
4 0 71.16 0 80v336c0 17.67 14.33 32 32 32h464c8.84 0 16-7.16 16-16v-32c0-8.84-7
.16-16-16-16zM464 96H345.94c-21.38 0-32.09 25.85-16.97 40.97l32.4 32.4L288 242.
75l-73.37-73.37c-12.5-12.5-32.76-12.5-45.25 0l-68.69 68.69c-6.25 6.25-6.25 16.3
8 0 22.63l22.62 22.62c6.25 6.25 16.38 6.25 22.63 0L192 237.25l73.37 73.37c12.5 
12.5 32.76 12.5 45.25 0l96-96 32.4 32.4c15.12 15.12 40.97 4.41 40.97-16.97V112c
.01-8.84-7.15-16-15.99-16z"[39m
              [36m/>[39m
            [36m</svg>[39m
            [36m<span[39m
              [33mstyle[39m=[32m"white-space: nowrap; overflow: hidden; text
-overflow: ellipsis; flex: 1 1 0%;"[39m
            [36m>[39m
              [0mSinyal Bot[0m
            [36m</span>[39m
          [36m</div>[39m
        [36m</div>[39m
      [36m</div>[39m
      [36m<div[39m
        [33mstyle[39m=[32m"padding: 0px 8px; margin-top: 4px;"[39m
      [36m>[39m
        [36m<div[39m
          [33mstyle[39m=[32m"display: flex; justify-content: space-between; 
align-items: center; padding: 18px 4px 6px 8px; color: rgb(128, 132, 142); font
-size: 10.5px; font-weight: 700; text-transform: uppercase; letter-spacing: 1px
;"[39m
        [36m>[39m
          [36m<span>[39m
            [0mDO─₧RUDAN MESAJLAR[0m
          [36m</span>[39m
          [36m<button[39m
            [33maria-l...
[90m [2mΓ¥»[22m Object.getElementError node_modules/@testing-library/dom/dis
t/config.js:[2m37:19[22m[39m
[90m [2mΓ¥»[22m node_modules/@testing-library/dom/dist/query-helpers.js:[2m
76:38[22m[39m
[90m [2mΓ¥»[22m node_modules/@testing-library/dom/dist/query-helpers.js:[2m
52:17[22m[39m
[90m [2mΓ¥»[22m node_modules/@testing-library/dom/dist/query-helpers.js:[2m
95:19[22m[39m
[36m [2mΓ¥»[22m src/__tests__/components/HomePanel.test.jsx:[2m89:23[22m[
39m
    [90m 87| [39m    [34mit[39m([32m'shows Join Server button when no serv
ers'[39m[33m,[39m () [33m=>[39m {
    [90m 88| [39m        [34mrender[39m([33m<[39m[33mHomePanel[39m [33
m{[39m[33m...[39mdefaultProps[33m}[39m [33mservers[39m[33m=[39m[33m{
[39m[][33m}[39m [33m/[39m[33m>[39m)[33m;[39m
    [90m 89| [39m        [34mexpect[39m(screen[33m.[39m[34mgetByText[39
m([36m/join server/i[39m))[33m.[39m[34mtoBeInTheDocument[39m()[33m;[39m
    [90m   | [39m                      [31m^[39m
    [90m 90| [39m    })[33m;[39m
    [90m 91| [39m

[31m[2mΓÄ»ΓÄ»ΓÄ»ΓÄ»ΓÄ»ΓÄ»ΓÄ»ΓÄ»ΓÄ»ΓÄ»ΓÄ»ΓÄ»ΓÄ»ΓÄ»ΓÄ»ΓÄ»ΓÄ»ΓÄ»ΓÄ»ΓÄ»ΓÄ»ΓÄ»[22/
50]ΓÄ»[22m[39m

[41m[1m FAIL [22m[49m src/__tests__/components/LanguageSelector.test.jsx[2
m > [22mLanguageSelector Data Layer[2m > [22mSUPPORTED_LANGUAGES should have
 all 13 languages
[31m[1mAssertionError[22m: expected [ { code: 'en', ΓÇª(3) }, ΓÇª(19) ] to h
ave a length of 13 but got 20[39m

[32m- Expected[39m
[31m+ Received[39m

[32m- 13[39m
[31m+ 20[39m

[36m [2mΓ¥»[22m src/__tests__/components/LanguageSelector.test.jsx:[2m8:37
[22m[39m
    [90m  6| [39m    it('SUPPORTED_LANGUAGES should have all 13 languages', a
sync () =>ΓÇª
    [90m  7| [39m        const { SUPPORTED_LANGUAGES } = await import('../../
i18n/indexΓÇª
    [90m  8| [39m        [34mexpect[39m([33mSUPPORTED_LANGUAGES[39m)[33m
.[39m[34mtoHaveLength[39m([34m13[39m)[33m;[39m
    [90m   | [39m                                    [31m^[39m
    [90m  9| [39m        [35mconst[39m codes [33m=[39m [33mSUPPORTED_LAN
GUAGES[39m[33m.[39m[34mmap[39m((l) [33m=>[39m l[33m.[39mcode)[33m;[3
9m
    [90m 10| [39m        [34mexpect[39m(codes)[33m.[39m[34mtoEqual[39m(

[31m[2mΓÄ»ΓÄ»ΓÄ»ΓÄ»ΓÄ»ΓÄ»ΓÄ»ΓÄ»ΓÄ»ΓÄ»ΓÄ»ΓÄ»ΓÄ»ΓÄ»ΓÄ»ΓÄ»ΓÄ»ΓÄ»ΓÄ»ΓÄ»ΓÄ»ΓÄ»[23/
50]ΓÄ»[22m[39m

[41m[1m FAIL [22m[49m src/__tests__/components/LoginPage.test.jsx[2m > [2
2mLoginPage Component[2m > [22mMode Toggling[2m > [22mshould switch to regi
ster mode
[31m[1mError[22m: [2mexpect([22m[31melement[31m[2m).toHaveTextContent()
[22m

Expected element to have text content:
[32m  Kay─▒t Ol[31m
Received:
[31m  Sign Up[31m[39m
[36m [2mΓ¥»[22m src/__tests__/components/LoginPage.test.jsx:[2m258:57[22m
[39m
    [90m256| [39m            expect(screen.getByTestId('subtitle')).toHaveTex
tContent('ΓÇª
    [90m257| [39m            expect(screen.getByTestId('email-input')).toBeIn
TheDocumenΓÇª
    [90m258| [39m            expect(screen.getByTestId('submit-button')).toHa
veTextContΓÇª
    [90m   | [39m                                                        [31
m^[39m
    [90m259| [39m        })[33m;[39m
    [90m260| [39m

[31m[2mΓÄ»ΓÄ»ΓÄ»ΓÄ»ΓÄ»ΓÄ»ΓÄ»ΓÄ»ΓÄ»ΓÄ»ΓÄ»ΓÄ»ΓÄ»ΓÄ»ΓÄ»ΓÄ»ΓÄ»ΓÄ»ΓÄ»ΓÄ»ΓÄ»ΓÄ»[24/
50]ΓÄ»[22m[39m

[41m[1m FAIL [22m[49m src/__tests__/components/LoginPage.test.jsx[2m > [2
2mLoginPage Component[2m > [22mError Display[2m > [22mshould display error 
message
[31m[1mError[22m: [2mexpect([22m[31melement[31m[2m).toHaveTextContent()
[22m

Expected element to have text content:
[32m  Hatal─▒ ┼ƒifre![31m
Received:
[31m  Incorrect password![31m[39m
[36m [2mΓ¥»[22m src/__tests__/components/LoginPage.test.jsx:[2m389:57[22m
[39m
    [90m387| [39m                [33m/[39m[33m>[39m
    [90m388| [39m            )[33m;[39m
    [90m389| [39m            expect(screen.getByTestId('error-message')).toHa
veTextContΓÇª
    [90m   | [39m                                                        [31
m^[39m
    [90m390| [39m        })[33m;[39m
    [90m391| [39m

[31m[2mΓÄ»ΓÄ»ΓÄ»ΓÄ»ΓÄ»ΓÄ»ΓÄ»ΓÄ»ΓÄ»ΓÄ»ΓÄ»ΓÄ»ΓÄ»ΓÄ»ΓÄ»ΓÄ»ΓÄ»ΓÄ»ΓÄ»ΓÄ»ΓÄ»ΓÄ»[25/
50]ΓÄ»[22m[39m

[41m[1m FAIL [22m[49m src/__tests__/components/PremiumStoreModal.test.jsx[
2m > [22mPremiumStoreModal Orchestrator[2m > [22mshould switch to store tab 
on click
[31m[1mError[22m: Unable to fire a "click" event - please provide a DOM elem
ent.[39m
[90m [2mΓ¥»[22m createEvent node_modules/@testing-library/dom/dist/events.js
:[2m27:11[22m[39m
[90m [2mΓ¥»[22m createEvent.<computed> [as click] node_modules/@testing-libr
ary/dom/dist/events.js:[2m106:38[22m[39m
[90m [2mΓ¥»[22m fireEvent.<computed> [as click] node_modules/@testing-librar
y/dom/dist/events.js:[2m110:68[22m[39m
[90m [2mΓ¥»[22m fireEvent.<computed> [as click] node_modules/@testing-librar
y/react/dist/fire-event.js:[2m15:52[22m[39m
[36m [2mΓ¥»[22m src/__tests__/components/PremiumStoreModal.test.jsx:[2m57:1
9[22m[39m
    [90m 55| [39m        [35mconst[39m tabButtons [33m=[39m screen[33m.
[39m[34mgetAllByRole[39m([32m'button'[39m)[33m;[39m
    [90m 56| [39m        const storeTabBtn = tabButtons.find((b) => b.textCon
tent.trim(ΓÇª
    [90m 57| [39m        fireEvent[33m.[39m[34mclick[39m(storeTabBtn)[33
m;[39m
    [90m   | [39m                  [31m^[39m
    [90m 58| [39m        [34mexpect[39m(screen[33m.[39m[34mgetByTestId[
39m([32m'store-tab'[39m))[33m.[39m[34mtoBeInTheDocument[39m()[33m;[39m
    [90m 59| [39m        expect(screen.queryByTestId('premium-tab')).not.toBe
InTheDocumΓÇª

[31m[2mΓÄ»ΓÄ»ΓÄ»ΓÄ»ΓÄ»ΓÄ»ΓÄ»ΓÄ»ΓÄ»ΓÄ»ΓÄ»ΓÄ»ΓÄ»ΓÄ»ΓÄ»ΓÄ»ΓÄ»ΓÄ»ΓÄ»ΓÄ»ΓÄ»ΓÄ»[26/
50]ΓÄ»[22m[39m

[41m[1m FAIL [22m[49m src/__tests__/components/PremiumStoreModal.test.jsx[
2m > [22mPremiumStoreModal Orchestrator[2m > [22mshould switch to boost tab 
on click
[31m[1mTestingLibraryElementError[22m[39m: Unable to find an element with t
he text: /Server Boost/. This could be because the text is broken up by multipl
e elements. In this case, you can provide a function for your text matcher to m
ake your matcher more flexible.

Ignored nodes: comments, script, style
[36m<body>[39m
  [36m<div>[39m
    [36m<div[39m
      [33mrole[39m=[32m"presentation"[39m
      [33mstyle[39m=[32m"position: fixed; top: 0px; left: 0px; right: 0px; b
ottom: 0px; background-color: rgba(0, 0, 0, 0.85); display: flex; align-items: 
center; justify-content: center; z-index: 10000; padding: 20px;"[39m
    [36m>[39m
      [36m<div[39m
        [33maria-label[39m=[32m"premium.premiumStore"[39m
        [33maria-modal[39m=[32m"true"[39m
        [33mrole[39m=[32m"dialog"[39m
        [33mstyle[39m=[32m"background-color: rgb(17, 18, 20); border-radius:
 16px; width: 90%; max-width: 1200px; max-height: 90vh; display: flex; flex-dir
ection: column; box-shadow: 0 20px 60px rgba(0, 0, 0, 0.5); overflow: hidden;"
[39m
      [36m>[39m
        [36m<div[39m
          [33mstyle[39m=[32m"padding: 20px 24px; border-bottom: 1px solid rg
ba(255, 255, 255, 0.1); display: flex; justify-content: space-between; align-it
ems: center;"[39m
        [36m>[39m
          [36m<div[39m
            [33mstyle[39m=[32m"display: flex; align-items: center;"[39m
          [36m>[39m
            [36m<svg[39m
              [33mfill[39m=[32m"currentColor"[39m
              [33mheight[39m=[32m"1em"[39m
              [33mstroke[39m=[32m"currentColor"[39m
              [33mstroke-width[39m=[32m"0"[39m
              [33mstyle[39m=[32m"color: rgb(240, 178, 50); margin-right: 10p
x;"[39m
              [33mviewBox[39m=[32m"0 0 640 512"[39m
              [33mwidth[39m=[32m"1em"[39m
              [33mxmlns[39m=[32m"http://www.w3.org/2000/svg"[39m
            [36m>[39m
              [36m<path[39m
                [33md[39m=[32m"M528 448H112c-8.8 0-16 7.2-16 16v32c0 8.8 7.2
 16 16 16h416c8.8 0 16-7.2 16-16v-32c0-8.8-7.2-16-16-16zm64-320c-26.5 0-48 21.5
-48 48 0 7.1 1.6 13.7 4.4 19.8L476 239.2c-15.4 9.2-35.3 4-44.2-11.6L350.3 85C36
1 76.2 368 63 368 48c0-26.5-21.5-48-48-48s-48 21.5-48 48c0 15 7 28.2 17.7 37l-8
1.5 142.6c-8.9 15.6-28.9 20.8-44.2 11.6l-72.3-43.4c2.7-6 4.4-12.7 4.4-19.8 0-26
.5-21.5-48-48-48S0 149.5 0 176s21.5 48 48 48c2.6 0 5.2-.4 7.7-.8L128 416h384l72
.3-192.8c2.5.4 5.1.8 7.7.8 26.5 0 48-21.5 48-48s-21.5-48-48-48z"[39m
              [36m/>[39m
            [36m</svg>[39m
            [36m<h2[39m
              [33mstyle[39m=[32m"margin: 0px; color: rgb(255, 255, 255); fon
t-size: 24px; font-weight: bold;"[39m
            [36m>[39m
              [0mPremium Store[0m
            [36m</h2>[39m
          [36m</div>[39m
          [36m<div[39m
            [33mclass[39m=[32m"flex-align-12"[39m
          [36m>[39m
            [36m<div[39m
              [33mrole[39m=[32m"button"[39m
              [33mstyle[39m=[32m"background: linear-gradient(135deg, rgb(240
, 178, 50) 0%, rgb(199, 145, 0) 100%); padding: 8px 16px; border-radius: 20px; 
display: flex; align-items: center; gap: 6px; cursor: pointer;"[39m
              [33mtabindex[39m=[32m"0"[39m
              [33mtitle[39m=[32m"premium.buyCoins"[39m
            [36m>[39m
              [36m<span[39m
                [33mclass[39m=[32m"fs-18"[39m
              [36m>[39m
                [0m≡ƒÆ░[0m
              [36m</span>[39m
              [36m<span[39m
                [33mstyle[39m=[32m"font-weight: bold; color: rgb(0, 0, 0); f
ont-size: 14px;"[39m
              [36m>[39m
                [0m0[0m
              [36m</span>[39m
            [36m</div>[39m
            [36m<button[39m
              [33maria-label[39m=[32m"Close"[39m
              [33mstyle[39m=[32m"background: none; border: medium; color: rg
b(181, 186, 193); font-size: 24px; cursor: pointer; padding: 8px; transition: c
olor 0.2s;"[39m
            [36m>[39m
              [36m<svg[39m
                [33mfill[39m=[32m"currentColor"[39m
                [33mheight[39m=[32m"1em"[39m
                [33mstroke[39m=[32m"currentColor"[39m
                [33mstroke-width[39m=[32m"0"[39m
                [33mviewBox[39m=[32m"0 0 352 512"[39m
                [33mwidth[39m=[32m"1em"[39m
                [33mxmlns[39m=[32m"http://www.w3.org/2000/svg"[39m
              [36m>[39m
                [36m<path[39m
                  [33md[39m=[32m"M242.72 256l100.07-100.07c12.28-12.28 12.28
-32.19 0-44.48l-22.24-22.24c-12.28-12.28-32.19-12.28-44.48 0L176 189.28 75.93 8
9.21c-12.28-12.28-32.19-12.28-44.48 0L9.21 111.45c-12.28 12.28-12.28 32.19 0 44
.48L109.28 256 9.21 356.07c-12.28 12.28-12.28 32.19 0 44.48l22.24 22.24c12.28 1
2.28 32.2 12.28 44.48 0L176 322.72l100.07 100.07c12.28 12.28 32.2 12.28 44.48 0
l22.24-22.24c12.28-12.28 12.28-32.19 0-44.48L242.72 256z"[39m
                [36m/>[39m
              [36m</svg>[39m
            [36m</button>[39m
          [36m</div>[39m
        [36m</div>[39m
        [36m<div[39m
          [33mstyle[39m=[32m"display: flex; padding: 0px 24px; border-bottom
: 1px solid rgba(255, 255, 255, 0.1); gap: 8px;"[39m
        [36m>[39m
          [36m<button[39m
            [33maria-label[39m=[32m"premium.premium"[39m
            [33mstyle[39m=[32m"background: none; border-width: medium medium
 2px; border-style: none none solid; border-color: currentcolor currentcolor rg
b(88, 101, 242); border-image: none; color: rgb(255, 255, 255); padding: 12px 2
0px; cursor: pointer; font-size: 14px; font-weight: 600; display: flex; align-i
tems: center; gap: 8px; transition: all 0.2s;"[39m
          [36m>[39m
            [36m<svg[39m
              [33mfill[39m=[32m"currentColor"[39m
              [33mheight[39m=[32m"1em"[39m
              [33mstroke[39m=[32m"currentColor"[39m
              [33mstroke-width[39m=[32m"0"[39m
              [33mviewBox[39m=[32m"0 0 640 512"[39m
              [33mwidth[39m=[32m"1em"[39m
              [33mxmlns[39m=[32m"http://www.w3.org/2000/svg"[39m
            [36m>[39m
              [36m<path[39m
                [33md[39m=[32m"M528 448H112c-8.8 0-16 7.2-16 16v32c0 8.8 7.2
 16 16 16h416c8.8 0 16-7.2 16-16v-32c0-8.8-7.2-16-16-16zm64-320c-26.5 0-48 21.5
-48 48 0 7.1 1.6 13.7 4.4 19.8L476 239.2c-15.4 9.2-35.3 4-44.2-11.6L350.3 85C36
1 76.2 368 63 368 48c0-26.5-21.5-48-48-48s-48 21.5-48 48c0 15 7 28.2 17.7 37l-8
1.5 142.6c-8.9 15.6-28.9 20.8-44.2 11.6l-72.3-43.4c2.7-6 4.4-12.7 4.4-19.8 0-26
.5-21.5-48-48-48S0 149.5 0 176s21.5 48 48 48c2.6 0 5.2-.4 7.7-.8L128 416h384l72
.3-192.8c2.5.4 5.1.8 7.7.8 26.5 0 48-21.5 48-48s-21.5-48-48-48z"[39m
              [36m/>[39m
            [36m</svg>[39m
            [0m [0m
            [0mpremium.premium[0m
          [36m</button>[39m
          [36m<button[39m
            [33maria-label[39m=[32m"premium.store"[39m
            [33mstyle[39m=[32m"background: none; border-width: medium medium
 2px; border-style: none none solid; border-color: currentcolor currentcolor tr
ansparent; border-image: none; color: rgb(181, 186, 193); padding: 12px 20px; c
ursor: pointer; font-size: 14px; font-weight: 600; display: flex; align-items: 
center; gap: 8px; transition: all 0.2s;"[39m
          [36m>[39m
            [36m<svg[39m
              [33mfill[39m=[32m"currentColor"[39m
              [33mheight[39m=[32m"1em"[39m
              [33mstroke[39m=[32m"currentColor"[39m
              [33mstroke-width[39m=[32m"0"[39m
              [33mviewBox[39m=[32m"0 0 576 512"[39m
              [33mwidth[39m=[32m"1em"[39m
              [33mxmlns[39m=[32m"http://www.w3.org/2000/svg"[39m
            [36m>[39m
              [36m<path[39m
                [33md[39m=[32m"M528.12 301.319l47.273-208C578.806 78.301 567
.391 64 551.99 64H159.208l-9.166-44.81C147.758 8.021 137.93 0 126.529 0H24C10.7
45 0 0 10.745 0 24v16c0 13.255 10.745 24 24 24h69.883l70.248 343.435C147.325 41
7.1 136 435.222 136 456c0 30.928 25.072 56 56 56s56-25.072 56-56c0-15.674-6.447
-29.835-16.824-40h209.647C430.447 426.165 424 440.326 424 456c0 30.928 25.072 5
6 56 56s56-25.072 56-56c0-22.172-12.888-41.332-31.579-50.405l5.517-24.276c3.413
-15.018-8.002-29.319-23.403-29.319H218.117l-6.545-32h293.145c11.206 0 20.92-7.7
54 23.403-18.681z"[39m
              [36m/>[39m
            [36m</svg>[39m
            [0m [0m
            [0mpremium.store[0m
          [36m</button>[39m
          [36m<button[39m
            [33maria-label[39m=[32m"premium.serverBoost"[39m
            [33mstyle[39m=[32m"background: none; border-width: medium medium
 2px; border-style: none none solid; border-color: currentcolor currentcolor tr
ansparent; border-image: none; color: rgb(181, 186, 193); padding: 12px 20px; c
ursor: pointer; font-size: 14px; font-weight: 600; display: flex; align-items: 
center; gap: 8px; transition: all 0.2s;"[39m
          [36m>[39m
            [36m<svg[39m
              [33mfill[39m=[32m"currentColor"[39m
              [33mheight[39m=[32m"1em"[39m
              [33mstroke[39m=[32m"currentColor"[39m
              [33mstroke-width[39m=[32m"0"[39m
              [33mviewBox[39m=[32m"0 0 512 512"[39m
              [33mwidth[39m=[32m"1em"[39m
              [33mxmlns[39m=[32m"http://www.w3.org/2000/svg"[39m
            [36m>[39m
              [36m<path[39m
                [33md[39m=[32m"M505.12019,19.09375c-1.18945-5.53125-6.65819-
11-12.207-12.1875C460.716,0,435.507,0,410.40747,0,307.17523,0,245.26909,55.2031
2,199.05238,128H94.83772c-16.34763.01562-35.55658,11.875-42.88664,26.48438L2.51
562,253.29688A28.4,28.4,0,0,0,0,264a24.00867,24.00867,0,0,0,24.00582,24H127.816
18l-22.47457,22.46875c-11.36521,11.36133-12.99607,32.25781,0,45.25L156.24582,40
6.625c11.15623,11.1875,32.15619,13.15625,45.27726,0l22.47457-22.46875V488a24.00
867,24.00867,0,0,0,24.00581,24,28.55934,28.55934,0,0,0,10.707-2.51562l98.72834-
49.39063c14.62888-7.29687,26.50776-26.5,26.50776-42.85937V312.79688c72.59753-46
.3125,128.03493-108.40626,128.03493-211.09376C512.07526,76.5,512.07526,51.29688
,505.12019,19.09375ZM384.04033,168A40,40,0,1,1,424.05,128,40.02322,40.02322,0,0
,1,384.04033,168Z"[39m
              [36m/>[39m
            [36m</svg>[39m
            [0m [0m
            [0mpremium.serverBoost[0m
          [36m</button>[39m
        [36m</div>[39m
        [36m<div[39m
          [33mstyle[39m=[32m"flex: 1 1 0%; overflow-y: auto; padding: 24px;"
[39m
        [36m>[39m
          [36m<div[39m
            [33mdata-has-purchase[39m=[32m"true"[39m
            [33mdata-has-styles[39m=[32m"true"[39m
            [33mdata-testid[39m=[32m"premium-tab"[39m
          [36m/>[39m
        [36m</div>[39m
      [36m</div>[39m
    [36m</div>[39m
  [36m</div>[39m
[36m</body>[39m
[90m [2mΓ¥»[22m Object.getElementError node_modules/@testing-library/dom/dis
t/config.js:[2m37:19[22m[39m
[90m [2mΓ¥»[22m node_modules/@testing-library/dom/dist/query-helpers.js:[2m
76:38[22m[39m
[90m [2mΓ¥»[22m node_modules/@testing-library/dom/dist/query-helpers.js:[2m
52:17[22m[39m
[90m [2mΓ¥»[22m node_modules/@testing-library/dom/dist/query-helpers.js:[2m
95:19[22m[39m
[36m [2mΓ¥»[22m src/__tests__/components/PremiumStoreModal.test.jsx:[2m64:3
2[22m[39m
    [90m 62| [39m    [34mit[39m([32m'should switch to boost tab on click'
[39m[33m,[39m () [33m=>[39m {
    [90m 63| [39m        [34mrender[39m([33m<[39m[33mPremiumStoreModal[
39m [33monClose[39m[33m=[39m[33m{[39monClose[33m}[39m [33m/[39m[33m>
[39m)[33m;[39m
    [90m 64| [39m        fireEvent[33m.[39m[34mclick[39m(screen[33m.[39
m[34mgetByText[39m([36m/Server Boost/[39m))[33m;[39m
    [90m   | [39m                               [31m^[39m
    [90m 65| [39m        [34mexpect[39m(screen[33m.[39m[34mgetByTestId[
39m([32m'boost-tab'[39m))[33m.[39m[34mtoBeInTheDocument[39m()[33m;[39m
    [90m 66| [39m    })[33m;[39m

[31m[2mΓÄ»ΓÄ»ΓÄ»ΓÄ»ΓÄ»ΓÄ»ΓÄ»ΓÄ»ΓÄ»ΓÄ»ΓÄ»ΓÄ»ΓÄ»ΓÄ»ΓÄ»ΓÄ»ΓÄ»ΓÄ»ΓÄ»ΓÄ»ΓÄ»ΓÄ»[27/
50]ΓÄ»[22m[39m

[41m[1m FAIL [22m[49m src/__tests__/components/PremiumStoreModal.test.jsx[
2m > [22mPremiumStoreModal Orchestrator[2m > [22mshould render header with P
remium Magaza title
[31m[1mTestingLibraryElementError[22m[39m: Unable to find an element with t
he text: Premium Magaza. This could be because the text is broken up by multipl
e elements. In this case, you can provide a function for your text matcher to m
ake your matcher more flexible.

Ignored nodes: comments, script, style
[36m<body>[39m
  [36m<div>[39m
    [36m<div[39m
      [33mrole[39m=[32m"presentation"[39m
      [33mstyle[39m=[32m"position: fixed; top: 0px; left: 0px; right: 0px; b
ottom: 0px; background-color: rgba(0, 0, 0, 0.85); display: flex; align-items: 
center; justify-content: center; z-index: 10000; padding: 20px;"[39m
    [36m>[39m
      [36m<div[39m
        [33maria-label[39m=[32m"premium.premiumStore"[39m
        [33maria-modal[39m=[32m"true"[39m
        [33mrole[39m=[32m"dialog"[39m
        [33mstyle[39m=[32m"background-color: rgb(17, 18, 20); border-radius:
 16px; width: 90%; max-width: 1200px; max-height: 90vh; display: flex; flex-dir
ection: column; box-shadow: 0 20px 60px rgba(0, 0, 0, 0.5); overflow: hidden;"
[39m
      [36m>[39m
        [36m<div[39m
          [33mstyle[39m=[32m"padding: 20px 24px; border-bottom: 1px solid rg
ba(255, 255, 255, 0.1); display: flex; justify-content: space-between; align-it
ems: center;"[39m
        [36m>[39m
          [36m<div[39m
            [33mstyle[39m=[32m"display: flex; align-items: center;"[39m
          [36m>[39m
            [36m<svg[39m
              [33mfill[39m=[32m"currentColor"[39m
              [33mheight[39m=[32m"1em"[39m
              [33mstroke[39m=[32m"currentColor"[39m
              [33mstroke-width[39m=[32m"0"[39m
              [33mstyle[39m=[32m"color: rgb(240, 178, 50); margin-right: 10p
x;"[39m
              [33mviewBox[39m=[32m"0 0 640 512"[39m
              [33mwidth[39m=[32m"1em"[39m
              [33mxmlns[39m=[32m"http://www.w3.org/2000/svg"[39m
            [36m>[39m
              [36m<path[39m
                [33md[39m=[32m"M528 448H112c-8.8 0-16 7.2-16 16v32c0 8.8 7.2
 16 16 16h416c8.8 0 16-7.2 16-16v-32c0-8.8-7.2-16-16-16zm64-320c-26.5 0-48 21.5
-48 48 0 7.1 1.6 13.7 4.4 19.8L476 239.2c-15.4 9.2-35.3 4-44.2-11.6L350.3 85C36
1 76.2 368 63 368 48c0-26.5-21.5-48-48-48s-48 21.5-48 48c0 15 7 28.2 17.7 37l-8
1.5 142.6c-8.9 15.6-28.9 20.8-44.2 11.6l-72.3-43.4c2.7-6 4.4-12.7 4.4-19.8 0-26
.5-21.5-48-48-48S0 149.5 0 176s21.5 48 48 48c2.6 0 5.2-.4 7.7-.8L128 416h384l72
.3-192.8c2.5.4 5.1.8 7.7.8 26.5 0 48-21.5 48-48s-21.5-48-48-48z"[39m
              [36m/>[39m
            [36m</svg>[39m
            [36m<h2[39m
              [33mstyle[39m=[32m"margin: 0px; color: rgb(255, 255, 255); fon
t-size: 24px; font-weight: bold;"[39m
            [36m>[39m
              [0mPremium Store[0m
            [36m</h2>[39m
          [36m</div>[39m
          [36m<div[39m
            [33mclass[39m=[32m"flex-align-12"[39m
          [36m>[39m
            [36m<div[39m
              [33mrole[39m=[32m"button"[39m
              [33mstyle[39m=[32m"background: linear-gradient(135deg, rgb(240
, 178, 50) 0%, rgb(199, 145, 0) 100%); padding: 8px 16px; border-radius: 20px; 
display: flex; align-items: center; gap: 6px; cursor: pointer;"[39m
              [33mtabindex[39m=[32m"0"[39m
              [33mtitle[39m=[32m"premium.buyCoins"[39m
            [36m>[39m
              [36m<span[39m
                [33mclass[39m=[32m"fs-18"[39m
              [36m>[39m
                [0m≡ƒÆ░[0m
              [36m</span>[39m
              [36m<span[39m
                [33mstyle[39m=[32m"font-weight: bold; color: rgb(0, 0, 0); f
ont-size: 14px;"[39m
              [36m>[39m
                [0m0[0m
              [36m</span>[39m
            [36m</div>[39m
            [36m<button[39m
              [33maria-label[39m=[32m"Close"[39m
              [33mstyle[39m=[32m"background: none; border: medium; color: rg
b(181, 186, 193); font-size: 24px; cursor: pointer; padding: 8px; transition: c
olor 0.2s;"[39m
            [36m>[39m
              [36m<svg[39m
                [33mfill[39m=[32m"currentColor"[39m
                [33mheight[39m=[32m"1em"[39m
                [33mstroke[39m=[32m"currentColor"[39m
                [33mstroke-width[39m=[32m"0"[39m
                [33mviewBox[39m=[32m"0 0 352 512"[39m
                [33mwidth[39m=[32m"1em"[39m
                [33mxmlns[39m=[32m"http://www.w3.org/2000/svg"[39m
              [36m>[39m
                [36m<path[39m
                  [33md[39m=[32m"M242.72 256l100.07-100.07c12.28-12.28 12.28
-32.19 0-44.48l-22.24-22.24c-12.28-12.28-32.19-12.28-44.48 0L176 189.28 75.93 8
9.21c-12.28-12.28-32.19-12.28-44.48 0L9.21 111.45c-12.28 12.28-12.28 32.19 0 44
.48L109.28 256 9.21 356.07c-12.28 12.28-12.28 32.19 0 44.48l22.24 22.24c12.28 1
2.28 32.2 12.28 44.48 0L176 322.72l100.07 100.07c12.28 12.28 32.2 12.28 44.48 0
l22.24-22.24c12.28-12.28 12.28-32.19 0-44.48L242.72 256z"[39m
                [36m/>[39m
              [36m</svg>[39m
            [36m</button>[39m
          [36m</div>[39m
        [36m</div>[39m
        [36m<div[39m
          [33mstyle[39m=[32m"display: flex; padding: 0px 24px; border-bottom
: 1px solid rgba(255, 255, 255, 0.1); gap: 8px;"[39m
        [36m>[39m
          [36m<button[39m
            [33maria-label[39m=[32m"premium.premium"[39m
            [33mstyle[39m=[32m"background: none; border-width: medium medium
 2px; border-style: none none solid; border-color: currentcolor currentcolor rg
b(88, 101, 242); border-image: none; color: rgb(255, 255, 255); padding: 12px 2
0px; cursor: pointer; font-size: 14px; font-weight: 600; display: flex; align-i
tems: center; gap: 8px; transition: all 0.2s;"[39m
          [36m>[39m
            [36m<svg[39m
              [33mfill[39m=[32m"currentColor"[39m
              [33mheight[39m=[32m"1em"[39m
              [33mstroke[39m=[32m"currentColor"[39m
              [33mstroke-width[39m=[32m"0"[39m
              [33mviewBox[39m=[32m"0 0 640 512"[39m
              [33mwidth[39m=[32m"1em"[39m
              [33mxmlns[39m=[32m"http://www.w3.org/2000/svg"[39m
            [36m>[39m
              [36m<path[39m
                [33md[39m=[32m"M528 448H112c-8.8 0-16 7.2-16 16v32c0 8.8 7.2
 16 16 16h416c8.8 0 16-7.2 16-16v-32c0-8.8-7.2-16-16-16zm64-320c-26.5 0-48 21.5
-48 48 0 7.1 1.6 13.7 4.4 19.8L476 239.2c-15.4 9.2-35.3 4-44.2-11.6L350.3 85C36
1 76.2 368 63 368 48c0-26.5-21.5-48-48-48s-48 21.5-48 48c0 15 7 28.2 17.7 37l-8
1.5 142.6c-8.9 15.6-28.9 20.8-44.2 11.6l-72.3-43.4c2.7-6 4.4-12.7 4.4-19.8 0-26
.5-21.5-48-48-48S0 149.5 0 176s21.5 48 48 48c2.6 0 5.2-.4 7.7-.8L128 416h384l72
.3-192.8c2.5.4 5.1.8 7.7.8 26.5 0 48-21.5 48-48s-21.5-48-48-48z"[39m
              [36m/>[39m
            [36m</svg>[39m
            [0m [0m
            [0mpremium.premium[0m
          [36m</button>[39m
          [36m<button[39m
            [33maria-label[39m=[32m"premium.store"[39m
            [33mstyle[39m=[32m"background: none; border-width: medium medium
 2px; border-style: none none solid; border-color: currentcolor currentcolor tr
ansparent; border-image: none; color: rgb(181, 186, 193); padding: 12px 20px; c
ursor: pointer; font-size: 14px; font-weight: 600; display: flex; align-items: 
center; gap: 8px; transition: all 0.2s;"[39m
          [36m>[39m
            [36m<svg[39m
              [33mfill[39m=[32m"currentColor"[39m
              [33mheight[39m=[32m"1em"[39m
              [33mstroke[39m=[32m"currentColor"[39m
              [33mstroke-width[39m=[32m"0"[39m
              [33mviewBox[39m=[32m"0 0 576 512"[39m
              [33mwidth[39m=[32m"1em"[39m
              [33mxmlns[39m=[32m"http://www.w3.org/2000/svg"[39m
            [36m>[39m
              [36m<path[39m
                [33md[39m=[32m"M528.12 301.319l47.273-208C578.806 78.301 567
.391 64 551.99 64H159.208l-9.166-44.81C147.758 8.021 137.93 0 126.529 0H24C10.7
45 0 0 10.745 0 24v16c0 13.255 10.745 24 24 24h69.883l70.248 343.435C147.325 41
7.1 136 435.222 136 456c0 30.928 25.072 56 56 56s56-25.072 56-56c0-15.674-6.447
-29.835-16.824-40h209.647C430.447 426.165 424 440.326 424 456c0 30.928 25.072 5
6 56 56s56-25.072 56-56c0-22.172-12.888-41.332-31.579-50.405l5.517-24.276c3.413
-15.018-8.002-29.319-23.403-29.319H218.117l-6.545-32h293.145c11.206 0 20.92-7.7
54 23.403-18.681z"[39m
              [36m/>[39m
            [36m</svg>[39m
            [0m [0m
            [0mpremium.store[0m
          [36m</button>[39m
          [36m<button[39m
            [33maria-label[39m=[32m"premium.serverBoost"[39m
            [33mstyle[39m=[32m"background: none; border-width: medium medium
 2px; border-style: none none solid; border-color: currentcolor currentcolor tr
ansparent; border-image: none; color: rgb(181, 186, 193); padding: 12px 20px; c
ursor: pointer; font-size: 14px; font-weight: 600; display: flex; align-items: 
center; gap: 8px; transition: all 0.2s;"[39m
          [36m>[39m
            [36m<svg[39m
              [33mfill[39m=[32m"currentColor"[39m
              [33mheight[39m=[32m"1em"[39m
              [33mstroke[39m=[32m"currentColor"[39m
              [33mstroke-width[39m=[32m"0"[39m
              [33mviewBox[39m=[32m"0 0 512 512"[39m
              [33mwidth[39m=[32m"1em"[39m
              [33mxmlns[39m=[32m"http://www.w3.org/2000/svg"[39m
            [36m>[39m
              [36m<path[39m
                [33md[39m=[32m"M505.12019,19.09375c-1.18945-5.53125-6.65819-
11-12.207-12.1875C460.716,0,435.507,0,410.40747,0,307.17523,0,245.26909,55.2031
2,199.05238,128H94.83772c-16.34763.01562-35.55658,11.875-42.88664,26.48438L2.51
562,253.29688A28.4,28.4,0,0,0,0,264a24.00867,24.00867,0,0,0,24.00582,24H127.816
18l-22.47457,22.46875c-11.36521,11.36133-12.99607,32.25781,0,45.25L156.24582,40
6.625c11.15623,11.1875,32.15619,13.15625,45.27726,0l22.47457-22.46875V488a24.00
867,24.00867,0,0,0,24.00581,24,28.55934,28.55934,0,0,0,10.707-2.51562l98.72834-
49.39063c14.62888-7.29687,26.50776-26.5,26.50776-42.85937V312.79688c72.59753-46
.3125,128.03493-108.40626,128.03493-211.09376C512.07526,76.5,512.07526,51.29688
,505.12019,19.09375ZM384.04033,168A40,40,0,1,1,424.05,128,40.02322,40.02322,0,0
,1,384.04033,168Z"[39m
              [36m/>[39m
            [36m</svg>[39m
            [0m [0m
            [0mpremium.serverBoost[0m
          [36m</button>[39m
        [36m</div>[39m
        [36m<div[39m
          [33mstyle[39m=[32m"flex: 1 1 0%; overflow-y: auto; padding: 24px;"
[39m
        [36m>[39m
          [36m<div[39m
            [33mdata-has-purchase[39m=[32m"true"[39m
            [33mdata-has-styles[39m=[32m"true"[39m
            [33mdata-testid[39m=[32m"premium-tab"[39m
          [36m/>[39m
        [36m</div>[39m
      [36m</div>[39m
    [36m</div>[39m
  [36m</div>[39m
[36m</body>[39m
[90m [2mΓ¥»[22m Object.getElementError node_modules/@testing-library/dom/dis
t/config.js:[2m37:19[22m[39m
[90m [2mΓ¥»[22m node_modules/@testing-library/dom/dist/query-helpers.js:[2m
76:38[22m[39m
[90m [2mΓ¥»[22m node_modules/@testing-library/dom/dist/query-helpers.js:[2m
52:17[22m[39m
[90m [2mΓ¥»[22m node_modules/@testing-library/dom/dist/query-helpers.js:[2m
95:19[22m[39m
[36m [2mΓ¥»[22m src/__tests__/components/PremiumStoreModal.test.jsx:[2m88:2
3[22m[39m
    [90m 86| [39m    [34mit[39m([32m'should render header with Premium Mag
aza title'[39m[33m,[39m () [33m=>[39m {
    [90m 87| [39m        [34mrender[39m([33m<[39m[33mPremiumStoreModal[
39m [33monClose[39m[33m=[39m[33m{[39monClose[33m}[39m [33m/[39m[33m>
[39m)[33m;[39m
    [90m 88| [39m        [34mexpect[39m(screen[33m.[39m[34mgetByText[39
m([32m'Premium Magaza'[39m))[33m.[39m[34mtoBeInTheDocument[39m()[33m;[3
9m
    [90m   | [39m                      [31m^[39m
    [90m 89| [39m    })[33m;[39m
    [90m 90| [39m

[31m[2mΓÄ»ΓÄ»ΓÄ»ΓÄ»ΓÄ»ΓÄ»ΓÄ»ΓÄ»ΓÄ»ΓÄ»ΓÄ»ΓÄ»ΓÄ»ΓÄ»ΓÄ»ΓÄ»ΓÄ»ΓÄ»ΓÄ»ΓÄ»ΓÄ»ΓÄ»[28/
50]ΓÄ»[22m[39m

[41m[1m FAIL [22m[49m src/__tests__/components/RoomList.test.jsx[2m > [22
mRoomList Component[2m > [22mHome Mode (DMs)[2m > [22mshould render DM list
[31m[1mError[22m: [2mexpect([22m[31melement[31m[2m).toHaveTextContent()
[22m

Expected element to have text content:
[32m  D─░REKT MESAJLAR[31m
Received:
[31m  DIRECT MESSAGES[31m[39m
[36m [2mΓ¥»[22m src/__tests__/components/RoomList.test.jsx:[2m232:53[22m[
39m
    [90m230| [39m            render(<MockRoomList mode="home" conversations={
mockConverΓÇª
    [90m231| [39m            [34mexpect[39m(screen[33m.[39m[34mgetByTest
Id[39m([32m'dm-list'[39m))[33m.[39m[34mtoBeInTheDocument[39m()[33m;[39
m
    [90m232| [39m            expect(screen.getByTestId('dm-header')).toHaveTe
xtContent(ΓÇª
    [90m   | [39m                                                    [31m^[
39m
    [90m233| [39m        })[33m;[39m
    [90m234| [39m

[31m[2mΓÄ»ΓÄ»ΓÄ»ΓÄ»ΓÄ»ΓÄ»ΓÄ»ΓÄ»ΓÄ»ΓÄ»ΓÄ»ΓÄ»ΓÄ»ΓÄ»ΓÄ»ΓÄ»ΓÄ»ΓÄ»ΓÄ»ΓÄ»ΓÄ»ΓÄ»[29/
50]ΓÄ»[22m[39m

[41m[1m FAIL [22m[49m src/__tests__/components/ServerRail.test.jsx[2m > [
22mServerRail Component[2m > [22mRendering[2m > [22mshould render the serve
r rail navigation
[31m[1mError[22m: [2mexpect([22m[31melement[31m[2m).toHaveAttribute([2
2m[32m[32m"aria-label"[32m[31m[2m, [22m[32m[32m"Sunucu listsi"[32m[31
m[2m) // element.getAttribute("aria-label") === "Sunucu listsi"[22m

Expected the element to have attribute:
[32m  aria-label="Sunucu listsi"[31m
Received:
[31m  aria-label="Server list"[31m[39m
[36m [2mΓ¥»[22m src/__tests__/components/ServerRail.test.jsx:[2m205:52[22m
[39m
    [90m203| [39m            render(<MockServerRail servers={mockServers} {..
.handlers}ΓÇª
    [90m204| [39m            expect(screen.getByTestId('server-rail')).toBeIn
TheDocumenΓÇª
    [90m205| [39m            expect(screen.getByRole('navigation')).toHaveAtt
ribute('arΓÇª
    [90m   | [39m                                                   [31m^[3
9m
    [90m206| [39m        })[33m;[39m
    [90m207| [39m

[31m[2mΓÄ»ΓÄ»ΓÄ»ΓÄ»ΓÄ»ΓÄ»ΓÄ»ΓÄ»ΓÄ»ΓÄ»ΓÄ»ΓÄ»ΓÄ»ΓÄ»ΓÄ»ΓÄ»ΓÄ»ΓÄ»ΓÄ»ΓÄ»ΓÄ»ΓÄ»[30/
50]ΓÄ»[22m[39m

[41m[1m FAIL [22m[49m src/__tests__/components/UserFooter.test.jsx[2m > [
22mUserFooter[2m > [22mcalls onProfileClick when user panel is clicked
[31m[1mTestingLibraryElementError[22m[39m: Unable to find an accessible ele
ment with the role "button" and name `/TestUser/i`

Here are the accessible roles:

  button:

  Name "Open profile panel":
  [36m<div[39m
    [33maria-label[39m=[32m"Open profile panel"[39m
    [33mdata-testid[39m=[32m"profile-panel-trigger"[39m
    [33mrole[39m=[32m"button"[39m
    [33mstyle[39m=[32m"display: flex; align-items: center; width: 100%; box-
sizing: border-box; padding: 7px 10px; border-radius: 8px; cursor: pointer; bac
kground-color: transparent; transition: background-color 0.15s ease; gap: 8px;"
[39m
    [33mtabindex[39m=[32m"0"[39m
  [36m/>[39m

  Name "Settings":
  [36m<button[39m
    [33maria-label[39m=[32m"Settings"[39m
    [33mstyle[39m=[32m"background: none; border: medium; color: rgb(181, 186
, 193); cursor: pointer; padding: 5px; display: flex; align-items: center; just
ify-content: center; flex-shrink: 0; border-radius: 6px; transition: color 0.15
s ease, transform 0.2s ease;"[39m
  [36m/>[39m

  --------------------------------------------------
  img:

  Name "TestUser":
  [36m<img[39m
    [33malt[39m=[32m"TestUser"[39m
    [33msrc[39m=[32m"https://www.pawscord.com/default/TestUser.svg"[39m
    [33mstyle[39m=[32m"width: 32px; height: 32px; border-radius: 50%; object
-fit: cover; background-color: rgb(26, 28, 31); flex-shrink: 0; box-shadow: 0 0
 0 2px rgba(88,101,242,0.25), 0 2px 8px rgba(0,0,0,0.4);"[39m
  [36m/>[39m

  --------------------------------------------------

Ignored nodes: comments, script, style
[36m<body>[39m
  [36m<div>[39m
    [36m<div[39m
      [33mstyle[39m=[32m"width: 100%;"[39m
    [36m>[39m
      [36m<div[39m
        [33maria-label[39m=[32m"Open profile panel"[39m
        [33mdata-testid[39m=[32m"profile-panel-trigger"[39m
        [33mrole[39m=[32m"button"[39m
        [33mstyle[39m=[32m"display: flex; align-items: center; width: 100%; 
box-sizing: border-box; padding: 7px 10px; border-radius: 8px; cursor: pointer;
 background-color: transparent; transition: background-color 0.15s ease; gap: 8
px;"[39m
        [33mtabindex[39m=[32m"0"[39m
      [36m>[39m
        [36m<div[39m
          [33mclass[39m=[32m"pos-relative"[39m
        [36m>[39m
          [36m<img[39m
            [33malt[39m=[32m"TestUser"[39m
            [33msrc[39m=[32m"https://www.pawscord.com/default/TestUser.svg"
[39m
            [33mstyle[39m=[32m"width: 32px; height: 32px; border-radius: 50%
; object-fit: cover; background-color: rgb(26, 28, 31); flex-shrink: 0; box-sha
dow: 0 0 0 2px rgba(88,101,242,0.25), 0 2px 8px rgba(0,0,0,0.4);"[39m
          [36m/>[39m
          [36m<div[39m
            [33mstyle[39m=[32m"position: absolute; bottom: 2px; right: 8px; 
width: 10px; height: 10px; background-color: rgb(35, 165, 89); border-radius: 5
0%; border: 2px solid rgb(11, 14, 27); box-shadow: 0 0 6px rgba(35,165,89,0.5);
"[39m
          [36m/>[39m
        [36m</div>[39m
        [36m<div[39m
          [33mstyle[39m=[32m"flex: 1 1 0%; display: flex; flex-direction: co
lumn; min-width: 0; overflow: hidden;"[39m
        [36m>[39m
          [36m<div[39m
            [33mstyle[39m=[32m"display: flex; align-items: center; gap: 6px;
 min-width: 0;"[39m
          [36m>[39m
            [36m<span[39m
              [33mstyle[39m=[32m"color: rgb(242, 243, 245); font-weight: 600
; font-size: 13px; white-space: nowrap; overflow: hidden; text-overflow: ellips
is; line-height: 1.3; flex: 1 1 auto;"[39m
            [36m>[39m
              [0mTestUser[0m
            [36m</span>[39m
          [36m</div>[39m
          [36m<span[39m
            [33mstyle[39m=[32m"color: rgb(128, 132, 142); font-size: 11px; w
hite-space: nowrap; overflow: hidden; text-overflow: ellipsis; line-height: 1.3
;"[39m
          [36m>[39m
            [0m#0000[0m
          [36m</span>[39m
        [36m</div>[39m
        [36m<button[39m
          [33maria-label[39m=[32m"Settings"[39m
          [33mstyle[39m=[32m"background: none; border: medium; color: rgb(18
1, 186, 193); cursor: pointer; padding: 5px; display: flex; align-items: center
; justify-content: center; flex-shrink: 0; border-radius: 6px; transition: colo
r 0.15s ease, transform 0.2s ease;"[39m
        [36m>[39m
          [36m<svg[39m
            [33mfill[39m=[32m"currentColor"[39m
            [33mheight[39m=[32m"1em"[39m
            [33mstroke[39m=[32m"currentColor"[39m
            [33mstroke-width[39m=[32m"0"[39m
            [33mviewBox[39m=[32m"0 0 512 512"[39m
            [33mwidth[39m=[32m"1em"[39m
            [33mxmlns[39m=[32m"http://www.w3.org/2000/svg"[39m
          [36m>[39m
            [36m<path[39m
              [33md[39m=[32m"M487.4 315.7l-42.6-24.6c4.3-23.2 4.3-47 0-70.2l
42.6-24.6c4.9-2.8 7.1-8.6 5.5-14-11.1-35.6-30-67.8-54.7-94.6-3.8-4.1-10-5.1-14.
8-2.3L380.8 110c-17.9-15.4-38.5-27.3-60.8-35.1V25.8c0-5.6-3.9-10.5-9.4-11.7-36.
7-8.2-74.3-7.8-109.2 0-5.5 1.2-9.4 6.1-9.4 11.7V75c-22.2 7.9-42.8 19.8-60.8 35.
1L88.7 85.5c-4.9-2.8-11-1.9-14.8 2.3-24.7 26.7-43.6 58.9-54.7 94.6-1.7 5.4.6 11
.2 5.5 14L67.3 221c-4.3 23.2-4.3 47 0 70.2l-42.6 24.6c-4.9 2.8-7.1 8.6-5.5 14 1
1.1 35.6 30 67.8 54.7 94.6 3.8 4.1 10 5.1 14.8 2.3l42.6-24.6c17.9 15.4 38.5 27.
3 60.8 35.1v49.2c0 5.6 3.9 10.5 9.4 11.7 36.7 8.2 74.3 7.8 109.2 0 5.5-1.2 9.4-
6.1 9.4-11.7v-49.2c22.2-7.9 42.8-19.8 60.8-35.1l42.6 24.6c4.9 2.8 11 1.9 14.8-2
.3 24.7-26.7 43.6-58.9 54.7-94.6 1.5-5.5-.7-11.3-5.6-14.1zM256 336c-44.1 0-80-3
5.9-80-80s35.9-80 80-80 80 35.9 80 80-35.9 80-80 80z"[39m
            [36m/>[39m
          [36m</svg>[39m
        [36m</button>[39m
      [36m</div>[39m
    [36m</div>[39m
  [36m</div>[39m
[36m</body>[39m
[90m [2mΓ¥»[22m Object.getElementError node_modules/@testing-library/dom/dis
t/config.js:[2m37:19[22m[39m
[90m [2mΓ¥»[22m node_modules/@testing-library/dom/dist/query-helpers.js:[2m
76:38[22m[39m
[90m [2mΓ¥»[22m node_modules/@testing-library/dom/dist/query-helpers.js:[2m
52:17[22m[39m
[90m [2mΓ¥»[22m node_modules/@testing-library/dom/dist/query-helpers.js:[2m
95:19[22m[39m
[36m [2mΓ¥»[22m src/__tests__/components/UserFooter.test.jsx:[2m39:20[22m
[39m
    [90m 37| [39m        [34mrender[39m([33m<[39m[33mUserFooter[39m [3
3m{[39m[33m...[39mdefaultProps[33m}[39m [33m/[39m[33m>[39m)[33m;[39m
    [90m 38| [39m        [35mconst[39m panel [33m=[39m
    [90m 39| [39m            screen.getByRole('button', { name: /TestUser/i }
) || screeΓÇª
    [90m   | [39m                   [31m^[39m
    [90m 40| [39m        fireEvent[33m.[39m[34mclick[39m(panel)[33m;[39
m
    [90m 41| [39m        [34mexpect[39m(defaultProps[33m.[39monProfileCli
ck)[33m.[39m[34mtoHaveBeenCalledTimes[39m([34m1[39m)[33m;[39m

[31m[2mΓÄ»ΓÄ»ΓÄ»ΓÄ»ΓÄ»ΓÄ»ΓÄ»ΓÄ»ΓÄ»ΓÄ»ΓÄ»ΓÄ»ΓÄ»ΓÄ»ΓÄ»ΓÄ»ΓÄ»ΓÄ»ΓÄ»ΓÄ»ΓÄ»ΓÄ»[31/
50]ΓÄ»[22m[39m

[41m[1m FAIL [22m[49m src/__tests__/components/UserFooter.test.jsx[2m > [
22mUserFooter[2m > [22mshows update banner when updateAvailable is true
[31m[1mTestingLibraryElementError[22m[39m: Unable to find an element with t
he text: Update Available!. This could be because the text is broken up by mult
iple elements. In this case, you can provide a function for your text matcher t
o make your matcher more flexible.

Ignored nodes: comments, script, style
[36m<body>[39m
  [36m<div>[39m
    [36m<div[39m
      [33mstyle[39m=[32m"width: 100%;"[39m
    [36m>[39m
      [36m<div[39m
        [33mrole[39m=[32m"button"[39m
        [33mstyle[39m=[32m"width: 100%; padding: 10px; background-color: rgb
(88, 101, 242); color: white; text-align: center; border-radius: 8px; margin-bo
ttom: 10px; cursor: pointer; font-weight: bold; font-size: 0.9em; display: flex
; align-items: center; justify-content: center; gap: 8px; box-shadow: 0 4px 12p
x rgba(88, 101, 242, 0.4); animation: pulse 2s infinite;"[39m
        [33mtabindex[39m=[32m"0"[39m
      [36m>[39m
        [36m<svg[39m
          [33mfill[39m=[32m"currentColor"[39m
          [33mheight[39m=[32m"1em"[39m
          [33mstroke[39m=[32m"currentColor"[39m
          [33mstroke-width[39m=[32m"0"[39m
          [33mviewBox[39m=[32m"0 0 512 512"[39m
          [33mwidth[39m=[32m"1em"[39m
          [33mxmlns[39m=[32m"http://www.w3.org/2000/svg"[39m
        [36m>[39m
          [36m<path[39m
            [33md[39m=[32m"M216 0h80c13.3 0 24 10.7 24 24v168h87.7c17.8 0 26
.7 21.5 14.1 34.1L269.7 378.3c-7.5 7.5-19.8 7.5-27.3 0L90.1 226.1c-12.6-12.6-3.
7-34.1 14.1-34.1H192V24c0-13.3 10.7-24 24-24zm296 376v112c0 13.3-10.7 24-24 24H
24c-13.3 0-24-10.7-24-24V376c0-13.3 10.7-24 24-24h146.7l49 49c20.1 20.1 52.5 20
.1 72.6 0l49-49H488c13.3 0 24 10.7 24 24zm-124 88c0-11-9-20-20-20s-20 9-20 20 9
 20 20 20 20-9 20-20zm64 0c0-11-9-20-20-20s-20 9-20 20 9 20 20 20 20-9 20-20z"
[39m
          [36m/>[39m
        [36m</svg>[39m
        [36m<span>[39m
          [0mui.updateAvailable[0m
        [36m</span>[39m
      [36m</div>[39m
      [36m<div[39m
        [33maria-label[39m=[32m"Open profile panel"[39m
        [33mdata-testid[39m=[32m"profile-panel-trigger"[39m
        [33mrole[39m=[32m"button"[39m
        [33mstyle[39m=[32m"display: flex; align-items: center; width: 100%; 
box-sizing: border-box; padding: 7px 10px; border-radius: 8px; cursor: pointer;
 background-color: transparent; transition: background-color 0.15s ease; gap: 8
px;"[39m
        [33mtabindex[39m=[32m"0"[39m
      [36m>[39m
        [36m<div[39m
          [33mclass[39m=[32m"pos-relative"[39m
        [36m>[39m
          [36m<img[39m
            [33malt[39m=[32m"TestUser"[39m
            [33msrc[39m=[32m"https://www.pawscord.com/default/TestUser.svg"
[39m
            [33mstyle[39m=[32m"width: 32px; height: 32px; border-radius: 50%
; object-fit: cover; background-color: rgb(26, 28, 31); flex-shrink: 0; box-sha
dow: 0 0 0 2px rgba(88,101,242,0.25), 0 2px 8px rgba(0,0,0,0.4);"[39m
          [36m/>[39m
          [36m<div[39m
            [33mstyle[39m=[32m"position: absolute; bottom: 2px; right: 8px; 
width: 10px; height: 10px; background-color: rgb(35, 165, 89); border-radius: 5
0%; border: 2px solid rgb(11, 14, 27); box-shadow: 0 0 6px rgba(35,165,89,0.5);
"[39m
          [36m/>[39m
        [36m</div>[39m
        [36m<div[39m
          [33mstyle[39m=[32m"flex: 1 1 0%; display: flex; flex-direction: co
lumn; min-width: 0; overflow: hidden;"[39m
        [36m>[39m
          [36m<div[39m
            [33mstyle[39m=[32m"display: flex; align-items: center; gap: 6px;
 min-width: 0;"[39m
          [36m>[39m
            [36m<span[39m
              [33mstyle[39m=[32m"color: rgb(242, 243, 245); font-weight: 600
; font-size: 13px; white-space: nowrap; overflow: hidden; text-overflow: ellips
is; line-height: 1.3; flex: 1 1 auto;"[39m
            [36m>[39m
              [0mTestUser[0m
            [36m</span>[39m
          [36m</div>[39m
          [36m<span[39m
            [33mstyle[39m=[32m"color: rgb(128, 132, 142); font-size: 11px; w
hite-space: nowrap; overflow: hidden; text-overflow: ellipsis; line-height: 1.3
;"[39m
          [36m>[39m
            [0m#0000[0m
          [36m</span>[39m
        [36m</div>[39m
        [36m<button[39m
          [33maria-label[39m=[32m"Settings"[39m
          [33mstyle[39m=[32m"background: none; border: medium; color: rgb(18
1, 186, 193); cursor: pointer; padding: 5px; display: flex; align-items: center
; justify-content: center; flex-shrink: 0; border-radius: 6px; transition: colo
r 0.15s ease, transform 0.2s ease;"[39m
        [36m>[39m
          [36m<svg[39m
            [33mfill[39m=[32m"currentColor"[39m
            [33mheight[39m=[32m"1em"[39m
            [33mstroke[39m=[32m"currentColor"[39m
            [33mstroke-width[39m=[32m"0"[39m
            [33mviewBox[39m=[32m"0 0 512 512"[39m
            [33mwidth[39m=[32m"1em"[39m
            [33mxmlns[39m=[32m"http://www.w3.org/2000/svg"[39m
          [36m>[39m
            [36m<path[39m
              [33md[39m=[32m"M487.4 315.7l-42.6-24.6c4.3-23.2 4.3-47 0-70.2l
42.6-24.6c4.9-2.8 7.1-8.6 5.5-14-11.1-35.6-30-67.8-54.7-94.6-3.8-4.1-10-5.1-14.
8-2.3L380.8 110c-17.9-15.4-38.5-27.3-60.8-35.1V25.8c0-5.6-3.9-10.5-9.4-11.7-36.
7-8.2-74.3-7.8-109.2 0-5.5 1.2-9.4 6.1-9.4 11.7V75c-22.2 7.9-42.8 19.8-60.8 35.
1L88.7 85.5c-4.9-2.8-11-1.9-14.8 2.3-24.7 26.7-43.6 58.9-54.7 94.6-1.7 5.4.6 11
.2 5.5 14L67.3 221c-4.3 23.2-4.3 47 0 70.2l-42.6 24.6c-4.9 2.8-7.1 8.6-5.5 14 1
1.1 35.6 30 67.8 54.7 94.6 3.8 4.1 10 5.1 14.8 2.3l42.6-24.6c17.9 15.4 38.5 27.
3 60.8 35.1v49.2c0 5.6 3.9 10.5 9.4 11.7 36.7 8.2 74.3 7.8 109.2 0 5.5-1.2 9.4-
6.1 9.4-11.7v-49.2c22.2-7.9 42.8-19.8 60.8-35.1l42.6 24.6c4.9 2.8 11 1.9 14.8-2
.3 24.7-26.7 43.6-58.9 54.7-94.6 1.5-5.5-.7-11.3-5.6-14.1zM256 336c-44.1 0-80-3
5.9-80-80s35.9-80 80-80 80 35.9 80 80-35.9 80-80 80z"[39m
            [36m/>[39m
          [36m</svg>[39m
        [36m</button>[39m
      [36m</div>[39m
    [36m</div>[39m
  [36m</div>[39m
[36m</body>[39m
[90m [2mΓ¥»[22m Object.getElementError node_modules/@testing-library/dom/dis
t/config.js:[2m37:19[22m[39m
[90m [2mΓ¥»[22m node_modules/@testing-library/dom/dist/query-helpers.js:[2m
76:38[22m[39m
[90m [2mΓ¥»[22m node_modules/@testing-library/dom/dist/query-helpers.js:[2m
52:17[22m[39m
[90m [2mΓ¥»[22m node_modules/@testing-library/dom/dist/query-helpers.js:[2m
95:19[22m[39m
[36m [2mΓ¥»[22m src/__tests__/components/UserFooter.test.jsx:[2m54:23[22m
[39m
    [90m 52| [39m    [34mit[39m([32m'shows update banner when updateAvaila
ble is true'[39m[33m,[39m () [33m=>[39m {
    [90m 53| [39m        render(<UserFooter {...defaultProps} updateAvailable
={true} />ΓÇª
    [90m 54| [39m        expect(screen.getByText('Update Available!')).toBeIn
TheDocumenΓÇª
    [90m   | [39m                      [31m^[39m
    [90m 55| [39m    })[33m;[39m
    [90m 56| [39m

[31m[2mΓÄ»ΓÄ»ΓÄ»ΓÄ»ΓÄ»ΓÄ»ΓÄ»ΓÄ»ΓÄ»ΓÄ»ΓÄ»ΓÄ»ΓÄ»ΓÄ»ΓÄ»ΓÄ»ΓÄ»ΓÄ»ΓÄ»ΓÄ»ΓÄ»ΓÄ»[32/
50]ΓÄ»[22m[39m

[41m[1m FAIL [22m[49m src/__tests__/components/UserFooter.test.jsx[2m > [
22mUserFooter[2m > [22mcalls onUpdateClick when update banner is clicked
[31m[1mTestingLibraryElementError[22m[39m: Unable to find an element with t
he text: Update Available!. This could be because the text is broken up by mult
iple elements. In this case, you can provide a function for your text matcher t
o make your matcher more flexible.

Ignored nodes: comments, script, style
[36m<body>[39m
  [36m<div>[39m
    [36m<div[39m
      [33mstyle[39m=[32m"width: 100%;"[39m
    [36m>[39m
      [36m<div[39m
        [33mrole[39m=[32m"button"[39m
        [33mstyle[39m=[32m"width: 100%; padding: 10px; background-color: rgb
(88, 101, 242); color: white; text-align: center; border-radius: 8px; margin-bo
ttom: 10px; cursor: pointer; font-weight: bold; font-size: 0.9em; display: flex
; align-items: center; justify-content: center; gap: 8px; box-shadow: 0 4px 12p
x rgba(88, 101, 242, 0.4); animation: pulse 2s infinite;"[39m
        [33mtabindex[39m=[32m"0"[39m
      [36m>[39m
        [36m<svg[39m
          [33mfill[39m=[32m"currentColor"[39m
          [33mheight[39m=[32m"1em"[39m
          [33mstroke[39m=[32m"currentColor"[39m
          [33mstroke-width[39m=[32m"0"[39m
          [33mviewBox[39m=[32m"0 0 512 512"[39m
          [33mwidth[39m=[32m"1em"[39m
          [33mxmlns[39m=[32m"http://www.w3.org/2000/svg"[39m
        [36m>[39m
          [36m<path[39m
            [33md[39m=[32m"M216 0h80c13.3 0 24 10.7 24 24v168h87.7c17.8 0 26
.7 21.5 14.1 34.1L269.7 378.3c-7.5 7.5-19.8 7.5-27.3 0L90.1 226.1c-12.6-12.6-3.
7-34.1 14.1-34.1H192V24c0-13.3 10.7-24 24-24zm296 376v112c0 13.3-10.7 24-24 24H
24c-13.3 0-24-10.7-24-24V376c0-13.3 10.7-24 24-24h146.7l49 49c20.1 20.1 52.5 20
.1 72.6 0l49-49H488c13.3 0 24 10.7 24 24zm-124 88c0-11-9-20-20-20s-20 9-20 20 9
 20 20 20 20-9 20-20zm64 0c0-11-9-20-20-20s-20 9-20 20 9 20 20 20 20-9 20-20z"
[39m
          [36m/>[39m
        [36m</svg>[39m
        [36m<span>[39m
          [0mui.updateAvailable[0m
        [36m</span>[39m
      [36m</div>[39m
      [36m<div[39m
        [33maria-label[39m=[32m"Open profile panel"[39m
        [33mdata-testid[39m=[32m"profile-panel-trigger"[39m
        [33mrole[39m=[32m"button"[39m
        [33mstyle[39m=[32m"display: flex; align-items: center; width: 100%; 
box-sizing: border-box; padding: 7px 10px; border-radius: 8px; cursor: pointer;
 background-color: transparent; transition: background-color 0.15s ease; gap: 8
px;"[39m
        [33mtabindex[39m=[32m"0"[39m
      [36m>[39m
        [36m<div[39m
          [33mclass[39m=[32m"pos-relative"[39m
        [36m>[39m
          [36m<img[39m
            [33malt[39m=[32m"TestUser"[39m
            [33msrc[39m=[32m"https://www.pawscord.com/default/TestUser.svg"
[39m
            [33mstyle[39m=[32m"width: 32px; height: 32px; border-radius: 50%
; object-fit: cover; background-color: rgb(26, 28, 31); flex-shrink: 0; box-sha
dow: 0 0 0 2px rgba(88,101,242,0.25), 0 2px 8px rgba(0,0,0,0.4);"[39m
          [36m/>[39m
          [36m<div[39m
            [33mstyle[39m=[32m"position: absolute; bottom: 2px; right: 8px; 
width: 10px; height: 10px; background-color: rgb(35, 165, 89); border-radius: 5
0%; border: 2px solid rgb(11, 14, 27); box-shadow: 0 0 6px rgba(35,165,89,0.5);
"[39m
          [36m/>[39m
        [36m</div>[39m
        [36m<div[39m
          [33mstyle[39m=[32m"flex: 1 1 0%; display: flex; flex-direction: co
lumn; min-width: 0; overflow: hidden;"[39m
        [36m>[39m
          [36m<div[39m
            [33mstyle[39m=[32m"display: flex; align-items: center; gap: 6px;
 min-width: 0;"[39m
          [36m>[39m
            [36m<span[39m
              [33mstyle[39m=[32m"color: rgb(242, 243, 245); font-weight: 600
; font-size: 13px; white-space: nowrap; overflow: hidden; text-overflow: ellips
is; line-height: 1.3; flex: 1 1 auto;"[39m
            [36m>[39m
              [0mTestUser[0m
            [36m</span>[39m
          [36m</div>[39m
          [36m<span[39m
            [33mstyle[39m=[32m"color: rgb(128, 132, 142); font-size: 11px; w
hite-space: nowrap; overflow: hidden; text-overflow: ellipsis; line-height: 1.3
;"[39m
          [36m>[39m
            [0m#0000[0m
          [36m</span>[39m
        [36m</div>[39m
        [36m<button[39m
          [33maria-label[39m=[32m"Settings"[39m
          [33mstyle[39m=[32m"background: none; border: medium; color: rgb(18
1, 186, 193); cursor: pointer; padding: 5px; display: flex; align-items: center
; justify-content: center; flex-shrink: 0; border-radius: 6px; transition: colo
r 0.15s ease, transform 0.2s ease;"[39m
        [36m>[39m
          [36m<svg[39m
            [33mfill[39m=[32m"currentColor"[39m
            [33mheight[39m=[32m"1em"[39m
            [33mstroke[39m=[32m"currentColor"[39m
            [33mstroke-width[39m=[32m"0"[39m
            [33mviewBox[39m=[32m"0 0 512 512"[39m
            [33mwidth[39m=[32m"1em"[39m
            [33mxmlns[39m=[32m"http://www.w3.org/2000/svg"[39m
          [36m>[39m
            [36m<path[39m
              [33md[39m=[32m"M487.4 315.7l-42.6-24.6c4.3-23.2 4.3-47 0-70.2l
42.6-24.6c4.9-2.8 7.1-8.6 5.5-14-11.1-35.6-30-67.8-54.7-94.6-3.8-4.1-10-5.1-14.
8-2.3L380.8 110c-17.9-15.4-38.5-27.3-60.8-35.1V25.8c0-5.6-3.9-10.5-9.4-11.7-36.
7-8.2-74.3-7.8-109.2 0-5.5 1.2-9.4 6.1-9.4 11.7V75c-22.2 7.9-42.8 19.8-60.8 35.
1L88.7 85.5c-4.9-2.8-11-1.9-14.8 2.3-24.7 26.7-43.6 58.9-54.7 94.6-1.7 5.4.6 11
.2 5.5 14L67.3 221c-4.3 23.2-4.3 47 0 70.2l-42.6 24.6c-4.9 2.8-7.1 8.6-5.5 14 1
1.1 35.6 30 67.8 54.7 94.6 3.8 4.1 10 5.1 14.8 2.3l42.6-24.6c17.9 15.4 38.5 27.
3 60.8 35.1v49.2c0 5.6 3.9 10.5 9.4 11.7 36.7 8.2 74.3 7.8 109.2 0 5.5-1.2 9.4-
6.1 9.4-11.7v-49.2c22.2-7.9 42.8-19.8 60.8-35.1l42.6 24.6c4.9 2.8 11 1.9 14.8-2
.3 24.7-26.7 43.6-58.9 54.7-94.6 1.5-5.5-.7-11.3-5.6-14.1zM256 336c-44.1 0-80-3
5.9-80-80s35.9-80 80-80 80 35.9 80 80-35.9 80-80 80z"[39m
            [36m/>[39m
          [36m</svg>[39m
        [36m</button>[39m
      [36m</div>[39m
    [36m</div>[39m
  [36m</div>[39m
[36m</body>[39m
[90m [2mΓ¥»[22m Object.getElementError node_modules/@testing-library/dom/dis
t/config.js:[2m37:19[22m[39m
[90m [2mΓ¥»[22m node_modules/@testing-library/dom/dist/query-helpers.js:[2m
76:38[22m[39m
[90m [2mΓ¥»[22m node_modules/@testing-library/dom/dist/query-helpers.js:[2m
52:17[22m[39m
[90m [2mΓ¥»[22m node_modules/@testing-library/dom/dist/query-helpers.js:[2m
95:19[22m[39m
[36m [2mΓ¥»[22m src/__tests__/components/UserFooter.test.jsx:[2m64:32[22m
[39m
    [90m 62| [39m    [34mit[39m([32m'calls onUpdateClick when update banne
r is clicked'[39m[33m,[39m () [33m=>[39m {
    [90m 63| [39m        render(<UserFooter {...defaultProps} updateAvailable
={true} />ΓÇª
    [90m 64| [39m        fireEvent[33m.[39m[34mclick[39m(screen[33m.[39
m[34mgetByText[39m([32m'Update Available!'[39m))[33m;[39m
    [90m   | [39m                               [31m^[39m
    [90m 65| [39m        [34mexpect[39m(defaultProps[33m.[39monUpdateClic
k)[33m.[39m[34mtoHaveBeenCalledTimes[39m([34m1[39m)[33m;[39m
    [90m 66| [39m    })[33m;[39m

[31m[2mΓÄ»ΓÄ»ΓÄ»ΓÄ»ΓÄ»ΓÄ»ΓÄ»ΓÄ»ΓÄ»ΓÄ»ΓÄ»ΓÄ»ΓÄ»ΓÄ»ΓÄ»ΓÄ»ΓÄ»ΓÄ»ΓÄ»ΓÄ»ΓÄ»ΓÄ»[33/
50]ΓÄ»[22m[39m

[41m[1m FAIL [22m[49m src/__tests__/components/UserProfileModal.test.jsx[2
m > [22mUserProfileModal Component[2m > [22mDM and Friend Actions[2m > [22
mshould show "Friends─▒n─▒z" for friends
[31m[1mError[22m: [2mexpect([22m[31melement[31m[2m).toHaveTextContent()
[22m

Expected element to have text content:
[32m  Friends─▒n─▒z Γ£ô[31m
Received:
[31m  Friends Γ£ô[31m[39m
[36m [2mΓ¥»[22m src/__tests__/components/UserProfileModal.test.jsx:[2m225:6
1[22m[39m
    [90m223| [39m                [33m/[39m[33m>[39m
    [90m224| [39m            )[33m;[39m
    [90m225| [39m            expect(screen.getByTestId('add-friend-button')).
toHaveTextΓÇª
    [90m   | [39m                                                            
[31m^[39m
    [90m226| [39m        })[33m;[39m
    [90m227| [39m

[31m[2mΓÄ»ΓÄ»ΓÄ»ΓÄ»ΓÄ»ΓÄ»ΓÄ»ΓÄ»ΓÄ»ΓÄ»ΓÄ»ΓÄ»ΓÄ»ΓÄ»ΓÄ»ΓÄ»ΓÄ»ΓÄ»ΓÄ»ΓÄ»ΓÄ»ΓÄ»[34/
50]ΓÄ»[22m[39m

[41m[1m FAIL [22m[49m src/__tests__/components/VoiceControlBar.test.jsx[2m
 > [22mVoiceControlBar[2m > [22mdisplays username
[31m[1mTestingLibraryElementError[22m[39m: Unable to find an element with t
he text: TestUser. This could be because the text is broken up by multiple elem
ents. In this case, you can provide a function for your text matcher to make yo
ur matcher more flexible.

Ignored nodes: comments, script, style
[36m<body>[39m
  [36m<div>[39m
    [36m<div[39m
      [33mstyle[39m=[32m"padding: 8px; background-color: rgb(11, 14, 27); bo
rder-top: 1px solid rgba(255, 255, 255, 0.06);"[39m
    [36m>[39m
      [36m<div[39m
        [33mstyle[39m=[32m"display: flex; align-items: center; gap: 8px; mar
gin-bottom: 8px; padding: 0px 4px;"[39m
      [36m>[39m
        [36m<div[39m
          [33mstyle[39m=[32m"position: relative;"[39m
        [36m>[39m
          [36m<img[39m
            [33malt[39m=[32m"TestUser"[39m
            [33msrc[39m=[32m"/avatar.png"[39m
            [33mstyle[39m=[32m"width: 32px; height: 32px; border-radius: 50%
; object-fit: cover;"[39m
          [36m/>[39m
          [36m<div[39m
            [33mstyle[39m=[32m"position: absolute; bottom: -2px; right: -2px
; width: 16px; height: 16px; border-radius: 50%; background-color: rgb(35, 165,
 89); border: 2px solid rgb(35, 36, 40); display: flex; align-items: center; ju
stify-content: center; font-size: 8px;"[39m
          [36m>[39m
            [0m≡ƒÄñ[0m
          [36m</div>[39m
        [36m</div>[39m
        [36m<div[39m
          [33mstyle[39m=[32m"flex: 1 1 0%; overflow: hidden;"[39m
        [36m>[39m
          [36m<div[39m
            [33mstyle[39m=[32m"color: rgb(35, 165, 89); font-weight: bold; f
ont-size: 0.8em;"[39m
          [36m>[39m
            [0mvoiceControl.connected[0m
          [36m</div>[39m
          [36m<div[39m
            [33mstyle[39m=[32m"font-size: 0.7em; color: rgb(181, 186, 193); 
white-space: nowrap; overflow: hidden; text-overflow: ellipsis;"[39m
          [36m>[39m
            [0mGeneral[0m
          [36m</div>[39m
        [36m</div>[39m
      [36m</div>[39m
      [36m<div[39m
        [33mstyle[39m=[32m"display: flex; justify-content: space-between; ga
p: 5px;"[39m
      [36m>[39m
        [36m<button[39m
          [33maria-label[39m=[32m"voiceControl.cameraOn"[39m
          [33maria-pressed[39m=[32m"false"[39m
          [33mstyle[39m=[32m"flex: 1 1 0%; background: rgb(17, 18, 20); bord
er: medium; color: white; padding: 8px; border-radius: 4px; cursor: pointer; di
splay: flex; align-items: center; justify-content: center; transition: all 0.2s
;"[39m
          [33mtitle[39m=[32m"voiceControl.cameraOn"[39m
        [36m>[39m
          [36m<svg[39m
            [33mfill[39m=[32m"currentColor"[39m
            [33mheight[39m=[32m"16"[39m
            [33mstroke[39m=[32m"currentColor"[39m
            [33mstroke-width[39m=[32m"0"[39m
            [33mviewBox[39m=[32m"0 0 640 512"[39m
            [33mwidth[39m=[32m"16"[39m
            [33mxmlns[39m=[32m"http://www.w3.org/2000/svg"[39m
          [36m>[39m
            [36m<path[39m
              [33md[39m=[32m"M633.8 458.1l-55-42.5c15.4-1.4 29.2-13.7 29.2-3
1.1v-257c0-25.5-29.1-40.4-50.4-25.8L448 177.3v137.2l-32-24.7v-178c0-26.4-21.4-4
7.8-47.8-47.8H123.9L45.5 3.4C38.5-2 28.5-.8 23 6.2L3.4 31.4c-5.4 7-4.2 17 2.8 2
2.4L42.7 82 416 370.6l178.5 138c7 5.4 17 4.2 22.5-2.8l19.6-25.3c5.5-6.9 4.2-17-
2.8-22.4zM32 400.2c0 26.4 21.4 47.8 47.8 47.8h288.4c11.2 0 21.4-4 29.6-10.5L32 
154.7v245.5z"[39m
            [36m/>[39m
          [36m</svg>[39m
        [36m</button>[39m
        [36m<button[39m
          [33maria-label[39m=[32m"voiceControl.shareScreen"[39m
          [33maria-pressed[39m=[32m"false"[39m
          [33mstyle[39m=[32m"flex: 1 1 0%; background: rgb(17, 18, 20); bord
er: medium; color: white; padding: 8px; border-radius: 4px; cursor: pointer; di
splay: flex; align-items: center; justify-content: center; transition: all 0.2s
;"[39m
          [33mtitle[39m=[32m"voiceControl.shareScreen"[39m
        [36m>[39m
          [36m<svg[39m
            [33mfill[39m=[32m"currentColor"[39m
            [33mheight[39m=[32m"16"[39m
            [33mstroke[39m=[32m"currentColor"[39m
            [33mstroke-width[39m=[32m"0"[39m
            [33mviewBox[39m=[32m"0 0 576 512"[39m
            [33mwidth[39m=[32m"16"[39m
            [33mxmlns[39m=[32m"http://www.w3.org/2000/svg"[39m
          [36m>[39m
            [36m<path[39m
              [33md[39m=[32m"M528 0H48C21.5 0 0 21.5 0 48v320c0 26.5 21.5 48
 48 48h192l-16 48h-72c-13.3 0-24 10.7-24 24s10.7 24 24 24h272c13.3 0 24-10.7 24
-24s-10.7-24-24-24h-72l-16-48h192c26.5 0 48-21.5 48-48V48c0-26.5-21.5-48-48-48z
m-16 352H64V64h448v288z"[39m
            [36m/>[39m
          [36m</svg>[39m
        [36m</button>[39m
        [36m<button[39m
          [33maria-label[39m=[32m"voiceControl.mute"[39m
          [33maria-pressed[39m=[32m"false"[39m
          [33mstyle[39m=[32m"flex: 1 1 0%; background: rgb(17, 18, 20); bord
er: medium; color: white; padding: 8px; border-radius: 4px; cursor: pointer; di
splay: flex; align-items: center; justify-content: center; transition: all 0.2s
;"[39m
          [33mtitle[39m=[32m"voiceControl.mute"[39m
        [36m>[39m
          [36m<svg[39m
            [33mfill[39m=[32m"currentColor"[39m
            [33mheight[39m=[32m"16"[39m
            [33mstroke[39m=[32m"currentColor"[39m
            [33mstroke-width[39m=[32m"0"[39m
            [33mviewBox[39m=[32m"0 0 352 512"[39m
            [33mwidth[39m=[32m"16"[39m
            [33mxmlns[39m=[32m"http://www.w3.org/2000/svg"[39m
          [36m>[39m
            [36m<path[39m
              [33md[39m=[32m"M176 352c53.02 0 96-42.98 96-96V96c0-53.02-42.9
8-96-96-96S80 42.98 80 96v160c0 53.02 42.98 96 96 96zm160-160h-16c-8.84 0-16 7.
16-16 16v48c0 74.8-64.49 134.82-140.79 127.38C96.71 376.89 48 317.11 48 250.3V2
08c0-8.84-7.16-16-16-16H16c-8.84 0-16 7.16-16 16v40.16c0 89.64 63.97 169.55 152
 181.69V464H96c-8.84 0-16 7.16-16 16v16c0 8.84 7.16 16 16 16h160c8.84 0 16-7.16
 16-16v-16c0-8.84-7.16-16-16-16h-56v-33.77C285.71 418.47 352 344.9 352 256v-48c
0-8.84-7.16-16-16-16z"[39m
            [36m/>[39m
          [36m</svg>[39m
        [36m</button>[39m
        [36m<button[39m
          [33maria-label[39m=[32m"voiceControl.deafen"[39m
          [33maria-pressed[39m=[32m"false"[39m
          [33mstyle[39m=[32m"flex: 1 1 0%; background: rgb(17, 18, 20); bord
er: medium; color: white; padding: 8px; border-radius: 4px; cursor: pointer; di
splay: flex; align-items: center; justify-content: center; transition: all 0.2s
;"[39m
          [33mtitle[39m=[32m"voiceControl.deafen"[39m
        [36m>[39m
          [36m<svg[39m
            [33mfill[39m=[32m"currentColor"[39m
            [33mheight[39m=[32m"16"[39m
            [33mstroke[39m=[32m"currentColor"[39m
            [33mstroke-width[39m=[32m"0"[39m
            [33mviewBox[39m=[32m"0 0 512 512"[39m
            [33mwidth[39m=[32m"16"[39m
            [33mxmlns[39m=[32m"http://www.w3.org/2000/svg"[39m
          [36m>[39m
            [36m<path[39m
              [33md[39m=[32m"M256 32C114.52 32 0 146.496 0 288v48a32 32 0 0 
0 17.689 28.622l14.383 7.191C34.083 431.903 83.421 480 144 480h24c13.255 0 24-1
0.745 24-24V280c0-13.255-10.745-24-24-24h-24c-31.342 0-59.671 12.879-80 33.627V
288c0-105.869 86.131-192 192-192s192 86.131 192 192v1.627C427.671 268.879 399.3
42 256 368 256h-24c-13.255 0-24 10.745-24 24v176c0 13.255 10.745 24 24 24h24c60
.579 0 109.917-48.098 111.928-108.187l14.382-7.191A32 32 0 0 0 512 336v-48c0-14
1.479-114.496-256-256-256z"[39m
            [36m/>[39m
          [36m</svg>[39m
        [36m</button>[39m
        [36m<button[39m
          [33maria-label[39m=[32m"voiceControl.settings"[39m
          [33mstyle[39m=[32m"flex: 1 1 0%; background: rgb(17, 18, 20); bord
er: medium; color: white; padding: 8px; border-radius: 4px; cursor: pointer; di
splay: flex; align-items: center; justify-content: center; transition: all 0.2s
;"[39m
          [33mtitle[39m=[32m"voiceControl.settings"[39m
        [36m>[39m
          [36m<svg[39m
            [33mfill[39m=[32m"currentColor"[39m
            [33mheight[39m=[32m"16"[39m
            [33mstroke[39m=[32m"currentColor"[39m
            [33mstroke-width[39m=[32m"0"[39m
            [33mviewBox[39m=[32m"0 0 512 512"[39m
            [33mwidth[39m=[32m"16"[39m
            [33mxmlns[39m=[32m"http://www.w3.org/2000/svg"[39m
          [36m>[39m
            [36m<path[39m
              [33md[39m=[32m"M487.4 315.7l-42.6-24.6c4.3-23.2 4.3-47 0-70.2l
42.6-24.6c4.9-2.8 7.1-8.6 5.5-14-11.1-35.6-30-67.8-54.7-94.6-3.8-4.1-10-5.1-14.
8-2.3L380.8 110c-17.9-15.4-38.5-27.3-60.8-35.1V25.8c0-5.6-3.9-10.5-9.4-11.7-36.
7-8.2-74.3-7.8-109.2 0-5.5 1.2-9.4 6.1-9.4 11.7V75c-22.2 7.9-42.8 19.8-60.8 35.
1L88.7 85.5c-4.9-2.8-11-1.9-14.8 2.3-24.7 26.7-43.6 58.9-54.7 94.6-1.7 5.4.6 11
.2 5.5 14L67.3 221c-4.3 23.2-4.3 47 0 70.2l-42.6 24.6c-4.9 2.8-7.1 8.6-5.5 14 1
1.1 35.6 30 67.8 54.7 94.6 3.8 4.1 10 5.1 14.8 2.3l42.6-24.6c17.9 15.4 38.5 27.
3 60.8 35.1v49.2c0 5.6 3.9 10.5 9.4 11.7 36.7 8.2 74.3 7.8 109.2 0 5.5-1.2 9.4-
6.1 9.4-11.7v-49.2c22.2-7.9 42.8-19.8 60.8-35.1l42.6 24.6c4.9 2.8 11 1.9 14.8-2
.3 24.7-26.7 43.6-58.9 54.7-94.6 1.5-5.5-.7-11.3-5.6-14.1zM256 336c-44.1 0-80-3
5.9-80-80s35.9-80 80-80 80 35.9 80 80-35.9 80-80 80z"[39m
            [36m/>[39m
          [36m</svg>[39m
        [36m</button>[39m
        [36m<button[39m
          [33maria-label[39m=[32m"voiceControl.leave"[39m
          [33mstyle[39m=[32m"flex: 1 1 0%; background: rgb(218, 55, 60); bor
der: medium; color: white; padding: 8px; border-radius: 4px; cursor: pointer; d
isplay: flex; align-items: center; justify-content: center; transition: all 0.2
s;"[39m
          [33mtitle[39m=[32m"voiceControl.leave"[39m
        [36m>[39m
          [36m<svg[39m
            [33mfill[39m=[32m"currentColor"[39m
            [33mheight[39m=[32m"16"[39m
            [33mstroke[39m=[32m"currentColor"[39m
            [33mstroke-width[39m=[32m"0"[39m
            [33mviewBox[39m=[32m"0 0 640 512"[39m
            [33mwidth[39m=[32m"16"[39m
            [33mxmlns[39m=[32m"http://www.w3.org/2000/svg"[39m
          [36m>[39m
            [36m<path[39m
              [33md[39m=[32m"M268.2 381.4l-49.6-60.6c-6.8-8.3-18.2-11.1-28-6
.9l-112 48c-10.7 4.6-16.5 16.1-13.9 27.5l24 104c2.5 10.8 12.1 18.6 23.4 18.6 10
0.7 0 193.7-32.4 269.7-86.9l-80-61.8c-10.9 6.5-22.1 12.7-33.6 18.1zm365.6 76.7L
475.1 335.5C537.9 256.4 576 156.9 576 48c0-11.2-7.7-20.9-18.6-23.4l-104-24c-11.
3-2.6-22.9 3.3-27.5 13.9l-48 112c-4.2 9.8-1.4 21.3 6.9 28l60.6 49.6c-12.2 26.1-
27.9 50.3-46 72.8L45.5 3.4C38.5-2 28.5-.8 23 6.2L3.4 31.4c-5.4 7-4.2 17 2.8 22.
4l588.4 454.7c7 5.4 17 4.2 22.5-2.8l19.6-25.3c5.4-6.8 4.1-16.9-2.9-22.3z"[39m
            [36m/>[39m
          [36m</svg>[39m
        [36m</button>[39m
      [36m</div>[39m
    [36m</div>[39m
  [36m</div>[39m
[36m</body>[39m
[90m [2mΓ¥»[22m Object.getElementError node_modules/@testing-library/dom/dis
t/config.js:[2m37:19[22m[39m
[90m [2mΓ¥»[22m node_modules/@testing-library/dom/dist/query-helpers.js:[2m
76:38[22m[39m
[90m [2mΓ¥»[22m node_modules/@testing-library/dom/dist/query-helpers.js:[2m
52:17[22m[39m
[90m [2mΓ¥»[22m node_modules/@testing-library/dom/dist/query-helpers.js:[2m
95:19[22m[39m
[36m [2mΓ¥»[22m src/__tests__/components/VoiceControlBar.test.jsx:[2m77:23
[22m[39m
    [90m 75| [39m    [34mit[39m([32m'displays username'[39m[33m,[39m ()
 [33m=>[39m {
    [90m 76| [39m        [34mrender[39m([33m<[39m[33mVoiceControlBar[39
m [33m{[39m[33m...[39mdefaultProps[33m}[39m [33m/[39m[33m>[39m)[33m;
[39m
    [90m 77| [39m        [34mexpect[39m(screen[33m.[39m[34mgetByText[39
m([32m'TestUser'[39m))[33m.[39m[34mtoBeInTheDocument[39m()[33m;[39m
    [90m   | [39m                      [31m^[39m
    [90m 78| [39m    })[33m;[39m
    [90m 79| [39m})[33m;[39m

[31m[2mΓÄ»ΓÄ»ΓÄ»ΓÄ»ΓÄ»ΓÄ»ΓÄ»ΓÄ»ΓÄ»ΓÄ»ΓÄ»ΓÄ»ΓÄ»ΓÄ»ΓÄ»ΓÄ»ΓÄ»ΓÄ»ΓÄ»ΓÄ»ΓÄ»ΓÄ»[35/
50]ΓÄ»[22m[39m

[41m[1m FAIL [22m[49m src/__tests__/hooks/useFetchWithAuth.test.js[2m > [
22museFetchWithAuth[2m > [22mError handling[2m > [22mshould re-throw networ
k errors
[31m[1mAssertionError[22m: promise resolved "{ ok: true, status: 200, ΓÇª(2)
 }" instead of rejecting[39m

[32m- Expected[39m
[31m+ Received[39m

[32m- Error {[39m
[32m-   "message": "rejected promise",[39m
[31m+ {[39m
[31m+   "json": [Function json],[39m
[31m+   "ok": true,[39m
[31m+   "status": 200,[39m
[31m+   "text": [Function text],[39m
[2m  }[22m

[36m [2mΓ¥»[22m src/__tests__/hooks/useFetchWithAuth.test.js:[2m193:17[22m
[39m
    [90m191| [39m                [35mawait[39m [34mexpect[39m(
    [90m192| [39m                    result.current.fetchWithAuth('https://ap
i.test.comΓÇª
    [90m193| [39m                )[33m.[39mrejects[33m.[39m[34mtoThrow[
39m([32m'Failed to fetch'[39m)[33m;[39m
    [90m   | [39m                [31m^[39m
    [90m194| [39m            })[33m;[39m
    [90m195| [39m        })[33m;[39m
[90m [2mΓ¥»[22m node_modules/@testing-library/react/dist/act-compat.js:[2m4
7:24[22m[39m
[90m [2mΓ¥»[22m process.env.NODE_ENV.exports.act node_modules/react/cjs/reac
t.development.js:[2m814:22[22m[39m
[90m [2mΓ¥»[22m Proxy.<anonymous> node_modules/@testing-library/react/dist/a
ct-compat.js:[2m46:25[22m[39m
[90m [2mΓ¥»[22m src/__tests__/hooks/useFetchWithAuth.test.js:[2m190:19[22m
[39m

[31m[2mΓÄ»ΓÄ»ΓÄ»ΓÄ»ΓÄ»ΓÄ»ΓÄ»ΓÄ»ΓÄ»ΓÄ»ΓÄ»ΓÄ»ΓÄ»ΓÄ»ΓÄ»ΓÄ»ΓÄ»ΓÄ»ΓÄ»ΓÄ»ΓÄ»ΓÄ»[36/
50]ΓÄ»[22m[39m

[41m[1m FAIL [22m[49m src/__tests__/hooks/useFileUpload.test.js[2m > [22m
useFileUpload[2m > [22mVoice recording[2m > [22mshould show warning toast o
n mic permission denied
[31m[1mAssertionError[22m: expected "vi.fn()" to be called with arguments: [
 'Mikrofon eri┼ƒimi rejected!' ][90m

Received: 

[1m  1st vi.fn() call:

[22m[2m  [[22m
[32m-   "Mikrofon eri┼ƒimi rejected!",[90m
[31m+   "chat.micDenied",[90m
[2m  ][22m
[31m[90m

Number of calls: [1m1[22m
[31m[39m
[36m [2mΓ¥»[22m src/__tests__/hooks/useFileUpload.test.js:[2m283:35[22m[3
9m
    [90m281| [39m            })[33m;[39m
    [90m282| [39m
    [90m283| [39m            expect(toast.warning).toHaveBeenCalledWith('Mikr
ofon eri┼ƒiΓÇª
    [90m   | [39m                                  [31m^[39m
    [90m284| [39m        })[33m;[39m
    [90m285| [39m

[31m[2mΓÄ»ΓÄ»ΓÄ»ΓÄ»ΓÄ»ΓÄ»ΓÄ»ΓÄ»ΓÄ»ΓÄ»ΓÄ»ΓÄ»ΓÄ»ΓÄ»ΓÄ»ΓÄ»ΓÄ»ΓÄ»ΓÄ»ΓÄ»ΓÄ»ΓÄ»[37/
50]ΓÄ»[22m[39m

[41m[1m FAIL [22m[49m src/__tests__/hooks/useFileUpload.test.js[2m > [22m
useFileUpload[2m > [22mVoice recording[2m > [22mshould show warning toast w
hen mic not found
[31m[1mAssertionError[22m: expected "vi.fn()" to be called with arguments: [
 'Mikrofon not found!' ][90m

Received: 

[1m  1st vi.fn() call:

[22m[2m  [[22m
[32m-   "Mikrofon not found!",[90m
[31m+   "chat.micNotFound",[90m
[2m  ][22m
[31m[90m

Number of calls: [1m1[22m
[31m[39m
[36m [2mΓ¥»[22m src/__tests__/hooks/useFileUpload.test.js:[2m295:35[22m[3
9m
    [90m293| [39m            })[33m;[39m
    [90m294| [39m
    [90m295| [39m            expect(toast.warning).toHaveBeenCalledWith('Mikr
ofon not fΓÇª
    [90m   | [39m                                  [31m^[39m
    [90m296| [39m        })[33m;[39m
    [90m297| [39m    })[33m;[39m

[31m[2mΓÄ»ΓÄ»ΓÄ»ΓÄ»ΓÄ»ΓÄ»ΓÄ»ΓÄ»ΓÄ»ΓÄ»ΓÄ»ΓÄ»ΓÄ»ΓÄ»ΓÄ»ΓÄ»ΓÄ»ΓÄ»ΓÄ»ΓÄ»ΓÄ»ΓÄ»[38/
50]ΓÄ»[22m[39m

[41m[1m FAIL [22m[49m src/__tests__/hooks/useIntersectionObserver.test.js[
2m > [22museIntersectionObserver[2m > [22mshould create IntersectionObserver
 with provided options
[41m[1m FAIL [22m[49m src/__tests__/hooks/useIntersectionObserver.test.js[
2m > [22museIntersectionObserver[2m > [22mshould disconnect observer on unmo
unt
[31m[1mTypeError[22m: (callback) => {
      observerCallback = callback;
      return observeInstance;
    } is not a constructor[39m
[36m [2mΓ¥»[22m src/hooks/useCustomHooks.ts:[2m25:26[22m[39m
    [90m 23| [39m        [35mif[39m ([33m![39mtarget) [35mreturn[39m[3
3m;[39m
    [90m 24| [39m
    [90m 25| [39m        [35mconst[39m observer [33m=[39m [35mnew[39m 
[33mIntersectionObserver[39m(
    [90m   | [39m                         [31m^[39m
    [90m 26| [39m            ([entry]) [33m=>[39m {
    [90m 27| [39m                [34msetIsIntersecting[39m(entry[33m.[39m
isIntersecting)[33m;[39m
[90m [2mΓ¥»[22m Object.react_stack_bottom_frame node_modules/react-dom/cjs/r
eact-dom-client.development.js:[2m25989:20[22m[39m
[90m [2mΓ¥»[22m runWithFiberInDEV node_modules/react-dom/cjs/react-dom-clien
t.development.js:[2m874:13[22m[39m
[90m [2mΓ¥»[22m commitHookEffectListMount node_modules/react-dom/cjs/react-d
om-client.development.js:[2m13249:29[22m[39m
[90m [2mΓ¥»[22m commitHookPassiveMountEffects node_modules/react-dom/cjs/rea
ct-dom-client.development.js:[2m13336:11[22m[39m
[90m [2mΓ¥»[22m commitPassiveMountOnFiber node_modules/react-dom/cjs/react-d
om-client.development.js:[2m15484:13[22m[39m
[90m [2mΓ¥»[22m recursivelyTraversePassiveMountEffects node_modules/react-do
m/cjs/react-dom-client.development.js:[2m15439:11[22m[39m
[90m [2mΓ¥»[22m commitPassiveMountOnFiber node_modules/react-dom/cjs/react-d
om-client.development.js:[2m15519:11[22m[39m
[90m [2mΓ¥»[22m flushPassiveEffects node_modules/react-dom/cjs/react-dom-cli
ent.development.js:[2m18432:9[22m[39m

[31m[2mΓÄ»ΓÄ»ΓÄ»ΓÄ»ΓÄ»ΓÄ»ΓÄ»ΓÄ»ΓÄ»ΓÄ»ΓÄ»ΓÄ»ΓÄ»ΓÄ»ΓÄ»ΓÄ»ΓÄ»ΓÄ»ΓÄ»ΓÄ»ΓÄ»ΓÄ»[39/
50]ΓÄ»[22m[39m

[41m[1m FAIL [22m[49m src/__tests__/hooks/useMediaQuery.test.js[2m > [22m
useMediaQuery[2m > [22mshould update when media query match state changes
[31m[1mAssertionError[22m: expected false to be true // Object.is equality[
39m

[32m- Expected[39m
[31m+ Received[39m

[32m- true[39m
[31m+ false[39m

[36m [2mΓ¥»[22m src/__tests__/hooks/useMediaQuery.test.js:[2m85:32[22m[39
m
    [90m 83| [39m
    [90m 84| [39m        // After change listner fires, the hook should see t
he new matΓÇª
    [90m 85| [39m        [34mexpect[39m(result[33m.[39mcurrent)[33m.[39
m[34mtoBe[39m([35mtrue[39m)[33m;[39m
    [90m   | [39m                               [31m^[39m
    [90m 86| [39m    })[33m;[39m
    [90m 87| [39m

[31m[2mΓÄ»ΓÄ»ΓÄ»ΓÄ»ΓÄ»ΓÄ»ΓÄ»ΓÄ»ΓÄ»ΓÄ»ΓÄ»ΓÄ»ΓÄ»ΓÄ»ΓÄ»ΓÄ»ΓÄ»ΓÄ»ΓÄ»ΓÄ»ΓÄ»ΓÄ»[40/
50]ΓÄ»[22m[39m

[41m[1m FAIL [22m[49m src/__tests__/integration/loginFlow.test.jsx[2m > [
22mLoginPage integration[2m > [22mrenders login form by default
[31m[1mTestingLibraryElementError[22m[39m: Found multiple elements with the
 text of: /password/i

Here are the matching elements:

Ignored nodes: comments, script, style
[36m<input[39m
  [33maria-label[39m=[32m"login.password"[39m
  [33mautocomplete[39m=[32m"current-password"[39m
  [33mplaceholder[39m=[32m"login.password"[39m
  [33mrequired[39m=[32m""[39m
  [33mtype[39m=[32m"password"[39m
  [33mvalue[39m=[32m""[39m
[36m/>[39m

Ignored nodes: comments, script, style
[36m<button[39m
  [33maria-label[39m=[32m"Show password"[39m
  [33mclass[39m=[32m"password-toggle-btn"[39m
  [33mtabindex[39m=[32m"0"[39m
  [33mtype[39m=[32m"button"[39m
[36m>[39m
  [36m<svg[39m
    [33mfill[39m=[32m"currentColor"[39m
    [33mheight[39m=[32m"1em"[39m
    [33mstroke[39m=[32m"currentColor"[39m
    [33mstroke-width[39m=[32m"0"[39m
    [33mviewBox[39m=[32m"0 0 576 512"[39m
    [33mwidth[39m=[32m"1em"[39m
    [33mxmlns[39m=[32m"http://www.w3.org/2000/svg"[39m
  [36m>[39m
    [36m<path[39m
      [33md[39m=[32m"M572.52 241.4C518.29 135.59 410.93 64 288 64S57.68 135.
64 3.48 241.41a32.35 32.35 0 0 0 0 29.19C57.71 376.41 165.07 448 288 448s230.32
-71.64 284.52-177.41a32.35 32.35 0 0 0 0-29.19zM288 400a144 144 0 1 1 144-144 1
43.93 143.93 0 0 1-144 144zm0-240a95.31 95.31 0 0 0-25.31 3.79 47.85 47.85 0 0 
1-66.9 66.9A95.78 95.78 0 1 0 288 160z"[39m
    [36m/>[39m
  [36m</svg>[39m
[36m</button>[39m

(If this is intentional, then use the `*AllBy*` variant of the query (like `que
ryAllByText`, `getAllByText`, or `findAllByText`)).

Ignored nodes: comments, script, style
[36m<body>[39m
  [36m<div>[39m
    [36m<div[39m
      [33mclass[39m=[32m"login-container"[39m
    [36m>[39m
      [36m<div[39m
        [33mclass[39m=[32m"background-animate"[39m
      [36m/>[39m
      [36m<div[39m
        [33mclass[39m=[32m"login-card"[39m
      [36m>[39m
        [36m<div[39m
          [33mclass[39m=[32m"logo-header"[39m
        [36m>[39m
          [36m<div[39m
            [33mclass[39m=[32m"logo-circle"[39m
          [36m>[39m
            [36m<svg[39m
              [33mcolor[39m=[32m"white"[39m
              [33mfill[39m=[32m"currentColor"[39m
              [33mheight[39m=[32m"40"[39m
              [33mstroke[39m=[32m"currentColor"[39m
              [33mstroke-width[39m=[32m"0"[39m
              [33mstyle[39m=[32m"color: white;"[39m
              [33mviewBox[39m=[32m"0 0 512 512"[39m
              [33mwidth[39m=[32m"40"[39m
              [33mxmlns[39m=[32m"http://www.w3.org/2000/svg"[39m
            [36m>[39m
              [36m<path[39m
                [33md[39m=[32m"M256 224c-79.41 0-192 122.76-192 200.25 0 34.
9 26.81 55.75 71.74 55.75 48.84 0 81.09-25.08 120.26-25.08 39.51 0 71.85 25.08 
120.26 25.08 44.93 0 71.74-20.85 71.74-55.75C448 346.76 335.41 224 256 224zm-14
7.28-12.61c-10.4-34.65-42.44-57.09-71.56-50.13-29.12 6.96-44.29 40.69-33.89 75.
34 10.4 34.65 42.44 57.09 71.56 50.13 29.12-6.96 44.29-40.69 33.89-75.34zm84.72
-20.78c30.94-8.14 46.42-49.94 34.58-93.36s-46.52-72.01-77.46-63.87-46.42 49.94-
34.58 93.36c11.84 43.42 46.53 72.02 77.46 63.87zm281.39-29.34c-29.12-6.96-61.15
 15.48-71.56 50.13-10.4 34.65 4.77 68.38 33.89 75.34 29.12 6.96 61.15-15.48 71.
56-50.13 10.4-34.65-4.77-68.38-33.89-75.34zm-156.27 29.34c30.94 8.14 65.62-20.4
5 77.46-63.87 11.84-43.42-3.64-85.21-34.58-93.36s-65.62 20.45-77.46 63.87c-11.8
4 43.42 3.64 85.22 34.58 93.36z"[39m
              [36m/>[39m
            [36m</svg>[39m
          [36m</div>[39m
          [36m<h1>[39m
            [0mPawscord[0m
          [36m</h1>[39m
          [36m<p>[39m
            [0mlogin.welcomeBack[0m
          [36m</p>[39m
        [36m</div>[39m
        [36m<form>[39m
          [36m<div[39m
            [33mclass[39m=[32m"input-group"[39m
          [36m>[39m
            [36m<svg[39m
              [33mclass[39m=[32m"input-icon"[39m
              [33mfill[39m=[32m"currentColor"[39m
              [33mheight[39m=[32m"1em"[39m
              [33mstroke[39m=[32m"currentColor"[39m
              [33mstroke-width[39m=[32m"0"[39m
              [33mviewBox[39m=[32m"0 0 448 512"[39m
              [33mwidth[39m=[32m"1em"[39m
              [33mxmlns[39m=[32m"http://www.w3.org/2000/svg"[39m
            [36m>[39m
              [36m<path[39m
                [33md[39m=[32m"M224 256c70.7 0 128-57.3 128-128S294.7 0 224 
0 96 57.3 96 128s57.3 128 128 128zm89.6 32h-16.7c-22.2 10.2-46.9 16-72.9 16s-50
.6-5.8-72.9-16h-16.7C60.2 288 0 348.2 0 422.4V464c0 26.5 21.5 48 48 48h352c26.5
 0 48-21.5 48-48v-41.6c0-74.2-60.2-134.4-134.4-134.4z"[39m
              [36m/>[39m
            [36m</svg>[39m
            [36m<input[39m
              [33maria-label[39m=[32m"login.username"[39m
              [33mautocomplete[39m=[32m"username"[39m
              [33mplaceholder[39m=[32m"login.username"[39m
              [33mrequired[39m=[32m""[39m
              [33mtype[39m=[32m"text"[39m
              [33mvalue[39m=[32m""[39m
            [36m/>[39m
          [36m</div>[39m
          [36m<div[39m
            [33mclass[39m=[32m"input-group"[39m
          [36m>[39m
            [36m<svg[39m
              [33mclass[39m=[32m"input-icon"[39m
              [33mfill[39m=[32m"currentColor"[39m
              [33mheight[39m=[32m"1em"[39m
              [33mstroke[39m=[32m"currentColor"[39m
              [33mstroke-width[39m=[32m"0"[39m
              [33mviewBox[39m=[32m"0 0 448 512"[39m
              [33mwidth[39m=[32m"1em"[39m
              [33mxmlns[39m=[32m"http://www.w3.org/2000/svg"[39m
            [36m>[39m
              [36m<path[39m
                [33md[39m=[32m"M400 224h-24v-72C376 68.2 307.8 0 224 0S72 68
.2 72 152v72H48c-26.5 0-48 21.5-48 48v192c0 26.5 21.5 48 48 48h352c26.5 0 48-21
.5 48-48V272c0-26.5-21.5-48-48-48zm-104 0H152v-72c0-39.7 32.3-72 72-72s72 32.3 
72 72v72z"[39m
              [36m/>[39m
            [36m</svg>[39m
            [36m<input[39m
              [33maria-label[39m=[32m"login.password"[39m
              [33mautocomplete[39m=[32m"current-password"[39m
              [33mplaceholder[39m=[32m"login.password"[39m
              [33mrequired[39m=[32m""[39m
              [33mtype[39m=[32m"password"[39m
              [33mvalue[39m=[32m""[39m
            [36m/>[39m
            [36m<button[39m
              [33maria-label[39m=[32m"Show password"[39m
              [33mclass[39m=[32m"password-toggle-btn"[39m
              [33mtabindex[39m=[32m"0"[39m
              [33mtype[39m=[32m"button"[39m
            [36m>[39m
              [36m<svg[39m
                [33mfill[39m=[32m"currentColor"[39m
                [33mheight[39m=[32m"1em"[39m
                [33mstroke[39m=[32m"currentColor"[39m
                [33mstroke-width[39m=[32m"0"[39m
                [33mviewBox[39m=[32m"0 0 576 512"[39m
                [33mwidth[39m=[32m"1em"[39m
                [33mxmlns[39m=[32m"http://www.w3.org/2000/svg"[39m
              [36m>[39m
                [36m<path[39m
                  [33md[39m=[32m"M572.52 241.4C518.29 135.59 410.93 64 288 6
4S57.68 135.64 3.48 241.41a32.35 32.35 0 0 0 0 29.19C57.71 376.41 165.07 448 28
8 448s230.32-71.64 284.52-177.41a32.35 32.35 0 0 0 0-29.19zM288 400a144 144 0 1
 1 144-144 143.93 143.93 0 0 1-144 144zm0-240a95.31 95.31 0 0 0-25.31 3.79 47.8
5 47.85 0 0 1-66.9 66.9A95.78 95.78 0 1 0 288 160z"[39m
                [36m/>[39m
              [36m</svg>[39m
            [36m</button>[39m
          [36m</div>[39m
          [36m<button[39m
            [33mclass[39m=[32m"submit-btn"[39m
            [33mtype[39m=[32m"submit"[39m
          [36m>[39m
            [0mlogin.login[0m
          [36m</button>[39m
        [36m</form>[39m
        [36m<div[39m
          [33mclass[39m=[32m"login-forgot-wrap"[39m
        [36m>[39m
          [36m<a[39m
            [33mhref[39m=[32m"#/forgot-password"[39m
          [36m>[39m
            [0mlogin.forgotPassword[0m
          [36m</a>[39m
        [36m</div>[39m
        [36m<div[39m
          [33mclass[39m=[32m"divider"[39m
        [36m>[39m
          [36m<span>[39m
            [0mlogin.or[0m
          [36m</span>[39m
        [36m</div>[39m
        [36m<div[39m
          [33mclass[39m=[32m"google-btn-wrapper"[39m
        [36m>[39m
          [36m<button[39m
            [33maria-label[39m=[32m"auth.signInWithGoogle"[39m
            [33mclass[39m=[32m"google-custom-btn"[39m
          [36m>[39m
            [36m<img[39m
              [33malt[39m=[32m"G"[39m
              [33mclass[39m=[32m"google-btn-logo"[39m
              [33msrc[39m=[32m"https://upload.wikimedia.org/wikipedia/common
s/c/c1/Google_%22G%22_logo.svg"[39m
            [36m/>[39m
            [36m<span>[39m
              [0mlogin.loginWithGoogle[0m
            [36m</span>[39m
          [36m</button>[39m
        [36m</div>[39m
        [36m<div[39m
          [33mclass[39m=[32m"toggle-mode"[39m
        [36m>[39m
          [0mlogin.noAccount[0m
          [36m<span[39m
            [33mrole[39m=[32m"button"[39m
            [33mtabindex[39m=[32m"0"[39m
          [36m>[39m
            [0mlogin.signUp[0m
          [36m</span>[39m
        [36m</div>[39m
      [36m</div>[39m
    [36m</div>[39m
  [36m</div>[39m
[36m</body>[39m
[90m [2mΓ¥»[22m Object.getElementError node_modules/@testing-library/dom/dis
t/config.js:[2m37:19[22m[39m
[90m [2mΓ¥»[22m getElementError node_modules/@testing-library/dom/dist/query
-helpers.js:[2m20:35[22m[39m
[90m [2mΓ¥»[22m getMultipleElementsFoundError node_modules/@testing-library/
dom/dist/query-helpers.js:[2m23:10[22m[39m
[90m [2mΓ¥»[22m node_modules/@testing-library/dom/dist/query-helpers.js:[2m
55:13[22m[39m
[90m [2mΓ¥»[22m node_modules/@testing-library/dom/dist/query-helpers.js:[2m
95:19[22m[39m
[36m [2mΓ¥»[22m src/__tests__/integration/loginFlow.test.jsx:[2m28:23[22m
[39m
    [90m 26| [39m        [34mrender[39m([33m<[39m[33mLoginPage[39m [33
m{[39m[33m...[39mdefaultProps[33m}[39m [33m/[39m[33m>[39m)[33m;[39m
    [90m 27| [39m        [34mexpect[39m(screen[33m.[39m[34mgetByLabelTex
t[39m([36m/username/i[39m))[33m.[39m[34mtoBeInTheDocument[39m()[33m;[3
9m
    [90m 28| [39m        [34mexpect[39m(screen[33m.[39m[34mgetByLabelTex
t[39m([36m/password/i[39m))[33m.[39m[34mtoBeInTheDocument[39m()[33m;[3
9m
    [90m   | [39m                      [31m^[39m
    [90m 29| [39m    })[33m;[39m
    [90m 30| [39m

[31m[2mΓÄ»ΓÄ»ΓÄ»ΓÄ»ΓÄ»ΓÄ»ΓÄ»ΓÄ»ΓÄ»ΓÄ»ΓÄ»ΓÄ»ΓÄ»ΓÄ»ΓÄ»ΓÄ»ΓÄ»ΓÄ»ΓÄ»ΓÄ»ΓÄ»ΓÄ»[41/
50]ΓÄ»[22m[39m

[41m[1m FAIL [22m[49m src/__tests__/integration/loginFlow.test.jsx[2m > [
22mLoginPage integration[2m > [22msubmits login with credentials
[31m[1mTestingLibraryElementError[22m[39m: Found multiple elements with the
 text of: /password/i

Here are the matching elements:

Ignored nodes: comments, script, style
[36m<input[39m
  [33maria-label[39m=[32m"login.password"[39m
  [33mautocomplete[39m=[32m"current-password"[39m
  [33mplaceholder[39m=[32m"login.password"[39m
  [33mrequired[39m=[32m""[39m
  [33mtype[39m=[32m"password"[39m
  [33mvalue[39m=[32m""[39m
[36m/>[39m

Ignored nodes: comments, script, style
[36m<button[39m
  [33maria-label[39m=[32m"Show password"[39m
  [33mclass[39m=[32m"password-toggle-btn"[39m
  [33mtabindex[39m=[32m"0"[39m
  [33mtype[39m=[32m"button"[39m
[36m>[39m
  [36m<svg[39m
    [33mfill[39m=[32m"currentColor"[39m
    [33mheight[39m=[32m"1em"[39m
    [33mstroke[39m=[32m"currentColor"[39m
    [33mstroke-width[39m=[32m"0"[39m
    [33mviewBox[39m=[32m"0 0 576 512"[39m
    [33mwidth[39m=[32m"1em"[39m
    [33mxmlns[39m=[32m"http://www.w3.org/2000/svg"[39m
  [36m>[39m
    [36m<path[39m
      [33md[39m=[32m"M572.52 241.4C518.29 135.59 410.93 64 288 64S57.68 135.
64 3.48 241.41a32.35 32.35 0 0 0 0 29.19C57.71 376.41 165.07 448 288 448s230.32
-71.64 284.52-177.41a32.35 32.35 0 0 0 0-29.19zM288 400a144 144 0 1 1 144-144 1
43.93 143.93 0 0 1-144 144zm0-240a95.31 95.31 0 0 0-25.31 3.79 47.85 47.85 0 0 
1-66.9 66.9A95.78 95.78 0 1 0 288 160z"[39m
    [36m/>[39m
  [36m</svg>[39m
[36m</button>[39m

(If this is intentional, then use the `*AllBy*` variant of the query (like `que
ryAllByText`, `getAllByText`, or `findAllByText`)).

Ignored nodes: comments, script, style
[36m<body>[39m
  [36m<div>[39m
    [36m<div[39m
      [33mclass[39m=[32m"login-container"[39m
    [36m>[39m
      [36m<div[39m
        [33mclass[39m=[32m"background-animate"[39m
      [36m/>[39m
      [36m<div[39m
        [33mclass[39m=[32m"login-card"[39m
      [36m>[39m
        [36m<div[39m
          [33mclass[39m=[32m"logo-header"[39m
        [36m>[39m
          [36m<div[39m
            [33mclass[39m=[32m"logo-circle"[39m
          [36m>[39m
            [36m<svg[39m
              [33mcolor[39m=[32m"white"[39m
              [33mfill[39m=[32m"currentColor"[39m
              [33mheight[39m=[32m"40"[39m
              [33mstroke[39m=[32m"currentColor"[39m
              [33mstroke-width[39m=[32m"0"[39m
              [33mstyle[39m=[32m"color: white;"[39m
              [33mviewBox[39m=[32m"0 0 512 512"[39m
              [33mwidth[39m=[32m"40"[39m
              [33mxmlns[39m=[32m"http://www.w3.org/2000/svg"[39m
            [36m>[39m
              [36m<path[39m
                [33md[39m=[32m"M256 224c-79.41 0-192 122.76-192 200.25 0 34.
9 26.81 55.75 71.74 55.75 48.84 0 81.09-25.08 120.26-25.08 39.51 0 71.85 25.08 
120.26 25.08 44.93 0 71.74-20.85 71.74-55.75C448 346.76 335.41 224 256 224zm-14
7.28-12.61c-10.4-34.65-42.44-57.09-71.56-50.13-29.12 6.96-44.29 40.69-33.89 75.
34 10.4 34.65 42.44 57.09 71.56 50.13 29.12-6.96 44.29-40.69 33.89-75.34zm84.72
-20.78c30.94-8.14 46.42-49.94 34.58-93.36s-46.52-72.01-77.46-63.87-46.42 49.94-
34.58 93.36c11.84 43.42 46.53 72.02 77.46 63.87zm281.39-29.34c-29.12-6.96-61.15
 15.48-71.56 50.13-10.4 34.65 4.77 68.38 33.89 75.34 29.12 6.96 61.15-15.48 71.
56-50.13 10.4-34.65-4.77-68.38-33.89-75.34zm-156.27 29.34c30.94 8.14 65.62-20.4
5 77.46-63.87 11.84-43.42-3.64-85.21-34.58-93.36s-65.62 20.45-77.46 63.87c-11.8
4 43.42 3.64 85.22 34.58 93.36z"[39m
              [36m/>[39m
            [36m</svg>[39m
          [36m</div>[39m
          [36m<h1>[39m
            [0mPawscord[0m
          [36m</h1>[39m
          [36m<p>[39m
            [0mlogin.welcomeBack[0m
          [36m</p>[39m
        [36m</div>[39m
        [36m<form>[39m
          [36m<div[39m
            [33mclass[39m=[32m"input-group"[39m
          [36m>[39m
            [36m<svg[39m
              [33mclass[39m=[32m"input-icon"[39m
              [33mfill[39m=[32m"currentColor"[39m
              [33mheight[39m=[32m"1em"[39m
              [33mstroke[39m=[32m"currentColor"[39m
              [33mstroke-width[39m=[32m"0"[39m
              [33mviewBox[39m=[32m"0 0 448 512"[39m
              [33mwidth[39m=[32m"1em"[39m
              [33mxmlns[39m=[32m"http://www.w3.org/2000/svg"[39m
            [36m>[39m
              [36m<path[39m
                [33md[39m=[32m"M224 256c70.7 0 128-57.3 128-128S294.7 0 224 
0 96 57.3 96 128s57.3 128 128 128zm89.6 32h-16.7c-22.2 10.2-46.9 16-72.9 16s-50
.6-5.8-72.9-16h-16.7C60.2 288 0 348.2 0 422.4V464c0 26.5 21.5 48 48 48h352c26.5
 0 48-21.5 48-48v-41.6c0-74.2-60.2-134.4-134.4-134.4z"[39m
              [36m/>[39m
            [36m</svg>[39m
            [36m<input[39m
              [33maria-label[39m=[32m"login.username"[39m
              [33mautocomplete[39m=[32m"username"[39m
              [33mplaceholder[39m=[32m"login.username"[39m
              [33mrequired[39m=[32m""[39m
              [33mtype[39m=[32m"text"[39m
              [33mvalue[39m=[32m"testuser"[39m
            [36m/>[39m
          [36m</div>[39m
          [36m<div[39m
            [33mclass[39m=[32m"input-group"[39m
          [36m>[39m
            [36m<svg[39m
              [33mclass[39m=[32m"input-icon"[39m
              [33mfill[39m=[32m"currentColor"[39m
              [33mheight[39m=[32m"1em"[39m
              [33mstroke[39m=[32m"currentColor"[39m
              [33mstroke-width[39m=[32m"0"[39m
              [33mviewBox[39m=[32m"0 0 448 512"[39m
              [33mwidth[39m=[32m"1em"[39m
              [33mxmlns[39m=[32m"http://www.w3.org/2000/svg"[39m
            [36m>[39m
              [36m<path[39m
                [33md[39m=[32m"M400 224h-24v-72C376 68.2 307.8 0 224 0S72 68
.2 72 152v72H48c-26.5 0-48 21.5-48 48v192c0 26.5 21.5 48 48 48h352c26.5 0 48-21
.5 48-48V272c0-26.5-21.5-48-48-48zm-104 0H152v-72c0-39.7 32.3-72 72-72s72 32.3 
72 72v72z"[39m
              [36m/>[39m
            [36m</svg>[39m
            [36m<input[39m
              [33maria-label[39m=[32m"login.password"[39m
              [33mautocomplete[39m=[32m"current-password"[39m
              [33mplaceholder[39m=[32m"login.password"[39m
              [33mrequired[39m=[32m""[39m
              [33mtype[39m=[32m"password"[39m
              [33mvalue[39m=[32m""[39m
            [36m/>[39m
            [36m<button[39m
              [33maria-label[39m=[32m"Show password"[39m
              [33mclass[39m=[32m"password-toggle-btn"[39m
              [33mtabindex[39m=[32m"0"[39m
              [33mtype[39m=[32m"button"[39m
            [36m>[39m
              [36m<svg[39m
                [33mfill[39m=[32m"currentColor"[39m
                [33mheight[39m=[32m"1em"[39m
                [33mstroke[39m=[32m"currentColor"[39m
                [33mstroke-width[39m=[32m"0"[39m
                [33mviewBox[39m=[32m"0 0 576 512"[39m
                [33mwidth[39m=[32m"1em"[39m
                [33mxmlns[39m=[32m"http://www.w3.org/2000/svg"[39m
              [36m>[39m
                [36m<path[39m
                  [33md[39m=[32m"M572.52 241.4C518.29 135.59 410.93 64 288 6
4S57.68 135.64 3.48 241.41a32.35 32.35 0 0 0 0 29.19C57.71 376.41 165.07 448 28
8 448s230.32-71.64 284.52-177.41a32.35 32.35 0 0 0 0-29.19zM288 400a144 144 0 1
 1 144-144 143.93 143.93 0 0 1-144 144zm0-240a95.31 95.31 0 0 0-25.31 3.79 47.8
5 47.85 0 0 1-66.9 66.9A95.78 95.78 0 1 0 288 160z"[39m
                [36m/>[39m
              [36m</svg>[39m
            [36m</button>[39m
          [36m</div>[39m
          [36m<button[39m
            [33mclass[39m=[32m"submit-btn"[39m
            [33mtype[39m=[32m"submit"[39m
          [36m>[39m
            [0mlogin.login[0m
          [36m</button>[39m
        [36m</form>[39m
        [36m<div[39m
          [33mclass[39m=[32m"login-forgot-wrap"[39m
        [36m>[39m
          [36m<a[39m
            [33mhref[39m=[32m"#/forgot-password"[39m
          [36m>[39m
            [0mlogin.forgotPassword[0m
          [36m</a>[39m
        [36m</div>[39m
        [36m<div[39m
          [33mclass[39m=[32m"divider"[39m
        [36m>[39m
          [36m<span>[39m
            [0mlogin.or[0m
          [36m</span>[39m
        [36m</div>[39m
        [36m<div[39m
          [33mclass[39m=[32m"google-btn-wrapper"[39m
        [36m>[39m
          [36m<button[39m
            [33maria-label[39m=[32m"auth.signInWithGoogle"[39m
            [33mclass[39m=[32m"google-custom-btn"[39m
          [36m>[39m
            [36m<img[39m
              [33malt[39m=[32m"G"[39m
              [33mclass[39m=[32m"google-btn-logo"[39m
              [33msrc[39m=[32m"https://upload.wikimedia.org/wikipedia/common
s/c/c1/Google_%22G%22_logo.svg"[39m
            [36m/>[39m
            [36m<span>[39m
              [0mlogin.loginWithGoogle[0m
            [36m</span>[39m
          [36m</button>[39m
        [36m</div>[39m
        [36m<div[39m
          [33mclass[39m=[32m"toggle-mode"[39m
        [36m>[39m
          [0mlogin.noAccount[0m
          [36m<span[39m
            [33mrole[39m=[32m"button"[39m
            [33mtabindex[39m=[32m"0"[39m
          [36m>[39m
            [0mlogin.signUp[0m
          [36m</span>[39m
        [36m</div>[39m
      [36m</div>[39m
    [36m</div>[39m
  [36m</div>[39m
[36m</body>[39m
[90m [2mΓ¥»[22m Object.getElementError node_modules/@testing-library/dom/dis
t/config.js:[2m37:19[22m[39m
[90m [2mΓ¥»[22m getElementError node_modules/@testing-library/dom/dist/query
-helpers.js:[2m20:35[22m[39m
[90m [2mΓ¥»[22m getMultipleElementsFoundError node_modules/@testing-library/
dom/dist/query-helpers.js:[2m23:10[22m[39m
[90m [2mΓ¥»[22m node_modules/@testing-library/dom/dist/query-helpers.js:[2m
55:13[22m[39m
[90m [2mΓ¥»[22m node_modules/@testing-library/dom/dist/query-helpers.js:[2m
95:19[22m[39m
[36m [2mΓ¥»[22m src/__tests__/integration/loginFlow.test.jsx:[2m34:33[22m
[39m
    [90m 32| [39m        [34mrender[39m([33m<[39m[33mLoginPage[39m [33
m{[39m[33m...[39mdefaultProps[33m}[39m [33m/[39m[33m>[39m)[33m;[39m
    [90m 33| [39m        fireEvent.change(screen.getByLabelText(/username/i),
 { target:ΓÇª
    [90m 34| [39m        fireEvent.change(screen.getByLabelText(/password/i),
 { target:ΓÇª
    [90m   | [39m                                [31m^[39m
    [90m 35| [39m
    [90m 36| [39m        const form = screen.getByLabelText(/username/i).clos
est('form'ΓÇª

[31m[2mΓÄ»ΓÄ»ΓÄ»ΓÄ»ΓÄ»ΓÄ»ΓÄ»ΓÄ»ΓÄ»ΓÄ»ΓÄ»ΓÄ»ΓÄ»ΓÄ»ΓÄ»ΓÄ»ΓÄ»ΓÄ»ΓÄ»ΓÄ»ΓÄ»ΓÄ»[42/
50]ΓÄ»[22m[39m

[41m[1m FAIL [22m[49m src/__tests__/integration/loginFlow.test.jsx[2m > [
22mLoginPage integration[2m > [22mswitches to register mode
[31m[1mTestingLibraryElementError[22m[39m: Unable to find an element with t
he text: /register|sign up|create/i. This could be because the text is broken u
p by multiple elements. In this case, you can provide a function for your text 
matcher to make your matcher more flexible.

Ignored nodes: comments, script, style
[36m<body>[39m
  [36m<div>[39m
    [36m<div[39m
      [33mclass[39m=[32m"login-container"[39m
    [36m>[39m
      [36m<div[39m
        [33mclass[39m=[32m"background-animate"[39m
      [36m/>[39m
      [36m<div[39m
        [33mclass[39m=[32m"login-card"[39m
      [36m>[39m
        [36m<div[39m
          [33mclass[39m=[32m"logo-header"[39m
        [36m>[39m
          [36m<div[39m
            [33mclass[39m=[32m"logo-circle"[39m
          [36m>[39m
            [36m<svg[39m
              [33mcolor[39m=[32m"white"[39m
              [33mfill[39m=[32m"currentColor"[39m
              [33mheight[39m=[32m"40"[39m
              [33mstroke[39m=[32m"currentColor"[39m
              [33mstroke-width[39m=[32m"0"[39m
              [33mstyle[39m=[32m"color: white;"[39m
              [33mviewBox[39m=[32m"0 0 512 512"[39m
              [33mwidth[39m=[32m"40"[39m
              [33mxmlns[39m=[32m"http://www.w3.org/2000/svg"[39m
            [36m>[39m
              [36m<path[39m
                [33md[39m=[32m"M256 224c-79.41 0-192 122.76-192 200.25 0 34.
9 26.81 55.75 71.74 55.75 48.84 0 81.09-25.08 120.26-25.08 39.51 0 71.85 25.08 
120.26 25.08 44.93 0 71.74-20.85 71.74-55.75C448 346.76 335.41 224 256 224zm-14
7.28-12.61c-10.4-34.65-42.44-57.09-71.56-50.13-29.12 6.96-44.29 40.69-33.89 75.
34 10.4 34.65 42.44 57.09 71.56 50.13 29.12-6.96 44.29-40.69 33.89-75.34zm84.72
-20.78c30.94-8.14 46.42-49.94 34.58-93.36s-46.52-72.01-77.46-63.87-46.42 49.94-
34.58 93.36c11.84 43.42 46.53 72.02 77.46 63.87zm281.39-29.34c-29.12-6.96-61.15
 15.48-71.56 50.13-10.4 34.65 4.77 68.38 33.89 75.34 29.12 6.96 61.15-15.48 71.
56-50.13 10.4-34.65-4.77-68.38-33.89-75.34zm-156.27 29.34c30.94 8.14 65.62-20.4
5 77.46-63.87 11.84-43.42-3.64-85.21-34.58-93.36s-65.62 20.45-77.46 63.87c-11.8
4 43.42 3.64 85.22 34.58 93.36z"[39m
              [36m/>[39m
            [36m</svg>[39m
          [36m</div>[39m
          [36m<h1>[39m
            [0mPawscord[0m
          [36m</h1>[39m
          [36m<p>[39m
            [0mlogin.welcomeBack[0m
          [36m</p>[39m
        [36m</div>[39m
        [36m<form>[39m
          [36m<div[39m
            [33mclass[39m=[32m"input-group"[39m
          [36m>[39m
            [36m<svg[39m
              [33mclass[39m=[32m"input-icon"[39m
              [33mfill[39m=[32m"currentColor"[39m
              [33mheight[39m=[32m"1em"[39m
              [33mstroke[39m=[32m"currentColor"[39m
              [33mstroke-width[39m=[32m"0"[39m
              [33mviewBox[39m=[32m"0 0 448 512"[39m
              [33mwidth[39m=[32m"1em"[39m
              [33mxmlns[39m=[32m"http://www.w3.org/2000/svg"[39m
            [36m>[39m
              [36m<path[39m
                [33md[39m=[32m"M224 256c70.7 0 128-57.3 128-128S294.7 0 224 
0 96 57.3 96 128s57.3 128 128 128zm89.6 32h-16.7c-22.2 10.2-46.9 16-72.9 16s-50
.6-5.8-72.9-16h-16.7C60.2 288 0 348.2 0 422.4V464c0 26.5 21.5 48 48 48h352c26.5
 0 48-21.5 48-48v-41.6c0-74.2-60.2-134.4-134.4-134.4z"[39m
              [36m/>[39m
            [36m</svg>[39m
            [36m<input[39m
              [33maria-label[39m=[32m"login.username"[39m
              [33mautocomplete[39m=[32m"username"[39m
              [33mplaceholder[39m=[32m"login.username"[39m
              [33mrequired[39m=[32m""[39m
              [33mtype[39m=[32m"text"[39m
              [33mvalue[39m=[32m""[39m
            [36m/>[39m
          [36m</div>[39m
          [36m<div[39m
            [33mclass[39m=[32m"input-group"[39m
          [36m>[39m
            [36m<svg[39m
              [33mclass[39m=[32m"input-icon"[39m
              [33mfill[39m=[32m"currentColor"[39m
              [33mheight[39m=[32m"1em"[39m
              [33mstroke[39m=[32m"currentColor"[39m
              [33mstroke-width[39m=[32m"0"[39m
              [33mviewBox[39m=[32m"0 0 448 512"[39m
              [33mwidth[39m=[32m"1em"[39m
              [33mxmlns[39m=[32m"http://www.w3.org/2000/svg"[39m
            [36m>[39m
              [36m<path[39m
                [33md[39m=[32m"M400 224h-24v-72C376 68.2 307.8 0 224 0S72 68
.2 72 152v72H48c-26.5 0-48 21.5-48 48v192c0 26.5 21.5 48 48 48h352c26.5 0 48-21
.5 48-48V272c0-26.5-21.5-48-48-48zm-104 0H152v-72c0-39.7 32.3-72 72-72s72 32.3 
72 72v72z"[39m
              [36m/>[39m
            [36m</svg>[39m
            [36m<input[39m
              [33maria-label[39m=[32m"login.password"[39m
              [33mautocomplete[39m=[32m"current-password"[39m
              [33mplaceholder[39m=[32m"login.password"[39m
              [33mrequired[39m=[32m""[39m
              [33mtype[39m=[32m"password"[39m
              [33mvalue[39m=[32m""[39m
            [36m/>[39m
            [36m<button[39m
              [33maria-label[39m=[32m"Show password"[39m
              [33mclass[39m=[32m"password-toggle-btn"[39m
              [33mtabindex[39m=[32m"0"[39m
              [33mtype[39m=[32m"button"[39m
            [36m>[39m
              [36m<svg[39m
                [33mfill[39m=[32m"currentColor"[39m
                [33mheight[39m=[32m"1em"[39m
                [33mstroke[39m=[32m"currentColor"[39m
                [33mstroke-width[39m=[32m"0"[39m
                [33mviewBox[39m=[32m"0 0 576 512"[39m
                [33mwidth[39m=[32m"1em"[39m
                [33mxmlns[39m=[32m"http://www.w3.org/2000/svg"[39m
              [36m>[39m
                [36m<path[39m
                  [33md[39m=[32m"M572.52 241.4C518.29 135.59 410.93 64 288 6
4S57.68 135.64 3.48 241.41a32.35 32.35 0 0 0 0 29.19C57.71 376.41 165.07 448 28
8 448s230.32-71.64 284.52-177.41a32.35 32.35 0 0 0 0-29.19zM288 400a144 144 0 1
 1 144-144 143.93 143.93 0 0 1-144 144zm0-240a95.31 95.31 0 0 0-25.31 3.79 47.8
5 47.85 0 0 1-66.9 66.9A95.78 95.78 0 1 0 288 160z"[39m
                [36m/>[39m
              [36m</svg>[39m
            [36m</button>[39m
          [36m</div>[39m
          [36m<button[39m
            [33mclass[39m=[32m"submit-btn"[39m
            [33mtype[39m=[32m"submit"[39m
          [36m>[39m
            [0mlogin.login[0m
          [36m</button>[39m
        [36m</form>[39m
        [36m<div[39m
          [33mclass[39m=[32m"login-forgot-wrap"[39m
        [36m>[39m
          [36m<a[39m
            [33mhref[39m=[32m"#/forgot-password"[39m
          [36m>[39m
            [0mlogin.forgotPassword[0m
          [36m</a>[39m
        [36m</div>[39m
        [36m<div[39m
          [33mclass[39m=[32m"divider"[39m
        [36m>[39m
          [36m<span>[39m
            [0mlogin.or[0m
          [36m</span>[39m
        [36m</div>[39m
        [36m<div[39m
          [33mclass[39m=[32m"google-btn-wrapper"[39m
        [36m>[39m
          [36m<button[39m
            [33maria-label[39m=[32m"auth.signInWithGoogle"[39m
            [33mclass[39m=[32m"google-custom-btn"[39m
          [36m>[39m
            [36m<img[39m
              [33malt[39m=[32m"G"[39m
              [33mclass[39m=[32m"google-btn-logo"[39m
              [33msrc[39m=[32m"https://upload.wikimedia.org/wikipedia/common
s/c/c1/Google_%22G%22_logo.svg"[39m
            [36m/>[39m
            [36m<span>[39m
              [0mlogin.loginWithGoogle[0m
            [36m</span>[39m
          [36m</button>[39m
        [36m</div>[39m
        [36m<div[39m
          [33mclass[39m=[32m"toggle-mode"[39m
        [36m>[39m
          [0mlogin.noAccount[0m
          [36m<span[39m
            [33mrole[39m=[32m"button"[39m
            [33mtabindex[39m=[32m"0"[39m
          [36m>[39m
            [0mlogin.signUp[0m
          [36m</span>[39m
        [36m</div>[39m
      [36m</div>[39m
    [36m</div>[39m
  [36m</div>[39m
[36m</body>[39m
[90m [2mΓ¥»[22m Object.getElementError node_modules/@testing-library/dom/dis
t/config.js:[2m37:19[22m[39m
[90m [2mΓ¥»[22m node_modules/@testing-library/dom/dist/query-helpers.js:[2m
76:38[22m[39m
[90m [2mΓ¥»[22m node_modules/@testing-library/dom/dist/query-helpers.js:[2m
52:17[22m[39m
[90m [2mΓ¥»[22m node_modules/@testing-library/dom/dist/query-helpers.js:[2m
95:19[22m[39m
[36m [2mΓ¥»[22m src/__tests__/integration/loginFlow.test.jsx:[2m46:34[22m
[39m
    [90m 44| [39m    [34mit[39m([32m'switches to register mode'[39m[33m,
[39m () [33m=>[39m {
    [90m 45| [39m        [34mrender[39m([33m<[39m[33mLoginPage[39m [33
m{[39m[33m...[39mdefaultProps[33m}[39m [33m/[39m[33m>[39m)[33m;[39m
    [90m 46| [39m        [35mconst[39m switchBtn [33m=[39m screen[33m.[
39m[34mgetByText[39m([36m/register|sign up|create/i[39m)[33m;[39m
    [90m   | [39m                                 [31m^[39m
    [90m 47| [39m        fireEvent[33m.[39m[34mclick[39m(switchBtn)[33m;
[39m
    [90m 48| [39m        [34mexpect[39m(screen[33m.[39m[34mgetByLabelTex
t[39m([36m/email/i[39m))[33m.[39m[34mtoBeInTheDocument[39m()[33m;[39m

[31m[2mΓÄ»ΓÄ»ΓÄ»ΓÄ»ΓÄ»ΓÄ»ΓÄ»ΓÄ»ΓÄ»ΓÄ»ΓÄ»ΓÄ»ΓÄ»ΓÄ»ΓÄ»ΓÄ»ΓÄ»ΓÄ»ΓÄ»ΓÄ»ΓÄ»ΓÄ»[43/
50]ΓÄ»[22m[39m

[41m[1m FAIL [22m[49m src/__tests__/integration/loginFlow.test.jsx[2m > [
22mLoginPage integration[2m > [22msubmits registration with credentials
[31m[1mTestingLibraryElementError[22m[39m: Unable to find an element with t
he text: /register|sign up|create/i. This could be because the text is broken u
p by multiple elements. In this case, you can provide a function for your text 
matcher to make your matcher more flexible.

Ignored nodes: comments, script, style
[36m<body>[39m
  [36m<div>[39m
    [36m<div[39m
      [33mclass[39m=[32m"login-container"[39m
    [36m>[39m
      [36m<div[39m
        [33mclass[39m=[32m"background-animate"[39m
      [36m/>[39m
      [36m<div[39m
        [33mclass[39m=[32m"login-card"[39m
      [36m>[39m
        [36m<div[39m
          [33mclass[39m=[32m"logo-header"[39m
        [36m>[39m
          [36m<div[39m
            [33mclass[39m=[32m"logo-circle"[39m
          [36m>[39m
            [36m<svg[39m
              [33mcolor[39m=[32m"white"[39m
              [33mfill[39m=[32m"currentColor"[39m
              [33mheight[39m=[32m"40"[39m
              [33mstroke[39m=[32m"currentColor"[39m
              [33mstroke-width[39m=[32m"0"[39m
              [33mstyle[39m=[32m"color: white;"[39m
              [33mviewBox[39m=[32m"0 0 512 512"[39m
              [33mwidth[39m=[32m"40"[39m
              [33mxmlns[39m=[32m"http://www.w3.org/2000/svg"[39m
            [36m>[39m
              [36m<path[39m
                [33md[39m=[32m"M256 224c-79.41 0-192 122.76-192 200.25 0 34.
9 26.81 55.75 71.74 55.75 48.84 0 81.09-25.08 120.26-25.08 39.51 0 71.85 25.08 
120.26 25.08 44.93 0 71.74-20.85 71.74-55.75C448 346.76 335.41 224 256 224zm-14
7.28-12.61c-10.4-34.65-42.44-57.09-71.56-50.13-29.12 6.96-44.29 40.69-33.89 75.
34 10.4 34.65 42.44 57.09 71.56 50.13 29.12-6.96 44.29-40.69 33.89-75.34zm84.72
-20.78c30.94-8.14 46.42-49.94 34.58-93.36s-46.52-72.01-77.46-63.87-46.42 49.94-
34.58 93.36c11.84 43.42 46.53 72.02 77.46 63.87zm281.39-29.34c-29.12-6.96-61.15
 15.48-71.56 50.13-10.4 34.65 4.77 68.38 33.89 75.34 29.12 6.96 61.15-15.48 71.
56-50.13 10.4-34.65-4.77-68.38-33.89-75.34zm-156.27 29.34c30.94 8.14 65.62-20.4
5 77.46-63.87 11.84-43.42-3.64-85.21-34.58-93.36s-65.62 20.45-77.46 63.87c-11.8
4 43.42 3.64 85.22 34.58 93.36z"[39m
              [36m/>[39m
            [36m</svg>[39m
          [36m</div>[39m
          [36m<h1>[39m
            [0mPawscord[0m
          [36m</h1>[39m
          [36m<p>[39m
            [0mlogin.welcomeBack[0m
          [36m</p>[39m
        [36m</div>[39m
        [36m<form>[39m
          [36m<div[39m
            [33mclass[39m=[32m"input-group"[39m
          [36m>[39m
            [36m<svg[39m
              [33mclass[39m=[32m"input-icon"[39m
              [33mfill[39m=[32m"currentColor"[39m
              [33mheight[39m=[32m"1em"[39m
              [33mstroke[39m=[32m"currentColor"[39m
              [33mstroke-width[39m=[32m"0"[39m
              [33mviewBox[39m=[32m"0 0 448 512"[39m
              [33mwidth[39m=[32m"1em"[39m
              [33mxmlns[39m=[32m"http://www.w3.org/2000/svg"[39m
            [36m>[39m
              [36m<path[39m
                [33md[39m=[32m"M224 256c70.7 0 128-57.3 128-128S294.7 0 224 
0 96 57.3 96 128s57.3 128 128 128zm89.6 32h-16.7c-22.2 10.2-46.9 16-72.9 16s-50
.6-5.8-72.9-16h-16.7C60.2 288 0 348.2 0 422.4V464c0 26.5 21.5 48 48 48h352c26.5
 0 48-21.5 48-48v-41.6c0-74.2-60.2-134.4-134.4-134.4z"[39m
              [36m/>[39m
            [36m</svg>[39m
            [36m<input[39m
              [33maria-label[39m=[32m"login.username"[39m
              [33mautocomplete[39m=[32m"username"[39m
              [33mplaceholder[39m=[32m"login.username"[39m
              [33mrequired[39m=[32m""[39m
              [33mtype[39m=[32m"text"[39m
              [33mvalue[39m=[32m""[39m
            [36m/>[39m
          [36m</div>[39m
          [36m<div[39m
            [33mclass[39m=[32m"input-group"[39m
          [36m>[39m
            [36m<svg[39m
              [33mclass[39m=[32m"input-icon"[39m
              [33mfill[39m=[32m"currentColor"[39m
              [33mheight[39m=[32m"1em"[39m
              [33mstroke[39m=[32m"currentColor"[39m
              [33mstroke-width[39m=[32m"0"[39m
              [33mviewBox[39m=[32m"0 0 448 512"[39m
              [33mwidth[39m=[32m"1em"[39m
              [33mxmlns[39m=[32m"http://www.w3.org/2000/svg"[39m
            [36m>[39m
              [36m<path[39m
                [33md[39m=[32m"M400 224h-24v-72C376 68.2 307.8 0 224 0S72 68
.2 72 152v72H48c-26.5 0-48 21.5-48 48v192c0 26.5 21.5 48 48 48h352c26.5 0 48-21
.5 48-48V272c0-26.5-21.5-48-48-48zm-104 0H152v-72c0-39.7 32.3-72 72-72s72 32.3 
72 72v72z"[39m
              [36m/>[39m
            [36m</svg>[39m
            [36m<input[39m
              [33maria-label[39m=[32m"login.password"[39m
              [33mautocomplete[39m=[32m"current-password"[39m
              [33mplaceholder[39m=[32m"login.password"[39m
              [33mrequired[39m=[32m""[39m
              [33mtype[39m=[32m"password"[39m
              [33mvalue[39m=[32m""[39m
            [36m/>[39m
            [36m<button[39m
              [33maria-label[39m=[32m"Show password"[39m
              [33mclass[39m=[32m"password-toggle-btn"[39m
              [33mtabindex[39m=[32m"0"[39m
              [33mtype[39m=[32m"button"[39m
            [36m>[39m
              [36m<svg[39m
                [33mfill[39m=[32m"currentColor"[39m
                [33mheight[39m=[32m"1em"[39m
                [33mstroke[39m=[32m"currentColor"[39m
                [33mstroke-width[39m=[32m"0"[39m
                [33mviewBox[39m=[32m"0 0 576 512"[39m
                [33mwidth[39m=[32m"1em"[39m
                [33mxmlns[39m=[32m"http://www.w3.org/2000/svg"[39m
              [36m>[39m
                [36m<path[39m
                  [33md[39m=[32m"M572.52 241.4C518.29 135.59 410.93 64 288 6
4S57.68 135.64 3.48 241.41a32.35 32.35 0 0 0 0 29.19C57.71 376.41 165.07 448 28
8 448s230.32-71.64 284.52-177.41a32.35 32.35 0 0 0 0-29.19zM288 400a144 144 0 1
 1 144-144 143.93 143.93 0 0 1-144 144zm0-240a95.31 95.31 0 0 0-25.31 3.79 47.8
5 47.85 0 0 1-66.9 66.9A95.78 95.78 0 1 0 288 160z"[39m
                [36m/>[39m
              [36m</svg>[39m
            [36m</button>[39m
          [36m</div>[39m
          [36m<button[39m
            [33mclass[39m=[32m"submit-btn"[39m
            [33mtype[39m=[32m"submit"[39m
          [36m>[39m
            [0mlogin.login[0m
          [36m</button>[39m
        [36m</form>[39m
        [36m<div[39m
          [33mclass[39m=[32m"login-forgot-wrap"[39m
        [36m>[39m
          [36m<a[39m
            [33mhref[39m=[32m"#/forgot-password"[39m
          [36m>[39m
            [0mlogin.forgotPassword[0m
          [36m</a>[39m
        [36m</div>[39m
        [36m<div[39m
          [33mclass[39m=[32m"divider"[39m
        [36m>[39m
          [36m<span>[39m
            [0mlogin.or[0m
          [36m</span>[39m
        [36m</div>[39m
        [36m<div[39m
          [33mclass[39m=[32m"google-btn-wrapper"[39m
        [36m>[39m
          [36m<button[39m
            [33maria-label[39m=[32m"auth.signInWithGoogle"[39m
            [33mclass[39m=[32m"google-custom-btn"[39m
          [36m>[39m
            [36m<img[39m
              [33malt[39m=[32m"G"[39m
              [33mclass[39m=[32m"google-btn-logo"[39m
              [33msrc[39m=[32m"https://upload.wikimedia.org/wikipedia/common
s/c/c1/Google_%22G%22_logo.svg"[39m
            [36m/>[39m
            [36m<span>[39m
              [0mlogin.loginWithGoogle[0m
            [36m</span>[39m
          [36m</button>[39m
        [36m</div>[39m
        [36m<div[39m
          [33mclass[39m=[32m"toggle-mode"[39m
        [36m>[39m
          [0mlogin.noAccount[0m
          [36m<span[39m
            [33mrole[39m=[32m"button"[39m
            [33mtabindex[39m=[32m"0"[39m
          [36m>[39m
            [0mlogin.signUp[0m
          [36m</span>[39m
        [36m</div>[39m
      [36m</div>[39m
    [36m</div>[39m
  [36m</div>[39m
[36m</body>[39m
[90m [2mΓ¥»[22m Object.getElementError node_modules/@testing-library/dom/dis
t/config.js:[2m37:19[22m[39m
[90m [2mΓ¥»[22m node_modules/@testing-library/dom/dist/query-helpers.js:[2m
76:38[22m[39m
[90m [2mΓ¥»[22m node_modules/@testing-library/dom/dist/query-helpers.js:[2m
52:17[22m[39m
[90m [2mΓ¥»[22m node_modules/@testing-library/dom/dist/query-helpers.js:[2m
95:19[22m[39m
[36m [2mΓ¥»[22m src/__tests__/integration/loginFlow.test.jsx:[2m54:34[22m
[39m
    [90m 52| [39m        [34mrender[39m([33m<[39m[33mLoginPage[39m [33
m{[39m[33m...[39mdefaultProps[33m}[39m [33m/[39m[33m>[39m)[33m;[39m
    [90m 53| [39m        [90m// Switch to register mode[39m
    [90m 54| [39m        [35mconst[39m switchBtn [33m=[39m screen[33m.[
39m[34mgetByText[39m([36m/register|sign up|create/i[39m)[33m;[39m
    [90m   | [39m                                 [31m^[39m
    [90m 55| [39m        fireEvent[33m.[39m[34mclick[39m(switchBtn)[33m;
[39m
    [90m 56| [39m

[31m[2mΓÄ»ΓÄ»ΓÄ»ΓÄ»ΓÄ»ΓÄ»ΓÄ»ΓÄ»ΓÄ»ΓÄ»ΓÄ»ΓÄ»ΓÄ»ΓÄ»ΓÄ»ΓÄ»ΓÄ»ΓÄ»ΓÄ»ΓÄ»ΓÄ»ΓÄ»[44/
50]ΓÄ»[22m[39m

[41m[1m FAIL [22m[49m src/__tests__/integration/loginFlow.test.jsx[2m > [
22mLoginPage integration[2m > [22mhas aria-labels on all inputs
[31m[1mTestingLibraryElementError[22m[39m: Found multiple elements with the
 text of: /password/i

Here are the matching elements:

Ignored nodes: comments, script, style
[36m<input[39m
  [33maria-label[39m=[32m"login.password"[39m
  [33mautocomplete[39m=[32m"current-password"[39m
  [33mplaceholder[39m=[32m"login.password"[39m
  [33mrequired[39m=[32m""[39m
  [33mtype[39m=[32m"password"[39m
  [33mvalue[39m=[32m""[39m
[36m/>[39m

Ignored nodes: comments, script, style
[36m<button[39m
  [33maria-label[39m=[32m"Show password"[39m
  [33mclass[39m=[32m"password-toggle-btn"[39m
  [33mtabindex[39m=[32m"0"[39m
  [33mtype[39m=[32m"button"[39m
[36m>[39m
  [36m<svg[39m
    [33mfill[39m=[32m"currentColor"[39m
    [33mheight[39m=[32m"1em"[39m
    [33mstroke[39m=[32m"currentColor"[39m
    [33mstroke-width[39m=[32m"0"[39m
    [33mviewBox[39m=[32m"0 0 576 512"[39m
    [33mwidth[39m=[32m"1em"[39m
    [33mxmlns[39m=[32m"http://www.w3.org/2000/svg"[39m
  [36m>[39m
    [36m<path[39m
      [33md[39m=[32m"M572.52 241.4C518.29 135.59 410.93 64 288 64S57.68 135.
64 3.48 241.41a32.35 32.35 0 0 0 0 29.19C57.71 376.41 165.07 448 288 448s230.32
-71.64 284.52-177.41a32.35 32.35 0 0 0 0-29.19zM288 400a144 144 0 1 1 144-144 1
43.93 143.93 0 0 1-144 144zm0-240a95.31 95.31 0 0 0-25.31 3.79 47.85 47.85 0 0 
1-66.9 66.9A95.78 95.78 0 1 0 288 160z"[39m
    [36m/>[39m
  [36m</svg>[39m
[36m</button>[39m

(If this is intentional, then use the `*AllBy*` variant of the query (like `que
ryAllByText`, `getAllByText`, or `findAllByText`)).

Ignored nodes: comments, script, style
[36m<body>[39m
  [36m<div>[39m
    [36m<div[39m
      [33mclass[39m=[32m"login-container"[39m
    [36m>[39m
      [36m<div[39m
        [33mclass[39m=[32m"background-animate"[39m
      [36m/>[39m
      [36m<div[39m
        [33mclass[39m=[32m"login-card"[39m
      [36m>[39m
        [36m<div[39m
          [33mclass[39m=[32m"logo-header"[39m
        [36m>[39m
          [36m<div[39m
            [33mclass[39m=[32m"logo-circle"[39m
          [36m>[39m
            [36m<svg[39m
              [33mcolor[39m=[32m"white"[39m
              [33mfill[39m=[32m"currentColor"[39m
              [33mheight[39m=[32m"40"[39m
              [33mstroke[39m=[32m"currentColor"[39m
              [33mstroke-width[39m=[32m"0"[39m
              [33mstyle[39m=[32m"color: white;"[39m
              [33mviewBox[39m=[32m"0 0 512 512"[39m
              [33mwidth[39m=[32m"40"[39m
              [33mxmlns[39m=[32m"http://www.w3.org/2000/svg"[39m
            [36m>[39m
              [36m<path[39m
                [33md[39m=[32m"M256 224c-79.41 0-192 122.76-192 200.25 0 34.
9 26.81 55.75 71.74 55.75 48.84 0 81.09-25.08 120.26-25.08 39.51 0 71.85 25.08 
120.26 25.08 44.93 0 71.74-20.85 71.74-55.75C448 346.76 335.41 224 256 224zm-14
7.28-12.61c-10.4-34.65-42.44-57.09-71.56-50.13-29.12 6.96-44.29 40.69-33.89 75.
34 10.4 34.65 42.44 57.09 71.56 50.13 29.12-6.96 44.29-40.69 33.89-75.34zm84.72
-20.78c30.94-8.14 46.42-49.94 34.58-93.36s-46.52-72.01-77.46-63.87-46.42 49.94-
34.58 93.36c11.84 43.42 46.53 72.02 77.46 63.87zm281.39-29.34c-29.12-6.96-61.15
 15.48-71.56 50.13-10.4 34.65 4.77 68.38 33.89 75.34 29.12 6.96 61.15-15.48 71.
56-50.13 10.4-34.65-4.77-68.38-33.89-75.34zm-156.27 29.34c30.94 8.14 65.62-20.4
5 77.46-63.87 11.84-43.42-3.64-85.21-34.58-93.36s-65.62 20.45-77.46 63.87c-11.8
4 43.42 3.64 85.22 34.58 93.36z"[39m
              [36m/>[39m
            [36m</svg>[39m
          [36m</div>[39m
          [36m<h1>[39m
            [0mPawscord[0m
          [36m</h1>[39m
          [36m<p>[39m
            [0mlogin.welcomeBack[0m
          [36m</p>[39m
        [36m</div>[39m
        [36m<form>[39m
          [36m<div[39m
            [33mclass[39m=[32m"input-group"[39m
          [36m>[39m
            [36m<svg[39m
              [33mclass[39m=[32m"input-icon"[39m
              [33mfill[39m=[32m"currentColor"[39m
              [33mheight[39m=[32m"1em"[39m
              [33mstroke[39m=[32m"currentColor"[39m
              [33mstroke-width[39m=[32m"0"[39m
              [33mviewBox[39m=[32m"0 0 448 512"[39m
              [33mwidth[39m=[32m"1em"[39m
              [33mxmlns[39m=[32m"http://www.w3.org/2000/svg"[39m
            [36m>[39m
              [36m<path[39m
                [33md[39m=[32m"M224 256c70.7 0 128-57.3 128-128S294.7 0 224 
0 96 57.3 96 128s57.3 128 128 128zm89.6 32h-16.7c-22.2 10.2-46.9 16-72.9 16s-50
.6-5.8-72.9-16h-16.7C60.2 288 0 348.2 0 422.4V464c0 26.5 21.5 48 48 48h352c26.5
 0 48-21.5 48-48v-41.6c0-74.2-60.2-134.4-134.4-134.4z"[39m
              [36m/>[39m
            [36m</svg>[39m
            [36m<input[39m
              [33maria-label[39m=[32m"login.username"[39m
              [33mautocomplete[39m=[32m"username"[39m
              [33mplaceholder[39m=[32m"login.username"[39m
              [33mrequired[39m=[32m""[39m
              [33mtype[39m=[32m"text"[39m
              [33mvalue[39m=[32m""[39m
            [36m/>[39m
          [36m</div>[39m
          [36m<div[39m
            [33mclass[39m=[32m"input-group"[39m
          [36m>[39m
            [36m<svg[39m
              [33mclass[39m=[32m"input-icon"[39m
              [33mfill[39m=[32m"currentColor"[39m
              [33mheight[39m=[32m"1em"[39m
              [33mstroke[39m=[32m"currentColor"[39m
              [33mstroke-width[39m=[32m"0"[39m
              [33mviewBox[39m=[32m"0 0 448 512"[39m
              [33mwidth[39m=[32m"1em"[39m
              [33mxmlns[39m=[32m"http://www.w3.org/2000/svg"[39m
            [36m>[39m
              [36m<path[39m
                [33md[39m=[32m"M400 224h-24v-72C376 68.2 307.8 0 224 0S72 68
.2 72 152v72H48c-26.5 0-48 21.5-48 48v192c0 26.5 21.5 48 48 48h352c26.5 0 48-21
.5 48-48V272c0-26.5-21.5-48-48-48zm-104 0H152v-72c0-39.7 32.3-72 72-72s72 32.3 
72 72v72z"[39m
              [36m/>[39m
            [36m</svg>[39m
            [36m<input[39m
              [33maria-label[39m=[32m"login.password"[39m
              [33mautocomplete[39m=[32m"current-password"[39m
              [33mplaceholder[39m=[32m"login.password"[39m
              [33mrequired[39m=[32m""[39m
              [33mtype[39m=[32m"password"[39m
              [33mvalue[39m=[32m""[39m
            [36m/>[39m
            [36m<button[39m
              [33maria-label[39m=[32m"Show password"[39m
              [33mclass[39m=[32m"password-toggle-btn"[39m
              [33mtabindex[39m=[32m"0"[39m
              [33mtype[39m=[32m"button"[39m
            [36m>[39m
              [36m<svg[39m
                [33mfill[39m=[32m"currentColor"[39m
                [33mheight[39m=[32m"1em"[39m
                [33mstroke[39m=[32m"currentColor"[39m
                [33mstroke-width[39m=[32m"0"[39m
                [33mviewBox[39m=[32m"0 0 576 512"[39m
                [33mwidth[39m=[32m"1em"[39m
                [33mxmlns[39m=[32m"http://www.w3.org/2000/svg"[39m
              [36m>[39m
                [36m<path[39m
                  [33md[39m=[32m"M572.52 241.4C518.29 135.59 410.93 64 288 6
4S57.68 135.64 3.48 241.41a32.35 32.35 0 0 0 0 29.19C57.71 376.41 165.07 448 28
8 448s230.32-71.64 284.52-177.41a32.35 32.35 0 0 0 0-29.19zM288 400a144 144 0 1
 1 144-144 143.93 143.93 0 0 1-144 144zm0-240a95.31 95.31 0 0 0-25.31 3.79 47.8
5 47.85 0 0 1-66.9 66.9A95.78 95.78 0 1 0 288 160z"[39m
                [36m/>[39m
              [36m</svg>[39m
            [36m</button>[39m
          [36m</div>[39m
          [36m<button[39m
            [33mclass[39m=[32m"submit-btn"[39m
            [33mtype[39m=[32m"submit"[39m
          [36m>[39m
            [0mlogin.login[0m
          [36m</button>[39m
        [36m</form>[39m
        [36m<div[39m
          [33mclass[39m=[32m"login-forgot-wrap"[39m
        [36m>[39m
          [36m<a[39m
            [33mhref[39m=[32m"#/forgot-password"[39m
          [36m>[39m
            [0mlogin.forgotPassword[0m
          [36m</a>[39m
        [36m</div>[39m
        [36m<div[39m
          [33mclass[39m=[32m"divider"[39m
        [36m>[39m
          [36m<span>[39m
            [0mlogin.or[0m
          [36m</span>[39m
        [36m</div>[39m
        [36m<div[39m
          [33mclass[39m=[32m"google-btn-wrapper"[39m
        [36m>[39m
          [36m<button[39m
            [33maria-label[39m=[32m"auth.signInWithGoogle"[39m
            [33mclass[39m=[32m"google-custom-btn"[39m
          [36m>[39m
            [36m<img[39m
              [33malt[39m=[32m"G"[39m
              [33mclass[39m=[32m"google-btn-logo"[39m
              [33msrc[39m=[32m"https://upload.wikimedia.org/wikipedia/common
s/c/c1/Google_%22G%22_logo.svg"[39m
            [36m/>[39m
            [36m<span>[39m
              [0mlogin.loginWithGoogle[0m
            [36m</span>[39m
          [36m</button>[39m
        [36m</div>[39m
        [36m<div[39m
          [33mclass[39m=[32m"toggle-mode"[39m
        [36m>[39m
          [0mlogin.noAccount[0m
          [36m<span[39m
            [33mrole[39m=[32m"button"[39m
            [33mtabindex[39m=[32m"0"[39m
          [36m>[39m
            [0mlogin.signUp[0m
          [36m</span>[39m
        [36m</div>[39m
      [36m</div>[39m
    [36m</div>[39m
  [36m</div>[39m
[36m</body>[39m
[90m [2mΓ¥»[22m Object.getElementError node_modules/@testing-library/dom/dis
t/config.js:[2m37:19[22m[39m
[90m [2mΓ¥»[22m getElementError node_modules/@testing-library/dom/dist/query
-helpers.js:[2m20:35[22m[39m
[90m [2mΓ¥»[22m getMultipleElementsFoundError node_modules/@testing-library/
dom/dist/query-helpers.js:[2m23:10[22m[39m
[90m [2mΓ¥»[22m node_modules/@testing-library/dom/dist/query-helpers.js:[2m
55:13[22m[39m
[90m [2mΓ¥»[22m node_modules/@testing-library/dom/dist/query-helpers.js:[2m
95:19[22m[39m
[36m [2mΓ¥»[22m src/__tests__/integration/loginFlow.test.jsx:[2m88:23[22m
[39m
    [90m 86| [39m        [34mrender[39m([33m<[39m[33mLoginPage[39m [33
m{[39m[33m...[39mdefaultProps[33m}[39m [33m/[39m[33m>[39m)[33m;[39m
    [90m 87| [39m        [34mexpect[39m(screen[33m.[39m[34mgetByLabelTex
t[39m([36m/username/i[39m))[33m.[39m[34mtoBeInTheDocument[39m()[33m;[3
9m
    [90m 88| [39m        [34mexpect[39m(screen[33m.[39m[34mgetByLabelTex
t[39m([36m/password/i[39m))[33m.[39m[34mtoBeInTheDocument[39m()[33m;[3
9m
    [90m   | [39m                      [31m^[39m
    [90m 89| [39m    })[33m;[39m
    [90m 90| [39m})[33m;[39m

[31m[2mΓÄ»ΓÄ»ΓÄ»ΓÄ»ΓÄ»ΓÄ»ΓÄ»ΓÄ»ΓÄ»ΓÄ»ΓÄ»ΓÄ»ΓÄ»ΓÄ»ΓÄ»ΓÄ»ΓÄ»ΓÄ»ΓÄ»ΓÄ»ΓÄ»ΓÄ»[45/
50]ΓÄ»[22m[39m

[41m[1m FAIL [22m[49m src/__tests__/roomlist/useDMActions.test.js[2m > [2
2museDMActions[2m > [22mshould call fetchWithAuth when handleBlockUser is inv
oked
[31m[1mAssertionError[22m: expected "vi.fn()" to be called with arguments: [
 ΓÇª(2) ][90m

Received: 

[1m  1st vi.fn() call:

[22m[2m  [[22m
[32m-   "http://localhost:8000/api/users/baduser/block/",[90m
[32m-   ObjectContaining {[90m
[31m+   "http://localhost:8000/api/blocks/block/",[90m
[31m+   {[90m
[31m+     "body": "{\"username\":\"baduser\"}",[90m
[31m+     "headers": {[90m
[31m+       "Content-Type": "application/json",[90m
[31m+     },[90m
[2m      "method": "POST",[22m
[2m    },[22m
[2m  ][22m
[31m[90m

Number of calls: [1m1[22m
[31m[39m
[36m [2mΓ¥»[22m src/__tests__/roomlist/useDMActions.test.js:[2m165:31[22m
[39m
    [90m163| [39m        })[33m;[39m
    [90m164| [39m
    [90m165| [39m        [34mexpect[39m(fetchWithAuth)[33m.[39m[34mtoHav
eBeenCalledWith[39m(
    [90m   | [39m                              [31m^[39m
    [90m166| [39m            [32m'http://localhost:8000/api/users/baduser/bl
ock/'[39m[33m,[39m
    [90m167| [39m            expect[33m.[39m[34mobjectContaining[39m({ me
thod[33m:[39m [32m'POST'[39m })

[31m[2mΓÄ»ΓÄ»ΓÄ»ΓÄ»ΓÄ»ΓÄ»ΓÄ»ΓÄ»ΓÄ»ΓÄ»ΓÄ»ΓÄ»ΓÄ»ΓÄ»ΓÄ»ΓÄ»ΓÄ»ΓÄ»ΓÄ»ΓÄ»ΓÄ»ΓÄ»[46/
50]ΓÄ»[22m[39m

[41m[1m FAIL [22m[49m src/__tests__/stores/useServerStore.advanced.test.js
[2m > [22museServerStore ΓÇö Advanced[2m > [22mjoinedServerIds tracking[2m 
> [22mshould track added servers in joinedServerIds
[31m[1mTypeError[22m: ids.has is not a function[39m
[36m [2mΓ¥»[22m src/__tests__/stores/useServerStore.advanced.test.js:[2m244
:24[22m[39m
    [90m242| [39m            useServerStore[33m.[39m[34mgetState[39m()[3
3m.[39m[34maddServer[39m({ id[33m:[39m [34m2[39m[33m,[39m name[33m:[
39m [32m'B'[39m })[33m;[39m
    [90m243| [39m            [35mconst[39m ids [33m=[39m useServerStore[
33m.[39m[34mgetState[39m()[33m.[39mjoinedServerIds[33m;[39m
    [90m244| [39m            [34mexpect[39m(ids[33m.[39m[34mhas[39m([3
4m1[39m))[33m.[39m[34mtoBe[39m([35mtrue[39m)[33m;[39m
    [90m   | [39m                       [31m^[39m
    [90m245| [39m            [34mexpect[39m(ids[33m.[39m[34mhas[39m([3
4m2[39m))[33m.[39m[34mtoBe[39m([35mtrue[39m)[33m;[39m
    [90m246| [39m        })[33m;[39m

[31m[2mΓÄ»ΓÄ»ΓÄ»ΓÄ»ΓÄ»ΓÄ»ΓÄ»ΓÄ»ΓÄ»ΓÄ»ΓÄ»ΓÄ»ΓÄ»ΓÄ»ΓÄ»ΓÄ»ΓÄ»ΓÄ»ΓÄ»ΓÄ»ΓÄ»ΓÄ»[47/
50]ΓÄ»[22m[39m

[41m[1m FAIL [22m[49m src/__tests__/stores/useServerStore.advanced.test.js
[2m > [22museServerStore ΓÇö Advanced[2m > [22mjoinedServerIds tracking[2m 
> [22mshould remove from joinedServerIds when server removed
[31m[1mTypeError[22m: ids.has is not a function[39m
[36m [2mΓ¥»[22m src/__tests__/stores/useServerStore.advanced.test.js:[2m253
:24[22m[39m
    [90m251| [39m            useServerStore[33m.[39m[34mgetState[39m()[3
3m.[39m[34mremoveServer[39m([34m1[39m)[33m;[39m
    [90m252| [39m            [35mconst[39m ids [33m=[39m useServerStore[
33m.[39m[34mgetState[39m()[33m.[39mjoinedServerIds[33m;[39m
    [90m253| [39m            [34mexpect[39m(ids[33m.[39m[34mhas[39m([3
4m1[39m))[33m.[39m[34mtoBe[39m([35mfalse[39m)[33m;[39m
    [90m   | [39m                       [31m^[39m
    [90m254| [39m            [34mexpect[39m(ids[33m.[39m[34mhas[39m([3
4m2[39m))[33m.[39m[34mtoBe[39m([35mtrue[39m)[33m;[39m
    [90m255| [39m        })[33m;[39m

[31m[2mΓÄ»ΓÄ»ΓÄ»ΓÄ»ΓÄ»ΓÄ»ΓÄ»ΓÄ»ΓÄ»ΓÄ»ΓÄ»ΓÄ»ΓÄ»ΓÄ»ΓÄ»ΓÄ»ΓÄ»ΓÄ»ΓÄ»ΓÄ»ΓÄ»ΓÄ»[48/
50]ΓÄ»[22m[39m


[2m Test Files [22m [1m[31m22 failed[39m[22m[2m | [22m[1m[32m69 passed[39m[22m[90m (91)[39m
[2m      Tests [22m [1m[31m50 failed[39m[22m[2m | [22m[1m[32m1319 passed[39m[22m[90m (1369)[39m
[2m   Start at [22m 19:43:14
[2m   Duration [22m 10.57s[2m (transform 4.95s, setup 28.78s, import 8.77s, tests 19.29s, environment 226.72s)[22m

